Archive member included to satisfy reference by file (symbol)

./mbed/TARGET_LPC1768/TOOLCHAIN_GCC_ARM/libmbed.a(pwmout_api.o)
                              main.o (pwmout_write)
./mbed/TARGET_LPC1768/TOOLCHAIN_GCC_ARM/libmbed.a(serial_api.o)
                              mbed/TARGET_LPC1768/TOOLCHAIN_GCC_ARM/retarget.o (serial_getc)
./mbed/TARGET_LPC1768/TOOLCHAIN_GCC_ARM/libmbed.a(FilePath.o)
                              mbed/TARGET_LPC1768/TOOLCHAIN_GCC_ARM/retarget.o (mbed::FilePath::FilePath(char const*))
./mbed/TARGET_LPC1768/TOOLCHAIN_GCC_ARM/libmbed.a(FileSystemLike.o)
                              mbed/TARGET_LPC1768/TOOLCHAIN_GCC_ARM/retarget.o (mbed::FileSystemLike::opendir())
./mbed/TARGET_LPC1768/TOOLCHAIN_GCC_ARM/libmbed.a(I2C.o)
                              jtwBNO055/AdaBNO055.o (mbed::I2C::I2C(PinName, PinName))
./mbed/TARGET_LPC1768/TOOLCHAIN_GCC_ARM/libmbed.a(Serial.o)
                              main.o (mbed::Serial::Serial(PinName, PinName, char const*))
./mbed/TARGET_LPC1768/TOOLCHAIN_GCC_ARM/libmbed.a(SerialBase.o)
                              ./mbed/TARGET_LPC1768/TOOLCHAIN_GCC_ARM/libmbed.a(Serial.o) (mbed::SerialBase::SerialBase(PinName, PinName))
./mbed/TARGET_LPC1768/TOOLCHAIN_GCC_ARM/libmbed.a(Stream.o)
                              ./mbed/TARGET_LPC1768/TOOLCHAIN_GCC_ARM/libmbed.a(Serial.o) (mbed::Stream::close())
./mbed/TARGET_LPC1768/TOOLCHAIN_GCC_ARM/libmbed.a(assert.o)
                              mbed/TARGET_LPC1768/TOOLCHAIN_GCC_ARM/board.o (mbed_assert_internal)
./mbed/TARGET_LPC1768/TOOLCHAIN_GCC_ARM/libmbed.a(error.o)
                              mbed/TARGET_LPC1768/TOOLCHAIN_GCC_ARM/retarget.o (error)
./mbed/TARGET_LPC1768/TOOLCHAIN_GCC_ARM/libmbed.a(gpio.o)
                              ./mbed/TARGET_LPC1768/TOOLCHAIN_GCC_ARM/libmbed.a(serial_api.o) (gpio_init_in)
./mbed/TARGET_LPC1768/TOOLCHAIN_GCC_ARM/libmbed.a(mbed_interface.o)
                              mbed/TARGET_LPC1768/TOOLCHAIN_GCC_ARM/retarget.o (mbed_interface_connected)
./mbed/TARGET_LPC1768/TOOLCHAIN_GCC_ARM/libmbed.a(pinmap_common.o)
                              ./mbed/TARGET_LPC1768/TOOLCHAIN_GCC_ARM/libmbed.a(pwmout_api.o) (pinmap_pinout)
./mbed/TARGET_LPC1768/TOOLCHAIN_GCC_ARM/libmbed.a(semihost_api.o)
                              mbed/TARGET_LPC1768/TOOLCHAIN_GCC_ARM/retarget.o (semihost_exit)
./mbed/TARGET_LPC1768/TOOLCHAIN_GCC_ARM/libmbed.a(wait_api.o)
                              ./mbed/TARGET_LPC1768/TOOLCHAIN_GCC_ARM/libmbed.a(SerialBase.o) (wait_us)
./mbed/TARGET_LPC1768/TOOLCHAIN_GCC_ARM/libmbed.a(gpio_api.o)
                              ./mbed/TARGET_LPC1768/TOOLCHAIN_GCC_ARM/libmbed.a(gpio.o) (gpio_init)
./mbed/TARGET_LPC1768/TOOLCHAIN_GCC_ARM/libmbed.a(pinmap.o)
                              ./mbed/TARGET_LPC1768/TOOLCHAIN_GCC_ARM/libmbed.a(pinmap_common.o) (pin_function)
./mbed/TARGET_LPC1768/TOOLCHAIN_GCC_ARM/libmbed.a(i2c_api.o)
                              ./mbed/TARGET_LPC1768/TOOLCHAIN_GCC_ARM/libmbed.a(I2C.o) (i2c_init)
./mbed/TARGET_LPC1768/TOOLCHAIN_GCC_ARM/libmbed.a(us_ticker.o)
                              ./mbed/TARGET_LPC1768/TOOLCHAIN_GCC_ARM/libmbed.a(wait_api.o) (us_ticker_read)
./mbed/TARGET_LPC1768/TOOLCHAIN_GCC_ARM/libmbed.a(FileBase.o)
                              ./mbed/TARGET_LPC1768/TOOLCHAIN_GCC_ARM/libmbed.a(FileSystemLike.o) (mbed::FileBase::~FileBase())
./mbed/TARGET_LPC1768/TOOLCHAIN_GCC_ARM/libmbed.a(FileLike.o)
                              ./mbed/TARGET_LPC1768/TOOLCHAIN_GCC_ARM/libmbed.a(Stream.o) (mbed::FileLike::FileLike(char const*))
./mbed/TARGET_LPC1768/TOOLCHAIN_GCC_ARM/libmbed.a(us_ticker_api.o)
                              ./mbed/TARGET_LPC1768/TOOLCHAIN_GCC_ARM/libmbed.a(us_ticker.o) (us_ticker_irq_handler)
./mbed/TARGET_LPC1768/TOOLCHAIN_GCC_ARM/libmbed.a(ticker_api.o)
                              ./mbed/TARGET_LPC1768/TOOLCHAIN_GCC_ARM/libmbed.a(us_ticker_api.o) (ticker_irq_handler)
/usr/lib/gcc/arm-none-eabi/5.3.0/../../../../arm-none-eabi/lib/armv7-m/libstdc++_nano.a(atexit_arm.o)
                              main.o (__aeabi_atexit)
/usr/lib/gcc/arm-none-eabi/5.3.0/../../../../arm-none-eabi/lib/armv7-m/libstdc++_nano.a(new_op.o)
                              ./mbed/TARGET_LPC1768/TOOLCHAIN_GCC_ARM/libmbed.a(FileSystemLike.o) (operator new(unsigned int))
/usr/lib/gcc/arm-none-eabi/5.3.0/../../../../arm-none-eabi/lib/armv7-m/libstdc++_nano.a(del_op.o)
                              main.o (operator delete(void*))
/usr/lib/gcc/arm-none-eabi/5.3.0/../../../../arm-none-eabi/lib/armv7-m/libstdc++_nano.a(new_handler.o)
                              /usr/lib/gcc/arm-none-eabi/5.3.0/../../../../arm-none-eabi/lib/armv7-m/libstdc++_nano.a(new_op.o) (std::get_new_handler())
/usr/lib/gcc/arm-none-eabi/5.3.0/../../../../arm-none-eabi/lib/armv7-m/libm.a(lib_a-w_asin.o)
                              main.o (asin)
/usr/lib/gcc/arm-none-eabi/5.3.0/../../../../arm-none-eabi/lib/armv7-m/libm.a(lib_a-w_atan2.o)
[...]
Memory Configuration

Name             Origin             Length             Attributes
FLASH            0x0000000000000000 0x0000000000080000 xr
RAM              0x00000000100000c8 0x0000000000007f38 xrw
USB_RAM          0x000000002007c000 0x0000000000004000 xrw
ETH_RAM          0x0000000020080000 0x0000000000004000 xrw
*default*        0x0000000000000000 0xffffffffffffffff

Linker script and memory map

LOAD /usr/lib/gcc/arm-none-eabi/5.3.0/armv7-m/crti.o
LOAD /usr/lib/gcc/arm-none-eabi/5.3.0/armv7-m/crtbegin.o
LOAD /usr/lib/gcc/arm-none-eabi/5.3.0/../../../../arm-none-eabi/lib/armv7-m/crt0.o
LOAD main.o
LOAD mbed/TARGET_LPC1768/TOOLCHAIN_GCC_ARM/board.o
LOAD mbed/TARGET_LPC1768/TOOLCHAIN_GCC_ARM/cmsis_nvic.o
LOAD mbed/TARGET_LPC1768/TOOLCHAIN_GCC_ARM/retarget.o
LOAD mbed/TARGET_LPC1768/TOOLCHAIN_GCC_ARM/startup_LPC17xx.o
LOAD mbed/TARGET_LPC1768/TOOLCHAIN_GCC_ARM/system_LPC17xx.o
LOAD jtwBNO055/AdaBNO055.o
START GROUP
LOAD ./mbed/TARGET_LPC1768/TOOLCHAIN_GCC_ARM/libmbed.a
LOAD /usr/lib/gcc/arm-none-eabi/5.3.0/../../../../arm-none-eabi/lib/armv7-m/libstdc++_nano.a
LOAD /usr/lib/gcc/arm-none-eabi/5.3.0/../../../../arm-none-eabi/lib/armv7-m/libsupc++_nano.a
LOAD /usr/lib/gcc/arm-none-eabi/5.3.0/../../../../arm-none-eabi/lib/armv7-m/libm.a
LOAD /usr/lib/gcc/arm-none-eabi/5.3.0/../../../../arm-none-eabi/lib/armv7-m/libc_nano.a
LOAD /usr/lib/gcc/arm-none-eabi/5.3.0/armv7-m/libgcc.a
LOAD /usr/lib/gcc/arm-none-eabi/5.3.0/../../../../arm-none-eabi/lib/armv7-m/libnosys.a
END GROUP
START GROUP
LOAD /usr/lib/gcc/arm-none-eabi/5.3.0/armv7-m/libgcc.a
LOAD /usr/lib/gcc/arm-none-eabi/5.3.0/../../../../arm-none-eabi/lib/armv7-m/libc_nano.a
END GROUP
START GROUP
LOAD /usr/lib/gcc/arm-none-eabi/5.3.0/armv7-m/libgcc.a
LOAD /usr/lib/gcc/arm-none-eabi/5.3.0/../../../../arm-none-eabi/lib/armv7-m/libc_nano.a
END GROUP
LOAD /usr/lib/gcc/arm-none-eabi/5.3.0/armv7-m/crtend.o
LOAD /usr/lib/gcc/arm-none-eabi/5.3.0/armv7-m/crtn.o

.text           0x0000000000000000     0x91d8
 *(.isr_vector)
 .isr_vector    0x0000000000000000       0xcc mbed/TARGET_LPC1768/TOOLCHAIN_GCC_ARM/startup_LPC17xx.o
                0x0000000000000000                __isr_vector
 *(.text*)
 .text.__do_global_dtors_aux
                0x00000000000000cc       0x28 /usr/lib/gcc/arm-none-eabi/5.3.0/armv7-m/crtbegin.o
 .text.frame_dummy
                0x00000000000000f4       0x34 /usr/lib/gcc/arm-none-eabi/5.3.0/armv7-m/crtbegin.o
 .text          0x0000000000000128       0x68 /usr/lib/gcc/arm-none-eabi/5.3.0/../../../../arm-none-eabi/lib/armv7-m/crt0.o
                0x0000000000000128                _mainCRTStartup
                0x0000000000000128                _start
 .text._ZN4mbed10SerialBaseD2Ev
                0x0000000000000190        0x2 main.o
                0x0000000000000190                mbed::SerialBase::~SerialBase()
                0x0000000000000190                mbed::SerialBase::~SerialBase()
 *fill*         0x0000000000000192        0x2 
 .text._ZN4mbed6SerialD2Ev
                0x0000000000000194       0x30 main.o
                0x0000000000000194                mbed::Serial::~Serial()
                0x0000000000000194                mbed::Serial::~Serial()
                0x00000000000001b8                non-virtual thunk to mbed::Serial::~Serial()
                0x00000000000001be                non-virtual thunk to mbed::Serial::~Serial()
 .text._ZN4mbed10SerialBaseD0Ev
                0x00000000000001c4        0xc main.o
                0x00000000000001c4                mbed::SerialBase::~SerialBase()
 .text.startup.main
                0x00000000000001d0      0x1a8 main.o
                0x00000000000001d0                main
 .text._ZN4mbed6SerialD0Ev
                0x0000000000000378       0x1e main.o
                0x0000000000000378                mbed::Serial::~Serial()
                0x000000000000038a                non-virtual thunk to mbed::Serial::~Serial()
                0x0000000000000390                non-virtual thunk to mbed::Serial::~Serial()
 *fill*         0x0000000000000396        0x2 
 .text.startup._GLOBAL__sub_I_calibrationLevel
                0x0000000000000398       0xa4 main.o
 .text.mbed_die
                0x000000000000043c      0x10c mbed/TARGET_LPC1768/TOOLCHAIN_GCC_ARM/board.o
                0x000000000000043c                mbed_die
 .text.NVIC_SetVector
                0x0000000000000548       0x3c mbed/TARGET_LPC1768/TOOLCHAIN_GCC_ARM/cmsis_nvic.o
                0x0000000000000548                NVIC_SetVector
 .text._ZN4mbed10FileHandle4flenEv
                0x0000000000000584       0x34 mbed/TARGET_LPC1768/TOOLCHAIN_GCC_ARM/retarget.o
                0x0000000000000584                mbed::FileHandle::flen()
 .text._ZL11init_serialv.part.0
                0x00000000000005b8       0x18 mbed/TARGET_LPC1768/TOOLCHAIN_GCC_ARM/retarget.o
 .text._ZN4mbed10FileHandleD2Ev
                0x00000000000005d0       0x2c mbed/TARGET_LPC1768/TOOLCHAIN_GCC_ARM/retarget.o
                0x00000000000005d0                mbed::FileHandle::~FileHandle()
                0x00000000000005d0                mbed::FileHandle::~FileHandle()
 .text._open    0x00000000000005fc       0xfc mbed/TARGET_LPC1768/TOOLCHAIN_GCC_ARM/retarget.o
                0x00000000000005fc                _open
 .text._close   0x00000000000006f8       0x28 mbed/TARGET_LPC1768/TOOLCHAIN_GCC_ARM/retarget.o
                0x00000000000006f8                _close
 .text._write   0x0000000000000720       0x4c mbed/TARGET_LPC1768/TOOLCHAIN_GCC_ARM/retarget.o
                0x0000000000000720                _write
 .text._read    0x000000000000076c       0x44 mbed/TARGET_LPC1768/TOOLCHAIN_GCC_ARM/retarget.o
                0x000000000000076c                _read
 .text._isatty  0x00000000000007b0       0x24 mbed/TARGET_LPC1768/TOOLCHAIN_GCC_ARM/retarget.o
                0x00000000000007b0                _isatty
 .text._lseek   0x00000000000007d4       0x24 mbed/TARGET_LPC1768/TOOLCHAIN_GCC_ARM/retarget.o
                0x00000000000007d4                _lseek
 .text._fstat   0x00000000000007f8       0x20 mbed/TARGET_LPC1768/TOOLCHAIN_GCC_ARM/retarget.o
                0x00000000000007f8                _fstat
 .text.__cxa_pure_virtual
                0x0000000000000818        0x8 mbed/TARGET_LPC1768/TOOLCHAIN_GCC_ARM/retarget.o
                0x0000000000000818                __cxa_pure_virtual
 .text.mbed_main
                0x0000000000000820        0x4 mbed/TARGET_LPC1768/TOOLCHAIN_GCC_ARM/retarget.o
                0x0000000000000820                mbed_main
 .text.mbed_sdk_init
                0x0000000000000824        0x4 mbed/TARGET_LPC1768/TOOLCHAIN_GCC_ARM/retarget.o
                0x0000000000000824                mbed_sdk_init
 .text.__wrap_main
                0x0000000000000828       0x14 mbed/TARGET_LPC1768/TOOLCHAIN_GCC_ARM/retarget.o
                0x0000000000000828                __wrap_main
 .text._sbrk    0x000000000000083c       0x28 mbed/TARGET_LPC1768/TOOLCHAIN_GCC_ARM/retarget.o
                0x000000000000083c                _sbrk
 .text._exit    0x0000000000000864       0x30 mbed/TARGET_LPC1768/TOOLCHAIN_GCC_ARM/retarget.o
                0x0000000000000864                _exit
 .text._ZN4mbed26mbed_set_unbuffered_streamEP7__sFILE
                0x0000000000000894        0x8 mbed/TARGET_LPC1768/TOOLCHAIN_GCC_ARM/retarget.o
                0x0000000000000894                mbed::mbed_set_unbuffered_stream(__sFILE*)
 .text          0x000000000000089c       0x44 mbed/TARGET_LPC1768/TOOLCHAIN_GCC_ARM/startup_LPC17xx.o
                0x000000000000089c                Reset_Handler
                0x00000000000008cc                NMI_Handler
                0x00000000000008ce                HardFault_Handler
                0x00000000000008d0                MemManage_Handler
                0x00000000000008d2                BusFault_Handler
                0x00000000000008d4                UsageFault_Handler
                0x00000000000008d6                SVC_Handler
                0x00000000000008d8                DebugMon_Handler
                0x00000000000008da                PendSV_Handler
                0x00000000000008dc                SysTick_Handler
                0x00000000000008de                TIMER2_IRQHandler
                0x00000000000008de                RIT_IRQHandler
                0x00000000000008de                I2C0_IRQHandler
                0x00000000000008de                USBActivity_IRQHandler
                0x00000000000008de                PWM1_IRQHandler
                0x00000000000008de                I2C1_IRQHandler
                0x00000000000008de                EINT2_IRQHandler
                0x00000000000008de                UART1_IRQHandler
                0x00000000000008de                EINT3_IRQHandler
                0x00000000000008de                CANActivity_IRQHandler
                0x00000000000008de                TIMER3_IRQHandler
                0x00000000000008de                UART0_IRQHandler
                0x00000000000008de                PLL0_IRQHandler
                0x00000000000008de                CAN_IRQHandler
                0x00000000000008de                PLL1_IRQHandler
                0x00000000000008de                SSP0_IRQHandler
                0x00000000000008de                I2S_IRQHandler
                0x00000000000008de                I2C2_IRQHandler
                0x00000000000008de                RTC_IRQHandler
                0x00000000000008de                TIMER0_IRQHandler
                0x00000000000008de                SPI_IRQHandler
                0x00000000000008de                EINT1_IRQHandler
                0x00000000000008de                TIMER1_IRQHandler
                0x00000000000008de                UART2_IRQHandler
                0x00000000000008de                Default_Handler
                0x00000000000008de                ADC_IRQHandler
                0x00000000000008de                SSP1_IRQHandler
                0x00000000000008de                USB_IRQHandler
                0x00000000000008de                BOD_IRQHandler
                0x00000000000008de                WDT_IRQHandler
                0x00000000000008de                QEI_IRQHandler
                0x00000000000008de                EINT0_IRQHandler
                0x00000000000008de                DEF_IRQHandler
                0x00000000000008de                DMA_IRQHandler
                0x00000000000008de                UART3_IRQHandler
                0x00000000000008de                MCPWM_IRQHandler
                0x00000000000008de                ENET_IRQHandler
 .text.SystemInit
                0x00000000000008e0       0xb8 mbed/TARGET_LPC1768/TOOLCHAIN_GCC_ARM/system_LPC17xx.o
                0x00000000000008e0                SystemInit
 .text._ZN6BNO055C2E7PinNameS0_
                0x0000000000000998       0x30 jtwBNO055/AdaBNO055.o
                0x0000000000000998                BNO055::BNO055(PinName, PinName)
                0x0000000000000998                BNO055::BNO055(PinName, PinName)
 .text._ZN6BNO0555read8Ec
                0x00000000000009c8       0x34 jtwBNO055/AdaBNO055.o
                0x00000000000009c8                BNO055::read8(char)
 .text._ZN6BNO05514getCalibrationEPhS0_S0_S0_
                0x00000000000009fc       0x30 jtwBNO055/AdaBNO055.o
                0x00000000000009fc                BNO055::getCalibration(unsigned char*, unsigned char*, unsigned char*, unsigned char*)
 .text._ZN6BNO0556write8Ecc
                0x0000000000000a2c       0x20 jtwBNO055/AdaBNO055.o
                0x0000000000000a2c                BNO055::write8(char, char)
 .text._ZN6BNO0557setModeEc
                0x0000000000000a4c       0x16 jtwBNO055/AdaBNO055.o
                0x0000000000000a4c                BNO055::setMode(char)
 *fill*         0x0000000000000a62        0x2 
 .text._ZN6BNO0555beginEcRN4mbed6SerialE
                0x0000000000000a64       0xfc jtwBNO055/AdaBNO055.o
                0x0000000000000a64                BNO055::begin(char, mbed::Serial&)
 .text._ZN6BNO0557readLenEcPcc
                0x0000000000000b60       0x32 jtwBNO055/AdaBNO055.o
                0x0000000000000b60                BNO055::readLen(char, char*, char)
 *fill*         0x0000000000000b92        0x2 
 .text._ZN6BNO0559getVectorEc
                0x0000000000000b94      0x104 jtwBNO055/AdaBNO055.o
                0x0000000000000b94                BNO055::getVector(char)
 .text.pwmout_write
                0x0000000000000c98       0x58 ./mbed/TARGET_LPC1768/TOOLCHAIN_GCC_ARM/libmbed.a(pwmout_api.o)
                0x0000000000000c98                pwmout_write
 .text.pwmout_period_us
                0x0000000000000cf0       0x44 ./mbed/TARGET_LPC1768/TOOLCHAIN_GCC_ARM/libmbed.a(pwmout_api.o)
                0x0000000000000cf0                pwmout_period_us
 .text.pwmout_init
                0x0000000000000d34       0xac ./mbed/TARGET_LPC1768/TOOLCHAIN_GCC_ARM/libmbed.a(pwmout_api.o)
                0x0000000000000d34                pwmout_init
 .text.uart1_irq
                0x0000000000000de0       0x60 ./mbed/TARGET_LPC1768/TOOLCHAIN_GCC_ARM/libmbed.a(serial_api.o)
                0x0000000000000de0                uart1_irq
 .text.serial_irq_set_internal
                0x0000000000000e40       0xc8 ./mbed/TARGET_LPC1768/TOOLCHAIN_GCC_ARM/libmbed.a(serial_api.o)
 .text.uart3_irq
                0x0000000000000f08       0x6c ./mbed/TARGET_LPC1768/TOOLCHAIN_GCC_ARM/libmbed.a(serial_api.o)
                0x0000000000000f08                uart3_irq
 .text.uart2_irq
                0x0000000000000f74       0x64 ./mbed/TARGET_LPC1768/TOOLCHAIN_GCC_ARM/libmbed.a(serial_api.o)
                0x0000000000000f74                uart2_irq
 .text.uart0_irq
                0x0000000000000fd8       0x60 ./mbed/TARGET_LPC1768/TOOLCHAIN_GCC_ARM/libmbed.a(serial_api.o)
                0x0000000000000fd8                uart0_irq
 .text.serial_baud
                0x0000000000001038      0x234 ./mbed/TARGET_LPC1768/TOOLCHAIN_GCC_ARM/libmbed.a(serial_api.o)
                0x0000000000001038                serial_baud
 .text.serial_format
                0x000000000000126c       0x78 ./mbed/TARGET_LPC1768/TOOLCHAIN_GCC_ARM/libmbed.a(serial_api.o)
                0x000000000000126c                serial_format
 .text.serial_irq_handler
                0x00000000000012e4       0x20 ./mbed/TARGET_LPC1768/TOOLCHAIN_GCC_ARM/libmbed.a(serial_api.o)
                0x00000000000012e4                serial_irq_handler
 .text.serial_getc
                0x0000000000001304       0x34 ./mbed/TARGET_LPC1768/TOOLCHAIN_GCC_ARM/libmbed.a(serial_api.o)
                0x0000000000001304                serial_getc
 .text.serial_writable
                0x0000000000001338       0x50 ./mbed/TARGET_LPC1768/TOOLCHAIN_GCC_ARM/libmbed.a(serial_api.o)
                0x0000000000001338                serial_writable
 .text.serial_putc
                0x0000000000001388       0x34 ./mbed/TARGET_LPC1768/TOOLCHAIN_GCC_ARM/libmbed.a(serial_api.o)
                0x0000000000001388                serial_putc
 .text.serial_set_flow_control
                0x00000000000013bc      0x130 ./mbed/TARGET_LPC1768/TOOLCHAIN_GCC_ARM/libmbed.a(serial_api.o)
                0x00000000000013bc                serial_set_flow_control
 .text.serial_init
                0x00000000000014ec      0x1bc ./mbed/TARGET_LPC1768/TOOLCHAIN_GCC_ARM/libmbed.a(serial_api.o)
                0x00000000000014ec                serial_init
 .text._ZN4mbed8FilePathC2EPKc
                0x00000000000016a8       0x54 ./mbed/TARGET_LPC1768/TOOLCHAIN_GCC_ARM/libmbed.a(FilePath.o)
                0x00000000000016a8                mbed::FilePath::FilePath(char const*)
                0x00000000000016a8                mbed::FilePath::FilePath(char const*)
 .text._ZN4mbed8FilePath8fileNameEv
                0x00000000000016fc        0x4 ./mbed/TARGET_LPC1768/TOOLCHAIN_GCC_ARM/libmbed.a(FilePath.o)
                0x00000000000016fc                mbed::FilePath::fileName()
 .text._ZN4mbed8FilePath10fileSystemEv
                0x0000000000001700       0x20 ./mbed/TARGET_LPC1768/TOOLCHAIN_GCC_ARM/libmbed.a(FilePath.o)
                0x0000000000001700                mbed::FilePath::fileSystem()
 .text._ZN4mbed8FilePath6isFileEv
                0x0000000000001720       0x14 ./mbed/TARGET_LPC1768/TOOLCHAIN_GCC_ARM/libmbed.a(FilePath.o)
                0x0000000000001720                mbed::FilePath::isFile()
 .text._ZN4mbed8FilePath4fileEv
                0x0000000000001734       0x20 ./mbed/TARGET_LPC1768/TOOLCHAIN_GCC_ARM/libmbed.a(FilePath.o)
                0x0000000000001734                mbed::FilePath::file()
 .text._ZN4mbed8FilePath6existsEv
                0x0000000000001754        0xc ./mbed/TARGET_LPC1768/TOOLCHAIN_GCC_ARM/libmbed.a(FilePath.o)
                0x0000000000001754                mbed::FilePath::exists()
 .text._ZN4mbed3I2CC2E7PinNameS1_
                0x0000000000001760       0x20 ./mbed/TARGET_LPC1768/TOOLCHAIN_GCC_ARM/libmbed.a(I2C.o)
                0x0000000000001760                mbed::I2C::I2C(PinName, PinName)
                0x0000000000001760                mbed::I2C::I2C(PinName, PinName)
 .text._ZN4mbed3I2C9frequencyEi
                0x0000000000001780       0x14 ./mbed/TARGET_LPC1768/TOOLCHAIN_GCC_ARM/libmbed.a(I2C.o)
                0x0000000000001780                mbed::I2C::frequency(int)
 .text._ZN4mbed3I2C6aquireEv
                0x0000000000001794       0x1c ./mbed/TARGET_LPC1768/TOOLCHAIN_GCC_ARM/libmbed.a(I2C.o)
                0x0000000000001794                mbed::I2C::aquire()
 .text._ZN4mbed3I2C5writeEiPKcib
                0x00000000000017b0       0x34 ./mbed/TARGET_LPC1768/TOOLCHAIN_GCC_ARM/libmbed.a(I2C.o)
                0x00000000000017b0                mbed::I2C::write(int, char const*, int, bool)
 .text._ZN4mbed3I2C4readEiPcib
                0x00000000000017e4       0x34 ./mbed/TARGET_LPC1768/TOOLCHAIN_GCC_ARM/libmbed.a(I2C.o)
                0x00000000000017e4                mbed::I2C::read(int, char*, int, bool)
 .text._ZN4mbed6Serial5_getcEv
                0x0000000000001818        0x4 ./mbed/TARGET_LPC1768/TOOLCHAIN_GCC_ARM/libmbed.a(Serial.o)
                0x0000000000001818                mbed::Serial::_getc()
 .text._ZThn64_N4mbed6Serial5_getcEv
                0x000000000000181c        0x8 ./mbed/TARGET_LPC1768/TOOLCHAIN_GCC_ARM/libmbed.a(Serial.o)
                0x000000000000181c                non-virtual thunk to mbed::Serial::_getc()
 .text._ZN4mbed6Serial5_putcEi
                0x0000000000001824        0x4 ./mbed/TARGET_LPC1768/TOOLCHAIN_GCC_ARM/libmbed.a(Serial.o)
                0x0000000000001824                mbed::Serial::_putc(int)
 .text._ZThn64_N4mbed6Serial5_putcEi
                0x0000000000001828        0x8 ./mbed/TARGET_LPC1768/TOOLCHAIN_GCC_ARM/libmbed.a(Serial.o)
                0x0000000000001828                non-virtual thunk to mbed::Serial::_putc(int)
 .text._ZN4mbed6SerialC2E7PinNameS1_PKc
                0x0000000000001830       0x30 ./mbed/TARGET_LPC1768/TOOLCHAIN_GCC_ARM/libmbed.a(Serial.o)
                0x0000000000001830                mbed::Serial::Serial(PinName, PinName, char const*)
                0x0000000000001830                mbed::Serial::Serial(PinName, PinName, char const*)
 .text._ZN4mbed10SerialBase12_irq_handlerEm9SerialIrq
                0x0000000000001860       0x34 ./mbed/TARGET_LPC1768/TOOLCHAIN_GCC_ARM/libmbed.a(SerialBase.o)
                0x0000000000001860                mbed::SerialBase::_irq_handler(unsigned long, SerialIrq)
 .text._ZN4mbed10SerialBaseC2E7PinNameS1_
                0x0000000000001894       0x3c ./mbed/TARGET_LPC1768/TOOLCHAIN_GCC_ARM/libmbed.a(SerialBase.o)
                0x0000000000001894                mbed::SerialBase::SerialBase(PinName, PinName)
                0x0000000000001894                mbed::SerialBase::SerialBase(PinName, PinName)
 .text._ZN4mbed10SerialBase10_base_getcEv
                0x00000000000018d0        0x8 ./mbed/TARGET_LPC1768/TOOLCHAIN_GCC_ARM/libmbed.a(SerialBase.o)
                0x00000000000018d0                mbed::SerialBase::_base_getc()
 .text._ZN4mbed10SerialBase10_base_putcEi
                0x00000000000018d8       0x10 ./mbed/TARGET_LPC1768/TOOLCHAIN_GCC_ARM/libmbed.a(SerialBase.o)
                0x00000000000018d8                mbed::SerialBase::_base_putc(int)
 .text._ZN4mbed6Stream5closeEv
                0x00000000000018e8        0x4 ./mbed/TARGET_LPC1768/TOOLCHAIN_GCC_ARM/libmbed.a(Stream.o)
                0x00000000000018e8                mbed::Stream::close()
 .text._ZN4mbed6Stream5writeEPKvj
                0x00000000000018ec       0x2c ./mbed/TARGET_LPC1768/TOOLCHAIN_GCC_ARM/libmbed.a(Stream.o)
                0x00000000000018ec                mbed::Stream::write(void const*, unsigned int)
 .text._ZN4mbed6Stream4readEPvj
                0x0000000000001918       0x2c ./mbed/TARGET_LPC1768/TOOLCHAIN_GCC_ARM/libmbed.a(Stream.o)
                0x0000000000001918                mbed::Stream::read(void*, unsigned int)
 .text._ZN4mbed6Stream5lseekEli
                0x0000000000001944        0x4 ./mbed/TARGET_LPC1768/TOOLCHAIN_GCC_ARM/libmbed.a(Stream.o)
                0x0000000000001944                mbed::Stream::lseek(long, int)
 .text._ZN4mbed6Stream6isattyEv
                0x0000000000001948        0x4 ./mbed/TARGET_LPC1768/TOOLCHAIN_GCC_ARM/libmbed.a(Stream.o)
                0x0000000000001948                mbed::Stream::isatty()
 .text._ZN4mbed6Stream5fsyncEv
                0x000000000000194c        0x4 ./mbed/TARGET_LPC1768/TOOLCHAIN_GCC_ARM/libmbed.a(Stream.o)
                0x000000000000194c                mbed::Stream::fsync()
 .text._ZN4mbed6Stream4flenEv
                0x0000000000001950        0x4 ./mbed/TARGET_LPC1768/TOOLCHAIN_GCC_ARM/libmbed.a(Stream.o)
                0x0000000000001950                mbed::Stream::flen()
 .text._ZN4mbed6StreamC2EPKc
                0x0000000000001954       0x44 ./mbed/TARGET_LPC1768/TOOLCHAIN_GCC_ARM/libmbed.a(Stream.o)
                0x0000000000001954                mbed::Stream::Stream(char const*)
                0x0000000000001954                mbed::Stream::Stream(char const*)
 .text._ZN4mbed6StreamD2Ev
                0x0000000000001998       0x24 ./mbed/TARGET_LPC1768/TOOLCHAIN_GCC_ARM/libmbed.a(Stream.o)
                0x0000000000001998                mbed::Stream::~Stream()
                0x0000000000001998                mbed::Stream::~Stream()
 .text._ZN4mbed6Stream6printfEPKcz
                0x00000000000019bc       0x2c ./mbed/TARGET_LPC1768/TOOLCHAIN_GCC_ARM/libmbed.a(Stream.o)
                0x00000000000019bc                mbed::Stream::printf(char const*, ...)
 .text.mbed_assert_internal
                0x00000000000019e8       0x18 ./mbed/TARGET_LPC1768/TOOLCHAIN_GCC_ARM/libmbed.a(assert.o)
                0x00000000000019e8                mbed_assert_internal
 .text.error    0x0000000000001a00       0x24 ./mbed/TARGET_LPC1768/TOOLCHAIN_GCC_ARM/libmbed.a(error.o)
                0x0000000000001a00                error
 .text.gpio_init_in
                0x0000000000001a24       0x24 ./mbed/TARGET_LPC1768/TOOLCHAIN_GCC_ARM/libmbed.a(gpio.o)
                0x0000000000001a24                gpio_init_in
 .text.gpio_init_out
                0x0000000000001a48       0x44 ./mbed/TARGET_LPC1768/TOOLCHAIN_GCC_ARM/libmbed.a(gpio.o)
                0x0000000000001a48                gpio_init_out
 .text.gpio_init_out_ex
                0x0000000000001a8c       0x54 ./mbed/TARGET_LPC1768/TOOLCHAIN_GCC_ARM/libmbed.a(gpio.o)
                0x0000000000001a8c                gpio_init_out_ex
 .text.mbed_interface_connected
                0x0000000000001ae0        0x4 ./mbed/TARGET_LPC1768/TOOLCHAIN_GCC_ARM/libmbed.a(mbed_interface.o)
                0x0000000000001ae0                mbed_interface_connected
 .text.pinmap_pinout
                0x0000000000001ae4       0x40 ./mbed/TARGET_LPC1768/TOOLCHAIN_GCC_ARM/libmbed.a(pinmap_common.o)
                0x0000000000001ae4                pinmap_pinout
 .text.pinmap_merge
                0x0000000000001b24       0x24 ./mbed/TARGET_LPC1768/TOOLCHAIN_GCC_ARM/libmbed.a(pinmap_common.o)
                0x0000000000001b24                pinmap_merge
 .text.pinmap_find_peripheral
                0x0000000000001b48       0x1c ./mbed/TARGET_LPC1768/TOOLCHAIN_GCC_ARM/libmbed.a(pinmap_common.o)
                0x0000000000001b48                pinmap_find_peripheral
 .text.pinmap_peripheral
                0x0000000000001b64       0x34 ./mbed/TARGET_LPC1768/TOOLCHAIN_GCC_ARM/libmbed.a(pinmap_common.o)
                0x0000000000001b64                pinmap_peripheral
 .text.semihost_exit
                0x0000000000001b98       0x18 ./mbed/TARGET_LPC1768/TOOLCHAIN_GCC_ARM/libmbed.a(semihost_api.o)
                0x0000000000001b98                semihost_exit
 .text.semihost_connected
                0x0000000000001bb0       0x10 ./mbed/TARGET_LPC1768/TOOLCHAIN_GCC_ARM/libmbed.a(semihost_api.o)
                0x0000000000001bb0                semihost_connected
 .text.wait_us  0x0000000000001bc0       0x18 ./mbed/TARGET_LPC1768/TOOLCHAIN_GCC_ARM/libmbed.a(wait_api.o)
                0x0000000000001bc0                wait_us
 .text.wait     0x0000000000001bd8       0x18 ./mbed/TARGET_LPC1768/TOOLCHAIN_GCC_ARM/libmbed.a(wait_api.o)
                0x0000000000001bd8                wait
 .text.wait_ms  0x0000000000001bf0        0xc ./mbed/TARGET_LPC1768/TOOLCHAIN_GCC_ARM/libmbed.a(wait_api.o)
                0x0000000000001bf0                wait_ms
 .text.gpio_set
                0x0000000000001bfc       0x30 ./mbed/TARGET_LPC1768/TOOLCHAIN_GCC_ARM/libmbed.a(gpio_api.o)
                0x0000000000001bfc                gpio_set
 .text.gpio_init
                0x0000000000001c2c       0x30 ./mbed/TARGET_LPC1768/TOOLCHAIN_GCC_ARM/libmbed.a(gpio_api.o)
                0x0000000000001c2c                gpio_init
 .text.gpio_mode
                0x0000000000001c5c        0x8 ./mbed/TARGET_LPC1768/TOOLCHAIN_GCC_ARM/libmbed.a(gpio_api.o)
                0x0000000000001c5c                gpio_mode
 .text.gpio_dir
                0x0000000000001c64       0x44 ./mbed/TARGET_LPC1768/TOOLCHAIN_GCC_ARM/libmbed.a(gpio_api.o)
                0x0000000000001c64                gpio_dir
 .text.pin_function
                0x0000000000001ca8       0x50 ./mbed/TARGET_LPC1768/TOOLCHAIN_GCC_ARM/libmbed.a(pinmap.o)
                0x0000000000001ca8                pin_function
 .text.pin_mode
                0x0000000000001cf8       0x78 ./mbed/TARGET_LPC1768/TOOLCHAIN_GCC_ARM/libmbed.a(pinmap.o)
                0x0000000000001cf8                pin_mode
 .text.i2c_init
                0x0000000000001d70       0xcc ./mbed/TARGET_LPC1768/TOOLCHAIN_GCC_ARM/libmbed.a(i2c_api.o)
                0x0000000000001d70                i2c_init
 .text.i2c_frequency
                0x0000000000001e3c       0x18 ./mbed/TARGET_LPC1768/TOOLCHAIN_GCC_ARM/libmbed.a(i2c_api.o)
                0x0000000000001e3c                i2c_frequency
 .text.i2c_read
                0x0000000000001e54      0x164 ./mbed/TARGET_LPC1768/TOOLCHAIN_GCC_ARM/libmbed.a(i2c_api.o)
                0x0000000000001e54                i2c_read
 .text.i2c_write
                0x0000000000001fb8       0xe8 ./mbed/TARGET_LPC1768/TOOLCHAIN_GCC_ARM/libmbed.a(i2c_api.o)
                0x0000000000001fb8                i2c_write
 .text.us_ticker_init.part.0
                0x00000000000020a0       0x64 ./mbed/TARGET_LPC1768/TOOLCHAIN_GCC_ARM/libmbed.a(us_ticker.o)
 .text.us_ticker_init
                0x0000000000002104       0x10 ./mbed/TARGET_LPC1768/TOOLCHAIN_GCC_ARM/libmbed.a(us_ticker.o)
                0x0000000000002104                us_ticker_init
 .text.us_ticker_read
                0x0000000000002114       0x1c ./mbed/TARGET_LPC1768/TOOLCHAIN_GCC_ARM/libmbed.a(us_ticker.o)
                0x0000000000002114                us_ticker_read
 .text.us_ticker_set_interrupt
                0x0000000000002130       0x14 ./mbed/TARGET_LPC1768/TOOLCHAIN_GCC_ARM/libmbed.a(us_ticker.o)
                0x0000000000002130                us_ticker_set_interrupt
 .text.us_ticker_disable_interrupt
                0x0000000000002144       0x10 ./mbed/TARGET_LPC1768/TOOLCHAIN_GCC_ARM/libmbed.a(us_ticker.o)
                0x0000000000002144                us_ticker_disable_interrupt
 .text.us_ticker_clear_interrupt
                0x0000000000002154        0xc ./mbed/TARGET_LPC1768/TOOLCHAIN_GCC_ARM/libmbed.a(us_ticker.o)
                0x0000000000002154                us_ticker_clear_interrupt
 .text._ZN4mbed8FileBaseD2Ev
                0x0000000000002160       0x30 ./mbed/TARGET_LPC1768/TOOLCHAIN_GCC_ARM/libmbed.a(FileBase.o)
                0x0000000000002160                mbed::FileBase::~FileBase()
                0x0000000000002160                mbed::FileBase::~FileBase()
 .text._ZN4mbed8FileBaseD0Ev
                0x0000000000002190       0x3c ./mbed/TARGET_LPC1768/TOOLCHAIN_GCC_ARM/libmbed.a(FileBase.o)
                0x0000000000002190                mbed::FileBase::~FileBase()
 .text._ZN4mbed8FileBaseC2EPKcNS_8PathTypeE
                0x00000000000021cc       0x28 ./mbed/TARGET_LPC1768/TOOLCHAIN_GCC_ARM/libmbed.a(FileBase.o)
                0x00000000000021cc                mbed::FileBase::FileBase(char const*, mbed::PathType)
                0x00000000000021cc                mbed::FileBase::FileBase(char const*, mbed::PathType)
 .text._ZN4mbed8FileBase6lookupEPKcj
                0x00000000000021f4       0x3c ./mbed/TARGET_LPC1768/TOOLCHAIN_GCC_ARM/libmbed.a(FileBase.o)
                0x00000000000021f4                mbed::FileBase::lookup(char const*, unsigned int)
 .text._ZN4mbed8FileBase11getPathTypeEv
                0x0000000000002230        0x4 ./mbed/TARGET_LPC1768/TOOLCHAIN_GCC_ARM/libmbed.a(FileBase.o)
                0x0000000000002230                mbed::FileBase::getPathType()
 .text._ZN4mbed8FileLikeC2EPKc
                0x0000000000002234       0x28 ./mbed/TARGET_LPC1768/TOOLCHAIN_GCC_ARM/libmbed.a(FileLike.o)
                0x0000000000002234                mbed::FileLike::FileLike(char const*)
                0x0000000000002234                mbed::FileLike::FileLike(char const*)
 .text._ZN4mbed8FileLikeD2Ev
                0x000000000000225c       0x24 ./mbed/TARGET_LPC1768/TOOLCHAIN_GCC_ARM/libmbed.a(FileLike.o)
                0x000000000000225c                mbed::FileLike::~FileLike()
                0x000000000000225c                mbed::FileLike::~FileLike()
 .text.us_ticker_irq_handler
                0x0000000000002280        0xc ./mbed/TARGET_LPC1768/TOOLCHAIN_GCC_ARM/libmbed.a(us_ticker_api.o)
                0x0000000000002280                us_ticker_irq_handler
 .text.ticker_irq_handler
                0x000000000000228c       0x4c ./mbed/TARGET_LPC1768/TOOLCHAIN_GCC_ARM/libmbed.a(ticker_api.o)
                0x000000000000228c                ticker_irq_handler
 .text.__aeabi_atexit
                0x00000000000022d8        0xa /usr/lib/gcc/arm-none-eabi/5.3.0/../../../../arm-none-eabi/lib/armv7-m/libstdc++_nano.a(atexit_arm.o)
                0x00000000000022d8                __aeabi_atexit
 .text._ZdlPv   0x00000000000022e2        0x4 /usr/lib/gcc/arm-none-eabi/5.3.0/../../../../arm-none-eabi/lib/armv7-m/libstdc++_nano.a(del_op.o)
                0x00000000000022e2                operator delete(void*)
 .text.abs      0x00000000000022e6        0x8 /usr/lib/gcc/arm-none-eabi/5.3.0/../../../../arm-none-eabi/lib/armv7-m/libc_nano.a(lib_a-abs.o)
                0x00000000000022e6                abs
 .text.atexit   0x00000000000022ee        0xc /usr/lib/gcc/arm-none-eabi/5.3.0/../../../../arm-none-eabi/lib/armv7-m/libc_nano.a(lib_a-atexit.o)
                0x00000000000022ee                atexit
 *fill*         0x00000000000022fa        0x2 
 .text.__cxa_atexit
                0x00000000000022fc       0x1c /usr/lib/gcc/arm-none-eabi/5.3.0/../../../../arm-none-eabi/lib/armv7-m/libc_nano.a(lib_a-cxa_atexit.o)
                0x00000000000022fc                __cxa_atexit
 .text.__errno  0x0000000000002318        0xc /usr/lib/gcc/arm-none-eabi/5.3.0/../../../../arm-none-eabi/lib/armv7-m/libc_nano.a(lib_a-errno.o)
                0x0000000000002318                __errno
 .text.exit     0x0000000000002324       0x28 /usr/lib/gcc/arm-none-eabi/5.3.0/../../../../arm-none-eabi/lib/armv7-m/libc_nano.a(lib_a-exit.o)
                0x0000000000002324                exit
 .text._fclose_r
                0x000000000000234c       0xa4 /usr/lib/gcc/arm-none-eabi/5.3.0/../../../../arm-none-eabi/lib/armv7-m/libc_nano.a(lib_a-fclose.o)
                0x000000000000234c                _fclose_r
 .text.fclose   0x00000000000023f0       0x10 /usr/lib/gcc/arm-none-eabi/5.3.0/../../../../arm-none-eabi/lib/armv7-m/libc_nano.a(lib_a-fclose.o)
                0x00000000000023f0                fclose
 .text.__sflush_r
                0x0000000000002400      0x10c /usr/lib/gcc/arm-none-eabi/5.3.0/../../../../arm-none-eabi/lib/armv7-m/libc_nano.a(lib_a-fflush.o)
                0x0000000000002400                __sflush_r
 .text._fflush_r
                0x000000000000250c       0x54 /usr/lib/gcc/arm-none-eabi/5.3.0/../../../../arm-none-eabi/lib/armv7-m/libc_nano.a(lib_a-fflush.o)
                0x000000000000250c                _fflush_r
 .text.fflush   0x0000000000002560       0x24 /usr/lib/gcc/arm-none-eabi/5.3.0/../../../../arm-none-eabi/lib/armv7-m/libc_nano.a(lib_a-fflush.o)
                0x0000000000002560                fflush
 .text._cleanup_r
                0x0000000000002584        0xc /usr/lib/gcc/arm-none-eabi/5.3.0/../../../../arm-none-eabi/lib/armv7-m/libc_nano.a(lib_a-findfp.o)
                0x0000000000002584                _cleanup_r
 .text.std.isra.0
                0x0000000000002590       0x48 /usr/lib/gcc/arm-none-eabi/5.3.0/../../../../arm-none-eabi/lib/armv7-m/libc_nano.a(lib_a-findfp.o)
 .text.__sfmoreglue
                0x00000000000025d8       0x2c /usr/lib/gcc/arm-none-eabi/5.3.0/../../../../arm-none-eabi/lib/armv7-m/libc_nano.a(lib_a-findfp.o)
                0x00000000000025d8                __sfmoreglue
 .text.__sinit  0x0000000000002604       0x60 /usr/lib/gcc/arm-none-eabi/5.3.0/../../../../arm-none-eabi/lib/armv7-m/libc_nano.a(lib_a-findfp.o)
                0x0000000000002604                __sinit
 .text.__sfp    0x0000000000002664       0x78 /usr/lib/gcc/arm-none-eabi/5.3.0/../../../../arm-none-eabi/lib/armv7-m/libc_nano.a(lib_a-findfp.o)
                0x0000000000002664                __sfp
 .text.__sfp_lock_acquire
                0x00000000000026dc        0x2 /usr/lib/gcc/arm-none-eabi/5.3.0/../../../../arm-none-eabi/lib/armv7-m/libc_nano.a(lib_a-findfp.o)
                0x00000000000026dc                __sfp_lock_acquire
 .text.__sfp_lock_release
                0x00000000000026de        0x2 /usr/lib/gcc/arm-none-eabi/5.3.0/../../../../arm-none-eabi/lib/armv7-m/libc_nano.a(lib_a-findfp.o)
                0x00000000000026de                __sfp_lock_release
 .text.__libc_fini_array
                0x00000000000026e0       0x28 /usr/lib/gcc/arm-none-eabi/5.3.0/../../../../arm-none-eabi/lib/armv7-m/libc_nano.a(lib_a-fini.o)
                0x00000000000026e0                __libc_fini_array
 .text._fopen_r
                0x0000000000002708       0x80 /usr/lib/gcc/arm-none-eabi/5.3.0/../../../../arm-none-eabi/lib/armv7-m/libc_nano.a(lib_a-fopen.o)
                0x0000000000002708                _fopen_r
 .text.fopen    0x0000000000002788       0x10 /usr/lib/gcc/arm-none-eabi/5.3.0/../../../../arm-none-eabi/lib/armv7-m/libc_nano.a(lib_a-fopen.o)
                0x0000000000002788                fopen
 .text._fseek_r
                0x0000000000002798        0x4 /usr/lib/gcc/arm-none-eabi/5.3.0/../../../../arm-none-eabi/lib/armv7-m/libc_nano.a(lib_a-fseek.o)
                0x0000000000002798                _fseek_r
 .text._fseeko_r
                0x000000000000279c      0x118 /usr/lib/gcc/arm-none-eabi/5.3.0/../../../../arm-none-eabi/lib/armv7-m/libc_nano.a(lib_a-fseeko.o)
                0x000000000000279c                _fseeko_r
 .text._fwalk_reent
                0x00000000000028b4       0x3c /usr/lib/gcc/arm-none-eabi/5.3.0/../../../../arm-none-eabi/lib/armv7-m/libc_nano.a(lib_a-fwalk.o)
                0x00000000000028b4                _fwalk_reent
 .text.__libc_init_array
                0x00000000000028f0       0x4c /usr/lib/gcc/arm-none-eabi/5.3.0/../../../../arm-none-eabi/lib/armv7-m/libc_nano.a(lib_a-init.o)
                0x00000000000028f0                __libc_init_array
 .text.__swhatbuf_r
                0x000000000000293c       0x46 /usr/lib/gcc/arm-none-eabi/5.3.0/../../../../arm-none-eabi/lib/armv7-m/libc_nano.a(lib_a-makebuf.o)
                0x000000000000293c                __swhatbuf_r
 *fill*         0x0000000000002982        0x2 
 .text.__smakebuf_r
                0x0000000000002984       0x74 /usr/lib/gcc/arm-none-eabi/5.3.0/../../../../arm-none-eabi/lib/armv7-m/libc_nano.a(lib_a-makebuf.o)
                0x0000000000002984                __smakebuf_r
 .text.malloc   0x00000000000029f8       0x10 /usr/lib/gcc/arm-none-eabi/5.3.0/../../../../arm-none-eabi/lib/armv7-m/libc_nano.a(lib_a-malloc.o)
                0x00000000000029f8                malloc
 .text.free     0x0000000000002a08       0x10 /usr/lib/gcc/arm-none-eabi/5.3.0/../../../../arm-none-eabi/lib/armv7-m/libc_nano.a(lib_a-malloc.o)
                0x0000000000002a08                free
 .text.memchr   0x0000000000002a18       0x1c /usr/lib/gcc/arm-none-eabi/5.3.0/../../../../arm-none-eabi/lib/armv7-m/libc_nano.a(lib_a-memchr-stub.o)
                0x0000000000002a18                memchr
 .text.memcpy   0x0000000000002a34       0x16 /usr/lib/gcc/arm-none-eabi/5.3.0/../../../../arm-none-eabi/lib/armv7-m/libc_nano.a(lib_a-memcpy-stub.o)
                0x0000000000002a34                memcpy
 .text.memset   0x0000000000002a4a       0x10 /usr/lib/gcc/arm-none-eabi/5.3.0/../../../../arm-none-eabi/lib/armv7-m/libc_nano.a(lib_a-memset.o)
                0x0000000000002a4a                memset
 *fill*         0x0000000000002a5a        0x2 
 .text._free_r  0x0000000000002a5c       0x88 /usr/lib/gcc/arm-none-eabi/5.3.0/../../../../arm-none-eabi/lib/armv7-m/libc_nano.a(lib_a-nano-freer.o)
                0x0000000000002a5c                _free_r
 .text._malloc_r
                0x0000000000002ae4       0xa8 /usr/lib/gcc/arm-none-eabi/5.3.0/../../../../arm-none-eabi/lib/armv7-m/libc_nano.a(lib_a-nano-mallocr.o)
                0x0000000000002ae4                _malloc_r
 .text.__sfputc_r
                0x0000000000002b8c       0x2c /usr/lib/gcc/arm-none-eabi/5.3.0/../../../../arm-none-eabi/lib/armv7-m/libc_nano.a(lib_a-nano-vfprintf.o)
 .text.__sfputs_r
                0x0000000000002bb8       0x24 /usr/lib/gcc/arm-none-eabi/5.3.0/../../../../arm-none-eabi/lib/armv7-m/libc_nano.a(lib_a-nano-vfprintf.o)
                0x0000000000002bb8                __sfputs_r
 .text._vfprintf_r
                0x0000000000002bdc      0x238 /usr/lib/gcc/arm-none-eabi/5.3.0/../../../../arm-none-eabi/lib/armv7-m/libc_nano.a(lib_a-nano-vfprintf.o)
                0x0000000000002bdc                _vfiprintf_r
                0x0000000000002bdc                _vfprintf_r
 .text.vfprintf
                0x0000000000002e14       0x14 /usr/lib/gcc/arm-none-eabi/5.3.0/../../../../arm-none-eabi/lib/armv7-m/libc_nano.a(lib_a-nano-vfprintf.o)
                0x0000000000002e14                vfiprintf
                0x0000000000002e14                vfprintf
 .text.__cvt    0x0000000000002e28       0xc0 /usr/lib/gcc/arm-none-eabi/5.3.0/../../../../arm-none-eabi/lib/armv7-m/libc_nano.a(lib_a-nano-vfprintf_float.o)
                0x0000000000002e28                __cvt
 .text.__exponent
                0x0000000000002ee8       0x62 /usr/lib/gcc/arm-none-eabi/5.3.0/../../../../arm-none-eabi/lib/armv7-m/libc_nano.a(lib_a-nano-vfprintf_float.o)
                0x0000000000002ee8                __exponent
 *fill*         0x0000000000002f4a        0x2 
 .text._printf_float
                0x0000000000002f4c      0x488 /usr/lib/gcc/arm-none-eabi/5.3.0/../../../../arm-none-eabi/lib/armv7-m/libc_nano.a(lib_a-nano-vfprintf_float.o)
                0x0000000000002f4c                _printf_float
 .text._printf_common
                0x00000000000033d4       0xec /usr/lib/gcc/arm-none-eabi/5.3.0/../../../../arm-none-eabi/lib/armv7-m/libc_nano.a(lib_a-nano-vfprintf_i.o)
                0x00000000000033d4                _printf_common
 .text._printf_i
                0x00000000000034c0      0x24c /usr/lib/gcc/arm-none-eabi/5.3.0/../../../../arm-none-eabi/lib/armv7-m/libc_nano.a(lib_a-nano-vfprintf_i.o)
                0x00000000000034c0                _printf_i
 .text._scanf_float
                0x000000000000370c      0x3bc /usr/lib/gcc/arm-none-eabi/5.3.0/../../../../arm-none-eabi/lib/armv7-m/libc_nano.a(lib_a-nano-vfscanf_float.o)
                0x000000000000370c                _scanf_float
 .text._scanf_chars
                0x0000000000003ac8       0xcc /usr/lib/gcc/arm-none-eabi/5.3.0/../../../../arm-none-eabi/lib/armv7-m/libc_nano.a(lib_a-nano-vfscanf_i.o)
                0x0000000000003ac8                _scanf_chars
 .text._scanf_i
                0x0000000000003b94      0x1e4 /usr/lib/gcc/arm-none-eabi/5.3.0/../../../../arm-none-eabi/lib/armv7-m/libc_nano.a(lib_a-nano-vfscanf_i.o)
                0x0000000000003b94                _scanf_i
 .text._open_r  0x0000000000003d78       0x24 /usr/lib/gcc/arm-none-eabi/5.3.0/../../../../arm-none-eabi/lib/armv7-m/libc_nano.a(lib_a-openr.o)
                0x0000000000003d78                _open_r
 .text._sbrk_r  0x0000000000003d9c       0x20 /usr/lib/gcc/arm-none-eabi/5.3.0/../../../../arm-none-eabi/lib/armv7-m/libc_nano.a(lib_a-sbrkr.o)
                0x0000000000003d9c                _sbrk_r
 .text.__sccl   0x0000000000003dbc       0x60 /usr/lib/gcc/arm-none-eabi/5.3.0/../../../../arm-none-eabi/lib/armv7-m/libc_nano.a(lib_a-sccl.o)
                0x0000000000003dbc                __sccl
 .text.setbuf   0x0000000000003e1c       0x10 /usr/lib/gcc/arm-none-eabi/5.3.0/../../../../arm-none-eabi/lib/armv7-m/libc_nano.a(lib_a-setbuf.o)
                0x0000000000003e1c                setbuf
 .text.setvbuf  0x0000000000003e2c      0x154 /usr/lib/gcc/arm-none-eabi/5.3.0/../../../../arm-none-eabi/lib/armv7-m/libc_nano.a(lib_a-setvbuf.o)
                0x0000000000003e2c                setvbuf
 .text.nanf     0x0000000000003f80        0x8 /usr/lib/gcc/arm-none-eabi/5.3.0/../../../../arm-none-eabi/lib/armv7-m/libc_nano.a(lib_a-sf_nan.o)
                0x0000000000003f80                nanf
 .text.sprintf  0x0000000000003f88       0x48 /usr/lib/gcc/arm-none-eabi/5.3.0/../../../../arm-none-eabi/lib/armv7-m/libc_nano.a(lib_a-sprintf.o)
                0x0000000000003f88                sprintf
                0x0000000000003f88                siprintf
 .text.sscanf   0x0000000000003fd0       0x54 /usr/lib/gcc/arm-none-eabi/5.3.0/../../../../arm-none-eabi/lib/armv7-m/libc_nano.a(lib_a-sscanf.o)
                0x0000000000003fd0                sscanf
                0x0000000000003fd0                siscanf
 .text.__sread  0x0000000000004024       0x22 /usr/lib/gcc/arm-none-eabi/5.3.0/../../../../arm-none-eabi/lib/armv7-m/libc_nano.a(lib_a-stdio.o)
                0x0000000000004024                __sread
 .text.__seofread
                0x0000000000004046        0x4 /usr/lib/gcc/arm-none-eabi/5.3.0/../../../../arm-none-eabi/lib/armv7-m/libc_nano.a(lib_a-stdio.o)
                0x0000000000004046                __seofread
 .text.__swrite
                0x000000000000404a       0x38 /usr/lib/gcc/arm-none-eabi/5.3.0/../../../../arm-none-eabi/lib/armv7-m/libc_nano.a(lib_a-stdio.o)
                0x000000000000404a                __swrite
 .text.__sseek  0x0000000000004082       0x24 /usr/lib/gcc/arm-none-eabi/5.3.0/../../../../arm-none-eabi/lib/armv7-m/libc_nano.a(lib_a-stdio.o)
                0x0000000000004082                __sseek
 .text.__sclose
                0x00000000000040a6        0x8 /usr/lib/gcc/arm-none-eabi/5.3.0/../../../../arm-none-eabi/lib/armv7-m/libc_nano.a(lib_a-stdio.o)
                0x00000000000040a6                __sclose
 .text          0x00000000000040ae       0x14 /usr/lib/gcc/arm-none-eabi/5.3.0/../../../../arm-none-eabi/lib/armv7-m/libc_nano.a(lib_a-strcmp.o)
                0x00000000000040ae                strcmp
 .text          0x00000000000040c2       0x10 /usr/lib/gcc/arm-none-eabi/5.3.0/../../../../arm-none-eabi/lib/armv7-m/libc_nano.a(lib_a-strlen.o)
                0x00000000000040c2                strlen
 .text.strncmp  0x00000000000040d2       0x2a /usr/lib/gcc/arm-none-eabi/5.3.0/../../../../arm-none-eabi/lib/armv7-m/libc_nano.a(lib_a-strncmp.o)
                0x00000000000040d2                strncmp
 .text.sulp     0x00000000000040fc       0x42 /usr/lib/gcc/arm-none-eabi/5.3.0/../../../../arm-none-eabi/lib/armv7-m/libc_nano.a(lib_a-strtod.o)
 *fill*         0x000000000000413e        0x2 
 .text._strtod_r
                0x0000000000004140      0xc00 /usr/lib/gcc/arm-none-eabi/5.3.0/../../../../arm-none-eabi/lib/armv7-m/libc_nano.a(lib_a-strtod.o)
                0x0000000000004140                _strtod_r
 .text._strtol_r
                0x0000000000004d40      0x10c /usr/lib/gcc/arm-none-eabi/5.3.0/../../../../arm-none-eabi/lib/armv7-m/libc_nano.a(lib_a-strtol.o)
                0x0000000000004d40                _strtol_r
 .text._strtoul_r
                0x0000000000004e4c       0xfc /usr/lib/gcc/arm-none-eabi/5.3.0/../../../../arm-none-eabi/lib/armv7-m/libc_nano.a(lib_a-strtoul.o)
                0x0000000000004e4c                _strtoul_r
 .text.__submore
                0x0000000000004f48       0x72 /usr/lib/gcc/arm-none-eabi/5.3.0/../../../../arm-none-eabi/lib/armv7-m/libc_nano.a(lib_a-ungetc.o)
                0x0000000000004f48                __submore
 *fill*         0x0000000000004fba        0x2 
 .text.__swbuf_r
                0x0000000000004fbc       0xa8 /usr/lib/gcc/arm-none-eabi/5.3.0/../../../../arm-none-eabi/lib/armv7-m/libc_nano.a(lib_a-wbuf.o)
                0x0000000000004fbc                __swbuf_r
 .text._write_r
                0x0000000000005064       0x24 /usr/lib/gcc/arm-none-eabi/5.3.0/../../../../arm-none-eabi/lib/armv7-m/libc_nano.a(lib_a-writer.o)
                0x0000000000005064                _write_r
 .text.__swsetup_r
                0x0000000000005088       0xd8 /usr/lib/gcc/arm-none-eabi/5.3.0/../../../../arm-none-eabi/lib/armv7-m/libc_nano.a(lib_a-wsetup.o)
                0x0000000000005088                __swsetup_r
 .text.__register_exitproc
                0x0000000000005160       0xc8 /usr/lib/gcc/arm-none-eabi/5.3.0/../../../../arm-none-eabi/lib/armv7-m/libc_nano.a(lib_a-__atexit.o)
                0x0000000000005160                __register_exitproc
 .text.__call_exitprocs
                0x0000000000005228       0xd4 /usr/lib/gcc/arm-none-eabi/5.3.0/../../../../arm-none-eabi/lib/armv7-m/libc_nano.a(lib_a-__call_atexit.o)
                0x0000000000005228                __call_exitprocs
 .text._close_r
                0x00000000000052fc       0x20 /usr/lib/gcc/arm-none-eabi/5.3.0/../../../../arm-none-eabi/lib/armv7-m/libc_nano.a(lib_a-closer.o)
                0x00000000000052fc                _close_r
 .text.quorem   0x000000000000531c      0x116 /usr/lib/gcc/arm-none-eabi/5.3.0/../../../../arm-none-eabi/lib/armv7-m/libc_nano.a(lib_a-dtoa.o)
 *fill*         0x0000000000005432        0x6 
 .text._dtoa_r  0x0000000000005438      0xb30 /usr/lib/gcc/arm-none-eabi/5.3.0/../../../../arm-none-eabi/lib/armv7-m/libc_nano.a(lib_a-dtoa.o)
                0x0000000000005438                _dtoa_r
 .text.__sflags
                0x0000000000005f68       0x6e /usr/lib/gcc/arm-none-eabi/5.3.0/../../../../arm-none-eabi/lib/armv7-m/libc_nano.a(lib_a-flags.o)
                0x0000000000005f68                __sflags
 *fill*         0x0000000000005fd6        0x2 
 .text._fstat_r
                0x0000000000005fd8       0x24 /usr/lib/gcc/arm-none-eabi/5.3.0/../../../../arm-none-eabi/lib/armv7-m/libc_nano.a(lib_a-fstatr.o)
                0x0000000000005fd8                _fstat_r
 .text.rshift   0x0000000000005ffc       0x6c /usr/lib/gcc/arm-none-eabi/5.3.0/../../../../arm-none-eabi/lib/armv7-m/libc_nano.a(lib_a-gdtoa-gethex.o)
 .text.__hexdig_fun
                0x0000000000006068       0x2a /usr/lib/gcc/arm-none-eabi/5.3.0/../../../../arm-none-eabi/lib/armv7-m/libc_nano.a(lib_a-gdtoa-gethex.o)
                0x0000000000006068                __hexdig_fun
 .text.__gethex
                0x0000000000006092      0x43e /usr/lib/gcc/arm-none-eabi/5.3.0/../../../../arm-none-eabi/lib/armv7-m/libc_nano.a(lib_a-gdtoa-gethex.o)
                0x0000000000006092                __gethex
 .text.L_shift  0x00000000000064d0       0x24 /usr/lib/gcc/arm-none-eabi/5.3.0/../../../../arm-none-eabi/lib/armv7-m/libc_nano.a(lib_a-gdtoa-hexnan.o)
 .text.__match  0x00000000000064f4       0x26 /usr/lib/gcc/arm-none-eabi/5.3.0/../../../../arm-none-eabi/lib/armv7-m/libc_nano.a(lib_a-gdtoa-hexnan.o)
                0x00000000000064f4                __match
 .text.__hexnan
                0x000000000000651a      0x11c /usr/lib/gcc/arm-none-eabi/5.3.0/../../../../arm-none-eabi/lib/armv7-m/libc_nano.a(lib_a-gdtoa-hexnan.o)
                0x000000000000651a                __hexnan
 *fill*         0x0000000000006636        0x2 
 .text._isatty_r
                0x0000000000006638       0x20 /usr/lib/gcc/arm-none-eabi/5.3.0/../../../../arm-none-eabi/lib/armv7-m/libc_nano.a(lib_a-isattyr.o)
                0x0000000000006638                _isatty_r
 .text._localeconv_r
                0x0000000000006658        0x8 /usr/lib/gcc/arm-none-eabi/5.3.0/../../../../arm-none-eabi/lib/armv7-m/libc_nano.a(lib_a-locale.o)
                0x0000000000006658                _localeconv_r
 .text._lseek_r
                0x0000000000006660       0x24 /usr/lib/gcc/arm-none-eabi/5.3.0/../../../../arm-none-eabi/lib/armv7-m/libc_nano.a(lib_a-lseekr.o)
                0x0000000000006660                _lseek_r
 .text.memmove  0x0000000000006684       0x36 /usr/lib/gcc/arm-none-eabi/5.3.0/../../../../arm-none-eabi/lib/armv7-m/libc_nano.a(lib_a-memmove.o)
                0x0000000000006684                memmove
 .text._Balloc  0x00000000000066ba       0x6a /usr/lib/gcc/arm-none-eabi/5.3.0/../../../../arm-none-eabi/lib/armv7-m/libc_nano.a(lib_a-mprec.o)
                0x00000000000066ba                _Balloc
 .text._Bfree   0x0000000000006724       0x2e /usr/lib/gcc/arm-none-eabi/5.3.0/../../../../arm-none-eabi/lib/armv7-m/libc_nano.a(lib_a-mprec.o)
                0x0000000000006724                _Bfree
 .text.__multadd
                0x0000000000006752       0x76 /usr/lib/gcc/arm-none-eabi/5.3.0/../../../../arm-none-eabi/lib/armv7-m/libc_nano.a(lib_a-mprec.o)
                0x0000000000006752                __multadd
 .text.__s2b    0x00000000000067c8       0x7c /usr/lib/gcc/arm-none-eabi/5.3.0/../../../../arm-none-eabi/lib/armv7-m/libc_nano.a(lib_a-mprec.o)
                0x00000000000067c8                __s2b
 .text.__hi0bits
                0x0000000000006844       0x40 /usr/lib/gcc/arm-none-eabi/5.3.0/../../../../arm-none-eabi/lib/armv7-m/libc_nano.a(lib_a-mprec.o)
                0x0000000000006844                __hi0bits
 .text.__lo0bits
                0x0000000000006884       0x5a /usr/lib/gcc/arm-none-eabi/5.3.0/../../../../arm-none-eabi/lib/armv7-m/libc_nano.a(lib_a-mprec.o)
                0x0000000000006884                __lo0bits
 .text.__i2b    0x00000000000068de       0x12 /usr/lib/gcc/arm-none-eabi/5.3.0/../../../../arm-none-eabi/lib/armv7-m/libc_nano.a(lib_a-mprec.o)
                0x00000000000068de                __i2b
 .text.__multiply
                0x00000000000068f0      0x120 /usr/lib/gcc/arm-none-eabi/5.3.0/../../../../arm-none-eabi/lib/armv7-m/libc_nano.a(lib_a-mprec.o)
                0x00000000000068f0                __multiply
 .text.__pow5mult
                0x0000000000006a10       0x9c /usr/lib/gcc/arm-none-eabi/5.3.0/../../../../arm-none-eabi/lib/armv7-m/libc_nano.a(lib_a-mprec.o)
                0x0000000000006a10                __pow5mult
 .text.__lshift
                0x0000000000006aac       0xa2 /usr/lib/gcc/arm-none-eabi/5.3.0/../../../../arm-none-eabi/lib/armv7-m/libc_nano.a(lib_a-mprec.o)
                0x0000000000006aac                __lshift
 .text.__mcmp   0x0000000000006b4e       0x38 /usr/lib/gcc/arm-none-eabi/5.3.0/../../../../arm-none-eabi/lib/armv7-m/libc_nano.a(lib_a-mprec.o)
                0x0000000000006b4e                __mcmp
 .text.__mdiff  0x0000000000006b86       0xbe /usr/lib/gcc/arm-none-eabi/5.3.0/../../../../arm-none-eabi/lib/armv7-m/libc_nano.a(lib_a-mprec.o)
                0x0000000000006b86                __mdiff
 .text.__ulp    0x0000000000006c44       0x48 /usr/lib/gcc/arm-none-eabi/5.3.0/../../../../arm-none-eabi/lib/armv7-m/libc_nano.a(lib_a-mprec.o)
                0x0000000000006c44                __ulp
 .text.__b2d    0x0000000000006c8c       0x9a /usr/lib/gcc/arm-none-eabi/5.3.0/../../../../arm-none-eabi/lib/armv7-m/libc_nano.a(lib_a-mprec.o)
                0x0000000000006c8c                __b2d
 .text.__d2b    0x0000000000006d26       0x9c /usr/lib/gcc/arm-none-eabi/5.3.0/../../../../arm-none-eabi/lib/armv7-m/libc_nano.a(lib_a-mprec.o)
                0x0000000000006d26                __d2b
 .text.__ratio  0x0000000000006dc2       0x50 /usr/lib/gcc/arm-none-eabi/5.3.0/../../../../arm-none-eabi/lib/armv7-m/libc_nano.a(lib_a-mprec.o)
                0x0000000000006dc2                __ratio
 .text.__copybits
                0x0000000000006e12       0x34 /usr/lib/gcc/arm-none-eabi/5.3.0/../../../../arm-none-eabi/lib/armv7-m/libc_nano.a(lib_a-mprec.o)
                0x0000000000006e12                __copybits
 .text.__any_on
                0x0000000000006e46       0x44 /usr/lib/gcc/arm-none-eabi/5.3.0/../../../../arm-none-eabi/lib/armv7-m/libc_nano.a(lib_a-mprec.o)
                0x0000000000006e46                __any_on
 .text._calloc_r
                0x0000000000006e8a       0x1c /usr/lib/gcc/arm-none-eabi/5.3.0/../../../../arm-none-eabi/lib/armv7-m/libc_nano.a(lib_a-nano-callocr.o)
                0x0000000000006e8a                _calloc_r
 .text._realloc_r
                0x0000000000006ea6       0x4c /usr/lib/gcc/arm-none-eabi/5.3.0/../../../../arm-none-eabi/lib/armv7-m/libc_nano.a(lib_a-nano-reallocr.o)
                0x0000000000006ea6                _realloc_r
 .text.__ssputs_r
                0x0000000000006ef2       0xb2 /usr/lib/gcc/arm-none-eabi/5.3.0/../../../../arm-none-eabi/lib/armv7-m/libc_nano.a(lib_a-nano-svfprintf.o)
                0x0000000000006ef2                __ssputs_r
 .text._svfprintf_r
                0x0000000000006fa4      0x1e8 /usr/lib/gcc/arm-none-eabi/5.3.0/../../../../arm-none-eabi/lib/armv7-m/libc_nano.a(lib_a-nano-svfprintf.o)
                0x0000000000006fa4                _svfprintf_r
                0x0000000000006fa4                _svfiprintf_r
 .text._sungetc_r
                0x000000000000718c       0x7c /usr/lib/gcc/arm-none-eabi/5.3.0/../../../../arm-none-eabi/lib/armv7-m/libc_nano.a(lib_a-nano-svfscanf.o)
                0x000000000000718c                _sungetc_r
 .text.__ssrefill_r
                0x0000000000007208       0x3a /usr/lib/gcc/arm-none-eabi/5.3.0/../../../../arm-none-eabi/lib/armv7-m/libc_nano.a(lib_a-nano-svfscanf.o)
                0x0000000000007208                __ssrefill_r
 *fill*         0x0000000000007242        0x2 
 .text.__ssvfscanf_r
                0x0000000000007244      0x2a8 /usr/lib/gcc/arm-none-eabi/5.3.0/../../../../arm-none-eabi/lib/armv7-m/libc_nano.a(lib_a-nano-svfscanf.o)
                0x0000000000007244                __ssvfscanf_r
                0x0000000000007244                __ssvfiscanf_r
 .text._read_r  0x00000000000074ec       0x24 /usr/lib/gcc/arm-none-eabi/5.3.0/../../../../arm-none-eabi/lib/armv7-m/libc_nano.a(lib_a-readr.o)
                0x00000000000074ec                _read_r
 .text._malloc_usable_size_r
                0x0000000000007510       0x14 /usr/lib/gcc/arm-none-eabi/5.3.0/../../../../arm-none-eabi/lib/armv7-m/libc_nano.a(lib_a-nano-msizer.o)
                0x0000000000007510                _malloc_usable_size_r
 .text          0x0000000000007524      0x370 /usr/lib/gcc/arm-none-eabi/5.3.0/armv7-m/libgcc.a(_arm_addsubdf3.o)
                0x0000000000007524                __aeabi_drsub
                0x000000000000752c                __aeabi_dsub
                0x000000000000752c                __subdf3
                0x0000000000007530                __adddf3
                0x0000000000007530                __aeabi_dadd
                0x00000000000077a8                __aeabi_ui2d
                0x00000000000077a8                __floatunsidf
                0x00000000000077c8                __floatsidf
                0x00000000000077c8                __aeabi_i2d
                0x00000000000077ec                __extendsfdf2
                0x00000000000077ec                __aeabi_f2d
                0x0000000000007828                __aeabi_ul2d
                0x0000000000007828                __floatundidf
                0x0000000000007838                __floatdidf
                0x0000000000007838                __aeabi_l2d
 .text          0x0000000000007894      0x424 /usr/lib/gcc/arm-none-eabi/5.3.0/armv7-m/libgcc.a(_arm_muldivdf3.o)
                0x0000000000007894                __aeabi_dmul
                0x0000000000007894                __muldf3
                0x0000000000007ae8                __aeabi_ddiv
                0x0000000000007ae8                __divdf3
 .text          0x0000000000007cb8      0x110 /usr/lib/gcc/arm-none-eabi/5.3.0/armv7-m/libgcc.a(_arm_cmpdf2.o)
                0x0000000000007cb8                __gtdf2
                0x0000000000007cb8                __gedf2
                0x0000000000007cc0                __ltdf2
                0x0000000000007cc0                __ledf2
                0x0000000000007cc8                __cmpdf2
                0x0000000000007cc8                __eqdf2
                0x0000000000007cc8                __nedf2
                0x0000000000007d44                __aeabi_cdrcmple
                0x0000000000007d54                __aeabi_cdcmple
                0x0000000000007d54                __aeabi_cdcmpeq
                0x0000000000007d64                __aeabi_dcmpeq
                0x0000000000007d78                __aeabi_dcmplt
                0x0000000000007d8c                __aeabi_dcmple
                0x0000000000007da0                __aeabi_dcmpge
                0x0000000000007db4                __aeabi_dcmpgt
 .text          0x0000000000007dc8       0x2c /usr/lib/gcc/arm-none-eabi/5.3.0/armv7-m/libgcc.a(_arm_unorddf2.o)
                0x0000000000007dc8                __aeabi_dcmpun
                0x0000000000007dc8                __unorddf2
 .text          0x0000000000007df4       0x50 /usr/lib/gcc/arm-none-eabi/5.3.0/armv7-m/libgcc.a(_arm_fixdfsi.o)
                0x0000000000007df4                __fixdfsi
                0x0000000000007df4                __aeabi_d2iz
 .text          0x0000000000007e44       0x40 /usr/lib/gcc/arm-none-eabi/5.3.0/armv7-m/libgcc.a(_arm_fixunsdfsi.o)
                0x0000000000007e44                __fixunsdfsi
                0x0000000000007e44                __aeabi_d2uiz
 .text          0x0000000000007e84       0xa0 /usr/lib/gcc/arm-none-eabi/5.3.0/armv7-m/libgcc.a(_arm_truncdfsf2.o)
                0x0000000000007e84                __aeabi_d2f
                0x0000000000007e84                __truncdfsf2
 .text          0x0000000000007f24      0x21c /usr/lib/gcc/arm-none-eabi/5.3.0/armv7-m/libgcc.a(_arm_addsubsf3.o)
                0x0000000000007f24                __aeabi_frsub
                0x0000000000007f2c                __subsf3
                0x0000000000007f2c                __aeabi_fsub
                0x0000000000007f30                __aeabi_fadd
                0x0000000000007f30                __addsf3
                0x0000000000008090                __aeabi_ui2f
                0x0000000000008090                __floatunsisf
                0x0000000000008098                __aeabi_i2f
                0x0000000000008098                __floatsisf
                0x00000000000080b4                __floatundisf
                0x00000000000080b4                __aeabi_ul2f
                0x00000000000080c4                __floatdisf
                0x00000000000080c4                __aeabi_l2f
 .text          0x0000000000008140      0x2a0 /usr/lib/gcc/arm-none-eabi/5.3.0/armv7-m/libgcc.a(_arm_muldivsf3.o)
                0x0000000000008140                __mulsf3
                0x0000000000008140                __aeabi_fmul
                0x00000000000082a8                __divsf3
                0x00000000000082a8                __aeabi_fdiv
 .text          0x00000000000083e0       0xec /usr/lib/gcc/arm-none-eabi/5.3.0/armv7-m/libgcc.a(_arm_cmpsf2.o)
                0x00000000000083e0                __gtsf2
                0x00000000000083e0                __gesf2
                0x00000000000083e8                __lesf2
                0x00000000000083e8                __ltsf2
                0x00000000000083f0                __nesf2
                0x00000000000083f0                __eqsf2
                0x00000000000083f0                __cmpsf2
                0x0000000000008450                __aeabi_cfrcmple
                0x0000000000008458                __aeabi_cfcmple
                0x0000000000008458                __aeabi_cfcmpeq
                0x0000000000008468                __aeabi_fcmpeq
                0x000000000000847c                __aeabi_fcmplt
                0x0000000000008490                __aeabi_fcmple
                0x00000000000084a4                __aeabi_fcmpge
                0x00000000000084b8                __aeabi_fcmpgt
 .text          0x00000000000084cc       0x4c /usr/lib/gcc/arm-none-eabi/5.3.0/armv7-m/libgcc.a(_arm_fixsfsi.o)
                0x00000000000084cc                __fixsfsi
                0x00000000000084cc                __aeabi_f2iz
 .text          0x0000000000008518       0x40 /usr/lib/gcc/arm-none-eabi/5.3.0/armv7-m/libgcc.a(_arm_fixunssfsi.o)
                0x0000000000008518                __aeabi_f2uiz
                0x0000000000008518                __fixunssfsi
 *(.init)
 .init          0x0000000000008558        0x4 /usr/lib/gcc/arm-none-eabi/5.3.0/armv7-m/crti.o
                0x0000000000008558                _init
 .init          0x000000000000855c        0x8 /usr/lib/gcc/arm-none-eabi/5.3.0/armv7-m/crtn.o
 *(.fini)
 .fini          0x0000000000008564        0x4 /usr/lib/gcc/arm-none-eabi/5.3.0/armv7-m/crti.o
                0x0000000000008564                _fini
 .fini          0x0000000000008568        0x8 /usr/lib/gcc/arm-none-eabi/5.3.0/armv7-m/crtn.o
 *crtbegin.o(.ctors)
 *crtbegin?.o(.ctors)
 *(EXCLUDE_FILE(*crtend.o *crtend?.o) .ctors)
 *(SORT(.ctors.*))
 *(.ctors)
 *crtbegin.o(.dtors)
 *crtbegin?.o(.dtors)
 *(EXCLUDE_FILE(*crtend.o *crtend?.o) .dtors)
 *(SORT(.dtors.*))
 *(.dtors)
 *(.rodata*)
 .rodata.str1.1
                0x0000000000008570       0xaf main.o
 *fill*         0x000000000000861f        0x1 
 .rodata.str1.4
                0x0000000000008620       0x85 mbed/TARGET_LPC1768/TOOLCHAIN_GCC_ARM/board.o
 *fill*         0x00000000000086a5        0x3 
 .rodata.__stdin_name
                0x00000000000086a8        0x7 mbed/TARGET_LPC1768/TOOLCHAIN_GCC_ARM/retarget.o
                0x00000000000086a8                __stdin_name
 *fill*         0x00000000000086af        0x1 
 .rodata.__stderr_name
                0x00000000000086b0        0x8 mbed/TARGET_LPC1768/TOOLCHAIN_GCC_ARM/retarget.o
                0x00000000000086b0                __stderr_name
 .rodata.__stdout_name
                0x00000000000086b8        0x8 mbed/TARGET_LPC1768/TOOLCHAIN_GCC_ARM/retarget.o
                0x00000000000086b8                __stdout_name
 .rodata._ZTVN4mbed10FileHandleE
                0x00000000000086c0       0x2c mbed/TARGET_LPC1768/TOOLCHAIN_GCC_ARM/retarget.o
                0x00000000000086c0                vtable for mbed::FileHandle
 .rodata.str1.4
                0x00000000000086ec        0xe mbed/TARGET_LPC1768/TOOLCHAIN_GCC_ARM/retarget.o
 .rodata.str1.1
                0x00000000000086fa       0x5a jtwBNO055/AdaBNO055.o
 .rodata.PinMap_PWM
                0x0000000000008754       0xb4 ./mbed/TARGET_LPC1768/TOOLCHAIN_GCC_ARM/libmbed.a(pwmout_api.o)
 .rodata.str1.4
                0x0000000000008808       0x75 ./mbed/TARGET_LPC1768/TOOLCHAIN_GCC_ARM/libmbed.a(pwmout_api.o)
 *fill*         0x000000000000887d        0x3 
 .rodata.PinMap_UART_RTS
                0x0000000000008880       0x24 ./mbed/TARGET_LPC1768/TOOLCHAIN_GCC_ARM/libmbed.a(serial_api.o)
 .rodata.CSWTCH.24
                0x00000000000088a4       0x10 ./mbed/TARGET_LPC1768/TOOLCHAIN_GCC_ARM/libmbed.a(serial_api.o)
 .rodata.PinMap_UART_RX
                0x00000000000088b4       0x6c ./mbed/TARGET_LPC1768/TOOLCHAIN_GCC_ARM/libmbed.a(serial_api.o)
 .rodata.str1.4
                0x0000000000008920      0x160 ./mbed/TARGET_LPC1768/TOOLCHAIN_GCC_ARM/libmbed.a(serial_api.o)
 .rodata.PinMap_UART_TX
                0x0000000000008a80       0x6c ./mbed/TARGET_LPC1768/TOOLCHAIN_GCC_ARM/libmbed.a(serial_api.o)
 .rodata.PinMap_UART_CTS
                0x0000000000008aec       0x24 ./mbed/TARGET_LPC1768/TOOLCHAIN_GCC_ARM/libmbed.a(serial_api.o)
 .rodata._ZTVN4mbed6SerialE
                0x0000000000008b10       0x5c ./mbed/TARGET_LPC1768/TOOLCHAIN_GCC_ARM/libmbed.a(Serial.o)
                0x0000000000008b10                vtable for mbed::Serial
 *fill*         0x0000000000008b6c        0x4 
 .rodata._ZTVN4mbed10SerialBaseE
                0x0000000000008b70       0x10 ./mbed/TARGET_LPC1768/TOOLCHAIN_GCC_ARM/libmbed.a(SerialBase.o)
                0x0000000000008b70                vtable for mbed::SerialBase
 .rodata._ZTVN4mbed6StreamE
                0x0000000000008b80       0x44 ./mbed/TARGET_LPC1768/TOOLCHAIN_GCC_ARM/libmbed.a(Stream.o)
                0x0000000000008b80                vtable for mbed::Stream
 .rodata.str1.4
                0x0000000000008bc4        0x3 ./mbed/TARGET_LPC1768/TOOLCHAIN_GCC_ARM/libmbed.a(Stream.o)
                                          0x7 (size before relaxing)
 *fill*         0x0000000000008bc7        0x1 
 .rodata.str1.4
                0x0000000000008bc8       0x31 ./mbed/TARGET_LPC1768/TOOLCHAIN_GCC_ARM/libmbed.a(assert.o)
 .rodata.str1.4
                0x0000000000008bf9       0x85 ./mbed/TARGET_LPC1768/TOOLCHAIN_GCC_ARM/libmbed.a(gpio.o)
 *fill*         0x0000000000008bf9        0x3 
 .rodata.str1.4
                0x0000000000008bfc       0x66 ./mbed/TARGET_LPC1768/TOOLCHAIN_GCC_ARM/libmbed.a(pinmap_common.o)
 *fill*         0x0000000000008c62        0x2 
 .rodata.str1.4
                0x0000000000008c64       0x73 ./mbed/TARGET_LPC1768/TOOLCHAIN_GCC_ARM/libmbed.a(gpio_api.o)
                                         0x8c (size before relaxing)
 *fill*         0x0000000000008cd7        0x1 
 .rodata.str1.4
                0x0000000000008cd8       0x5d ./mbed/TARGET_LPC1768/TOOLCHAIN_GCC_ARM/libmbed.a(pinmap.o)
                                         0x71 (size before relaxing)
 *fill*         0x0000000000008d35        0x3 
 .rodata.PinMap_I2C_SDA
                0x0000000000008d38       0x3c ./mbed/TARGET_LPC1768/TOOLCHAIN_GCC_ARM/libmbed.a(i2c_api.o)
 .rodata.str1.4
                0x0000000000008d74       0x74 ./mbed/TARGET_LPC1768/TOOLCHAIN_GCC_ARM/libmbed.a(i2c_api.o)
                                         0x72 (size before relaxing)
 .rodata.PinMap_I2C_SCL
                0x0000000000008de8       0x3c ./mbed/TARGET_LPC1768/TOOLCHAIN_GCC_ARM/libmbed.a(i2c_api.o)
 *fill*         0x0000000000008e24        0x4 
 .rodata._ZTVN4mbed8FileBaseE
                0x0000000000008e28       0x10 ./mbed/TARGET_LPC1768/TOOLCHAIN_GCC_ARM/libmbed.a(FileBase.o)
                0x0000000000008e28                vtable for mbed::FileBase
 .rodata._ZTVN4mbed8FileLikeE
                0x0000000000008e38       0x3c ./mbed/TARGET_LPC1768/TOOLCHAIN_GCC_ARM/libmbed.a(FileLike.o)
                0x0000000000008e38                vtable for mbed::FileLike
 .rodata.us_interface
                0x0000000000008e74       0x14 ./mbed/TARGET_LPC1768/TOOLCHAIN_GCC_ARM/libmbed.a(us_ticker_api.o)
 .rodata.us_data
                0x0000000000008e88        0x8 ./mbed/TARGET_LPC1768/TOOLCHAIN_GCC_ARM/libmbed.a(us_ticker_api.o)
 .rodata.__sf_fake_stdin
                0x0000000000008e90       0x20 /usr/lib/gcc/arm-none-eabi/5.3.0/../../../../arm-none-eabi/lib/armv7-m/libc_nano.a(lib_a-findfp.o)
                0x0000000000008e90                __sf_fake_stdin
 .rodata.__sf_fake_stdout
                0x0000000000008eb0       0x20 /usr/lib/gcc/arm-none-eabi/5.3.0/../../../../arm-none-eabi/lib/armv7-m/libc_nano.a(lib_a-findfp.o)
                0x0000000000008eb0                __sf_fake_stdout
 .rodata.__sf_fake_stderr
                0x0000000000008ed0       0x20 /usr/lib/gcc/arm-none-eabi/5.3.0/../../../../arm-none-eabi/lib/armv7-m/libc_nano.a(lib_a-findfp.o)
                0x0000000000008ed0                __sf_fake_stderr
 .rodata.str1.1
                0x0000000000008ef0        0x2 /usr/lib/gcc/arm-none-eabi/5.3.0/../../../../arm-none-eabi/lib/armv7-m/libc_nano.a(lib_a-impure.o)
 *fill*         0x0000000000008ef2        0x2 
 .rodata._global_impure_ptr
                0x0000000000008ef4        0x4 /usr/lib/gcc/arm-none-eabi/5.3.0/../../../../arm-none-eabi/lib/armv7-m/libc_nano.a(lib_a-impure.o)
                0x0000000000008ef4                _global_impure_ptr
 .rodata.str1.1
                0x0000000000008ef8       0x11 /usr/lib/gcc/arm-none-eabi/5.3.0/../../../../arm-none-eabi/lib/armv7-m/libc_nano.a(lib_a-nano-vfprintf.o)
 .rodata.str1.1
                0x0000000000008f09       0x10 /usr/lib/gcc/arm-none-eabi/5.3.0/../../../../arm-none-eabi/lib/armv7-m/libc_nano.a(lib_a-nano-vfprintf_float.o)
                                         0x12 (size before relaxing)
 .rodata.str1.1
                0x0000000000008f19       0x22 /usr/lib/gcc/arm-none-eabi/5.3.0/../../../../arm-none-eabi/lib/armv7-m/libc_nano.a(lib_a-nano-vfprintf_i.o)
 .rodata.str1.1
                0x0000000000008f3b        0x5 /usr/lib/gcc/arm-none-eabi/5.3.0/../../../../arm-none-eabi/lib/armv7-m/libc_nano.a(lib_a-nano-vfscanf_float.o)
 .rodata        0x0000000000008f40        0xc /usr/lib/gcc/arm-none-eabi/5.3.0/../../../../arm-none-eabi/lib/armv7-m/libc_nano.a(lib_a-nano-vfscanf_i.o)
 .rodata.str1.1
                0x0000000000008f4c       0x1b /usr/lib/gcc/arm-none-eabi/5.3.0/../../../../arm-none-eabi/lib/armv7-m/libc_nano.a(lib_a-nano-vfscanf_i.o)
 *fill*         0x0000000000008f67        0x1 
 .rodata.__on_exit_args
                0x0000000000008f68        0x4 /usr/lib/gcc/arm-none-eabi/5.3.0/../../../../arm-none-eabi/lib/armv7-m/libc_nano.a(lib_a-on_exit_args.o)
                0x0000000000008f68                __on_exit_args
 .rodata.fpi.5342
                0x0000000000008f6c       0x14 /usr/lib/gcc/arm-none-eabi/5.3.0/../../../../arm-none-eabi/lib/armv7-m/libc_nano.a(lib_a-strtod.o)
 .rodata.str1.1
                0x0000000000008f80       0x1b /usr/lib/gcc/arm-none-eabi/5.3.0/../../../../arm-none-eabi/lib/armv7-m/libc_nano.a(lib_a-strtod.o)
                                          0xc (size before relaxing)
 .rodata.fpinan.5378
                0x0000000000008f80       0x14 /usr/lib/gcc/arm-none-eabi/5.3.0/../../../../arm-none-eabi/lib/armv7-m/libc_nano.a(lib_a-strtod.o)
 *fill*         0x0000000000008f94        0x4 
 .rodata.tinytens
                0x0000000000008f98       0x28 /usr/lib/gcc/arm-none-eabi/5.3.0/../../../../arm-none-eabi/lib/armv7-m/libc_nano.a(lib_a-strtod.o)
 .rodata._ctype_
                0x0000000000008fc0      0x101 /usr/lib/gcc/arm-none-eabi/5.3.0/../../../../arm-none-eabi/lib/armv7-m/libc_nano.a(lib_a-ctype_.o)
                0x0000000000008fc0                _ctype_
 .rodata.str1.1
                0x00000000000090c1        0xd /usr/lib/gcc/arm-none-eabi/5.3.0/../../../../arm-none-eabi/lib/armv7-m/libc_nano.a(lib_a-dtoa.o)
                                          0xf (size before relaxing)
 .rodata.str1.1
                0x00000000000090ce        0x8 /usr/lib/gcc/arm-none-eabi/5.3.0/../../../../arm-none-eabi/lib/armv7-m/libc_nano.a(lib_a-locale.o)
                                          0xb (size before relaxing)
 *fill*         0x00000000000090d6        0x2 
 .rodata.__mprec_tens
                0x00000000000090d8       0xc8 /usr/lib/gcc/arm-none-eabi/5.3.0/../../../../arm-none-eabi/lib/armv7-m/libc_nano.a(lib_a-mprec.o)
                0x00000000000090d8                __mprec_tens
 .rodata.__mprec_bigtens
                0x00000000000091a0       0x28 /usr/lib/gcc/arm-none-eabi/5.3.0/../../../../arm-none-eabi/lib/armv7-m/libc_nano.a(lib_a-mprec.o)
                0x00000000000091a0                __mprec_bigtens
 .rodata.p05.5385
                0x00000000000091c8        0xc /usr/lib/gcc/arm-none-eabi/5.3.0/../../../../arm-none-eabi/lib/armv7-m/libc_nano.a(lib_a-mprec.o)
 .rodata.str1.1
                0x00000000000091d4       0x11 /usr/lib/gcc/arm-none-eabi/5.3.0/../../../../arm-none-eabi/lib/armv7-m/libc_nano.a(lib_a-nano-svfprintf.o)
 .rodata.str1.1
                0x00000000000091d4        0x4 /usr/lib/gcc/arm-none-eabi/5.3.0/../../../../arm-none-eabi/lib/armv7-m/libc_nano.a(lib_a-nano-svfscanf.o)
 *(.eh_frame*)
 .eh_frame      0x00000000000091d4        0x0 /usr/lib/gcc/arm-none-eabi/5.3.0/armv7-m/crtbegin.o
 .eh_frame      0x00000000000091d4        0x4 /usr/lib/gcc/arm-none-eabi/5.3.0/armv7-m/crtend.o

.glue_7         0x00000000000091d8        0x0
 .glue_7        0x00000000000091d8        0x0 linker stubs

.glue_7t        0x00000000000091d8        0x0
 .glue_7t       0x00000000000091d8        0x0 linker stubs

.vfp11_veneer   0x00000000000091d8        0x0
 .vfp11_veneer  0x00000000000091d8        0x0 linker stubs

.v4_bx          0x00000000000091d8        0x0
 .v4_bx         0x00000000000091d8        0x0 linker stubs

.iplt           0x00000000000091d8        0x0
 .iplt          0x00000000000091d8        0x0 /usr/lib/gcc/arm-none-eabi/5.3.0/armv7-m/crtbegin.o

.ARM.extab
 *(.ARM.extab* .gnu.linkonce.armextab.*)
                0x00000000000091d8                __exidx_start = .

.ARM.exidx      0x00000000000091d8        0x8
 *(.ARM.exidx* .gnu.linkonce.armexidx.*)
 .ARM.exidx     0x00000000000091d8        0x8 /usr/lib/gcc/arm-none-eabi/5.3.0/../../../../arm-none-eabi/lib/armv7-m/crt0.o
                0x00000000000091e0                __exidx_end = .
                0x00000000000091e0                __etext = .

.rel.dyn        0x00000000000091e0        0x0
 .rel.iplt      0x00000000000091e0        0x0 /usr/lib/gcc/arm-none-eabi/5.3.0/armv7-m/crtbegin.o

.data           0x00000000100000c8       0xd4 load address 0x00000000000091e0
                0x00000000100000c8                __data_start__ = .
                0x00000000100000c8                Image$$RW_IRAM1$$Base = .
 *(vtable)
 *(.data*)
 .data.__dso_handle
                0x00000000100000c8        0x4 /usr/lib/gcc/arm-none-eabi/5.3.0/armv7-m/crtbegin.o
                0x00000000100000c8                __dso_handle
 .data._ZZ5_sbrkE4heap
                0x00000000100000cc        0x4 mbed/TARGET_LPC1768/TOOLCHAIN_GCC_ARM/retarget.o
 .data.SystemCoreClock
                0x00000000100000d0        0x4 mbed/TARGET_LPC1768/TOOLCHAIN_GCC_ARM/system_LPC17xx.o
                0x00000000100000d0                SystemCoreClock
 .data.PWM_MATCH
                0x00000000100000d4       0x1c ./mbed/TARGET_LPC1768/TOOLCHAIN_GCC_ARM/libmbed.a(pwmout_api.o)
                0x00000000100000d4                PWM_MATCH
 .data.impure_data
                0x00000000100000f0       0x60 /usr/lib/gcc/arm-none-eabi/5.3.0/../../../../arm-none-eabi/lib/armv7-m/libc_nano.a(lib_a-impure.o)
 .data._impure_ptr
                0x0000000010000150        0x4 /usr/lib/gcc/arm-none-eabi/5.3.0/../../../../arm-none-eabi/lib/armv7-m/libc_nano.a(lib_a-impure.o)
                0x0000000010000150                _impure_ptr
 .data.__ctype_ptr__
                0x0000000010000154        0x4 /usr/lib/gcc/arm-none-eabi/5.3.0/../../../../arm-none-eabi/lib/armv7-m/libc_nano.a(lib_a-ctype_.o)
                0x0000000010000154                __ctype_ptr__
 .data.lconv    0x0000000010000158       0x38 /usr/lib/gcc/arm-none-eabi/5.3.0/../../../../arm-none-eabi/lib/armv7-m/libc_nano.a(lib_a-locale.o)
                0x0000000010000190                . = ALIGN (0x4)
                0x0000000010000190                PROVIDE (__preinit_array_start, .)
 *(.preinit_array)
                0x0000000010000190                PROVIDE (__preinit_array_end, .)
                0x0000000010000190                . = ALIGN (0x4)
                0x0000000010000190                PROVIDE (__init_array_start, .)
 *(SORT(.init_array.*))
 *(.init_array)
 .init_array    0x0000000010000190        0x4 /usr/lib/gcc/arm-none-eabi/5.3.0/armv7-m/crtbegin.o
 .init_array    0x0000000010000194        0x4 main.o
                0x0000000010000198                PROVIDE (__init_array_end, .)
                0x0000000010000198                . = ALIGN (0x4)
                0x0000000010000198                PROVIDE (__fini_array_start, .)
 *(SORT(.fini_array.*))
 *(.fini_array)
 .fini_array    0x0000000010000198        0x4 /usr/lib/gcc/arm-none-eabi/5.3.0/armv7-m/crtbegin.o
                0x000000001000019c                PROVIDE (__fini_array_end, .)
                0x000000001000019c                . = ALIGN (0x4)
                0x000000001000019c                __data_end__ = .

.jcr            0x000000001000019c        0x0 load address 0x00000000000092b4
 .jcr           0x000000001000019c        0x0 /usr/lib/gcc/arm-none-eabi/5.3.0/armv7-m/crtbegin.o

.igot.plt       0x000000001000019c        0x0 load address 0x00000000000092b4
 .igot.plt      0x000000001000019c        0x0 /usr/lib/gcc/arm-none-eabi/5.3.0/armv7-m/crtbegin.o

.bss            0x000000001000019c      0x478 load address 0x00000000000092b4
                0x000000001000019c                __bss_start__ = .
 *(.bss*)
 .bss.completed.8361
                0x000000001000019c        0x1 /usr/lib/gcc/arm-none-eabi/5.3.0/armv7-m/crtbegin.o
 *fill*         0x000000001000019d        0x3 
 .bss.object.8366
                0x00000000100001a0       0x18 /usr/lib/gcc/arm-none-eabi/5.3.0/armv7-m/crtbegin.o
 .bss.pitch     0x00000000100001b8        0x8 main.o
                0x00000000100001b8                pitch
 .bss.pc        0x00000000100001c0       0x58 main.o
                0x00000000100001c0                pc
 .bss.powerIMU  0x0000000010000218       0x18 main.o
                0x0000000010000218                powerIMU
 .bss.imu       0x0000000010000230       0x20 main.o
                0x0000000010000230                imu
 .bss.yaw       0x0000000010000250        0x8 main.o
                0x0000000010000250                yaw
 .bss.roll      0x0000000010000258        0x8 main.o
                0x0000000010000258                roll
 .bss.calibrationLevel
                0x0000000010000260        0x8 main.o
                0x0000000010000260                calibrationLevel
 .bss._ZL11filehandles
                0x0000000010000268      0x100 mbed/TARGET_LPC1768/TOOLCHAIN_GCC_ARM/retarget.o
 .bss.pwm_clock_mhz
                0x0000000010000368        0x4 ./mbed/TARGET_LPC1768/TOOLCHAIN_GCC_ARM/libmbed.a(pwmout_api.o)
 .bss.stdio_uart_inited
                0x000000001000036c        0x4 ./mbed/TARGET_LPC1768/TOOLCHAIN_GCC_ARM/libmbed.a(serial_api.o)
                0x000000001000036c                stdio_uart_inited
 .bss.irq_handler
                0x0000000010000370        0x4 ./mbed/TARGET_LPC1768/TOOLCHAIN_GCC_ARM/libmbed.a(serial_api.o)
 .bss.uart_data
                0x0000000010000374       0xe0 ./mbed/TARGET_LPC1768/TOOLCHAIN_GCC_ARM/libmbed.a(serial_api.o)
 .bss._ZN4mbed3I2C6_ownerE
                0x0000000010000454        0x4 ./mbed/TARGET_LPC1768/TOOLCHAIN_GCC_ARM/libmbed.a(I2C.o)
                0x0000000010000454                mbed::I2C::_owner
 .bss.us_ticker_inited
                0x0000000010000458        0x4 ./mbed/TARGET_LPC1768/TOOLCHAIN_GCC_ARM/libmbed.a(us_ticker.o)
                0x0000000010000458                us_ticker_inited
 .bss._ZN4mbed8FileBase5_headE
                0x000000001000045c        0x4 ./mbed/TARGET_LPC1768/TOOLCHAIN_GCC_ARM/libmbed.a(FileBase.o)
                0x000000001000045c                mbed::FileBase::_head
 .bss.events    0x0000000010000460        0x8 ./mbed/TARGET_LPC1768/TOOLCHAIN_GCC_ARM/libmbed.a(us_ticker_api.o)
 .bss.__malloc_sbrk_start
                0x0000000010000468        0x4 /usr/lib/gcc/arm-none-eabi/5.3.0/../../../../arm-none-eabi/lib/armv7-m/libc_nano.a(lib_a-nano-mallocr.o)
                0x0000000010000468                __malloc_sbrk_start
 .bss.__malloc_free_list
                0x000000001000046c        0x4 /usr/lib/gcc/arm-none-eabi/5.3.0/../../../../arm-none-eabi/lib/armv7-m/libc_nano.a(lib_a-nano-mallocr.o)
                0x000000001000046c                __malloc_free_list
 .bss._on_exit_args_instance
                0x0000000010000470      0x108 /usr/lib/gcc/arm-none-eabi/5.3.0/../../../../arm-none-eabi/lib/armv7-m/libc_nano.a(lib_a-on_exit_args.o)
 .bss._global_atexit0
                0x0000000010000578       0x8c /usr/lib/gcc/arm-none-eabi/5.3.0/../../../../arm-none-eabi/lib/armv7-m/libc_nano.a(lib_a-__atexit.o)
 .bss._global_atexit
                0x0000000010000604        0x4 /usr/lib/gcc/arm-none-eabi/5.3.0/../../../../arm-none-eabi/lib/armv7-m/libc_nano.a(lib_a-__call_atexit.o)
                0x0000000010000604                _global_atexit
 *(COMMON)
 COMMON         0x0000000010000608        0x8 ./mbed/TARGET_LPC1768/TOOLCHAIN_GCC_ARM/libmbed.a(serial_api.o)
                0x0000000010000608                stdio_uart
 COMMON         0x0000000010000610        0x4 /usr/lib/gcc/arm-none-eabi/5.3.0/../../../../arm-none-eabi/lib/armv7-m/libc_nano.a(lib_a-reent.o)
                0x0000000010000610                errno
                0x0000000010000614                __bss_end__ = .
                0x0000000010000614                Image$$RW_IRAM1$$ZI$$Limit = .

.heap           0x0000000010000618      0x800
                0x0000000010000618                __end__ = .
                0x0000000010000618                end = __end__
 *(.heap*)
 .heap          0x0000000010000618      0x800 mbed/TARGET_LPC1768/TOOLCHAIN_GCC_ARM/startup_LPC17xx.o
                0x0000000010000618                __HeapBase
                0x0000000010000e18                __HeapLimit = .

.stack_dummy    0x0000000010000618      0xc00
 *(.stack)
 .stack         0x0000000010000618      0xc00 mbed/TARGET_LPC1768/TOOLCHAIN_GCC_ARM/startup_LPC17xx.o
                0x0000000010008000                __StackTop = (ORIGIN (RAM) + LENGTH (RAM))
                0x0000000010007400                __StackLimit = (__StackTop - SIZEOF (.stack_dummy))
                0x0000000010008000                PROVIDE (__stack, __StackTop)
                0x0000000000000001                ASSERT ((__StackLimit >= __HeapLimit), region RAM overflowed with stack)

.AHBSRAM0       0x000000002007c000        0x0
                0x000000002007c000                Image$$RW_IRAM2$$Base = .
 *(AHBSRAM0)
                0x000000002007c000                Image$$RW_IRAM2$$ZI$$Limit = .

.AHBSRAM1       0x0000000020080000        0x0
                0x0000000020080000                Image$$RW_IRAM3$$Base = .
 *(AHBSRAM1)
                0x0000000020080000                Image$$RW_IRAM3$$ZI$$Limit = .
OUTPUT(IMU_TEST.elf elf32-littlearm)

.ARM.attributes
                0x0000000000000000       0x29
 .ARM.attributes
                0x0000000000000000       0x1d /usr/lib/gcc/arm-none-eabi/5.3.0/armv7-m/crti.o
 .ARM.attributes
                0x000000000000001d       0x2d /usr/lib/gcc/arm-none-eabi/5.3.0/armv7-m/crtbegin.o
 .ARM.attributes
                0x000000000000004a       0x1b /usr/lib/gcc/arm-none-eabi/5.3.0/../../../../arm-none-eabi/lib/armv7-m/crt0.o
 .ARM.attributes
                0x0000000000000065       0x33 main.o
 .ARM.attributes
                0x0000000000000098       0x33 mbed/TARGET_LPC1768/TOOLCHAIN_GCC_ARM/board.o
 .ARM.attributes
                0x00000000000000cb       0x33 mbed/TARGET_LPC1768/TOOLCHAIN_GCC_ARM/cmsis_nvic.o
 .ARM.attributes
                0x00000000000000fe       0x33 mbed/TARGET_LPC1768/TOOLCHAIN_GCC_ARM/retarget.o
 .ARM.attributes
                0x0000000000000131       0x1b mbed/TARGET_LPC1768/TOOLCHAIN_GCC_ARM/startup_LPC17xx.o
 .ARM.attributes
                0x000000000000014c       0x33 mbed/TARGET_LPC1768/TOOLCHAIN_GCC_ARM/system_LPC17xx.o
 .ARM.attributes
                0x000000000000017f       0x33 jtwBNO055/AdaBNO055.o
 .ARM.attributes
                0x00000000000001b2       0x33 ./mbed/TARGET_LPC1768/TOOLCHAIN_GCC_ARM/libmbed.a(pwmout_api.o)
 .ARM.attributes
                0x00000000000001e5       0x33 ./mbed/TARGET_LPC1768/TOOLCHAIN_GCC_ARM/libmbed.a(serial_api.o)
 .ARM.attributes
                0x0000000000000218       0x33 ./mbed/TARGET_LPC1768/TOOLCHAIN_GCC_ARM/libmbed.a(FilePath.o)
 .ARM.attributes
                0x000000000000024b       0x33 ./mbed/TARGET_LPC1768/TOOLCHAIN_GCC_ARM/libmbed.a(I2C.o)
 .ARM.attributes
                0x000000000000027e       0x33 ./mbed/TARGET_LPC1768/TOOLCHAIN_GCC_ARM/libmbed.a(Serial.o)
 .ARM.attributes
                0x00000000000002b1       0x33 ./mbed/TARGET_LPC1768/TOOLCHAIN_GCC_ARM/libmbed.a(SerialBase.o)
 .ARM.attributes
                0x00000000000002e4       0x33 ./mbed/TARGET_LPC1768/TOOLCHAIN_GCC_ARM/libmbed.a(Stream.o)
 .ARM.attributes
                0x0000000000000317       0x33 ./mbed/TARGET_LPC1768/TOOLCHAIN_GCC_ARM/libmbed.a(assert.o)
 .ARM.attributes
                0x000000000000034a       0x33 ./mbed/TARGET_LPC1768/TOOLCHAIN_GCC_ARM/libmbed.a(error.o)
 .ARM.attributes
                0x000000000000037d       0x33 ./mbed/TARGET_LPC1768/TOOLCHAIN_GCC_ARM/libmbed.a(gpio.o)
 .ARM.attributes
                0x00000000000003b0       0x33 ./mbed/TARGET_LPC1768/TOOLCHAIN_GCC_ARM/libmbed.a(mbed_interface.o)
 .ARM.attributes
                0x00000000000003e3       0x33 ./mbed/TARGET_LPC1768/TOOLCHAIN_GCC_ARM/libmbed.a(pinmap_common.o)
 .ARM.attributes
                0x0000000000000416       0x33 ./mbed/TARGET_LPC1768/TOOLCHAIN_GCC_ARM/libmbed.a(semihost_api.o)
 .ARM.attributes
                0x0000000000000449       0x33 ./mbed/TARGET_LPC1768/TOOLCHAIN_GCC_ARM/libmbed.a(wait_api.o)
 .ARM.attributes
                0x000000000000047c       0x33 ./mbed/TARGET_LPC1768/TOOLCHAIN_GCC_ARM/libmbed.a(gpio_api.o)
 .ARM.attributes
                0x00000000000004af       0x33 ./mbed/TARGET_LPC1768/TOOLCHAIN_GCC_ARM/libmbed.a(pinmap.o)
 .ARM.attributes
                0x00000000000004e2       0x33 ./mbed/TARGET_LPC1768/TOOLCHAIN_GCC_ARM/libmbed.a(i2c_api.o)
 .ARM.attributes
                0x0000000000000515       0x33 ./mbed/TARGET_LPC1768/TOOLCHAIN_GCC_ARM/libmbed.a(us_ticker.o)
 .ARM.attributes
                0x0000000000000548       0x33 ./mbed/TARGET_LPC1768/TOOLCHAIN_GCC_ARM/libmbed.a(FileBase.o)
 .ARM.attributes
                0x000000000000057b       0x33 ./mbed/TARGET_LPC1768/TOOLCHAIN_GCC_ARM/libmbed.a(FileLike.o)
 .ARM.attributes
                0x00000000000005ae       0x33 ./mbed/TARGET_LPC1768/TOOLCHAIN_GCC_ARM/libmbed.a(us_ticker_api.o)
 .ARM.attributes
                0x00000000000005e1       0x33 ./mbed/TARGET_LPC1768/TOOLCHAIN_GCC_ARM/libmbed.a(ticker_api.o)
 .ARM.attributes
                0x0000000000000614       0x2d /usr/lib/gcc/arm-none-eabi/5.3.0/../../../../arm-none-eabi/lib/armv7-m/libstdc++_nano.a(atexit_arm.o)
 .ARM.attributes
                0x0000000000000641       0x2d /usr/lib/gcc/arm-none-eabi/5.3.0/../../../../arm-none-eabi/lib/armv7-m/libstdc++_nano.a(del_op.o)
 .ARM.attributes
                0x000000000000066e       0x2d /usr/lib/gcc/arm-none-eabi/5.3.0/../../../../arm-none-eabi/lib/armv7-m/libc_nano.a(lib_a-abs.o)
 .ARM.attributes
                0x000000000000069b       0x2d /usr/lib/gcc/arm-none-eabi/5.3.0/../../../../arm-none-eabi/lib/armv7-m/libc_nano.a(lib_a-atexit.o)
 .ARM.attributes
                0x00000000000006c8       0x2d /usr/lib/gcc/arm-none-eabi/5.3.0/../../../../arm-none-eabi/lib/armv7-m/libc_nano.a(lib_a-cxa_atexit.o)
 .ARM.attributes
                0x00000000000006f5       0x2d /usr/lib/gcc/arm-none-eabi/5.3.0/../../../../arm-none-eabi/lib/armv7-m/libc_nano.a(lib_a-errno.o)
 .ARM.attributes
                0x0000000000000722       0x2d /usr/lib/gcc/arm-none-eabi/5.3.0/../../../../arm-none-eabi/lib/armv7-m/libc_nano.a(lib_a-exit.o)
 .ARM.attributes
                0x000000000000074f       0x2d /usr/lib/gcc/arm-none-eabi/5.3.0/../../../../arm-none-eabi/lib/armv7-m/libc_nano.a(lib_a-fclose.o)
 .ARM.attributes
                0x000000000000077c       0x2d /usr/lib/gcc/arm-none-eabi/5.3.0/../../../../arm-none-eabi/lib/armv7-m/libc_nano.a(lib_a-fflush.o)
 .ARM.attributes
                0x00000000000007a9       0x2d /usr/lib/gcc/arm-none-eabi/5.3.0/../../../../arm-none-eabi/lib/armv7-m/libc_nano.a(lib_a-findfp.o)
 .ARM.attributes
                0x00000000000007d6       0x2d /usr/lib/gcc/arm-none-eabi/5.3.0/../../../../arm-none-eabi/lib/armv7-m/libc_nano.a(lib_a-fini.o)
 .ARM.attributes
                0x0000000000000803       0x2d /usr/lib/gcc/arm-none-eabi/5.3.0/../../../../arm-none-eabi/lib/armv7-m/libc_nano.a(lib_a-fopen.o)
 .ARM.attributes
                0x0000000000000830       0x2d /usr/lib/gcc/arm-none-eabi/5.3.0/../../../../arm-none-eabi/lib/armv7-m/libc_nano.a(lib_a-fseek.o)
 .ARM.attributes
                0x000000000000085d       0x2d /usr/lib/gcc/arm-none-eabi/5.3.0/../../../../arm-none-eabi/lib/armv7-m/libc_nano.a(lib_a-fseeko.o)
 .ARM.attributes
                0x000000000000088a       0x2d /usr/lib/gcc/arm-none-eabi/5.3.0/../../../../arm-none-eabi/lib/armv7-m/libc_nano.a(lib_a-fwalk.o)
 .ARM.attributes
                0x00000000000008b7       0x2d /usr/lib/gcc/arm-none-eabi/5.3.0/../../../../arm-none-eabi/lib/armv7-m/libc_nano.a(lib_a-impure.o)
 .ARM.attributes
                0x00000000000008e4       0x2d /usr/lib/gcc/arm-none-eabi/5.3.0/../../../../arm-none-eabi/lib/armv7-m/libc_nano.a(lib_a-init.o)
 .ARM.attributes
                0x0000000000000911       0x2d /usr/lib/gcc/arm-none-eabi/5.3.0/../../../../arm-none-eabi/lib/armv7-m/libc_nano.a(lib_a-makebuf.o)
 .ARM.attributes
                0x000000000000093e       0x2d /usr/lib/gcc/arm-none-eabi/5.3.0/../../../../arm-none-eabi/lib/armv7-m/libc_nano.a(lib_a-malloc.o)
 .ARM.attributes
                0x000000000000096b       0x2d /usr/lib/gcc/arm-none-eabi/5.3.0/../../../../arm-none-eabi/lib/armv7-m/libc_nano.a(lib_a-memchr-stub.o)
 .ARM.attributes
                0x0000000000000998       0x2d /usr/lib/gcc/arm-none-eabi/5.3.0/../../../../arm-none-eabi/lib/armv7-m/libc_nano.a(lib_a-memcpy-stub.o)
 .ARM.attributes
                0x00000000000009c5       0x2d /usr/lib/gcc/arm-none-eabi/5.3.0/../../../../arm-none-eabi/lib/armv7-m/libc_nano.a(lib_a-memset.o)
 .ARM.attributes
                0x00000000000009f2       0x2d /usr/lib/gcc/arm-none-eabi/5.3.0/../../../../arm-none-eabi/lib/armv7-m/libc_nano.a(lib_a-nano-freer.o)
 .ARM.attributes
                0x0000000000000a1f       0x2d /usr/lib/gcc/arm-none-eabi/5.3.0/../../../../arm-none-eabi/lib/armv7-m/libc_nano.a(lib_a-nano-mallocr.o)
 .ARM.attributes
                0x0000000000000a4c       0x2d /usr/lib/gcc/arm-none-eabi/5.3.0/../../../../arm-none-eabi/lib/armv7-m/libc_nano.a(lib_a-nano-vfprintf.o)
 .ARM.attributes
                0x0000000000000a79       0x2d /usr/lib/gcc/arm-none-eabi/5.3.0/../../../../arm-none-eabi/lib/armv7-m/libc_nano.a(lib_a-nano-vfprintf_float.o)
 .ARM.attributes
                0x0000000000000aa6       0x2d /usr/lib/gcc/arm-none-eabi/5.3.0/../../../../arm-none-eabi/lib/armv7-m/libc_nano.a(lib_a-nano-vfprintf_i.o)
 .ARM.attributes
                0x0000000000000ad3       0x2d /usr/lib/gcc/arm-none-eabi/5.3.0/../../../../arm-none-eabi/lib/armv7-m/libc_nano.a(lib_a-nano-vfscanf_float.o)
 .ARM.attributes
                0x0000000000000b00       0x2d /usr/lib/gcc/arm-none-eabi/5.3.0/../../../../arm-none-eabi/lib/armv7-m/libc_nano.a(lib_a-nano-vfscanf_i.o)
 .ARM.attributes
                0x0000000000000b2d       0x2d /usr/lib/gcc/arm-none-eabi/5.3.0/../../../../arm-none-eabi/lib/armv7-m/libc_nano.a(lib_a-on_exit_args.o)
 .ARM.attributes
                0x0000000000000b5a       0x2d /usr/lib/gcc/arm-none-eabi/5.3.0/../../../../arm-none-eabi/lib/armv7-m/libc_nano.a(lib_a-openr.o)
 .ARM.attributes
                0x0000000000000b87       0x2d /usr/lib/gcc/arm-none-eabi/5.3.0/../../../../arm-none-eabi/lib/armv7-m/libc_nano.a(lib_a-reent.o)
 .ARM.attributes
                0x0000000000000bb4       0x2d /usr/lib/gcc/arm-none-eabi/5.3.0/../../../../arm-none-eabi/lib/armv7-m/libc_nano.a(lib_a-sbrkr.o)
 .ARM.attributes
                0x0000000000000be1       0x2d /usr/lib/gcc/arm-none-eabi/5.3.0/../../../../arm-none-eabi/lib/armv7-m/libc_nano.a(lib_a-sccl.o)
 .ARM.attributes
                0x0000000000000c0e       0x2d /usr/lib/gcc/arm-none-eabi/5.3.0/../../../../arm-none-eabi/lib/armv7-m/libc_nano.a(lib_a-setbuf.o)
 .ARM.attributes
                0x0000000000000c3b       0x2d /usr/lib/gcc/arm-none-eabi/5.3.0/../../../../arm-none-eabi/lib/armv7-m/libc_nano.a(lib_a-setvbuf.o)
 .ARM.attributes
                0x0000000000000c68       0x2d /usr/lib/gcc/arm-none-eabi/5.3.0/../../../../arm-none-eabi/lib/armv7-m/libc_nano.a(lib_a-sf_nan.o)
 .ARM.attributes
                0x0000000000000c95       0x2d /usr/lib/gcc/arm-none-eabi/5.3.0/../../../../arm-none-eabi/lib/armv7-m/libc_nano.a(lib_a-sprintf.o)
 .ARM.attributes
                0x0000000000000cc2       0x2d /usr/lib/gcc/arm-none-eabi/5.3.0/../../../../arm-none-eabi/lib/armv7-m/libc_nano.a(lib_a-sscanf.o)
 .ARM.attributes
                0x0000000000000cef       0x2d /usr/lib/gcc/arm-none-eabi/5.3.0/../../../../arm-none-eabi/lib/armv7-m/libc_nano.a(lib_a-stdio.o)
 .ARM.attributes
                0x0000000000000d1c       0x1b /usr/lib/gcc/arm-none-eabi/5.3.0/../../../../arm-none-eabi/lib/armv7-m/libc_nano.a(lib_a-strcmp.o)
 .ARM.attributes