Archive member included because of file (symbol)

C:\Users\Cyndia\softroboticfish6\fish\mbed\LPCExpress\BCU_Test\mbed\TARGET_LPC1768\TOOLCHAIN_GCC_CR\libmbed.a(gpio_irq_api.o)
                              ./BCU_Test/QEI/QEI.o (gpio_irq_set)
C:\Users\Cyndia\softroboticfish6\fish\mbed\LPCExpress\BCU_Test\mbed\TARGET_LPC1768\TOOLCHAIN_GCC_CR\libmbed.a(pwmout_api.o)
                              ./BCU_Test/BuoyancyControlUnit/BuoyancyControlUnit.o (pwmout_write)
C:\Users\Cyndia\softroboticfish6\fish\mbed\LPCExpress\BCU_Test\mbed\TARGET_LPC1768\TOOLCHAIN_GCC_CR\libmbed.a(serial_api.o)
                              C:/Users/Cyndia/softroboticfish6/fish/mbed/LPCExpress/BCU_Test/mbed/TARGET_LPC1768/TOOLCHAIN_GCC_CR/retarget.o (serial_getc)
C:\Users\Cyndia\softroboticfish6\fish\mbed\LPCExpress\BCU_Test\mbed\TARGET_LPC1768\TOOLCHAIN_GCC_CR\libmbed.a(FilePath.o)
                              C:/Users/Cyndia/softroboticfish6/fish/mbed/LPCExpress/BCU_Test/mbed/TARGET_LPC1768/TOOLCHAIN_GCC_CR/retarget.o (mbed::FilePath::FilePath(char const*))
C:\Users\Cyndia\softroboticfish6\fish\mbed\LPCExpress\BCU_Test\mbed\TARGET_LPC1768\TOOLCHAIN_GCC_CR\libmbed.a(FileSystemLike.o)
                              C:/Users/Cyndia/softroboticfish6/fish/mbed/LPCExpress/BCU_Test/mbed/TARGET_LPC1768/TOOLCHAIN_GCC_CR/retarget.o (mbed::FileSystemLike::opendir())
C:\Users\Cyndia\softroboticfish6\fish\mbed\LPCExpress\BCU_Test\mbed\TARGET_LPC1768\TOOLCHAIN_GCC_CR\libmbed.a(I2C.o)
                              ./BCU_Test/BuoyancyControlUnit/BuoyancyControlUnit.o (mbed::I2C::I2C(PinName, PinName))
C:\Users\Cyndia\softroboticfish6\fish\mbed\LPCExpress\BCU_Test\mbed\TARGET_LPC1768\TOOLCHAIN_GCC_CR\libmbed.a(InterruptIn.o)
                              ./BCU_Test/BuoyancyControlUnit/BuoyancyControlUnit.o (mbed::InterruptIn::~InterruptIn())
C:\Users\Cyndia\softroboticfish6\fish\mbed\LPCExpress\BCU_Test\mbed\TARGET_LPC1768\TOOLCHAIN_GCC_CR\libmbed.a(Serial.o)
                              ./BCU_Test/main.o (mbed::Serial::Serial(PinName, PinName, char const*))
C:\Users\Cyndia\softroboticfish6\fish\mbed\LPCExpress\BCU_Test\mbed\TARGET_LPC1768\TOOLCHAIN_GCC_CR\libmbed.a(SerialBase.o)
                              C:\Users\Cyndia\softroboticfish6\fish\mbed\LPCExpress\BCU_Test\mbed\TARGET_LPC1768\TOOLCHAIN_GCC_CR\libmbed.a(Serial.o) (mbed::SerialBase::SerialBase(PinName, PinName))
C:\Users\Cyndia\softroboticfish6\fish\mbed\LPCExpress\BCU_Test\mbed\TARGET_LPC1768\TOOLCHAIN_GCC_CR\libmbed.a(Ticker.o)
                              ./BCU_Test/BuoyancyControlUnit/BuoyancyControlUnit.o (mbed::Ticker::detach())
C:\Users\Cyndia\softroboticfish6\fish\mbed\LPCExpress\BCU_Test\mbed\TARGET_LPC1768\TOOLCHAIN_GCC_CR\libmbed.a(Stream.o)
                              C:\Users\Cyndia\softroboticfish6\fish\mbed\LPCExpress\BCU_Test\mbed\TARGET_LPC1768\TOOLCHAIN_GCC_CR\libmbed.a(Serial.o) (mbed::Stream::close())
C:\Users\Cyndia\softroboticfish6\fish\mbed\LPCExpress\BCU_Test\mbed\TARGET_LPC1768\TOOLCHAIN_GCC_CR\libmbed.a(Timer.o)
                              ./BCU_Test/BuoyancyControlUnit/BuoyancyControlUnit.o (mbed::Timer::Timer())
C:\Users\Cyndia\softroboticfish6\fish\mbed\LPCExpress\BCU_Test\mbed\TARGET_LPC1768\TOOLCHAIN_GCC_CR\libmbed.a(assert.o)
                              ./BCU_Test/BuoyancyControlUnit/BuoyancyControlUnit.o (mbed_assert_internal)
C:\Users\Cyndia\softroboticfish6\fish\mbed\LPCExpress\BCU_Test\mbed\TARGET_LPC1768\TOOLCHAIN_GCC_CR\libmbed.a(TimerEvent.o)
                              ./BCU_Test/BuoyancyControlUnit/BuoyancyControlUnit.o (mbed::TimerEvent::~TimerEvent())
C:\Users\Cyndia\softroboticfish6\fish\mbed\LPCExpress\BCU_Test\mbed\TARGET_LPC1768\TOOLCHAIN_GCC_CR\libmbed.a(error.o)
                              C:/Users/Cyndia/softroboticfish6/fish/mbed/LPCExpress/BCU_Test/mbed/TARGET_LPC1768/TOOLCHAIN_GCC_CR/retarget.o (error)
C:\Users\Cyndia\softroboticfish6\fish\mbed\LPCExpress\BCU_Test\mbed\TARGET_LPC1768\TOOLCHAIN_GCC_CR\libmbed.a(gpio.o)
                              C:\Users\Cyndia\softroboticfish6\fish\mbed\LPCExpress\BCU_Test\mbed\TARGET_LPC1768\TOOLCHAIN_GCC_CR\libmbed.a(serial_api.o) (gpio_init_in)
C:\Users\Cyndia\softroboticfish6\fish\mbed\LPCExpress\BCU_Test\mbed\TARGET_LPC1768\TOOLCHAIN_GCC_CR\libmbed.a(mbed_interface.o)
                              C:/Users/Cyndia/softroboticfish6/fish/mbed/LPCExpress/BCU_Test/mbed/TARGET_LPC1768/TOOLCHAIN_GCC_CR/retarget.o (mbed_interface_connected)
C:\Users\Cyndia\softroboticfish6\fish\mbed\LPCExpress\BCU_Test\mbed\TARGET_LPC1768\TOOLCHAIN_GCC_CR\libmbed.a(pinmap_common.o)
                              C:\Users\Cyndia\softroboticfish6\fish\mbed\LPCExpress\BCU_Test\mbed\TARGET_LPC1768\TOOLCHAIN_GCC_CR\libmbed.a(pwmout_api.o) (pinmap_pinout)
C:\Users\Cyndia\softroboticfish6\fish\mbed\LPCExpress\BCU_Test\mbed\TARGET_LPC1768\TOOLCHAIN_GCC_CR\libmbed.a(semihost_api.o)
[...]
Memory Configuration

Name             Origin             Length             Attributes
MFlash512        0x00000000         0x00080000         xr
RamLoc32         0x100000c8         0x00007f38         xrw
RamAHB_USB       0x2007c000         0x00004000         xrw
RamAHB_Eth       0x20080000         0x00004000         xrw
*default*        0x00000000         0xffffffff

Linker script and memory map

LOAD ./BCU_Test/QEI/QEI.o
LOAD ./BCU_Test/MS5837/MS5837.o
LOAD ./BCU_Test/BuoyancyControlUnit/BuoyancyControlUnit.o
LOAD ./BCU_Test/BNO055/BNO055.o
LOAD ./BCU_Test/main.o
LOAD C:/Users/Cyndia/softroboticfish6/fish/mbed/LPCExpress/BCU_Test/mbed/TARGET_LPC1768/TOOLCHAIN_GCC_CR/board.o
LOAD C:/Users/Cyndia/softroboticfish6/fish/mbed/LPCExpress/BCU_Test/mbed/TARGET_LPC1768/TOOLCHAIN_GCC_CR/cmsis_nvic.o
LOAD C:/Users/Cyndia/softroboticfish6/fish/mbed/LPCExpress/BCU_Test/mbed/TARGET_LPC1768/TOOLCHAIN_GCC_CR/retarget.o
LOAD C:/Users/Cyndia/softroboticfish6/fish/mbed/LPCExpress/BCU_Test/mbed/TARGET_LPC1768/TOOLCHAIN_GCC_CR/startup_LPC17xx.o
LOAD C:/Users/Cyndia/softroboticfish6/fish/mbed/LPCExpress/BCU_Test/mbed/TARGET_LPC1768/TOOLCHAIN_GCC_CR/system_LPC17xx.o
LOAD C:\Users\Cyndia\softroboticfish6\fish\mbed\LPCExpress\BCU_Test\mbed\TARGET_LPC1768\TOOLCHAIN_GCC_CR\libmbed.a
START GROUP
LOAD c:/nxp/lpcxpresso_8.0.0_526/lpcxpresso/tools/bin/../lib/gcc/arm-none-eabi/4.9.3/armv7-m\libgcc.a
LOAD c:/nxp/lpcxpresso_8.0.0_526/lpcxpresso/tools/bin/../lib/gcc/arm-none-eabi/4.9.3/../../../../arm-none-eabi/lib/armv7-m\libc.a
LOAD c:/nxp/lpcxpresso_8.0.0_526/lpcxpresso/tools/bin/../lib/gcc/arm-none-eabi/4.9.3/../../../../arm-none-eabi/lib/armv7-m\libstdc++.a
LOAD c:/nxp/lpcxpresso_8.0.0_526/lpcxpresso/tools/bin/../lib/gcc/arm-none-eabi/4.9.3/../../../../arm-none-eabi/lib/armv7-m\libm.a
LOAD c:/nxp/lpcxpresso_8.0.0_526/lpcxpresso/tools/bin/../lib/gcc/arm-none-eabi/4.9.3/../../../../arm-none-eabi/lib/armv7-m\libcr_newlib_nohost.a
LOAD c:/nxp/lpcxpresso_8.0.0_526/lpcxpresso/tools/bin/../lib/gcc/arm-none-eabi/4.9.3/armv7-m\crti.o
LOAD c:/nxp/lpcxpresso_8.0.0_526/lpcxpresso/tools/bin/../lib/gcc/arm-none-eabi/4.9.3/armv7-m\crtn.o
LOAD c:/nxp/lpcxpresso_8.0.0_526/lpcxpresso/tools/bin/../lib/gcc/arm-none-eabi/4.9.3/armv7-m\crtbegin.o
LOAD c:/nxp/lpcxpresso_8.0.0_526/lpcxpresso/tools/bin/../lib/gcc/arm-none-eabi/4.9.3/armv7-m\crtend.o
END GROUP
                0x00080000                __top_MFlash512 = 0x80000
                0x10008000                __top_RamLoc32 = 0x10008000
                0x20084000                __top_RamAHB32 = 0x20084000

.text           0x00000000    0x1054c
 FILL mask 0xff
 *(.isr_vector)
 .isr_vector    0x00000000       0xcc C:/Users/Cyndia/softroboticfish6/fish/mbed/LPCExpress/BCU_Test/mbed/TARGET_LPC1768/TOOLCHAIN_GCC_CR/startup_LPC17xx.o
                0x00000000                g_pfnVectors
                0x000000cc                . = ALIGN (0x4)
                0x000000cc                __section_table_start = .
                0x000000cc                __data_section_table = .
                0x000000cc        0x4 LONG 0x10554 LOADADDR (.data)
                0x000000d0        0x4 LONG 0x100000c8 ADDR (.data)
                0x000000d4        0x4 LONG 0x8c8 SIZEOF (.data)
                0x000000d8        0x4 LONG 0x10554 LOADADDR (.data_RAM2)
                0x000000dc        0x4 LONG 0x2007c000 ADDR (.data_RAM2)
                0x000000e0        0x4 LONG 0x0 SIZEOF (.data_RAM2)
                0x000000e4                __data_section_table_end = .
                0x000000e4                __bss_section_table = .
                0x000000e4        0x4 LONG 0x10000990 ADDR (.bss)
                0x000000e8        0x4 LONG 0x630 SIZEOF (.bss)
                0x000000ec        0x4 LONG 0x2007c000 ADDR (.bss_RAM2)
                0x000000f0        0x4 LONG 0x0 SIZEOF (.bss_RAM2)
                0x000000f4                __bss_section_table_end = .
                0x000000f4                __section_table_end = .
 *(.after_vectors*)
 .after_vectors
                0x000000f4       0xd0 C:/Users/Cyndia/softroboticfish6/fish/mbed/LPCExpress/BCU_Test/mbed/TARGET_LPC1768/TOOLCHAIN_GCC_CR/startup_LPC17xx.o
                0x000000f4                NMI_Handler
                0x000000f8                HardFault_Handler
                0x000000fc                MemManage_Handler
                0x00000100                BusFault_Handler
                0x00000104                UsageFault_Handler
                0x00000108                SVC_Handler
                0x0000010c                DebugMon_Handler
                0x00000110                PendSV_Handler
                0x00000114                SysTick_Handler
                0x00000118                PWM1_IRQHandler
                0x00000118                I2C1_IRQHandler
                0x00000118                EINT2_IRQHandler
                0x00000118                UART1_IRQHandler
                0x00000118                EINT3_IRQHandler
                0x00000118                CANActivity_IRQHandler
                0x00000118                TIMER3_IRQHandler
                0x00000118                UART0_IRQHandler
                0x00000118                MCPWM_IRQHandler
                0x00000118                I2C0_IRQHandler
                0x00000118                IntDefaultHandler
                0x00000118                RIT_IRQHandler
                0x00000118                CAN_IRQHandler
                0x00000118                PLL1_IRQHandler
                0x00000118                SSP0_IRQHandler
                0x00000118                I2S_IRQHandler
                0x00000118                I2C2_IRQHandler
                0x00000118                RTC_IRQHandler
                0x00000118                TIMER0_IRQHandler
                0x00000118                SPI_IRQHandler
                0x00000118                UART3_IRQHandler
                0x00000118                EINT1_IRQHandler
                0x00000118                TIMER1_IRQHandler
                0x00000118                UART2_IRQHandler
                0x00000118                ADC_IRQHandler
                0x00000118                SSP1_IRQHandler
                0x00000118                USB_IRQHandler
                0x00000118                BOD_IRQHandler
                0x00000118                USBActivity_IRQHandler
                0x00000118                WDT_IRQHandler
                0x00000118                PLL0_IRQHandler
                0x00000118                QEI_IRQHandler
                0x00000118                EINT0_IRQHandler
                0x00000118                TIMER2_IRQHandler
                0x00000118                DMA_IRQHandler
                0x00000118                ENET_IRQHandler
                0x0000011c                ResetISR
                0x0000019c                data_init
                0x000001b4                bss_init
 *(.text*)
 .text._ZN3QEIC2E7PinNameS0_S0_iNS_8EncodingE
                0x000001c4      0x130 ./BCU_Test/QEI/QEI.o
                0x000001c4                QEI::QEI(PinName, PinName, PinName, int, QEI::Encoding)
                0x000001c4                QEI::QEI(PinName, PinName, PinName, int, QEI::Encoding)
 .text._ZN3QEI5resetEv
                0x000002f4       0x24 ./BCU_Test/QEI/QEI.o
                0x000002f4                QEI::reset()
 .text._ZN3QEI9getPulsesEv
                0x00000318       0x1c ./BCU_Test/QEI/QEI.o
                0x00000318                QEI::getPulses()
 .text._ZN3QEI6encodeEv
                0x00000334      0x11c ./BCU_Test/QEI/QEI.o
                0x00000334                QEI::encode()
 .text._ZN3QEI5indexEv
                0x00000450       0x20 ./BCU_Test/QEI/QEI.o
                0x00000450                QEI::index()
 .text._ZN4mbed11InterruptIn4riseI3QEIEEvPT_MS3_FvvE
                0x00000470       0x34 ./BCU_Test/QEI/QEI.o
                0x00000470                void mbed::InterruptIn::rise<QEI>(QEI*, void (QEI::*)())
 .text._ZN4mbed11InterruptIn4fallI3QEIEEvPT_MS3_FvvE
                0x000004a4       0x34 ./BCU_Test/QEI/QEI.o
                0x000004a4                void mbed::InterruptIn::fall<QEI>(QEI*, void (QEI::*)())
 .text._ZN4mbed19FunctionPointerArg1IvvE6attachI3QEIEEvPT_MS4_FvvE
                0x000004d8       0x3c ./BCU_Test/QEI/QEI.o
                0x000004d8                void mbed::FunctionPointerArg1<void, void>::attach<QEI>(QEI*, void (QEI::*)())
 .text._ZN4mbed19FunctionPointerArg1IvvE12membercallerI3QEIEEvPvPj
                0x00000514       0x50 ./BCU_Test/QEI/QEI.o
                0x00000514                void mbed::FunctionPointerArg1<void, void>::membercaller<QEI>(void*, unsigned int*)
 .text._ZN6MS583710MS5837InitEv
                0x00000564       0x1c ./BCU_Test/MS5837/MS5837.o
                0x00000564                MS5837::MS5837Init()
 .text._ZN6MS583711MS5837ResetEv
                0x00000580       0x44 ./BCU_Test/MS5837/MS5837.o
                0x00000580                MS5837::MS5837Reset()
 .text._ZN6MS583714MS5837ReadPromEv
                0x000005c4       0xa0 ./BCU_Test/MS5837/MS5837.o
                0x000005c4                MS5837::MS5837ReadProm()
 .text.gpio_write
                0x00000664       0x48 ./BCU_Test/BuoyancyControlUnit/BuoyancyControlUnit.o
 .text._ZN4mbed10DigitalOutC2E7PinName
                0x000006ac       0x44 ./BCU_Test/BuoyancyControlUnit/BuoyancyControlUnit.o
                0x000006ac                mbed::DigitalOut::DigitalOut(PinName)
                0x000006ac                mbed::DigitalOut::DigitalOut(PinName)
 .text._ZN4mbed10DigitalOut5writeEi
                0x000006f0       0x1c ./BCU_Test/BuoyancyControlUnit/BuoyancyControlUnit.o
                0x000006f0                mbed::DigitalOut::write(int)
 .text._ZN4mbed10DigitalOutaSEi
                0x0000070c       0x1c ./BCU_Test/BuoyancyControlUnit/BuoyancyControlUnit.o
                0x0000070c                mbed::DigitalOut::operator=(int)
 .text._ZN4mbed6PwmOutC2E7PinName
                0x00000728       0x20 ./BCU_Test/BuoyancyControlUnit/BuoyancyControlUnit.o
                0x00000728                mbed::PwmOut::PwmOut(PinName)
                0x00000728                mbed::PwmOut::PwmOut(PinName)
 .text._ZN4mbed6PwmOut5writeEf
                0x00000748       0x1c ./BCU_Test/BuoyancyControlUnit/BuoyancyControlUnit.o
                0x00000748                mbed::PwmOut::write(float)
 .text._ZN4mbed6PwmOutaSEf
                0x00000764       0x1c ./BCU_Test/BuoyancyControlUnit/BuoyancyControlUnit.o
                0x00000764                mbed::PwmOut::operator=(float)
 .text._ZN4mbed6TickerC2Ev
                0x00000780       0x30 ./BCU_Test/BuoyancyControlUnit/BuoyancyControlUnit.o
                0x00000780                mbed::Ticker::Ticker()
                0x00000780                mbed::Ticker::Ticker()
 .text._ZN4mbed6TickerD2Ev
                0x000007b0       0x38 ./BCU_Test/BuoyancyControlUnit/BuoyancyControlUnit.o
                0x000007b0                mbed::Ticker::~Ticker()
                0x000007b0                mbed::Ticker::~Ticker()
 .text._ZN4mbed6TickerD0Ev
                0x000007e8       0x20 ./BCU_Test/BuoyancyControlUnit/BuoyancyControlUnit.o
                0x000007e8                mbed::Ticker::~Ticker()
 .text._ZN6MS5837C2E7PinNameS0_c
                0x00000808       0x34 ./BCU_Test/BuoyancyControlUnit/BuoyancyControlUnit.o
                0x00000808                MS5837::MS5837(PinName, PinName, char)
                0x00000808                MS5837::MS5837(PinName, PinName, char)
 .text._ZN3QEID2Ev
                0x0000083c       0x30 ./BCU_Test/BuoyancyControlUnit/BuoyancyControlUnit.o
                0x0000083c                QEI::~QEI()
                0x0000083c                QEI::~QEI()
 .text._ZN19BuoyancyControlUnitC2Ev
                0x0000086c      0x10c ./BCU_Test/BuoyancyControlUnit/BuoyancyControlUnit.o
                0x0000086c                BuoyancyControlUnit::BuoyancyControlUnit()
                0x0000086c                BuoyancyControlUnit::BuoyancyControlUnit()
 .text._ZN19BuoyancyControlUnit5startEv
                0x00000978       0x90 ./BCU_Test/BuoyancyControlUnit/BuoyancyControlUnit.o
                0x00000978                BuoyancyControlUnit::start()
 .text._ZN19BuoyancyControlUnit4stopEv
                0x00000a08       0x34 ./BCU_Test/BuoyancyControlUnit/BuoyancyControlUnit.o
                0x00000a08                BuoyancyControlUnit::stop()
 .text._ZN19BuoyancyControlUnit12returnToZeroEv
                0x00000a3c       0x20 ./BCU_Test/BuoyancyControlUnit/BuoyancyControlUnit.o
                0x00000a3c                BuoyancyControlUnit::returnToZero()
 .text._ZN19BuoyancyControlUnit3setEf
                0x00000a5c       0x1c ./BCU_Test/BuoyancyControlUnit/BuoyancyControlUnit.o
                0x00000a5c                BuoyancyControlUnit::set(float)
 .text._ZN19BuoyancyControlUnit16setDepthFuncVoidEv
                0x00000a78       0x30 ./BCU_Test/BuoyancyControlUnit/BuoyancyControlUnit.o
                0x00000a78                BuoyancyControlUnit::setDepthFuncVoid()
 .text._ZN19BuoyancyControlUnit17setEncoderPosVoidEv
                0x00000aa8       0x9c ./BCU_Test/BuoyancyControlUnit/BuoyancyControlUnit.o
                0x00000aa8                BuoyancyControlUnit::setEncoderPosVoid()
 .text._ZN19BuoyancyControlUnit12setDepthFuncEf
                0x00000b44       0xc0 ./BCU_Test/BuoyancyControlUnit/BuoyancyControlUnit.o
                0x00000b44                BuoyancyControlUnit::setDepthFunc(float)
 *fill*         0x00000c04        0x4 
 .text._ZN19BuoyancyControlUnit18setEncoderPositionEf
                0x00000c08      0x248 ./BCU_Test/BuoyancyControlUnit/BuoyancyControlUnit.o
                0x00000c08                BuoyancyControlUnit::setEncoderPosition(float)
 .text._ZN19BuoyancyControlUnit4setVEf
                0x00000e50       0xdc ./BCU_Test/BuoyancyControlUnit/BuoyancyControlUnit.o
                0x00000e50                BuoyancyControlUnit::setV(float)
 .text._ZN19BuoyancyControlUnit12runBackwardsEv
                0x00000f2c       0x20 ./BCU_Test/BuoyancyControlUnit/BuoyancyControlUnit.o
                0x00000f2c                BuoyancyControlUnit::runBackwards()
 .text._ZN19BuoyancyControlUnit11runForwardsEv
                0x00000f4c       0x20 ./BCU_Test/BuoyancyControlUnit/BuoyancyControlUnit.o
                0x00000f4c                BuoyancyControlUnit::runForwards()
 .text._ZN19BuoyancyControlUnit9getBCUdirEv
                0x00000f6c       0x1c ./BCU_Test/BuoyancyControlUnit/BuoyancyControlUnit.o
                0x00000f6c                BuoyancyControlUnit::getBCUdir()
 .text._ZN19BuoyancyControlUnit7getVsetEv
                0x00000f88       0x18 ./BCU_Test/BuoyancyControlUnit/BuoyancyControlUnit.o
                0x00000f88                BuoyancyControlUnit::getVset()
 .text._ZN19BuoyancyControlUnit11getSetDepthEv
                0x00000fa0       0x18 ./BCU_Test/BuoyancyControlUnit/BuoyancyControlUnit.o
                0x00000fa0                BuoyancyControlUnit::getSetDepth()
 .text._ZN19BuoyancyControlUnit11getCurDepthEv
                0x00000fb8       0x18 ./BCU_Test/BuoyancyControlUnit/BuoyancyControlUnit.o
                0x00000fb8                BuoyancyControlUnit::getCurDepth()
 .text._ZN19BuoyancyControlUnit9getSetPosEv
                0x00000fd0       0x18 ./BCU_Test/BuoyancyControlUnit/BuoyancyControlUnit.o
                0x00000fd0                BuoyancyControlUnit::getSetPos()
 .text._ZN19BuoyancyControlUnit9getCurPosEv
                0x00000fe8       0x18 ./BCU_Test/BuoyancyControlUnit/BuoyancyControlUnit.o
                0x00000fe8                BuoyancyControlUnit::getCurPos()
 .text._ZN4mbed19FunctionPointerArg1IvvEC2EPFvvE
                0x00001000       0x1c ./BCU_Test/BuoyancyControlUnit/BuoyancyControlUnit.o
                0x00001000                mbed::FunctionPointerArg1<void, void>::FunctionPointerArg1(void (*)())
                0x00001000                mbed::FunctionPointerArg1<void, void>::FunctionPointerArg1(void (*)())
 .text._ZN4mbed19FunctionPointerArg1IvvE6attachEPFvvE
                0x0000101c       0x20 ./BCU_Test/BuoyancyControlUnit/BuoyancyControlUnit.o
                0x0000101c                mbed::FunctionPointerArg1<void, void>::attach(void (*)())
 .text._ZN4mbed6Ticker6attachI19BuoyancyControlUnitEEvPT_MS3_FvvEf
                0x0000103c       0x3c ./BCU_Test/BuoyancyControlUnit/BuoyancyControlUnit.o
                0x0000103c                void mbed::Ticker::attach<BuoyancyControlUnit>(BuoyancyControlUnit*, void (BuoyancyControlUnit::*)(), float)
 .text._ZN4mbed6Ticker9attach_usI19BuoyancyControlUnitEEvPT_MS3_FvvEm
                0x00001078       0x30 ./BCU_Test/BuoyancyControlUnit/BuoyancyControlUnit.o
                0x00001078                void mbed::Ticker::attach_us<BuoyancyControlUnit>(BuoyancyControlUnit*, void (BuoyancyControlUnit::*)(), unsigned long)
 .text._ZN4mbed19FunctionPointerArg1IvvE6attachI19BuoyancyControlUnitEEvPT_MS4_FvvE
                0x000010a8       0x3c ./BCU_Test/BuoyancyControlUnit/BuoyancyControlUnit.o
                0x000010a8                void mbed::FunctionPointerArg1<void, void>::attach<BuoyancyControlUnit>(BuoyancyControlUnit*, void (BuoyancyControlUnit::*)())
 .text._ZN4mbed19FunctionPointerArg1IvvE12membercallerI19BuoyancyControlUnitEEvPvPj
                0x000010e4       0x50 ./BCU_Test/BuoyancyControlUnit/BuoyancyControlUnit.o
                0x000010e4                void mbed::FunctionPointerArg1<void, void>::membercaller<BuoyancyControlUnit>(void*, unsigned int*)
 .text._ZN19BuoyancyControlUnitD2Ev
                0x00001134       0x34 ./BCU_Test/BuoyancyControlUnit/BuoyancyControlUnit.o
                0x00001134                BuoyancyControlUnit::~BuoyancyControlUnit()
                0x00001134                BuoyancyControlUnit::~BuoyancyControlUnit()
 .text._Z41__static_initialization_and_destruction_0ii
                0x00001168       0x3c ./BCU_Test/BuoyancyControlUnit/BuoyancyControlUnit.o
 .text._GLOBAL__sub_I_buoyancyControlUnit
                0x000011a4       0x10 ./BCU_Test/BuoyancyControlUnit/BuoyancyControlUnit.o
 .text._ZN4mbed10SerialBaseD2Ev
                0x000011b4       0x28 ./BCU_Test/main.o
                0x000011b4                mbed::SerialBase::~SerialBase()
                0x000011b4                mbed::SerialBase::~SerialBase()
 .text._ZN4mbed10SerialBaseD0Ev
                0x000011dc       0x20 ./BCU_Test/main.o
                0x000011dc                mbed::SerialBase::~SerialBase()
 .text._ZN4mbed6Ticker6attachEPFvvEf
                0x000011fc       0x34 ./BCU_Test/main.o
                0x000011fc                mbed::Ticker::attach(void (*)(), float)
 .text._ZN4mbed6Ticker9attach_usEPFvvEm
                0x00001230       0x28 ./BCU_Test/main.o
                0x00001230                mbed::Ticker::attach_us(void (*)(), unsigned long)
 .text._Z8run_funcv
                0x00001258       0xec ./BCU_Test/main.o
                0x00001258                run_func()
 *fill*         0x00001344        0x4 
 .text.main     0x00001348      0x1e0 ./BCU_Test/main.o
                0x00001348                main
 .text._ZN4mbed6SerialD2Ev
                0x00001528       0x50 ./BCU_Test/main.o
                0x00001528                mbed::Serial::~Serial()
                0x00001528                mbed::Serial::~Serial()
 .text._ZN4mbed6SerialD1Ev
                0x00001578       0x10 ./BCU_Test/main.o
                0x00001578                non-virtual thunk to mbed::Serial::~Serial()
                0x00001580                non-virtual thunk to mbed::Serial::~Serial()
 .text._ZN4mbed6SerialD0Ev
                0x00001588       0x30 ./BCU_Test/main.o
                0x00001588                mbed::Serial::~Serial()
                0x000015a8                non-virtual thunk to mbed::Serial::~Serial()
                0x000015b0                non-virtual thunk to mbed::Serial::~Serial()
 .text._Z41__static_initialization_and_destruction_0ii
                0x000015b8       0x84 ./BCU_Test/main.o
 .text._GLOBAL__sub_I_pc
                0x0000163c       0x10 ./BCU_Test/main.o
 .text.mbed_die
                0x0000164c      0x10c C:/Users/Cyndia/softroboticfish6/fish/mbed/LPCExpress/BCU_Test/mbed/TARGET_LPC1768/TOOLCHAIN_GCC_CR/board.o
                0x0000164c                mbed_die
 .text.NVIC_SetVector
                0x00001758       0x3c C:/Users/Cyndia/softroboticfish6/fish/mbed/LPCExpress/BCU_Test/mbed/TARGET_LPC1768/TOOLCHAIN_GCC_CR/cmsis_nvic.o
                0x00001758                NVIC_SetVector
 .text._ZN4mbed10FileHandle4flenEv
                0x00001794       0x34 C:/Users/Cyndia/softroboticfish6/fish/mbed/LPCExpress/BCU_Test/mbed/TARGET_LPC1768/TOOLCHAIN_GCC_CR/retarget.o
                0x00001794                mbed::FileHandle::flen()
 .text._ZN4mbed10FileHandleD2Ev
                0x000017c8       0x2c C:/Users/Cyndia/softroboticfish6/fish/mbed/LPCExpress/BCU_Test/mbed/TARGET_LPC1768/TOOLCHAIN_GCC_CR/retarget.o
                0x000017c8                mbed::FileHandle::~FileHandle()
                0x000017c8                mbed::FileHandle::~FileHandle()
 .text._ZN4mbed10FileHandleD0Ev
                0x000017f4       0x34 C:/Users/Cyndia/softroboticfish6/fish/mbed/LPCExpress/BCU_Test/mbed/TARGET_LPC1768/TOOLCHAIN_GCC_CR/retarget.o
                0x000017f4                mbed::FileHandle::~FileHandle()
 .text._ZL11init_serialv.part.0
                0x00001828       0x18 C:/Users/Cyndia/softroboticfish6/fish/mbed/LPCExpress/BCU_Test/mbed/TARGET_LPC1768/TOOLCHAIN_GCC_CR/retarget.o
 .text._open    0x00001840       0xf8 C:/Users/Cyndia/softroboticfish6/fish/mbed/LPCExpress/BCU_Test/mbed/TARGET_LPC1768/TOOLCHAIN_GCC_CR/retarget.o
                0x00001840                _open
 .text._close   0x00001938       0x2c C:/Users/Cyndia/softroboticfish6/fish/mbed/LPCExpress/BCU_Test/mbed/TARGET_LPC1768/TOOLCHAIN_GCC_CR/retarget.o
                0x00001938                _close
 .text._write   0x00001964       0x50 C:/Users/Cyndia/softroboticfish6/fish/mbed/LPCExpress/BCU_Test/mbed/TARGET_LPC1768/TOOLCHAIN_GCC_CR/retarget.o
                0x00001964                _write
 .text._read    0x000019b4       0x4c C:/Users/Cyndia/softroboticfish6/fish/mbed/LPCExpress/BCU_Test/mbed/TARGET_LPC1768/TOOLCHAIN_GCC_CR/retarget.o
                0x000019b4                _read
 .text._isatty  0x00001a00       0x28 C:/Users/Cyndia/softroboticfish6/fish/mbed/LPCExpress/BCU_Test/mbed/TARGET_LPC1768/TOOLCHAIN_GCC_CR/retarget.o
                0x00001a00                _isatty
 .text._lseek   0x00001a28       0x28 C:/Users/Cyndia/softroboticfish6/fish/mbed/LPCExpress/BCU_Test/mbed/TARGET_LPC1768/TOOLCHAIN_GCC_CR/retarget.o
                0x00001a28                _lseek
 .text._fstat   0x00001a50       0x20 C:/Users/Cyndia/softroboticfish6/fish/mbed/LPCExpress/BCU_Test/mbed/TARGET_LPC1768/TOOLCHAIN_GCC_CR/retarget.o
                0x00001a50                _fstat
 .text.exit     0x00001a70       0x30 C:/Users/Cyndia/softroboticfish6/fish/mbed/LPCExpress/BCU_Test/mbed/TARGET_LPC1768/TOOLCHAIN_GCC_CR/retarget.o
                0x00001a70                exit
 .text.__cxa_pure_virtual
                0x00001aa0        0x8 C:/Users/Cyndia/softroboticfish6/fish/mbed/LPCExpress/BCU_Test/mbed/TARGET_LPC1768/TOOLCHAIN_GCC_CR/retarget.o
                0x00001aa0                __cxa_pure_virtual
 .text._ZN4mbed26mbed_set_unbuffered_streamEP7__sFILE
                0x00001aa8        0x8 C:/Users/Cyndia/softroboticfish6/fish/mbed/LPCExpress/BCU_Test/mbed/TARGET_LPC1768/TOOLCHAIN_GCC_CR/retarget.o
                0x00001aa8                mbed::mbed_set_unbuffered_stream(__sFILE*)
 .text.__aeabi_atexit
                0x00001ab0        0x4 C:/Users/Cyndia/softroboticfish6/fish/mbed/LPCExpress/BCU_Test/mbed/TARGET_LPC1768/TOOLCHAIN_GCC_CR/startup_LPC17xx.o
                0x00001ab0                __aeabi_atexit
 .text._ZdlPv   0x00001ab4        0x4 C:/Users/Cyndia/softroboticfish6/fish/mbed/LPCExpress/BCU_Test/mbed/TARGET_LPC1768/TOOLCHAIN_GCC_CR/startup_LPC17xx.o
                0x00001ab4                operator delete(void*)
 .text.SystemInit
                0x00001ab8       0xb8 C:/Users/Cyndia/softroboticfish6/fish/mbed/LPCExpress/BCU_Test/mbed/TARGET_LPC1768/TOOLCHAIN_GCC_CR/system_LPC17xx.o
                0x00001ab8                SystemInit
 .text.handle_interrupt_in
                0x00001b70      0x118 C:\Users\Cyndia\softroboticfish6\fish\mbed\LPCExpress\BCU_Test\mbed\TARGET_LPC1768\TOOLCHAIN_GCC_CR\libmbed.a(gpio_irq_api.o)
 .text.gpio_irq_init
                0x00001c88       0x70 C:\Users\Cyndia\softroboticfish6\fish\mbed\LPCExpress\BCU_Test\mbed\TARGET_LPC1768\TOOLCHAIN_GCC_CR\libmbed.a(gpio_irq_api.o)
                0x00001c88                gpio_irq_init
 .text.gpio_irq_free
                0x00001cf8       0x10 C:\Users\Cyndia\softroboticfish6\fish\mbed\LPCExpress\BCU_Test\mbed\TARGET_LPC1768\TOOLCHAIN_GCC_CR\libmbed.a(gpio_irq_api.o)
                0x00001cf8                gpio_irq_free
 .text.gpio_irq_set
                0x00001d08       0xd8 C:\Users\Cyndia\softroboticfish6\fish\mbed\LPCExpress\BCU_Test\mbed\TARGET_LPC1768\TOOLCHAIN_GCC_CR\libmbed.a(gpio_irq_api.o)
                0x00001d08                gpio_irq_set
 .text.pwmout_write
                0x00001de0       0x5c C:\Users\Cyndia\softroboticfish6\fish\mbed\LPCExpress\BCU_Test\mbed\TARGET_LPC1768\TOOLCHAIN_GCC_CR\libmbed.a(pwmout_api.o)
                0x00001de0                pwmout_write
 .text.pwmout_period_us
                0x00001e3c       0x44 C:\Users\Cyndia\softroboticfish6\fish\mbed\LPCExpress\BCU_Test\mbed\TARGET_LPC1768\TOOLCHAIN_GCC_CR\libmbed.a(pwmout_api.o)
                0x00001e3c                pwmout_period_us
 .text.pwmout_init
                0x00001e80       0xd8 C:\Users\Cyndia\softroboticfish6\fish\mbed\LPCExpress\BCU_Test\mbed\TARGET_LPC1768\TOOLCHAIN_GCC_CR\libmbed.a(pwmout_api.o)
                0x00001e80                pwmout_init
 .text.uart2_irq
                0x00001f58       0x64 C:\Users\Cyndia\softroboticfish6\fish\mbed\LPCExpress\BCU_Test\mbed\TARGET_LPC1768\TOOLCHAIN_GCC_CR\libmbed.a(serial_api.o)
                0x00001f58                uart2_irq
 .text.serial_irq_set_internal
                0x00001fbc       0xcc C:\Users\Cyndia\softroboticfish6\fish\mbed\LPCExpress\BCU_Test\mbed\TARGET_LPC1768\TOOLCHAIN_GCC_CR\libmbed.a(serial_api.o)
 .text.uart0_irq
                0x00002088       0x64 C:\Users\Cyndia\softroboticfish6\fish\mbed\LPCExpress\BCU_Test\mbed\TARGET_LPC1768\TOOLCHAIN_GCC_CR\libmbed.a(serial_api.o)
                0x00002088                uart0_irq
 .text.uart3_irq
                0x000020ec       0x6c C:\Users\Cyndia\softroboticfish6\fish\mbed\LPCExpress\BCU_Test\mbed\TARGET_LPC1768\TOOLCHAIN_GCC_CR\libmbed.a(serial_api.o)
                0x000020ec                uart3_irq
 .text.uart1_irq
                0x00002158       0x64 C:\Users\Cyndia\softroboticfish6\fish\mbed\LPCExpress\BCU_Test\mbed\TARGET_LPC1768\TOOLCHAIN_GCC_CR\libmbed.a(serial_api.o)
                0x00002158                uart1_irq
 .text.serial_baud
                0x000021bc      0x244 C:\Users\Cyndia\softroboticfish6\fish\mbed\LPCExpress\BCU_Test\mbed\TARGET_LPC1768\TOOLCHAIN_GCC_CR\libmbed.a(serial_api.o)
                0x000021bc                serial_baud
 .text.serial_format
                0x00002400       0x78 C:\Users\Cyndia\softroboticfish6\fish\mbed\LPCExpress\BCU_Test\mbed\TARGET_LPC1768\TOOLCHAIN_GCC_CR\libmbed.a(serial_api.o)
                0x00002400                serial_format
 .text.serial_irq_handler
                0x00002478       0x20 C:\Users\Cyndia\softroboticfish6\fish\mbed\LPCExpress\BCU_Test\mbed\TARGET_LPC1768\TOOLCHAIN_GCC_CR\libmbed.a(serial_api.o)
                0x00002478                serial_irq_handler
 .text.serial_getc
                0x00002498       0x38 C:\Users\Cyndia\softroboticfish6\fish\mbed\LPCExpress\BCU_Test\mbed\TARGET_LPC1768\TOOLCHAIN_GCC_CR\libmbed.a(serial_api.o)
                0x00002498                serial_getc
 .text.serial_writable
                0x000024d0       0x74 C:\Users\Cyndia\softroboticfish6\fish\mbed\LPCExpress\BCU_Test\mbed\TARGET_LPC1768\TOOLCHAIN_GCC_CR\libmbed.a(serial_api.o)
                0x000024d0                serial_writable
 .text.serial_putc
                0x00002544       0x34 C:\Users\Cyndia\softroboticfish6\fish\mbed\LPCExpress\BCU_Test\mbed\TARGET_LPC1768\TOOLCHAIN_GCC_CR\libmbed.a(serial_api.o)
                0x00002544                serial_putc
 .text.serial_set_flow_control
                0x00002578      0x12c C:\Users\Cyndia\softroboticfish6\fish\mbed\LPCExpress\BCU_Test\mbed\TARGET_LPC1768\TOOLCHAIN_GCC_CR\libmbed.a(serial_api.o)
                0x00002578                serial_set_flow_control
 .text.serial_init
                0x000026a4      0x1bc C:\Users\Cyndia\softroboticfish6\fish\mbed\LPCExpress\BCU_Test\mbed\TARGET_LPC1768\TOOLCHAIN_GCC_CR\libmbed.a(serial_api.o)
                0x000026a4                serial_init
 .text._ZN4mbed8FilePathC2EPKc
                0x00002860       0x58 C:\Users\Cyndia\softroboticfish6\fish\mbed\LPCExpress\BCU_Test\mbed\TARGET_LPC1768\TOOLCHAIN_GCC_CR\libmbed.a(FilePath.o)
                0x00002860                mbed::FilePath::FilePath(char const*)
                0x00002860                mbed::FilePath::FilePath(char const*)
 .text._ZN4mbed8FilePath8fileNameEv
                0x000028b8        0x4 C:\Users\Cyndia\softroboticfish6\fish\mbed\LPCExpress\BCU_Test\mbed\TARGET_LPC1768\TOOLCHAIN_GCC_CR\libmbed.a(FilePath.o)
                0x000028b8                mbed::FilePath::fileName()
 .text._ZN4mbed8FilePath10fileSystemEv
                0x000028bc       0x18 C:\Users\Cyndia\softroboticfish6\fish\mbed\LPCExpress\BCU_Test\mbed\TARGET_LPC1768\TOOLCHAIN_GCC_CR\libmbed.a(FilePath.o)
                0x000028bc                mbed::FilePath::fileSystem()
 .text._ZN4mbed8FilePath6isFileEv
                0x000028d4       0x14 C:\Users\Cyndia\softroboticfish6\fish\mbed\LPCExpress\BCU_Test\mbed\TARGET_LPC1768\TOOLCHAIN_GCC_CR\libmbed.a(FilePath.o)
                0x000028d4                mbed::FilePath::isFile()
 .text._ZN4mbed8FilePath4fileEv
                0x000028e8       0x1c C:\Users\Cyndia\softroboticfish6\fish\mbed\LPCExpress\BCU_Test\mbed\TARGET_LPC1768\TOOLCHAIN_GCC_CR\libmbed.a(FilePath.o)
                0x000028e8                mbed::FilePath::file()
 .text._ZN4mbed8FilePath6existsEv
                0x00002904        0xc C:\Users\Cyndia\softroboticfish6\fish\mbed\LPCExpress\BCU_Test\mbed\TARGET_LPC1768\TOOLCHAIN_GCC_CR\libmbed.a(FilePath.o)
                0x00002904                mbed::FilePath::exists()
 .text._ZN4mbed3I2CC2E7PinNameS1_
                0x00002910       0x20 C:\Users\Cyndia\softroboticfish6\fish\mbed\LPCExpress\BCU_Test\mbed\TARGET_LPC1768\TOOLCHAIN_GCC_CR\libmbed.a(I2C.o)
                0x00002910                mbed::I2C::I2C(PinName, PinName)
                0x00002910                mbed::I2C::I2C(PinName, PinName)
 .text._ZN4mbed3I2C6aquireEv
                0x00002930       0x1c C:\Users\Cyndia\softroboticfish6\fish\mbed\LPCExpress\BCU_Test\mbed\TARGET_LPC1768\TOOLCHAIN_GCC_CR\libmbed.a(I2C.o)
                0x00002930                mbed::I2C::aquire()
 .text._ZN4mbed3I2C5writeEiPKcib
                0x0000294c       0x34 C:\Users\Cyndia\softroboticfish6\fish\mbed\LPCExpress\BCU_Test\mbed\TARGET_LPC1768\TOOLCHAIN_GCC_CR\libmbed.a(I2C.o)
                0x0000294c                mbed::I2C::write(int, char const*, int, bool)
 .text._ZN4mbed3I2C4readEiPcib
                0x00002980       0x34 C:\Users\Cyndia\softroboticfish6\fish\mbed\LPCExpress\BCU_Test\mbed\TARGET_LPC1768\TOOLCHAIN_GCC_CR\libmbed.a(I2C.o)
                0x00002980                mbed::I2C::read(int, char*, int, bool)
 .text._ZN4mbed11InterruptInD2Ev
                0x000029b4       0x18 C:\Users\Cyndia\softroboticfish6\fish\mbed\LPCExpress\BCU_Test\mbed\TARGET_LPC1768\TOOLCHAIN_GCC_CR\libmbed.a(InterruptIn.o)
                0x000029b4                mbed::InterruptIn::~InterruptIn()
                0x000029b4                mbed::InterruptIn::~InterruptIn()
 .text._ZN4mbed11InterruptInD0Ev
                0x000029cc       0x1c C:\Users\Cyndia\softroboticfish6\fish\mbed\LPCExpress\BCU_Test\mbed\TARGET_LPC1768\TOOLCHAIN_GCC_CR\libmbed.a(InterruptIn.o)
                0x000029cc                mbed::InterruptIn::~InterruptIn()
 .text._ZN4mbed11InterruptIn12_irq_handlerEm14gpio_irq_event
                0x000029e8       0x44 C:\Users\Cyndia\softroboticfish6\fish\mbed\LPCExpress\BCU_Test\mbed\TARGET_LPC1768\TOOLCHAIN_GCC_CR\libmbed.a(InterruptIn.o)
                0x000029e8                mbed::InterruptIn::_irq_handler(unsigned long, gpio_irq_event)
 .text._ZN4mbed11InterruptInC2E7PinName
                0x00002a2c       0x44 C:\Users\Cyndia\softroboticfish6\fish\mbed\LPCExpress\BCU_Test\mbed\TARGET_LPC1768\TOOLCHAIN_GCC_CR\libmbed.a(InterruptIn.o)
                0x00002a2c                mbed::InterruptIn::InterruptIn(PinName)
                0x00002a2c                mbed::InterruptIn::InterruptIn(PinName)
 .text._ZN4mbed11InterruptIn4readEv
                0x00002a70       0x30 C:\Users\Cyndia\softroboticfish6\fish\mbed\LPCExpress\BCU_Test\mbed\TARGET_LPC1768\TOOLCHAIN_GCC_CR\libmbed.a(InterruptIn.o)
                0x00002a70                mbed::InterruptIn::read()
 .text._ZN4mbed6Serial5_getcEv
                0x00002aa0        0x4 C:\Users\Cyndia\softroboticfish6\fish\mbed\LPCExpress\BCU_Test\mbed\TARGET_LPC1768\TOOLCHAIN_GCC_CR\libmbed.a(Serial.o)
                0x00002aa0                mbed::Serial::_getc()
 .text._ZThn64_N4mbed6Serial5_getcEv
                0x00002aa4        0x8 C:\Users\Cyndia\softroboticfish6\fish\mbed\LPCExpress\BCU_Test\mbed\TARGET_LPC1768\TOOLCHAIN_GCC_CR\libmbed.a(Serial.o)
                0x00002aa4                non-virtual thunk to mbed::Serial::_getc()
 .text._ZN4mbed6Serial5_putcEi
                0x00002aac        0x4 C:\Users\Cyndia\softroboticfish6\fish\mbed\LPCExpress\BCU_Test\mbed\TARGET_LPC1768\TOOLCHAIN_GCC_CR\libmbed.a(Serial.o)
                0x00002aac                mbed::Serial::_putc(int)
 .text._ZThn64_N4mbed6Serial5_putcEi
                0x00002ab0        0x8 C:\Users\Cyndia\softroboticfish6\fish\mbed\LPCExpress\BCU_Test\mbed\TARGET_LPC1768\TOOLCHAIN_GCC_CR\libmbed.a(Serial.o)
                0x00002ab0                non-virtual thunk to mbed::Serial::_putc(int)
 .text._ZN4mbed6SerialC2E7PinNameS1_PKc
                0x00002ab8       0x30 C:\Users\Cyndia\softroboticfish6\fish\mbed\LPCExpress\BCU_Test\mbed\TARGET_LPC1768\TOOLCHAIN_GCC_CR\libmbed.a(Serial.o)
                0x00002ab8                mbed::Serial::Serial(PinName, PinName, char const*)
                0x00002ab8                mbed::Serial::Serial(PinName, PinName, char const*)
 .text._ZN4mbed10SerialBase12_irq_handlerEm9SerialIrq
                0x00002ae8       0x28 C:\Users\Cyndia\softroboticfish6\fish\mbed\LPCExpress\BCU_Test\mbed\TARGET_LPC1768\TOOLCHAIN_GCC_CR\libmbed.a(SerialBase.o)
                0x00002ae8                mbed::SerialBase::_irq_handler(unsigned long, SerialIrq)
 .text._ZN4mbed10SerialBaseC2E7PinNameS1_
                0x00002b10       0x3c C:\Users\Cyndia\softroboticfish6\fish\mbed\LPCExpress\BCU_Test\mbed\TARGET_LPC1768\TOOLCHAIN_GCC_CR\libmbed.a(SerialBase.o)
                0x00002b10                mbed::SerialBase::SerialBase(PinName, PinName)
                0x00002b10                mbed::SerialBase::SerialBase(PinName, PinName)
 .text._ZN4mbed10SerialBase4baudEi
                0x00002b4c       0x10 C:\Users\Cyndia\softroboticfish6\fish\mbed\LPCExpress\BCU_Test\mbed\TARGET_LPC1768\TOOLCHAIN_GCC_CR\libmbed.a(SerialBase.o)
                0x00002b4c                mbed::SerialBase::baud(int)
 .text._ZN4mbed10SerialBase10_base_getcEv
                0x00002b5c        0x8 C:\Users\Cyndia\softroboticfish6\fish\mbed\LPCExpress\BCU_Test\mbed\TARGET_LPC1768\TOOLCHAIN_GCC_CR\libmbed.a(SerialBase.o)
                0x00002b5c                mbed::SerialBase::_base_getc()
 .text._ZN4mbed10SerialBase10_base_putcEi
                0x00002b64       0x10 C:\Users\Cyndia\softroboticfish6\fish\mbed\LPCExpress\BCU_Test\mbed\TARGET_LPC1768\TOOLCHAIN_GCC_CR\libmbed.a(SerialBase.o)
                0x00002b64                mbed::SerialBase::_base_putc(int)
 .text._ZN4mbed6Ticker7handlerEv
                0x00002b74       0x28 C:\Users\Cyndia\softroboticfish6\fish\mbed\LPCExpress\BCU_Test\mbed\TARGET_LPC1768\TOOLCHAIN_GCC_CR\libmbed.a(Ticker.o)
                0x00002b74                mbed::Ticker::handler()
 .text._ZN4mbed6Ticker6detachEv
                0x00002b9c       0x10 C:\Users\Cyndia\softroboticfish6\fish\mbed\LPCExpress\BCU_Test\mbed\TARGET_LPC1768\TOOLCHAIN_GCC_CR\libmbed.a(Ticker.o)
                0x00002b9c                mbed::Ticker::detach()
 .text._ZN4mbed6Ticker5setupEm
                0x00002bac       0x20 C:\Users\Cyndia\softroboticfish6\fish\mbed\LPCExpress\BCU_Test\mbed\TARGET_LPC1768\TOOLCHAIN_GCC_CR\libmbed.a(Ticker.o)
                0x00002bac                mbed::Ticker::setup(unsigned long)
 .text._ZN4mbed6Stream5closeEv
                0x00002bcc        0x4 C:\Users\Cyndia\softroboticfish6\fish\mbed\LPCExpress\BCU_Test\mbed\TARGET_LPC1768\TOOLCHAIN_GCC_CR\libmbed.a(Stream.o)
                0x00002bcc                mbed::Stream::close()
 .text._ZN4mbed6Stream5writeEPKvj
                0x00002bd0       0x30 C:\Users\Cyndia\softroboticfish6\fish\mbed\LPCExpress\BCU_Test\mbed\TARGET_LPC1768\TOOLCHAIN_GCC_CR\libmbed.a(Stream.o)
                0x00002bd0                mbed::Stream::write(void const*, unsigned int)
 .text._ZN4mbed6Stream4readEPvj
                0x00002c00       0x30 C:\Users\Cyndia\softroboticfish6\fish\mbed\LPCExpress\BCU_Test\mbed\TARGET_LPC1768\TOOLCHAIN_GCC_CR\libmbed.a(Stream.o)
                0x00002c00                mbed::Stream::read(void*, unsigned int)
 .text._ZN4mbed6Stream5lseekEli
                0x00002c30        0x4 C:\Users\Cyndia\softroboticfish6\fish\mbed\LPCExpress\BCU_Test\mbed\TARGET_LPC1768\TOOLCHAIN_GCC_CR\libmbed.a(Stream.o)
                0x00002c30                mbed::Stream::lseek(long, int)
 .text._ZN4mbed6Stream6isattyEv
                0x00002c34        0x4 C:\Users\Cyndia\softroboticfish6\fish\mbed\LPCExpress\BCU_Test\mbed\TARGET_LPC1768\TOOLCHAIN_GCC_CR\libmbed.a(Stream.o)
                0x00002c34                mbed::Stream::isatty()
 .text._ZN4mbed6Stream5fsyncEv
                0x00002c38        0x4 C:\Users\Cyndia\softroboticfish6\fish\mbed\LPCExpress\BCU_Test\mbed\TARGET_LPC1768\TOOLCHAIN_GCC_CR\libmbed.a(Stream.o)
                0x00002c38                mbed::Stream::fsync()
 .text._ZN4mbed6Stream4flenEv
                0x00002c3c        0x4 C:\Users\Cyndia\softroboticfish6\fish\mbed\LPCExpress\BCU_Test\mbed\TARGET_LPC1768\TOOLCHAIN_GCC_CR\libmbed.a(Stream.o)
                0x00002c3c                mbed::Stream::flen()
 .text._ZN4mbed6StreamD2Ev
                0x00002c40       0x24 C:\Users\Cyndia\softroboticfish6\fish\mbed\LPCExpress\BCU_Test\mbed\TARGET_LPC1768\TOOLCHAIN_GCC_CR\libmbed.a(Stream.o)
                0x00002c40                mbed::Stream::~Stream()
                0x00002c40                mbed::Stream::~Stream()
 .text._ZThn4_N4mbed6StreamD1Ev
                0x00002c64        0x8 C:\Users\Cyndia\softroboticfish6\fish\mbed\LPCExpress\BCU_Test\mbed\TARGET_LPC1768\TOOLCHAIN_GCC_CR\libmbed.a(Stream.o)
                0x00002c64                non-virtual thunk to mbed::Stream::~Stream()
 .text._ZN4mbed6StreamD0Ev
                0x00002c6c       0x14 C:\Users\Cyndia\softroboticfish6\fish\mbed\LPCExpress\BCU_Test\mbed\TARGET_LPC1768\TOOLCHAIN_GCC_CR\libmbed.a(Stream.o)
                0x00002c6c                mbed::Stream::~Stream()
 .text._ZThn4_N4mbed6StreamD0Ev
                0x00002c80        0x8 C:\Users\Cyndia\softroboticfish6\fish\mbed\LPCExpress\BCU_Test\mbed\TARGET_LPC1768\TOOLCHAIN_GCC_CR\libmbed.a(Stream.o)
                0x00002c80                non-virtual thunk to mbed::Stream::~Stream()
 .text._ZN4mbed6StreamC2EPKc
                0x00002c88       0x44 C:\Users\Cyndia\softroboticfish6\fish\mbed\LPCExpress\BCU_Test\mbed\TARGET_LPC1768\TOOLCHAIN_GCC_CR\libmbed.a(Stream.o)
                0x00002c88                mbed::Stream::Stream(char const*)
                0x00002c88                mbed::Stream::Stream(char const*)
 .text._ZN4mbed6Stream6printfEPKcz
                0x00002ccc       0x2c C:\Users\Cyndia\softroboticfish6\fish\mbed\LPCExpress\BCU_Test\mbed\TARGET_LPC1768\TOOLCHAIN_GCC_CR\libmbed.a(Stream.o)
                0x00002ccc                mbed::Stream::printf(char const*, ...)
 .text._ZN4mbed6Stream5scanfEPKcz
                0x00002cf8       0x2c C:\Users\Cyndia\softroboticfish6\fish\mbed\LPCExpress\BCU_Test\mbed\TARGET_LPC1768\TOOLCHAIN_GCC_CR\libmbed.a(Stream.o)
                0x00002cf8                mbed::Stream::scanf(char const*, ...)
 .text._ZN4mbed5Timer9slicetimeEv.part.0
                0x00002d24       0x10 C:\Users\Cyndia\softroboticfish6\fish\mbed\LPCExpress\BCU_Test\mbed\TARGET_LPC1768\TOOLCHAIN_GCC_CR\libmbed.a(Timer.o)
 .text._ZN4mbed5TimerC2Ev
                0x00002d34       0x20 C:\Users\Cyndia\softroboticfish6\fish\mbed\LPCExpress\BCU_Test\mbed\TARGET_LPC1768\TOOLCHAIN_GCC_CR\libmbed.a(Timer.o)
                0x00002d34                mbed::Timer::Timer()
                0x00002d34                mbed::Timer::Timer()
 .text._ZN4mbed5Timer5startEv
                0x00002d54       0x18 C:\Users\Cyndia\softroboticfish6\fish\mbed\LPCExpress\BCU_Test\mbed\TARGET_LPC1768\TOOLCHAIN_GCC_CR\libmbed.a(Timer.o)
                0x00002d54                mbed::Timer::start()
 .text._ZN4mbed5Timer4readEv
                0x00002d6c       0x20 C:\Users\Cyndia\softroboticfish6\fish\mbed\LPCExpress\BCU_Test\mbed\TARGET_LPC1768\TOOLCHAIN_GCC_CR\libmbed.a(Timer.o)
                0x00002d6c                mbed::Timer::read()
 .text.mbed_assert_internal
                0x00002d8c       0x18 C:\Users\Cyndia\softroboticfish6\fish\mbed\LPCExpress\BCU_Test\mbed\TARGET_LPC1768\TOOLCHAIN_GCC_CR\libmbed.a(assert.o)
                0x00002d8c                mbed_assert_internal
 .text._ZN4mbed10TimerEvent3irqEm
                0x00002da4        0xc C:\Users\Cyndia\softroboticfish6\fish\mbed\LPCExpress\BCU_Test\mbed\TARGET_LPC1768\TOOLCHAIN_GCC_CR\libmbed.a(TimerEvent.o)
                0x00002da4                mbed::TimerEvent::irq(unsigned long)
 .text._ZN4mbed10TimerEventD2Ev
                0x00002db0       0x18 C:\Users\Cyndia\softroboticfish6\fish\mbed\LPCExpress\BCU_Test\mbed\TARGET_LPC1768\TOOLCHAIN_GCC_CR\libmbed.a(TimerEvent.o)
                0x00002db0                mbed::TimerEvent::~TimerEvent()
                0x00002db0                mbed::TimerEvent::~TimerEvent()
 .text._ZN4mbed10TimerEventD0Ev
                0x00002dc8       0x20 C:\Users\Cyndia\softroboticfish6\fish\mbed\LPCExpress\BCU_Test\mbed\TARGET_LPC1768\TOOLCHAIN_GCC_CR\libmbed.a(TimerEvent.o)
                0x00002dc8                mbed::TimerEvent::~TimerEvent()
 .text._ZN4mbed10TimerEventC2Ev
                0x00002de8       0x28 C:\Users\Cyndia\softroboticfish6\fish\mbed\LPCExpress\BCU_Test\mbed\TARGET_LPC1768\TOOLCHAIN_GCC_CR\libmbed.a(TimerEvent.o)
                0x00002de8                mbed::TimerEvent::TimerEvent()
                0x00002de8                mbed::TimerEvent::TimerEvent()
 .text._ZN4mbed10TimerEvent6insertEm
                0x00002e10        0xc C:\Users\Cyndia\softroboticfish6\fish\mbed\LPCExpress\BCU_Test\mbed\TARGET_LPC1768\TOOLCHAIN_GCC_CR\libmbed.a(TimerEvent.o)
                0x00002e10                mbed::TimerEvent::insert(unsigned long)
 .text._ZN4mbed10TimerEvent6removeEv
                0x00002e1c        0xc C:\Users\Cyndia\softroboticfish6\fish\mbed\LPCExpress\BCU_Test\mbed\TARGET_LPC1768\TOOLCHAIN_GCC_CR\libmbed.a(TimerEvent.o)
                0x00002e1c                mbed::TimerEvent::remove()
 .text.error    0x00002e28       0x24 C:\Users\Cyndia\softroboticfish6\fish\mbed\LPCExpress\BCU_Test\mbed\TARGET_LPC1768\TOOLCHAIN_GCC_CR\libmbed.a(error.o)
                0x00002e28                error
 .text.gpio_init_in
                0x00002e4c       0x24 C:\Users\Cyndia\softroboticfish6\fish\mbed\LPCExpress\BCU_Test\mbed\TARGET_LPC1768\TOOLCHAIN_GCC_CR\libmbed.a(gpio.o)
                0x00002e4c                gpio_init_in
 .text.gpio_init_out
                0x00002e70       0x44 C:\Users\Cyndia\softroboticfish6\fish\mbed\LPCExpress\BCU_Test\mbed\TARGET_LPC1768\TOOLCHAIN_GCC_CR\libmbed.a(gpio.o)
                0x00002e70                gpio_init_out
 .text.gpio_init_out_ex
                0x00002eb4       0x54 C:\Users\Cyndia\softroboticfish6\fish\mbed\LPCExpress\BCU_Test\mbed\TARGET_LPC1768\TOOLCHAIN_GCC_CR\libmbed.a(gpio.o)
                0x00002eb4                gpio_init_out_ex
 .text.mbed_interface_connected
                0x00002f08        0x4 C:\Users\Cyndia\softroboticfish6\fish\mbed\LPCExpress\BCU_Test\mbed\TARGET_LPC1768\TOOLCHAIN_GCC_CR\libmbed.a(mbed_interface.o)
                0x00002f08                mbed_interface_connected
 .text.pinmap_pinout
                0x00002f0c       0x40 C:\Users\Cyndia\softroboticfish6\fish\mbed\LPCExpress\BCU_Test\mbed\TARGET_LPC1768\TOOLCHAIN_GCC_CR\libmbed.a(pinmap_common.o)
                0x00002f0c                pinmap_pinout
 .text.pinmap_merge
                0x00002f4c       0x24 C:\Users\Cyndia\softroboticfish6\fish\mbed\LPCExpress\BCU_Test\mbed\TARGET_LPC1768\TOOLCHAIN_GCC_CR\libmbed.a(pinmap_common.o)
                0x00002f4c                pinmap_merge
 .text.pinmap_find_peripheral
                0x00002f70       0x1c C:\Users\Cyndia\softroboticfish6\fish\mbed\LPCExpress\BCU_Test\mbed\TARGET_LPC1768\TOOLCHAIN_GCC_CR\libmbed.a(pinmap_common.o)
                0x00002f70                pinmap_find_peripheral
 .text.pinmap_peripheral
                0x00002f8c       0x34 C:\Users\Cyndia\softroboticfish6\fish\mbed\LPCExpress\BCU_Test\mbed\TARGET_LPC1768\TOOLCHAIN_GCC_CR\libmbed.a(pinmap_common.o)
                0x00002f8c                pinmap_peripheral
 .text.semihost_exit
                0x00002fc0       0x18 C:\Users\Cyndia\softroboticfish6\fish\mbed\LPCExpress\BCU_Test\mbed\TARGET_LPC1768\TOOLCHAIN_GCC_CR\libmbed.a(semihost_api.o)
                0x00002fc0                semihost_exit
 .text.semihost_connected
                0x00002fd8       0x10 C:\Users\Cyndia\softroboticfish6\fish\mbed\LPCExpress\BCU_Test\mbed\TARGET_LPC1768\TOOLCHAIN_GCC_CR\libmbed.a(semihost_api.o)
                0x00002fd8                semihost_connected
 .text.ticker_set_handler
                0x00002fe8       0x14 C:\Users\Cyndia\softroboticfish6\fish\mbed\LPCExpress\BCU_Test\mbed\TARGET_LPC1768\TOOLCHAIN_GCC_CR\libmbed.a(ticker_api.o)
                0x00002fe8                ticker_set_handler
 .text.ticker_irq_handler
                0x00002ffc       0x48 C:\Users\Cyndia\softroboticfish6\fish\mbed\LPCExpress\BCU_Test\mbed\TARGET_LPC1768\TOOLCHAIN_GCC_CR\libmbed.a(ticker_api.o)
                0x00002ffc                ticker_irq_handler
 .text.ticker_insert_event
                0x00003044       0x48 C:\Users\Cyndia\softroboticfish6\fish\mbed\LPCExpress\BCU_Test\mbed\TARGET_LPC1768\TOOLCHAIN_GCC_CR\libmbed.a(ticker_api.o)
                0x00003044                ticker_insert_event
 .text.ticker_remove_event
                0x0000308c       0x48 C:\Users\Cyndia\softroboticfish6\fish\mbed\LPCExpress\BCU_Test\mbed\TARGET_LPC1768\TOOLCHAIN_GCC_CR\libmbed.a(ticker_api.o)
                0x0000308c                ticker_remove_event
 .text.ticker_read
                0x000030d4        0xc C:\Users\Cyndia\softroboticfish6\fish\mbed\LPCExpress\BCU_Test\mbed\TARGET_LPC1768\TOOLCHAIN_GCC_CR\libmbed.a(ticker_api.o)
                0x000030d4                ticker_read
 .text.get_us_ticker_data
                0x000030e0        0x8 C:\Users\Cyndia\softroboticfish6\fish\mbed\LPCExpress\BCU_Test\mbed\TARGET_LPC1768\TOOLCHAIN_GCC_CR\libmbed.a(us_ticker_api.o)
                0x000030e0                get_us_ticker_data
 .text.us_ticker_irq_handler
                0x000030e8        0xc C:\Users\Cyndia\softroboticfish6\fish\mbed\LPCExpress\BCU_Test\mbed\TARGET_LPC1768\TOOLCHAIN_GCC_CR\libmbed.a(us_ticker_api.o)
                0x000030e8                us_ticker_irq_handler
 .text.wait_us  0x000030f4       0x18 C:\Users\Cyndia\softroboticfish6\fish\mbed\LPCExpress\BCU_Test\mbed\TARGET_LPC1768\TOOLCHAIN_GCC_CR\libmbed.a(wait_api.o)
                0x000030f4                wait_us
 .text.wait_ms  0x0000310c        0xc C:\Users\Cyndia\softroboticfish6\fish\mbed\LPCExpress\BCU_Test\mbed\TARGET_LPC1768\TOOLCHAIN_GCC_CR\libmbed.a(wait_api.o)
                0x0000310c                wait_ms
 .text.gpio_set
                0x00003118       0x30 C:\Users\Cyndia\softroboticfish6\fish\mbed\LPCExpress\BCU_Test\mbed\TARGET_LPC1768\TOOLCHAIN_GCC_CR\libmbed.a(gpio_api.o)
                0x00003118                gpio_set
 .text.gpio_init
                0x00003148       0x30 C:\Users\Cyndia\softroboticfish6\fish\mbed\LPCExpress\BCU_Test\mbed\TARGET_LPC1768\TOOLCHAIN_GCC_CR\libmbed.a(gpio_api.o)
                0x00003148                gpio_init
 .text.gpio_mode
                0x00003178        0x8 C:\Users\Cyndia\softroboticfish6\fish\mbed\LPCExpress\BCU_Test\mbed\TARGET_LPC1768\TOOLCHAIN_GCC_CR\libmbed.a(gpio_api.o)
                0x00003178                gpio_mode
 .text.gpio_dir
                0x00003180       0x44 C:\Users\Cyndia\softroboticfish6\fish\mbed\LPCExpress\BCU_Test\mbed\TARGET_LPC1768\TOOLCHAIN_GCC_CR\libmbed.a(gpio_api.o)
                0x00003180                gpio_dir
 .text.pin_function
                0x000031c4       0x50 C:\Users\Cyndia\softroboticfish6\fish\mbed\LPCExpress\BCU_Test\mbed\TARGET_LPC1768\TOOLCHAIN_GCC_CR\libmbed.a(pinmap.o)
                0x000031c4                pin_function
 .text.pin_mode
                0x00003214       0x78 C:\Users\Cyndia\softroboticfish6\fish\mbed\LPCExpress\BCU_Test\mbed\TARGET_LPC1768\TOOLCHAIN_GCC_CR\libmbed.a(pinmap.o)
                0x00003214                pin_mode
 .text.i2c_init
                0x0000328c       0xd0 C:\Users\Cyndia\softroboticfish6\fish\mbed\LPCExpress\BCU_Test\mbed\TARGET_LPC1768\TOOLCHAIN_GCC_CR\libmbed.a(i2c_api.o)
                0x0000328c                i2c_init
 .text.i2c_frequency
                0x0000335c       0x18 C:\Users\Cyndia\softroboticfish6\fish\mbed\LPCExpress\BCU_Test\mbed\TARGET_LPC1768\TOOLCHAIN_GCC_CR\libmbed.a(i2c_api.o)
                0x0000335c                i2c_frequency
 .text.i2c_read
                0x00003374      0x158 C:\Users\Cyndia\softroboticfish6\fish\mbed\LPCExpress\BCU_Test\mbed\TARGET_LPC1768\TOOLCHAIN_GCC_CR\libmbed.a(i2c_api.o)
                0x00003374                i2c_read
 .text.i2c_write
                0x000034cc       0xe4 C:\Users\Cyndia\softroboticfish6\fish\mbed\LPCExpress\BCU_Test\mbed\TARGET_LPC1768\TOOLCHAIN_GCC_CR\libmbed.a(i2c_api.o)
                0x000034cc                i2c_write
 .text.us_ticker_init
                0x000035b0       0x68 C:\Users\Cyndia\softroboticfish6\fish\mbed\LPCExpress\BCU_Test\mbed\TARGET_LPC1768\TOOLCHAIN_GCC_CR\libmbed.a(us_ticker.o)
                0x000035b0                us_ticker_init
 .text.us_ticker_read
                0x00003618       0x1c C:\Users\Cyndia\softroboticfish6\fish\mbed\LPCExpress\BCU_Test\mbed\TARGET_LPC1768\TOOLCHAIN_GCC_CR\libmbed.a(us_ticker.o)
                0x00003618                us_ticker_read
 .text.us_ticker_set_interrupt
                0x00003634       0x14 C:\Users\Cyndia\softroboticfish6\fish\mbed\LPCExpress\BCU_Test\mbed\TARGET_LPC1768\TOOLCHAIN_GCC_CR\libmbed.a(us_ticker.o)
                0x00003634                us_ticker_set_interrupt
 .text.us_ticker_disable_interrupt
                0x00003648       0x10 C:\Users\Cyndia\softroboticfish6\fish\mbed\LPCExpress\BCU_Test\mbed\TARGET_LPC1768\TOOLCHAIN_GCC_CR\libmbed.a(us_ticker.o)
                0x00003648                us_ticker_disable_interrupt
 .text.us_ticker_clear_interrupt
                0x00003658        0xc C:\Users\Cyndia\softroboticfish6\fish\mbed\LPCExpress\BCU_Test\mbed\TARGET_LPC1768\TOOLCHAIN_GCC_CR\libmbed.a(us_ticker.o)
                0x00003658                us_ticker_clear_interrupt
 .text._ZN4mbed8FileBaseD2Ev
                0x00003664       0x30 C:\Users\Cyndia\softroboticfish6\fish\mbed\LPCExpress\BCU_Test\mbed\TARGET_LPC1768\TOOLCHAIN_GCC_CR\libmbed.a(FileBase.o)
                0x00003664                mbed::FileBase::~FileBase()
                0x00003664                mbed::FileBase::~FileBase()
 .text._ZN4mbed8FileBaseD0Ev
                0x00003694       0x3c C:\Users\Cyndia\softroboticfish6\fish\mbed\LPCExpress\BCU_Test\mbed\TARGET_LPC1768\TOOLCHAIN_GCC_CR\libmbed.a(FileBase.o)
                0x00003694                mbed::FileBase::~FileBase()
 .text._ZN4mbed8FileBaseC2EPKcNS_8PathTypeE
                0x000036d0       0x28 C:\Users\Cyndia\softroboticfish6\fish\mbed\LPCExpress\BCU_Test\mbed\TARGET_LPC1768\TOOLCHAIN_GCC_CR\libmbed.a(FileBase.o)
                0x000036d0                mbed::FileBase::FileBase(char const*, mbed::PathType)
                0x000036d0                mbed::FileBase::FileBase(char const*, mbed::PathType)
 .text._ZN4mbed8FileBase6lookupEPKcj
                0x000036f8       0x3c C:\Users\Cyndia\softroboticfish6\fish\mbed\LPCExpress\BCU_Test\mbed\TARGET_LPC1768\TOOLCHAIN_GCC_CR\libmbed.a(FileBase.o)
                0x000036f8                mbed::FileBase::lookup(char const*, unsigned int)
 .text._ZN4mbed8FileBase11getPathTypeEv
                0x00003734        0x4 C:\Users\Cyndia\softroboticfish6\fish\mbed\LPCExpress\BCU_Test\mbed\TARGET_LPC1768\TOOLCHAIN_GCC_CR\libmbed.a(FileBase.o)
                0x00003734                mbed::FileBase::getPathType()
 .text._ZN4mbed8FileLikeD2Ev
                0x00003738       0x24 C:\Users\Cyndia\softroboticfish6\fish\mbed\LPCExpress\BCU_Test\mbed\TARGET_LPC1768\TOOLCHAIN_GCC_CR\libmbed.a(FileLike.o)
                0x00003738                mbed::FileLike::~FileLike()
                0x00003738                mbed::FileLike::~FileLike()
 .text._ZThn4_N4mbed8FileLikeD1Ev
                0x0000375c        0x8 C:\Users\Cyndia\softroboticfish6\fish\mbed\LPCExpress\BCU_Test\mbed\TARGET_LPC1768\TOOLCHAIN_GCC_CR\libmbed.a(FileLike.o)
                0x0000375c                non-virtual thunk to mbed::FileLike::~FileLike()
 .text._ZN4mbed8FileLikeD0Ev
                0x00003764       0x2c C:\Users\Cyndia\softroboticfish6\fish\mbed\LPCExpress\BCU_Test\mbed\TARGET_LPC1768\TOOLCHAIN_GCC_CR\libmbed.a(FileLike.o)
                0x00003764                mbed::FileLike::~FileLike()
 .text._ZThn4_N4mbed8FileLikeD0Ev
                0x00003790        0x8 C:\Users\Cyndia\softroboticfish6\fish\mbed\LPCExpress\BCU_Test\mbed\TARGET_LPC1768\TOOLCHAIN_GCC_CR\libmbed.a(FileLike.o)
                0x00003790                non-virtual thunk to mbed::FileLike::~FileLike()
 .text._ZN4mbed8FileLikeC2EPKc
                0x00003798       0x28 C:\Users\Cyndia\softroboticfish6\fish\mbed\LPCExpress\BCU_Test\mbed\TARGET_LPC1768\TOOLCHAIN_GCC_CR\libmbed.a(FileLike.o)
                0x00003798                mbed::FileLike::FileLike(char const*)
                0x00003798                mbed::FileLike::FileLike(char const*)
 .text          0x000037c0      0x370 c:/nxp/lpcxpresso_8.0.0_526/lpcxpresso/tools/bin/../lib/gcc/arm-none-eabi/4.9.3/armv7-m\libgcc.a(_arm_addsubdf3.o)
                0x000037c0                __aeabi_drsub
                0x000037c8                __aeabi_dsub
                0x000037c8                __subdf3
                0x000037cc                __aeabi_dadd
                0x000037cc                __adddf3
                0x00003a44                __floatunsidf
                0x00003a44                __aeabi_ui2d
                0x00003a64                __floatsidf
                0x00003a64                __aeabi_i2d
                0x00003a88                __aeabi_f2d
                0x00003a88                __extendsfdf2
                0x00003ac4                __floatundidf
                0x00003ac4                __aeabi_ul2d
                0x00003ad4                __floatdidf
                0x00003ad4                __aeabi_l2d
 .text          0x00003b30      0x424 c:/nxp/lpcxpresso_8.0.0_526/lpcxpresso/tools/bin/../lib/gcc/arm-none-eabi/4.9.3/armv7-m\libgcc.a(_arm_muldivdf3.o)
                0x00003b30                __aeabi_dmul
                0x00003b30                __muldf3
                0x00003d84                __divdf3
                0x00003d84                __aeabi_ddiv
 .text          0x00003f54      0x110 c:/nxp/lpcxpresso_8.0.0_526/lpcxpresso/tools/bin/../lib/gcc/arm-none-eabi/4.9.3/armv7-m\libgcc.a(_arm_cmpdf2.o)
                0x00003f54                __gtdf2
                0x00003f54                __gedf2
                0x00003f5c                __ltdf2
                0x00003f5c                __ledf2
                0x00003f64                __nedf2
                0x00003f64                __eqdf2
                0x00003f64                __cmpdf2
                0x00003fe0                __aeabi_cdrcmple
                0x00003ff0                __aeabi_cdcmpeq
                0x00003ff0                __aeabi_cdcmple
                0x00004000                __aeabi_dcmpeq
                0x00004014                __aeabi_dcmplt
                0x00004028                __aeabi_dcmple
                0x0000403c                __aeabi_dcmpge
                0x00004050                __aeabi_dcmpgt
 .text          0x00004064       0xa0 c:/nxp/lpcxpresso_8.0.0_526/lpcxpresso/tools/bin/../lib/gcc/arm-none-eabi/4.9.3/armv7-m\libgcc.a(_arm_truncdfsf2.o)
                0x00004064                __truncdfsf2
                0x00004064                __aeabi_d2f
 .text          0x00004104      0x21c c:/nxp/lpcxpresso_8.0.0_526/lpcxpresso/tools/bin/../lib/gcc/arm-none-eabi/4.9.3/armv7-m\libgcc.a(_arm_addsubsf3.o)
                0x00004104                __aeabi_frsub
                0x0000410c                __subsf3
                0x0000410c                __aeabi_fsub
                0x00004110                __aeabi_fadd
                0x00004110                __addsf3
                0x00004270                __aeabi_ui2f
                0x00004270                __floatunsisf
                0x00004278                __aeabi_i2f
                0x00004278                __floatsisf
                0x00004294                __aeabi_ul2f
                0x00004294                __floatundisf
                0x000042a4                __aeabi_l2f
                0x000042a4                __floatdisf
 .text          0x00004320      0x2a0 c:/nxp/lpcxpresso_8.0.0_526/lpcxpresso/tools/bin/../lib/gcc/arm-none-eabi/4.9.3/armv7-m\libgcc.a(_arm_muldivsf3.o)
                0x00004320                __mulsf3
                0x00004320                __aeabi_fmul
                0x00004488                __aeabi_fdiv
                0x00004488                __divsf3
 .text          0x000045c0       0xec c:/nxp/lpcxpresso_8.0.0_526/lpcxpresso/tools/bin/../lib/gcc/arm-none-eabi/4.9.3/armv7-m\libgcc.a(_arm_cmpsf2.o)
                0x000045c0                __gesf2
                0x000045c0                __gtsf2
                0x000045c8                __lesf2
                0x000045c8                __ltsf2
                0x000045d0                __nesf2
                0x000045d0                __eqsf2
                0x000045d0                __cmpsf2
                0x00004630                __aeabi_cfrcmple
                0x00004638                __aeabi_cfcmpeq
                0x00004638                __aeabi_cfcmple
                0x00004648                __aeabi_fcmpeq
                0x0000465c                __aeabi_fcmplt
                0x00004670                __aeabi_fcmple
                0x00004684                __aeabi_fcmpge
                0x00004698                __aeabi_fcmpgt
 .text          0x000046ac       0x40 c:/nxp/lpcxpresso_8.0.0_526/lpcxpresso/tools/bin/../lib/gcc/arm-none-eabi/4.9.3/armv7-m\libgcc.a(_arm_fixunssfsi.o)
                0x000046ac                __fixunssfsi
                0x000046ac                __aeabi_f2uiz
 .text          0x000046ec       0x30 c:/nxp/lpcxpresso_8.0.0_526/lpcxpresso/tools/bin/../lib/gcc/arm-none-eabi/4.9.3/armv7-m\libgcc.a(_aeabi_uldivmod.o)
                0x000046ec                __aeabi_uldivmod
 .text          0x0000471c       0x60 c:/nxp/lpcxpresso_8.0.0_526/lpcxpresso/tools/bin/../lib/gcc/arm-none-eabi/4.9.3/armv7-m\libgcc.a(bpabi.o)
                0x0000471c                __gnu_ldivmod_helper
                0x0000474c                __gnu_uldivmod_helper
 .text          0x0000477c        0x4 c:/nxp/lpcxpresso_8.0.0_526/lpcxpresso/tools/bin/../lib/gcc/arm-none-eabi/4.9.3/armv7-m\libgcc.a(_dvmd_tls.o)
                0x0000477c                __aeabi_idiv0
                0x0000477c                __aeabi_ldiv0
 .text          0x00004780      0x2ac c:/nxp/lpcxpresso_8.0.0_526/lpcxpresso/tools/bin/../lib/gcc/arm-none-eabi/4.9.3/armv7-m\libgcc.a(_divdi3.o)
                0x00004780                __divdi3
 .text          0x00004a2c      0x270 c:/nxp/lpcxpresso_8.0.0_526/lpcxpresso/tools/bin/../lib/gcc/arm-none-eabi/4.9.3/armv7-m\libgcc.a(_udivdi3.o)
                0x00004a2c                __udivdi3
 .text.abs      0x00004c9c        0x8 c:/nxp/lpcxpresso_8.0.0_526/lpcxpresso/tools/bin/../lib/gcc/arm-none-eabi/4.9.3/../../../../arm-none-eabi/lib/armv7-m\libc.a(lib_a-abs.o)
                0x00004c9c                abs
 .text.__errno  0x00004ca4        0xc c:/nxp/lpcxpresso_8.0.0_526/lpcxpresso/tools/bin/../lib/gcc/arm-none-eabi/4.9.3/../../../../arm-none-eabi/lib/armv7-m\libc.a(lib_a-errno.o)
                0x00004ca4                __errno
 .text._fclose_r
                0x00004cb0       0x84 c:/nxp/lpcxpresso_8.0.0_526/lpcxpresso/tools/bin/../lib/gcc/arm-none-eabi/4.9.3/../../../../arm-none-eabi/lib/armv7-m\libc.a(lib_a-fclose.o)
                0x00004cb0                _fclose_r
 .text.fclose   0x00004d34       0x10 c:/nxp/lpcxpresso_8.0.0_526/lpcxpresso/tools/bin/../lib/gcc/arm-none-eabi/4.9.3/../../../../arm-none-eabi/lib/armv7-m\libc.a(lib_a-fclose.o)
                0x00004d34                fclose
 .text.__sflush_r
                0x00004d44      0x148 c:/nxp/lpcxpresso_8.0.0_526/lpcxpresso/tools/bin/../lib/gcc/arm-none-eabi/4.9.3/../../../../arm-none-eabi/lib/armv7-m\libc.a(lib_a-fflush.o)
                0x00004d44                __sflush_r
 .text._fflush_r
                0x00004e8c       0x2c c:/nxp/lpcxpresso_8.0.0_526/lpcxpresso/tools/bin/../lib/gcc/arm-none-eabi/4.9.3/../../../../arm-none-eabi/lib/armv7-m\libc.a(lib_a-fflush.o)
                0x00004e8c                _fflush_r
 .text.fflush   0x00004eb8       0x24 c:/nxp/lpcxpresso_8.0.0_526/lpcxpresso/tools/bin/../lib/gcc/arm-none-eabi/4.9.3/../../../../arm-none-eabi/lib/armv7-m\libc.a(lib_a-fflush.o)
                0x00004eb8                fflush
 .text._cleanup_r
                0x00004edc        0xc c:/nxp/lpcxpresso_8.0.0_526/lpcxpresso/tools/bin/../lib/gcc/arm-none-eabi/4.9.3/../../../../arm-none-eabi/lib/armv7-m\libc.a(lib_a-findfp.o)
                0x00004edc                _cleanup_r
 .text.__sinit.part.1
                0x00004ee8       0xf0 c:/nxp/lpcxpresso_8.0.0_526/lpcxpresso/tools/bin/../lib/gcc/arm-none-eabi/4.9.3/../../../../arm-none-eabi/lib/armv7-m\libc.a(lib_a-findfp.o)
 .text.__sfmoreglue
                0x00004fd8       0x30 c:/nxp/lpcxpresso_8.0.0_526/lpcxpresso/tools/bin/../lib/gcc/arm-none-eabi/4.9.3/../../../../arm-none-eabi/lib/armv7-m\libc.a(lib_a-findfp.o)
                0x00004fd8                __sfmoreglue
 .text.__sfp    0x00005008       0x88 c:/nxp/lpcxpresso_8.0.0_526/lpcxpresso/tools/bin/../lib/gcc/arm-none-eabi/4.9.3/../../../../arm-none-eabi/lib/armv7-m\libc.a(lib_a-findfp.o)
                0x00005008                __sfp
 .text.__sinit  0x00005090        0xc c:/nxp/lpcxpresso_8.0.0_526/lpcxpresso/tools/bin/../lib/gcc/arm-none-eabi/4.9.3/../../../../arm-none-eabi/lib/armv7-m\libc.a(lib_a-findfp.o)
                0x00005090                __sinit
 .text.__sfp_lock_acquire
                0x0000509c        0x4 c:/nxp/lpcxpresso_8.0.0_526/lpcxpresso/tools/bin/../lib/gcc/arm-none-eabi/4.9.3/../../../../arm-none-eabi/lib/armv7-m\libc.a(lib_a-findfp.o)
                0x0000509c                __sfp_lock_acquire
 .text.__sfp_lock_release
                0x000050a0        0x4 c:/nxp/lpcxpresso_8.0.0_526/lpcxpresso/tools/bin/../lib/gcc/arm-none-eabi/4.9.3/../../../../arm-none-eabi/lib/armv7-m\libc.a(lib_a-findfp.o)
                0x000050a0                __sfp_lock_release
 .text._fopen_r
                0x000050a4       0x88 c:/nxp/lpcxpresso_8.0.0_526/lpcxpresso/tools/bin/../lib/gcc/arm-none-eabi/4.9.3/../../../../arm-none-eabi/lib/armv7-m\libc.a(lib_a-fopen.o)
                0x000050a4                _fopen_r
 .text.fopen    0x0000512c       0x10 c:/nxp/lpcxpresso_8.0.0_526/lpcxpresso/tools/bin/../lib/gcc/arm-none-eabi/4.9.3/../../../../arm-none-eabi/lib/armv7-m\libc.a(lib_a-fopen.o)
                0x0000512c                fopen
 .text._malloc_trim_r
                0x0000513c       0x9c c:/nxp/lpcxpresso_8.0.0_526/lpcxpresso/tools/bin/../lib/gcc/arm-none-eabi/4.9.3/../../../../arm-none-eabi/lib/armv7-m\libc.a(lib_a-freer.o)
                0x0000513c                _malloc_trim_r
 .text._free_r  0x000051d8      0x1b0 c:/nxp/lpcxpresso_8.0.0_526/lpcxpresso/tools/bin/../lib/gcc/arm-none-eabi/4.9.3/../../../../arm-none-eabi/lib/armv7-m\libc.a(lib_a-freer.o)
                0x000051d8                _free_r
 .text._fseek_r
                0x00005388        0x4 c:/nxp/lpcxpresso_8.0.0_526/lpcxpresso/tools/bin/../lib/gcc/arm-none-eabi/4.9.3/../../../../arm-none-eabi/lib/armv7-m\libc.a(lib_a-fseek.o)
                0x00005388                _fseek_r
 .text._fseeko_r
                0x0000538c      0x2c0 c:/nxp/lpcxpresso_8.0.0_526/lpcxpresso/tools/bin/../lib/gcc/arm-none-eabi/4.9.3/../../../../arm-none-eabi/lib/armv7-m\libc.a(lib_a-fseeko.o)
                0x0000538c                _fseeko_r
 .text._fstat_r
                0x0000564c       0x28 c:/nxp/lpcxpresso_8.0.0_526/lpcxpresso/tools/bin/../lib/gcc/arm-none-eabi/4.9.3/../../../../arm-none-eabi/lib/armv7-m\libc.a(lib_a-fstatr.o)
                0x0000564c                _fstat_r
 .text.__sfvwrite_r
                0x00005674      0x320 c:/nxp/lpcxpresso_8.0.0_526/lpcxpresso/tools/bin/../lib/gcc/arm-none-eabi/4.9.3/../../../../arm-none-eabi/lib/armv7-m\libc.a(lib_a-fvwrite.o)
                0x00005674                __sfvwrite_r
 .text._fwalk   0x00005994       0x48 c:/nxp/lpcxpresso_8.0.0_526/lpcxpresso/tools/bin/../lib/gcc/arm-none-eabi/4.9.3/../../../../arm-none-eabi/lib/armv7-m\libc.a(lib_a-fwalk.o)
                0x00005994                _fwalk
 .text._fwalk_reent
                0x000059dc       0x50 c:/nxp/lpcxpresso_8.0.0_526/lpcxpresso/tools/bin/../lib/gcc/arm-none-eabi/4.9.3/../../../../arm-none-eabi/lib/armv7-m\libc.a(lib_a-fwalk.o)
                0x000059dc                _fwalk_reent
 .text.__libc_init_array
                0x00005a2c       0x50 c:/nxp/lpcxpresso_8.0.0_526/lpcxpresso/tools/bin/../lib/gcc/arm-none-eabi/4.9.3/../../../../arm-none-eabi/lib/armv7-m\libc.a(lib_a-init.o)
                0x00005a2c                __libc_init_array
 .text.__smakebuf_r
                0x00005a7c       0xe0 c:/nxp/lpcxpresso_8.0.0_526/lpcxpresso/tools/bin/../lib/gcc/arm-none-eabi/4.9.3/../../../../arm-none-eabi/lib/armv7-m\libc.a(lib_a-makebuf.o)
                0x00005a7c                __smakebuf_r
 .text.malloc   0x00005b5c       0x10 c:/nxp/lpcxpresso_8.0.0_526/lpcxpresso/tools/bin/../lib/gcc/arm-none-eabi/4.9.3/../../../../arm-none-eabi/lib/armv7-m\libc.a(lib_a-malloc.o)
                0x00005b5c                malloc
 .text.free     0x00005b6c       0x10 c:/nxp/lpcxpresso_8.0.0_526/lpcxpresso/tools/bin/../lib/gcc/arm-none-eabi/4.9.3/../../../../arm-none-eabi/lib/armv7-m\libc.a(lib_a-malloc.o)
                0x00005b6c                free
 .text._malloc_r
                0x00005b7c      0x50c c:/nxp/lpcxpresso_8.0.0_526/lpcxpresso/tools/bin/../lib/gcc/arm-none-eabi/4.9.3/../../../../arm-none-eabi/lib/armv7-m\libc.a(lib_a-mallocr.o)
                0x00005b7c                _malloc_r
 .text.memchr   0x00006088       0x94 c:/nxp/lpcxpresso_8.0.0_526/lpcxpresso/tools/bin/../lib/gcc/arm-none-eabi/4.9.3/../../../../arm-none-eabi/lib/armv7-m\libc.a(lib_a-memchr.o)
                0x00006088                memchr
 .text          0x0000611c       0xec c:/nxp/lpcxpresso_8.0.0_526/lpcxpresso/tools/bin/../lib/gcc/arm-none-eabi/4.9.3/../../../../arm-none-eabi/lib/armv7-m\libc.a(lib_a-memcpy.o)
                0x0000611c                memcpy
 .text.memmove  0x00006208       0xc8 c:/nxp/lpcxpresso_8.0.0_526/lpcxpresso/tools/bin/../lib/gcc/arm-none-eabi/4.9.3/../../../../arm-none-eabi/lib/armv7-m\libc.a(lib_a-memmove.o)
                0x00006208                memmove
 .text.memset   0x000062d0       0x9c c:/nxp/lpcxpresso_8.0.0_526/lpcxpresso/tools/bin/../lib/gcc/arm-none-eabi/4.9.3/../../../../arm-none-eabi/lib/armv7-m\libc.a(lib_a-memset.o)
                0x000062d0                memset
 .text.__malloc_lock
                0x0000636c        0x4 c:/nxp/lpcxpresso_8.0.0_526/lpcxpresso/tools/bin/../lib/gcc/arm-none-eabi/4.9.3/../../../../arm-none-eabi/lib/armv7-m\libc.a(lib_a-mlock.o)
                0x0000636c                __malloc_lock
 .text.__malloc_unlock
                0x00006370        0x4 c:/nxp/lpcxpresso_8.0.0_526/lpcxpresso/tools/bin/../lib/gcc/arm-none-eabi/4.9.3/../../../../arm-none-eabi/lib/armv7-m\libc.a(lib_a-mlock.o)
                0x00006370                __malloc_unlock
 .text._open_r  0x00006374       0x28 c:/nxp/lpcxpresso_8.0.0_526/lpcxpresso/tools/bin/../lib/gcc/arm-none-eabi/4.9.3/../../../../arm-none-eabi/lib/armv7-m\libc.a(lib_a-openr.o)
                0x00006374                _open_r
 .text._realloc_r
                0x0000639c      0x3e0 c:/nxp/lpcxpresso_8.0.0_526/lpcxpresso/tools/bin/../lib/gcc/arm-none-eabi/4.9.3/../../../../arm-none-eabi/lib/armv7-m\libc.a(lib_a-reallocr.o)
                0x0000639c                _realloc_r
 .text.lflush   0x0000677c       0x14 c:/nxp/lpcxpresso_8.0.0_526/lpcxpresso/tools/bin/../lib/gcc/arm-none-eabi/4.9.3/../../../../arm-none-eabi/lib/armv7-m\libc.a(lib_a-refill.o)
 .text.__srefill_r
                0x00006790      0x110 c:/nxp/lpcxpresso_8.0.0_526/lpcxpresso/tools/bin/../lib/gcc/arm-none-eabi/4.9.3/../../../../arm-none-eabi/lib/armv7-m\libc.a(lib_a-refill.o)
                0x00006790                __srefill_r
 .text._sbrk_r  0x000068a0       0x24 c:/nxp/lpcxpresso_8.0.0_526/lpcxpresso/tools/bin/../lib/gcc/arm-none-eabi/4.9.3/../../../../arm-none-eabi/lib/armv7-m\libc.a(lib_a-sbrkr.o)
                0x000068a0                _sbrk_r
 .text.setbuf   0x000068c4       0x10 c:/nxp/lpcxpresso_8.0.0_526/lpcxpresso/tools/bin/../lib/gcc/arm-none-eabi/4.9.3/../../../../arm-none-eabi/lib/armv7-m\libc.a(lib_a-setbuf.o)
                0x000068c4                setbuf
 .text.setvbuf  0x000068d4       0xf8 c:/nxp/lpcxpresso_8.0.0_526/lpcxpresso/tools/bin/../lib/gcc/arm-none-eabi/4.9.3/../../../../arm-none-eabi/lib/armv7-m\libc.a(lib_a-setvbuf.o)
                0x000068d4                setvbuf
 .text.sprintf  0x000069cc       0x4c c:/nxp/lpcxpresso_8.0.0_526/lpcxpresso/tools/bin/../lib/gcc/arm-none-eabi/4.9.3/../../../../arm-none-eabi/lib/armv7-m\libc.a(lib_a-sprintf.o)
                0x000069cc                sprintf
 .text.sscanf   0x00006a18       0x58 c:/nxp/lpcxpresso_8.0.0_526/lpcxpresso/tools/bin/../lib/gcc/arm-none-eabi/4.9.3/../../../../arm-none-eabi/lib/armv7-m\libc.a(lib_a-sscanf.o)
                0x00006a18                sscanf
 .text.__sread  0x00006a70       0x24 c:/nxp/lpcxpresso_8.0.0_526/lpcxpresso/tools/bin/../lib/gcc/arm-none-eabi/4.9.3/../../../../arm-none-eabi/lib/armv7-m\libc.a(lib_a-stdio.o)
                0x00006a70                __sread
 .text.__seofread
                0x00006a94        0x4 c:/nxp/lpcxpresso_8.0.0_526/lpcxpresso/tools/bin/../lib/gcc/arm-none-eabi/4.9.3/../../../../arm-none-eabi/lib/armv7-m\libc.a(lib_a-stdio.o)
                0x00006a94                __seofread
 .text.__swrite
                0x00006a98       0x38 c:/nxp/lpcxpresso_8.0.0_526/lpcxpresso/tools/bin/../lib/gcc/arm-none-eabi/4.9.3/../../../../arm-none-eabi/lib/armv7-m\libc.a(lib_a-stdio.o)
                0x00006a98                __swrite
 .text.__sseek  0x00006ad0       0x20 c:/nxp/lpcxpresso_8.0.0_526/lpcxpresso/tools/bin/../lib/gcc/arm-none-eabi/4.9.3/../../../../arm-none-eabi/lib/armv7-m\libc.a(lib_a-stdio.o)
                0x00006ad0                __sseek
 .text.__sclose
                0x00006af0        0x8 c:/nxp/lpcxpresso_8.0.0_526/lpcxpresso/tools/bin/../lib/gcc/arm-none-eabi/4.9.3/../../../../arm-none-eabi/lib/armv7-m\libc.a(lib_a-stdio.o)
                0x00006af0                __sclose
 .text          0x00006af8      0x1bc c:/nxp/lpcxpresso_8.0.0_526/lpcxpresso/tools/bin/../lib/gcc/arm-none-eabi/4.9.3/../../../../arm-none-eabi/lib/armv7-m\libc.a(lib_a-strcmp.o)
                0x00006af8                strcmp
 .text.strlen   0x00006cb4       0x5c c:/nxp/lpcxpresso_8.0.0_526/lpcxpresso/tools/bin/../lib/gcc/arm-none-eabi/4.9.3/../../../../arm-none-eabi/lib/armv7-m\libc.a(lib_a-strlen.o)
                0x00006cb4                strlen
 .text.strncmp  0x00006d10       0x94 c:/nxp/lpcxpresso_8.0.0_526/lpcxpresso/tools/bin/../lib/gcc/arm-none-eabi/4.9.3/../../../../arm-none-eabi/lib/armv7-m\libc.a(lib_a-strncmp.o)
                0x00006d10                strncmp
 .text._svfprintf_r
                0x00006da4     0x14f4 c:/nxp/lpcxpresso_8.0.0_526/lpcxpresso/tools/bin/../lib/gcc/arm-none-eabi/4.9.3/../../../../arm-none-eabi/lib/armv7-m\libc.a(lib_a-svfprintf.o)
                0x00006da4                _svfprintf_r
 .text.__ssvfscanf_r
                0x00008298      0xdf4 c:/nxp/lpcxpresso_8.0.0_526/lpcxpresso/tools/bin/../lib/gcc/arm-none-eabi/4.9.3/../../../../arm-none-eabi/lib/armv7-m\libc.a(lib_a-svfscanf.o)
                0x00008298                __ssvfscanf_r
 .text._vfprintf_r
                0x0000908c     0x1448 c:/nxp/lpcxpresso_8.0.0_526/lpcxpresso/tools/bin/../lib/gcc/arm-none-eabi/4.9.3/../../../../arm-none-eabi/lib/armv7-m\libc.a(lib_a-vfprintf.o)
                0x0000908c                _vfprintf_r
 .text.vfprintf
                0x0000a4d4       0x18 c:/nxp/lpcxpresso_8.0.0_526/lpcxpresso/tools/bin/../lib/gcc/arm-none-eabi/4.9.3/../../../../arm-none-eabi/lib/armv7-m\libc.a(lib_a-vfprintf.o)
                0x0000a4d4                vfprintf
 .text.__sbprintf
                0x0000a4ec       0x7c c:/nxp/lpcxpresso_8.0.0_526/lpcxpresso/tools/bin/../lib/gcc/arm-none-eabi/4.9.3/../../../../arm-none-eabi/lib/armv7-m\libc.a(lib_a-vfprintf.o)
 .text.__svfscanf_r
                0x0000a568      0xdf4 c:/nxp/lpcxpresso_8.0.0_526/lpcxpresso/tools/bin/../lib/gcc/arm-none-eabi/4.9.3/../../../../arm-none-eabi/lib/armv7-m\libc.a(lib_a-vfscanf.o)
                0x0000a568                __svfscanf_r
 .text.vfscanf  0x0000b35c       0x30 c:/nxp/lpcxpresso_8.0.0_526/lpcxpresso/tools/bin/../lib/gcc/arm-none-eabi/4.9.3/../../../../arm-none-eabi/lib/armv7-m\libc.a(lib_a-vfscanf.o)
                0x0000b35c                vfscanf
 .text.__swbuf_r
                0x0000b38c       0xa8 c:/nxp/lpcxpresso_8.0.0_526/lpcxpresso/tools/bin/../lib/gcc/arm-none-eabi/4.9.3/../../../../arm-none-eabi/lib/armv7-m\libc.a(lib_a-wbuf.o)
                0x0000b38c                __swbuf_r
 .text._write_r
                0x0000b434       0x28 c:/nxp/lpcxpresso_8.0.0_526/lpcxpresso/tools/bin/../lib/gcc/arm-none-eabi/4.9.3/../../../../arm-none-eabi/lib/armv7-m\libc.a(lib_a-writer.o)
                0x0000b434                _write_r
 .text.__swsetup_r
                0x0000b45c       0xc4 c:/nxp/lpcxpresso_8.0.0_526/lpcxpresso/tools/bin/../lib/gcc/arm-none-eabi/4.9.3/../../../../arm-none-eabi/lib/armv7-m\libc.a(lib_a-wsetup.o)
                0x0000b45c                __swsetup_r
 .text._close_r
                0x0000b520       0x24 c:/nxp/lpcxpresso_8.0.0_526/lpcxpresso/tools/bin/../lib/gcc/arm-none-eabi/4.9.3/../../../../arm-none-eabi/lib/armv7-m\libc.a(lib_a-closer.o)
                0x0000b520                _close_r
 .text.quorem   0x0000b544      0x130 c:/nxp/lpcxpresso_8.0.0_526/lpcxpresso/tools/bin/../lib/gcc/arm-none-eabi/4.9.3/../../../../arm-none-eabi/lib/armv7-m\libc.a(lib_a-dtoa.o)
 *fill*         0x0000b674        0x4 
 .text._dtoa_r  0x0000b678      0xea4 c:/nxp/lpcxpresso_8.0.0_526/lpcxpresso/tools/bin/../lib/gcc/arm-none-eabi/4.9.3/../../../../arm-none-eabi/lib/armv7-m\libc.a(lib_a-dtoa.o)
                0x0000b678                _dtoa_r
 .text.__sflags
                0x0000c51c       0x74 c:/nxp/lpcxpresso_8.0.0_526/lpcxpresso/tools/bin/../lib/gcc/arm-none-eabi/4.9.3/../../../../arm-none-eabi/lib/armv7-m\libc.a(lib_a-flags.o)
                0x0000c51c                __sflags
 .text._fread_r
                0x0000c590      0x194 c:/nxp/lpcxpresso_8.0.0_526/lpcxpresso/tools/bin/../lib/gcc/arm-none-eabi/4.9.3/../../../../arm-none-eabi/lib/armv7-m\libc.a(lib_a-fread.o)
                0x0000c590                _fread_r
 .text._isatty_r
                0x0000c724       0x24 c:/nxp/lpcxpresso_8.0.0_526/lpcxpresso/tools/bin/../lib/gcc/arm-none-eabi/4.9.3/../../../../arm-none-eabi/lib/armv7-m\libc.a(lib_a-isattyr.o)
                0x0000c724                _isatty_r
 .text.iswspace
                0x0000c748       0x1c c:/nxp/lpcxpresso_8.0.0_526/lpcxpresso/tools/bin/../lib/gcc/arm-none-eabi/4.9.3/../../../../arm-none-eabi/lib/armv7-m\libc.a(lib_a-iswspace.o)
                0x0000c748                iswspace
 .text.__locale_charset
                0x0000c764        0x8 c:/nxp/lpcxpresso_8.0.0_526/lpcxpresso/tools/bin/../lib/gcc/arm-none-eabi/4.9.3/../../../../arm-none-eabi/lib/armv7-m\libc.a(lib_a-locale.o)
                0x0000c764                __locale_charset
 .text.__locale_mb_cur_max
                0x0000c76c        0xc c:/nxp/lpcxpresso_8.0.0_526/lpcxpresso/tools/bin/../lib/gcc/arm-none-eabi/4.9.3/../../../../arm-none-eabi/lib/armv7-m\libc.a(lib_a-locale.o)
                0x0000c76c                __locale_mb_cur_max
 .text._localeconv_r
                0x0000c778        0x8 c:/nxp/lpcxpresso_8.0.0_526/lpcxpresso/tools/bin/../lib/gcc/arm-none-eabi/4.9.3/../../../../arm-none-eabi/lib/armv7-m\libc.a(lib_a-locale.o)
                0x0000c778                _localeconv_r
 .text._lseek_r
                0x0000c780       0x28 c:/nxp/lpcxpresso_8.0.0_526/lpcxpresso/tools/bin/../lib/gcc/arm-none-eabi/4.9.3/../../../../arm-none-eabi/lib/armv7-m\libc.a(lib_a-lseekr.o)
                0x0000c780                _lseek_r
 .text._mbrtowc_r
                0x0000c7a8       0x5c c:/nxp/lpcxpresso_8.0.0_526/lpcxpresso/tools/bin/../lib/gcc/arm-none-eabi/4.9.3/../../../../arm-none-eabi/lib/armv7-m\libc.a(lib_a-mbrtowc.o)
                0x0000c7a8                _mbrtowc_r
 .text.__ascii_mbtowc
                0x0000c804       0x2c c:/nxp/lpcxpresso_8.0.0_526/lpcxpresso/tools/bin/../lib/gcc/arm-none-eabi/4.9.3/../../../../arm-none-eabi/lib/armv7-m\libc.a(lib_a-mbtowc_r.o)
                0x0000c804                __ascii_mbtowc
 .text._Balloc  0x0000c830       0x50 c:/nxp/lpcxpresso_8.0.0_526/lpcxpresso/tools/bin/../lib/gcc/arm-none-eabi/4.9.3/../../../../arm-none-eabi/lib/armv7-m\libc.a(lib_a-mprec.o)
                0x0000c830                _Balloc
 .text._Bfree   0x0000c880       0x14 c:/nxp/lpcxpresso_8.0.0_526/lpcxpresso/tools/bin/../lib/gcc/arm-none-eabi/4.9.3/../../../../arm-none-eabi/lib/armv7-m\libc.a(lib_a-mprec.o)
                0x0000c880                _Bfree
 .text.__multadd
                0x0000c894       0x84 c:/nxp/lpcxpresso_8.0.0_526/lpcxpresso/tools/bin/../lib/gcc/arm-none-eabi/4.9.3/../../../../arm-none-eabi/lib/armv7-m\libc.a(lib_a-mprec.o)
                0x0000c894                __multadd
 .text.__s2b    0x0000c918       0x98 c:/nxp/lpcxpresso_8.0.0_526/lpcxpresso/tools/bin/../lib/gcc/arm-none-eabi/4.9.3/../../../../arm-none-eabi/lib/armv7-m\libc.a(lib_a-mprec.o)
                0x0000c918                __s2b
 .text.__hi0bits
                0x0000c9b0       0x40 c:/nxp/lpcxpresso_8.0.0_526/lpcxpresso/tools/bin/../lib/gcc/arm-none-eabi/4.9.3/../../../../arm-none-eabi/lib/armv7-m\libc.a(lib_a-mprec.o)
                0x0000c9b0                __hi0bits
 .text.__lo0bits
                0x0000c9f0       0x5c c:/nxp/lpcxpresso_8.0.0_526/lpcxpresso/tools/bin/../lib/gcc/arm-none-eabi/4.9.3/../../../../arm-none-eabi/lib/armv7-m\libc.a(lib_a-mprec.o)
                0x0000c9f0                __lo0bits
 .text.__i2b    0x0000ca4c       0x14 c:/nxp/lpcxpresso_8.0.0_526/lpcxpresso/tools/bin/../lib/gcc/arm-none-eabi/4.9.3/../../../../arm-none-eabi/lib/armv7-m\libc.a(lib_a-mprec.o)
                0x0000ca4c                __i2b
 .text.__multiply
                0x0000ca60      0x140 c:/nxp/lpcxpresso_8.0.0_526/lpcxpresso/tools/bin/../lib/gcc/arm-none-eabi/4.9.3/../../../../arm-none-eabi/lib/armv7-m\libc.a(lib_a-mprec.o)
                0x0000ca60                __multiply
 .text.__pow5mult
                0x0000cba0       0xa0 c:/nxp/lpcxpresso_8.0.0_526/lpcxpresso/tools/bin/../lib/gcc/arm-none-eabi/4.9.3/../../../../arm-none-eabi/lib/armv7-m\libc.a(lib_a-mprec.o)
                0x0000cba0                __pow5mult
 .text.__lshift
                0x0000cc40       0xb0 c:/nxp/lpcxpresso_8.0.0_526/lpcxpresso/tools/bin/../lib/gcc/arm-none-eabi/4.9.3/../../../../arm-none-eabi/lib/armv7-m\libc.a(lib_a-mprec.o)
                0x0000cc40                __lshift
 .text.__mcmp   0x0000ccf0       0x48 c:/nxp/lpcxpresso_8.0.0_526/lpcxpresso/tools/bin/../lib/gcc/arm-none-eabi/4.9.3/../../../../arm-none-eabi/lib/armv7-m\libc.a(lib_a-mprec.o)
                0x0000ccf0                __mcmp
 .text.__mdiff  0x0000cd38       0xe4 c:/nxp/lpcxpresso_8.0.0_526/lpcxpresso/tools/bin/../lib/gcc/arm-none-eabi/4.9.3/../../../../arm-none-eabi/lib/armv7-m\libc.a(lib_a-mprec.o)
                0x0000cd38                __mdiff
 .text.__ulp    0x0000ce1c       0x44 c:/nxp/lpcxpresso_8.0.0_526/lpcxpresso/tools/bin/../lib/gcc/arm-none-eabi/4.9.3/../../../../arm-none-eabi/lib/armv7-m\libc.a(lib_a-mprec.o)
                0x0000ce1c                __ulp
 .text.__b2d    0x0000ce60       0xd0 c:/nxp/lpcxpresso_8.0.0_526/lpcxpresso/tools/bin/../lib/gcc/arm-none-eabi/4.9.3/../../../../arm-none-eabi/lib/armv7-m\libc.a(lib_a-mprec.o)
                0x0000ce60                __b2d
 .text.__d2b    0x0000cf30       0xa8 c:/nxp/lpcxpresso_8.0.0_526/lpcxpresso/tools/bin/../lib/gcc/arm-none-eabi/4.9.3/../../../../arm-none-eabi/lib/armv7-m\libc.a(lib_a-mprec.o)
                0x0000cf30                __d2b
 .text.__ratio  0x0000cfd8       0x58 c:/nxp/lpcxpresso_8.0.0_526/lpcxpresso/tools/bin/../lib/gcc/arm-none-eabi/4.9.3/../../../../arm-none-eabi/lib/armv7-m\libc.a(lib_a-mprec.o)
                0x0000cfd8                __ratio
 .text.__copybits
                0x0000d030       0x48 c:/nxp/lpcxpresso_8.0.0_526/lpcxpresso/tools/bin/../lib/gcc/arm-none-eabi/4.9.3/../../../../arm-none-eabi/lib/armv7-m\libc.a(lib_a-mprec.o)
                0x0000d030                __copybits
 .text.__any_on
                0x0000d078       0x5c c:/nxp/lpcxpresso_8.0.0_526/lpcxpresso/tools/bin/../lib/gcc/arm-none-eabi/4.9.3/../../../../arm-none-eabi/lib/armv7-m\libc.a(lib_a-mprec.o)
                0x0000d078                __any_on
 .text._read_r  0x0000d0d4       0x28 c:/nxp/lpcxpresso_8.0.0_526/lpcxpresso/tools/bin/../lib/gcc/arm-none-eabi/4.9.3/../../../../arm-none-eabi/lib/armv7-m\libc.a(lib_a-readr.o)
                0x0000d0d4                _read_r
 .text.__fpclassifyd
                0x0000d0fc       0x58 c:/nxp/lpcxpresso_8.0.0_526/lpcxpresso/tools/bin/../lib/gcc/arm-none-eabi/4.9.3/../../../../arm-none-eabi/lib/armv7-m\libc.a(lib_a-s_fpclassify.o)
                0x0000d0fc                __fpclassifyd
 .text.__sccl   0x0000d154       0x78 c:/nxp/lpcxpresso_8.0.0_526/lpcxpresso/tools/bin/../lib/gcc/arm-none-eabi/4.9.3/../../../../arm-none-eabi/lib/armv7-m\libc.a(lib_a-sccl.o)
                0x0000d154                __sccl
 .text.nanf     0x0000d1cc        0x8 c:/nxp/lpcxpresso_8.0.0_526/lpcxpresso/tools/bin/../lib/gcc/arm-none-eabi/4.9.3/../../../../arm-none-eabi/lib/armv7-m\libc.a(lib_a-sf_nan.o)
                0x0000d1cc                nanf
 .text.sulp     0x0000d1d4       0x44 c:/nxp/lpcxpresso_8.0.0_526/lpcxpresso/tools/bin/../lib/gcc/arm-none-eabi/4.9.3/../../../../arm-none-eabi/lib/armv7-m\libc.a(lib_a-strtod.o)
 .text._strtod_r
                0x0000d218      0xf30 c:/nxp/lpcxpresso_8.0.0_526/lpcxpresso/tools/bin/../lib/gcc/arm-none-eabi/4.9.3/../../../../arm-none-eabi/lib/armv7-m\libc.a(lib_a-strtod.o)
                0x0000d218                _strtod_r
 .text._strtol_r
                0x0000e148      0x11c c:/nxp/lpcxpresso_8.0.0_526/lpcxpresso/tools/bin/../lib/gcc/arm-none-eabi/4.9.3/../../../../arm-none-eabi/lib/armv7-m\libc.a(lib_a-strtol.o)
                0x0000e148                _strtol_r
 .text._strtoll_r
                0x0000e264      0x1cc c:/nxp/lpcxpresso_8.0.0_526/lpcxpresso/tools/bin/../lib/gcc/arm-none-eabi/4.9.3/../../../../arm-none-eabi/lib/armv7-m\libc.a(lib_a-strtoll_r.o)
                0x0000e264                _strtoll_r
 .text._strtoul_r
                0x0000e430      0x134 c:/nxp/lpcxpresso_8.0.0_526/lpcxpresso/tools/bin/../lib/gcc/arm-none-eabi/4.9.3/../../../../arm-none-eabi/lib/armv7-m\libc.a(lib_a-strtoul.o)
                0x0000e430                _strtoul_r
 .text._strtoull_r
                0x0000e564      0x1e8 c:/nxp/lpcxpresso_8.0.0_526/lpcxpresso/tools/bin/../lib/gcc/arm-none-eabi/4.9.3/../../../../arm-none-eabi/lib/armv7-m\libc.a(lib_a-strtoull_r.o)
                0x0000e564                _strtoull_r
 .text.__ssprint_r
                0x0000e74c      0x104 c:/nxp/lpcxpresso_8.0.0_526/lpcxpresso/tools/bin/../lib/gcc/arm-none-eabi/4.9.3/../../../../arm-none-eabi/lib/armv7-m\libc.a(lib_a-svfiprintf.o)
                0x0000e74c                __ssprint_r
 .text._sungetc_r
                0x0000e850       0x88 c:/nxp/lpcxpresso_8.0.0_526/lpcxpresso/tools/bin/../lib/gcc/arm-none-eabi/4.9.3/../../../../arm-none-eabi/lib/armv7-m\libc.a(lib_a-svfiscanf.o)
                0x0000e850                _sungetc_r
 .text.__ssrefill_r
                0x0000e8d8       0x3c c:/nxp/lpcxpresso_8.0.0_526/lpcxpresso/tools/bin/../lib/gcc/arm-none-eabi/4.9.3/../../../../arm-none-eabi/lib/armv7-m\libc.a(lib_a-svfiscanf.o)
                0x0000e8d8                __ssrefill_r
 .text._sfread_r
                0x0000e914       0x80 c:/nxp/lpcxpresso_8.0.0_526/lpcxpresso/tools/bin/../lib/gcc/arm-none-eabi/4.9.3/../../../../arm-none-eabi/lib/armv7-m\libc.a(lib_a-svfiscanf.o)
                0x0000e914                _sfread_r
 .text.__submore
                0x0000e994       0x7c c:/nxp/lpcxpresso_8.0.0_526/lpcxpresso/tools/bin/../lib/gcc/arm-none-eabi/4.9.3/../../../../arm-none-eabi/lib/armv7-m\libc.a(lib_a-ungetc.o)
                0x0000e994                __submore
 .text._ungetc_r
                0x0000ea10       0xd4 c:/nxp/lpcxpresso_8.0.0_526/lpcxpresso/tools/bin/../lib/gcc/arm-none-eabi/4.9.3/../../../../arm-none-eabi/lib/armv7-m\libc.a(lib_a-ungetc.o)
                0x0000ea10                _ungetc_r
 .text.__sprint_r.part.0
                0x0000eae4       0x78 c:/nxp/lpcxpresso_8.0.0_526/lpcxpresso/tools/bin/../lib/gcc/arm-none-eabi/4.9.3/../../../../arm-none-eabi/lib/armv7-m\libc.a(lib_a-vfiprintf.o)
 .text.__sprint_r
                0x0000eb5c       0x18 c:/nxp/lpcxpresso_8.0.0_526/lpcxpresso/tools/bin/../lib/gcc/arm-none-eabi/4.9.3/../../../../arm-none-eabi/lib/armv7-m\libc.a(lib_a-vfiprintf.o)
                0x0000eb5c                __sprint_r
 .text._calloc_r
                0x0000eb74       0x60 c:/nxp/lpcxpresso_8.0.0_526/lpcxpresso/tools/bin/../lib/gcc/arm-none-eabi/4.9.3/../../../../arm-none-eabi/lib/armv7-m\libc.a(lib_a-callocr.o)
                0x0000eb74                _calloc_r
 .text.__fputwc
                0x0000ebd4       0xb0 c:/nxp/lpcxpresso_8.0.0_526/lpcxpresso/tools/bin/../lib/gcc/arm-none-eabi/4.9.3/../../../../arm-none-eabi/lib/armv7-m\libc.a(lib_a-fputwc.o)
                0x0000ebd4                __fputwc
 .text._fputwc_r
                0x0000ec84       0x24 c:/nxp/lpcxpresso_8.0.0_526/lpcxpresso/tools/bin/../lib/gcc/arm-none-eabi/4.9.3/../../../../arm-none-eabi/lib/armv7-m\libc.a(lib_a-fputwc.o)
                0x0000ec84                _fputwc_r
 .text.rshift   0x0000eca8       0xa0 c:/nxp/lpcxpresso_8.0.0_526/lpcxpresso/tools/bin/../lib/gcc/arm-none-eabi/4.9.3/../../../../arm-none-eabi/lib/armv7-m\libc.a(lib_a-gdtoa-gethex.o)
 .text.__gethex
                0x0000ed48      0x514 c:/nxp/lpcxpresso_8.0.0_526/lpcxpresso/tools/bin/../lib/gcc/arm-none-eabi/4.9.3/../../../../arm-none-eabi/lib/armv7-m\libc.a(lib_a-gdtoa-gethex.o)
                0x0000ed48                __gethex
 .text.__hexnan
                0x0000f25c      0x184 c:/nxp/lpcxpresso_8.0.0_526/lpcxpresso/tools/bin/../lib/gcc/arm-none-eabi/4.9.3/../../../../arm-none-eabi/lib/armv7-m\libc.a(lib_a-gdtoa-hexnan.o)
                0x0000f25c                __hexnan
 .text._wcrtomb_r
                0x0000f3e0       0x54 c:/nxp/lpcxpresso_8.0.0_526/lpcxpresso/tools/bin/../lib/gcc/arm-none-eabi/4.9.3/../../../../arm-none-eabi/lib/armv7-m\libc.a(lib_a-wcrtomb.o)
                0x0000f3e0                _wcrtomb_r
 .text.__ascii_wctomb
                0x0000f434       0x1c c:/nxp/lpcxpresso_8.0.0_526/lpcxpresso/tools/bin/../lib/gcc/arm-none-eabi/4.9.3/../../../../arm-none-eabi/lib/armv7-m\libc.a(lib_a-wctomb_r.o)
                0x0000f434                __ascii_wctomb
 .text._sbrk    0x0000f450       0x3c c:/nxp/lpcxpresso_8.0.0_526/lpcxpresso/tools/bin/../lib/gcc/arm-none-eabi/4.9.3/../../../../arm-none-eabi/lib/armv7-m\libcr_newlib_nohost.a(_cr_sbrk.o)
                0x0000f450                _sbrk
 .text.__check_heap_overflow
                0x0000f48c       0x18 c:/nxp/lpcxpresso_8.0.0_526/lpcxpresso/tools/bin/../lib/gcc/arm-none-eabi/4.9.3/../../../../arm-none-eabi/lib/armv7-m\libcr_newlib_nohost.a(_cr_check_heap.o)
                0x0000f48c                __check_heap_overflow
 .text          0x0000f4a4       0x5c c:/nxp/lpcxpresso_8.0.0_526/lpcxpresso/tools/bin/../lib/gcc/arm-none-eabi/4.9.3/armv7-m\crtbegin.o
 .text          0x0000f500       0x50 c:/nxp/lpcxpresso_8.0.0_526/lpcxpresso/tools/bin/../lib/gcc/arm-none-eabi/4.9.3/armv7-m\libgcc.a(_arm_fixdfsi.o)
                0x0000f500                __aeabi_d2iz
                0x0000f500                __fixdfsi
 .text          0x0000f550       0x40 c:/nxp/lpcxpresso_8.0.0_526/lpcxpresso/tools/bin/../lib/gcc/arm-none-eabi/4.9.3/armv7-m\libgcc.a(_arm_fixunsdfsi.o)
                0x0000f550                __aeabi_d2uiz
                0x0000f550                __fixunsdfsi
 *(.rodata .rodata.*)
 .rodata        0x0000f590       0x93 ./BCU_Test/BuoyancyControlUnit/BuoyancyControlUnit.o
 *fill*         0x0000f623        0x1 
 .rodata        0x0000f624      0x18d ./BCU_Test/main.o
 *fill*         0x0000f7b1        0x7 
 .rodata._ZTVN4mbed10SerialBaseE
                0x0000f7b8       0x10 ./BCU_Test/main.o
                0x0000f7b8                vtable for mbed::SerialBase
 .rodata.str1.4
                0x0000f7c8       0x80 C:/Users/Cyndia/softroboticfish6/fish/mbed/LPCExpress/BCU_Test/mbed/TARGET_LPC1768/TOOLCHAIN_GCC_CR/board.o
 .rodata.__stdin_name
                0x0000f848        0x8 C:/Users/Cyndia/softroboticfish6/fish/mbed/LPCExpress/BCU_Test/mbed/TARGET_LPC1768/TOOLCHAIN_GCC_CR/retarget.o
                0x0000f848                __stdin_name
 .rodata.__stderr_name
                0x0000f850        0x8 C:/Users/Cyndia/softroboticfish6/fish/mbed/LPCExpress/BCU_Test/mbed/TARGET_LPC1768/TOOLCHAIN_GCC_CR/retarget.o
                0x0000f850                __stderr_name
 .rodata.__stdout_name
                0x0000f858        0x8 C:/Users/Cyndia/softroboticfish6/fish/mbed/LPCExpress/BCU_Test/mbed/TARGET_LPC1768/TOOLCHAIN_GCC_CR/retarget.o
                0x0000f858                __stdout_name
 .rodata._ZTVN4mbed10FileHandleE
                0x0000f860       0x30 C:/Users/Cyndia/softroboticfish6/fish/mbed/LPCExpress/BCU_Test/mbed/TARGET_LPC1768/TOOLCHAIN_GCC_CR/retarget.o
                0x0000f860                vtable for mbed::FileHandle
 .rodata.str1.4
                0x0000f890        0xe C:/Users/Cyndia/softroboticfish6/fish/mbed/LPCExpress/BCU_Test/mbed/TARGET_LPC1768/TOOLCHAIN_GCC_CR/retarget.o
                                 0x10 (size before relaxing)
 *fill*         0x0000f89e        0x2 
 .rodata.str1.4
                0x0000f8a0       0x2d C:\Users\Cyndia\softroboticfish6\fish\mbed\LPCExpress\BCU_Test\mbed\TARGET_LPC1768\TOOLCHAIN_GCC_CR\libmbed.a(gpio_irq_api.o)
                                 0x30 (size before relaxing)
 *fill*         0x0000f8cd        0x3 
 .rodata.PinMap_PWM
                0x0000f8d0       0xb4 C:\Users\Cyndia\softroboticfish6\fish\mbed\LPCExpress\BCU_Test\mbed\TARGET_LPC1768\TOOLCHAIN_GCC_CR\libmbed.a(pwmout_api.o)
 .rodata.str1.4
                0x0000f984       0x7c C:\Users\Cyndia\softroboticfish6\fish\mbed\LPCExpress\BCU_Test\mbed\TARGET_LPC1768\TOOLCHAIN_GCC_CR\libmbed.a(pwmout_api.o)
 .rodata.PinMap_UART_RTS
                0x0000fa00       0x24 C:\Users\Cyndia\softroboticfish6\fish\mbed\LPCExpress\BCU_Test\mbed\TARGET_LPC1768\TOOLCHAIN_GCC_CR\libmbed.a(serial_api.o)
 .rodata.CSWTCH.24
                0x0000fa24       0x10 C:\Users\Cyndia\softroboticfish6\fish\mbed\LPCExpress\BCU_Test\mbed\TARGET_LPC1768\TOOLCHAIN_GCC_CR\libmbed.a(serial_api.o)
 .rodata.PinMap_UART_RX
                0x0000fa34       0x6c C:\Users\Cyndia\softroboticfish6\fish\mbed\LPCExpress\BCU_Test\mbed\TARGET_LPC1768\TOOLCHAIN_GCC_CR\libmbed.a(serial_api.o)
 .rodata.str1.4
                0x0000faa0      0x1d0 C:\Users\Cyndia\softroboticfish6\fish\mbed\LPCExpress\BCU_Test\mbed\TARGET_LPC1768\TOOLCHAIN_GCC_CR\libmbed.a(serial_api.o)
                                0x1e8 (size before relaxing)
 .rodata.PinMap_UART_TX
                0x0000fc70       0x6c C:\Users\Cyndia\softroboticfish6\fish\mbed\LPCExpress\BCU_Test\mbed\TARGET_LPC1768\TOOLCHAIN_GCC_CR\libmbed.a(serial_api.o)
 .rodata.PinMap_UART_CTS