Archive member included to satisfy reference by file (symbol)

../../external/mbed/Release/LPC1768/mbed.a(ticker_api.o)
                              (--whole-archive)
../../external/mbed/Release/LPC1768/mbed.a(semihost_api.o)
                              (--whole-archive)
../../external/mbed/Release/LPC1768/mbed.a(wait_api.o)
                              (--whole-archive)
../../external/mbed/Release/LPC1768/mbed.a(error.o)
                              (--whole-archive)
../../external/mbed/Release/LPC1768/mbed.a(board.o)
                              (--whole-archive)
../../external/mbed/Release/LPC1768/mbed.a(us_ticker_api.o)
                              (--whole-archive)
../../external/mbed/Release/LPC1768/mbed.a(mbed_interface.o)
                              (--whole-archive)
../../external/mbed/Release/LPC1768/mbed.a(gpio.o)
                              (--whole-archive)
../../external/mbed/Release/LPC1768/mbed.a(rtc_time.o)
                              (--whole-archive)
../../external/mbed/Release/LPC1768/mbed.a(lp_ticker_api.o)
                              (--whole-archive)
../../external/mbed/Release/LPC1768/mbed.a(assert.o)
                              (--whole-archive)
../../external/mbed/Release/LPC1768/mbed.a(pinmap_common.o)
                              (--whole-archive)
../../external/mbed/Release/LPC1768/mbed.a(cmsis_nvic.o)
                              (--whole-archive)
../../external/mbed/Release/LPC1768/mbed.a(system_LPC17xx.o)
                              (--whole-archive)
../../external/mbed/Release/LPC1768/mbed.a(analogout_api.o)
                              (--whole-archive)
../../external/mbed/Release/LPC1768/mbed.a(ethernet_api.o)
                              (--whole-archive)
../../external/mbed/Release/LPC1768/mbed.a(spi_api.o)
                              (--whole-archive)
../../external/mbed/Release/LPC1768/mbed.a(gpio_irq_api.o)
                              (--whole-archive)
../../external/mbed/Release/LPC1768/mbed.a(gpio_api.o)
                              (--whole-archive)
../../external/mbed/Release/LPC1768/mbed.a(sleep.o)
                              (--whole-archive)
../../external/mbed/Release/LPC1768/mbed.a(can_api.o)
                              (--whole-archive)
../../external/mbed/Release/LPC1768/mbed.a(analogin_api.o)
                              (--whole-archive)
../../external/mbed/Release/LPC1768/mbed.a(port_api.o)
                              (--whole-archive)
../../external/mbed/Release/LPC1768/mbed.a(serial_api.o)
                              (--whole-archive)
../../external/mbed/Release/LPC1768/mbed.a(rtc_api.o)
                              (--whole-archive)
../../external/mbed/Release/LPC1768/mbed.a(us_ticker.o)
                              (--whole-archive)
../../external/mbed/Release/LPC1768/mbed.a(i2c_api.o)
                              (--whole-archive)
../../external/mbed/Release/LPC1768/mbed.a(pwmout_api.o)
                              (--whole-archive)
../../external/mbed/Release/LPC1768/mbed.a(pinmap.o)
                              (--whole-archive)
../../external/mbed/Release/LPC1768/mbed.a(Serial.o)
                              (--whole-archive)
../../external/mbed/Release/LPC1768/mbed.a(Ticker.o)
                              (--whole-archive)
../../external/mbed/Release/LPC1768/mbed.a(SPI.o)
                              (--whole-archive)
../../external/mbed/Release/LPC1768/mbed.a(CallChain.o)
                              (--whole-archive)
../../external/mbed/Release/LPC1768/mbed.a(I2C.o)
                              (--whole-archive)
../../external/mbed/Release/LPC1768/mbed.a(retarget.o)
                              (--whole-archive)
../../external/mbed/Release/LPC1768/mbed.a(I2CSlave.o)
                              (--whole-archive)
../../external/mbed/Release/LPC1768/mbed.a(BusOut.o)
                              (--whole-archive)
../../external/mbed/Release/LPC1768/mbed.a(FilePath.o)
                              (--whole-archive)
../../external/mbed/Release/LPC1768/mbed.a(FileBase.o)
                              (--whole-archive)
../../external/mbed/Release/LPC1768/mbed.a(Stream.o)
                              (--whole-archive)
../../external/mbed/Release/LPC1768/mbed.a(BusInOut.o)
                              (--whole-archive)
../../external/mbed/Release/LPC1768/mbed.a(CAN.o)
                              (--whole-archive)
../../external/mbed/Release/LPC1768/mbed.a(FileSystemLike.o)
                              (--whole-archive)
../../external/mbed/Release/LPC1768/mbed.a(Ethernet.o)
                              (--whole-archive)
../../external/mbed/Release/LPC1768/mbed.a(SPISlave.o)
                              (--whole-archive)
../../external/mbed/Release/LPC1768/mbed.a(TimerEvent.o)
                              (--whole-archive)
../../external/mbed/Release/LPC1768/mbed.a(InterruptIn.o)
                              (--whole-archive)
../../external/mbed/Release/LPC1768/mbed.a(RawSerial.o)
[...]
Memory Configuration

Name             Origin             Length             Attributes
FLASH            0x00000000         0x00080000         xr
RAM              0x100000c8         0x00007f38         xrw
USB_RAM          0x2007c000         0x00004000         xrw
ETH_RAM          0x20080000         0x00004000         xrw
*default*        0x00000000         0xffffffff

Linker script and memory map

LOAD /home/jtwright/UROP/gcc4mbed/gcc-arm-none-eabi/bin/../lib/gcc/arm-none-eabi/5.2.1/armv7-m/crti.o
LOAD /home/jtwright/UROP/gcc4mbed/gcc-arm-none-eabi/bin/../lib/gcc/arm-none-eabi/5.2.1/armv7-m/crtbegin.o
LOAD LPC1768/main.o
LOAD LPC1768/BNO055/BNO055.o
LOAD LPC1768/gcc4mbed.o
LOAD ../../external/mbed/Release/LPC1768/mbed.a
LOAD /home/jtwright/UROP/gcc4mbed/gcc-arm-none-eabi/bin/../lib/gcc/arm-none-eabi/5.2.1/../../../../arm-none-eabi/lib/armv7-m/libstdc++_nano.a
LOAD /home/jtwright/UROP/gcc4mbed/gcc-arm-none-eabi/bin/../lib/gcc/arm-none-eabi/5.2.1/../../../../arm-none-eabi/lib/armv7-m/libsupc++_nano.a
LOAD /home/jtwright/UROP/gcc4mbed/gcc-arm-none-eabi/bin/../lib/gcc/arm-none-eabi/5.2.1/armv7-m/libgcc.a
LOAD /home/jtwright/UROP/gcc4mbed/gcc-arm-none-eabi/bin/../lib/gcc/arm-none-eabi/5.2.1/armv7-m/libgcc.a
LOAD /home/jtwright/UROP/gcc4mbed/gcc-arm-none-eabi/bin/../lib/gcc/arm-none-eabi/5.2.1/../../../../arm-none-eabi/lib/armv7-m/libc_nano.a
LOAD /home/jtwright/UROP/gcc4mbed/gcc-arm-none-eabi/bin/../lib/gcc/arm-none-eabi/5.2.1/../../../../arm-none-eabi/lib/armv7-m/libnosys.a
LOAD /home/jtwright/UROP/gcc4mbed/gcc-arm-none-eabi/bin/../lib/gcc/arm-none-eabi/5.2.1/../../../../arm-none-eabi/lib/armv7-m/libstdc++_nano.a
LOAD /home/jtwright/UROP/gcc4mbed/gcc-arm-none-eabi/bin/../lib/gcc/arm-none-eabi/5.2.1/../../../../arm-none-eabi/lib/armv7-m/libm.a
LOAD /home/jtwright/UROP/gcc4mbed/gcc-arm-none-eabi/bin/../lib/gcc/arm-none-eabi/5.2.1/../../../../arm-none-eabi/lib/armv7-m/libc_nano.a
START GROUP
LOAD /home/jtwright/UROP/gcc4mbed/gcc-arm-none-eabi/bin/../lib/gcc/arm-none-eabi/5.2.1/armv7-m/libgcc.a
LOAD /home/jtwright/UROP/gcc4mbed/gcc-arm-none-eabi/bin/../lib/gcc/arm-none-eabi/5.2.1/../../../../arm-none-eabi/lib/armv7-m/libc_nano.a
END GROUP
START GROUP
LOAD /home/jtwright/UROP/gcc4mbed/gcc-arm-none-eabi/bin/../lib/gcc/arm-none-eabi/5.2.1/armv7-m/libgcc.a
LOAD /home/jtwright/UROP/gcc4mbed/gcc-arm-none-eabi/bin/../lib/gcc/arm-none-eabi/5.2.1/../../../../arm-none-eabi/lib/armv7-m/libc_nano.a
END GROUP
LOAD /home/jtwright/UROP/gcc4mbed/gcc-arm-none-eabi/bin/../lib/gcc/arm-none-eabi/5.2.1/armv7-m/crtend.o
LOAD /home/jtwright/UROP/gcc4mbed/gcc-arm-none-eabi/bin/../lib/gcc/arm-none-eabi/5.2.1/armv7-m/crtn.o

.text           0x00000000     0x4154
 *(.isr_vector)
 .isr_vector    0x00000000       0xcc ../../external/mbed/Release/LPC1768/mbed.a(startup_LPC17xx.o)
                0x00000000                __isr_vector
 *(.text*)
 .text          0x000000cc       0xa4 /home/jtwright/UROP/gcc4mbed/gcc-arm-none-eabi/bin/../lib/gcc/arm-none-eabi/5.2.1/armv7-m/crtbegin.o
 .text._Z13quat_to_euler10quaternion
                0x00000170       0xf0 LPC1768/main.o
                0x00000170                quat_to_euler(quaternion)
 .text.startup.main
                0x00000260       0xdc LPC1768/main.o
                0x00000260                main
 .text.startup._GLOBAL__sub_I_calibrationLevel
                0x0000033c       0x5c LPC1768/main.o
 .text._ZN6BNO055C2E7PinNameS0_
                0x00000398       0x40 LPC1768/BNO055/BNO055.o
                0x00000398                BNO055::BNO055(PinName, PinName)
                0x00000398                BNO055::BNO055(PinName, PinName)
 .text._ZN6BNO0555resetEv
                0x000003d8       0x70 LPC1768/BNO055/BNO055.o
                0x000003d8                BNO055::reset()
 .text._ZN6BNO0558get_quatEv
                0x00000448       0xc4 LPC1768/BNO055/BNO055.o
                0x00000448                BNO055::get_quat()
 .text._ZN6BNO0559get_calibEv
                0x0000050c       0x44 LPC1768/BNO055/BNO055.o
                0x0000050c                BNO055::get_calib()
 .text._start   0x00000550       0x28 LPC1768/gcc4mbed.o
                0x00000550                _start
 .text.__wrap__isatty
                0x00000578        0xc LPC1768/gcc4mbed.o
                0x00000578                __wrap__isatty
 .text.ticker_irq_handler
                0x00000584       0x4c ../../external/mbed/Release/LPC1768/mbed.a(ticker_api.o)
                0x00000584                ticker_irq_handler
 .text.semihost_exit
                0x000005d0       0x18 ../../external/mbed/Release/LPC1768/mbed.a(semihost_api.o)
                0x000005d0                semihost_exit
 .text.semihost_connected
                0x000005e8       0x10 ../../external/mbed/Release/LPC1768/mbed.a(semihost_api.o)
                0x000005e8                semihost_connected
 .text.wait_us  0x000005f8       0x18 ../../external/mbed/Release/LPC1768/mbed.a(wait_api.o)
                0x000005f8                wait_us
 .text.wait     0x00000610       0x18 ../../external/mbed/Release/LPC1768/mbed.a(wait_api.o)
                0x00000610                wait
 .text.wait_ms  0x00000628        0xc ../../external/mbed/Release/LPC1768/mbed.a(wait_api.o)
                0x00000628                wait_ms
 .text.error    0x00000634       0x24 ../../external/mbed/Release/LPC1768/mbed.a(error.o)
                0x00000634                error
 .text.mbed_die
                0x00000658       0x74 ../../external/mbed/Release/LPC1768/mbed.a(board.o)
                0x00000658                mbed_die
 .text.us_ticker_irq_handler
                0x000006cc        0xc ../../external/mbed/Release/LPC1768/mbed.a(us_ticker_api.o)
                0x000006cc                us_ticker_irq_handler
 .text.mbed_interface_connected
                0x000006d8        0x4 ../../external/mbed/Release/LPC1768/mbed.a(mbed_interface.o)
                0x000006d8                mbed_interface_connected
 .text.gpio_init_in
                0x000006dc       0x24 ../../external/mbed/Release/LPC1768/mbed.a(gpio.o)
                0x000006dc                gpio_init_in
 .text.gpio_init_out
                0x00000700       0x2c ../../external/mbed/Release/LPC1768/mbed.a(gpio.o)
                0x00000700                gpio_init_out
 .text.gpio_init_out_ex
                0x0000072c       0x38 ../../external/mbed/Release/LPC1768/mbed.a(gpio.o)
                0x0000072c                gpio_init_out_ex
 .text.pinmap_pinout
                0x00000764       0x4c ../../external/mbed/Release/LPC1768/mbed.a(pinmap_common.o)
                0x00000764                pinmap_pinout
 .text.pinmap_merge
                0x000007b0       0x24 ../../external/mbed/Release/LPC1768/mbed.a(pinmap_common.o)
                0x000007b0                pinmap_merge
 .text.pinmap_find_peripheral
                0x000007d4       0x20 ../../external/mbed/Release/LPC1768/mbed.a(pinmap_common.o)
                0x000007d4                pinmap_find_peripheral
 .text.pinmap_peripheral
                0x000007f4       0x34 ../../external/mbed/Release/LPC1768/mbed.a(pinmap_common.o)
                0x000007f4                pinmap_peripheral
 .text.NVIC_SetVector
                0x00000828       0x3c ../../external/mbed/Release/LPC1768/mbed.a(cmsis_nvic.o)
                0x00000828                NVIC_SetVector
 .text.SystemInit
                0x00000864       0xb8 ../../external/mbed/Release/LPC1768/mbed.a(system_LPC17xx.o)
                0x00000864                SystemInit
 .text.gpio_init
                0x0000091c       0x3c ../../external/mbed/Release/LPC1768/mbed.a(gpio_api.o)
                0x0000091c                gpio_init
 .text.gpio_mode
                0x00000958        0x8 ../../external/mbed/Release/LPC1768/mbed.a(gpio_api.o)
                0x00000958                gpio_mode
 .text.gpio_dir
                0x00000960       0x24 ../../external/mbed/Release/LPC1768/mbed.a(gpio_api.o)
                0x00000960                gpio_dir
 .text.uart2_irq
                0x00000984       0x64 ../../external/mbed/Release/LPC1768/mbed.a(serial_api.o)
                0x00000984                uart2_irq
 .text.serial_irq_set_internal
                0x000009e8       0xc8 ../../external/mbed/Release/LPC1768/mbed.a(serial_api.o)
 .text.uart3_irq
                0x00000ab0       0x6c ../../external/mbed/Release/LPC1768/mbed.a(serial_api.o)
                0x00000ab0                uart3_irq
 .text.uart0_irq
                0x00000b1c       0x60 ../../external/mbed/Release/LPC1768/mbed.a(serial_api.o)
                0x00000b1c                uart0_irq
 .text.uart1_irq
                0x00000b7c       0x60 ../../external/mbed/Release/LPC1768/mbed.a(serial_api.o)
                0x00000b7c                uart1_irq
 .text.serial_baud
                0x00000bdc      0x1d0 ../../external/mbed/Release/LPC1768/mbed.a(serial_api.o)
                0x00000bdc                serial_baud
 .text.serial_getc
                0x00000dac       0x34 ../../external/mbed/Release/LPC1768/mbed.a(serial_api.o)
                0x00000dac                serial_getc
 .text.serial_writable
                0x00000de0       0x5c ../../external/mbed/Release/LPC1768/mbed.a(serial_api.o)
                0x00000de0                serial_writable
 .text.serial_putc
                0x00000e3c       0x34 ../../external/mbed/Release/LPC1768/mbed.a(serial_api.o)
                0x00000e3c                serial_putc
 .text.serial_set_flow_control
                0x00000e70      0x128 ../../external/mbed/Release/LPC1768/mbed.a(serial_api.o)
                0x00000e70                serial_set_flow_control
 .text.serial_init
                0x00000f98      0x194 ../../external/mbed/Release/LPC1768/mbed.a(serial_api.o)
                0x00000f98                serial_init
 .text.us_ticker_init.part.0
                0x0000112c       0x60 ../../external/mbed/Release/LPC1768/mbed.a(us_ticker.o)
 .text.us_ticker_init
                0x0000118c       0x10 ../../external/mbed/Release/LPC1768/mbed.a(us_ticker.o)
                0x0000118c                us_ticker_init
 .text.us_ticker_read
                0x0000119c       0x1c ../../external/mbed/Release/LPC1768/mbed.a(us_ticker.o)
                0x0000119c                us_ticker_read
 .text.us_ticker_set_interrupt
                0x000011b8       0x14 ../../external/mbed/Release/LPC1768/mbed.a(us_ticker.o)
                0x000011b8                us_ticker_set_interrupt
 .text.us_ticker_disable_interrupt
                0x000011cc       0x10 ../../external/mbed/Release/LPC1768/mbed.a(us_ticker.o)
                0x000011cc                us_ticker_disable_interrupt
 .text.us_ticker_clear_interrupt
                0x000011dc        0xc ../../external/mbed/Release/LPC1768/mbed.a(us_ticker.o)
                0x000011dc                us_ticker_clear_interrupt
 .text.i2c_init
                0x000011e8       0xb4 ../../external/mbed/Release/LPC1768/mbed.a(i2c_api.o)
                0x000011e8                i2c_init
 .text.i2c_frequency
                0x0000129c       0x18 ../../external/mbed/Release/LPC1768/mbed.a(i2c_api.o)
                0x0000129c                i2c_frequency
 .text.i2c_read
                0x000012b4      0x14c ../../external/mbed/Release/LPC1768/mbed.a(i2c_api.o)
                0x000012b4                i2c_read
 .text.i2c_write
                0x00001400       0xe8 ../../external/mbed/Release/LPC1768/mbed.a(i2c_api.o)
                0x00001400                i2c_write
 .text.pwmout_init
                0x000014e8       0xe0 ../../external/mbed/Release/LPC1768/mbed.a(pwmout_api.o)
                0x000014e8                pwmout_init
 .text.pwmout_write
                0x000015c8       0x58 ../../external/mbed/Release/LPC1768/mbed.a(pwmout_api.o)
                0x000015c8                pwmout_write
 .text.pin_function
                0x00001620       0x38 ../../external/mbed/Release/LPC1768/mbed.a(pinmap.o)
                0x00001620                pin_function
 .text.pin_mode
                0x00001658       0x60 ../../external/mbed/Release/LPC1768/mbed.a(pinmap.o)
                0x00001658                pin_mode
 .text._ZN4mbed3I2CC2E7PinNameS1_
                0x000016b8       0x20 ../../external/mbed/Release/LPC1768/mbed.a(I2C.o)
                0x000016b8                mbed::I2C::I2C(PinName, PinName)
                0x000016b8                mbed::I2C::I2C(PinName, PinName)
 .text._ZN4mbed3I2C9frequencyEi
                0x000016d8       0x14 ../../external/mbed/Release/LPC1768/mbed.a(I2C.o)
                0x000016d8                mbed::I2C::frequency(int)
 .text._ZN4mbed3I2C5writeEiPKcib
                0x000016ec       0x44 ../../external/mbed/Release/LPC1768/mbed.a(I2C.o)
                0x000016ec                mbed::I2C::write(int, char const*, int, bool)
 .text._ZN4mbed3I2C4readEiPcib
                0x00001730       0x44 ../../external/mbed/Release/LPC1768/mbed.a(I2C.o)
                0x00001730                mbed::I2C::read(int, char*, int, bool)
 .text._ZL11init_serialv.part.0
                0x00001774       0x18 ../../external/mbed/Release/LPC1768/mbed.a(retarget.o)
 .text._close   0x0000178c       0x28 ../../external/mbed/Release/LPC1768/mbed.a(retarget.o)
                0x0000178c                _close
 .text._write   0x000017b4       0x4c ../../external/mbed/Release/LPC1768/mbed.a(retarget.o)
                0x000017b4                _write
 .text._read    0x00001800       0x44 ../../external/mbed/Release/LPC1768/mbed.a(retarget.o)
                0x00001800                _read
 .text._isatty  0x00001844       0x24 ../../external/mbed/Release/LPC1768/mbed.a(retarget.o)
                0x00001844                _isatty
 .text._lseek   0x00001868       0x24 ../../external/mbed/Release/LPC1768/mbed.a(retarget.o)
                0x00001868                _lseek
 .text._fstat   0x0000188c       0x20 ../../external/mbed/Release/LPC1768/mbed.a(retarget.o)
                0x0000188c                _fstat
 .text.mbed_main
                0x000018ac        0x4 ../../external/mbed/Release/LPC1768/mbed.a(retarget.o)
                0x000018ac                mbed_main
 .text.mbed_sdk_init
                0x000018b0        0x4 ../../external/mbed/Release/LPC1768/mbed.a(retarget.o)
                0x000018b0                mbed_sdk_init
 .text.__wrap_main
                0x000018b4       0x14 ../../external/mbed/Release/LPC1768/mbed.a(retarget.o)
                0x000018b4                __wrap_main
 .text._sbrk    0x000018c8       0x28 ../../external/mbed/Release/LPC1768/mbed.a(retarget.o)
                0x000018c8                _sbrk
 .text._exit    0x000018f0       0x34 ../../external/mbed/Release/LPC1768/mbed.a(retarget.o)
                0x000018f0                _exit
 .text          0x00001924       0x44 ../../external/mbed/Release/LPC1768/mbed.a(startup_LPC17xx.o)
                0x00001924                Reset_Handler
                0x00001954                NMI_Handler
                0x00001956                HardFault_Handler
                0x00001958                MemManage_Handler
                0x0000195a                BusFault_Handler
                0x0000195c                UsageFault_Handler
                0x0000195e                SVC_Handler
                0x00001960                DebugMon_Handler
                0x00001962                PendSV_Handler
                0x00001964                SysTick_Handler
                0x00001966                TIMER2_IRQHandler
                0x00001966                RIT_IRQHandler
                0x00001966                I2C0_IRQHandler
                0x00001966                USBActivity_IRQHandler
                0x00001966                PWM1_IRQHandler
                0x00001966                I2C1_IRQHandler
                0x00001966                EINT2_IRQHandler
                0x00001966                UART1_IRQHandler
                0x00001966                EINT3_IRQHandler
                0x00001966                CANActivity_IRQHandler
                0x00001966                TIMER3_IRQHandler
                0x00001966                UART0_IRQHandler
                0x00001966                PLL0_IRQHandler
                0x00001966                CAN_IRQHandler
                0x00001966                PLL1_IRQHandler
                0x00001966                SSP0_IRQHandler
                0x00001966                I2S_IRQHandler
                0x00001966                I2C2_IRQHandler
                0x00001966                RTC_IRQHandler
                0x00001966                TIMER0_IRQHandler
                0x00001966                SPI_IRQHandler
                0x00001966                EINT1_IRQHandler
                0x00001966                TIMER1_IRQHandler
                0x00001966                UART2_IRQHandler
                0x00001966                Default_Handler
                0x00001966                ADC_IRQHandler
                0x00001966                SSP1_IRQHandler
                0x00001966                USB_IRQHandler
                0x00001966                BOD_IRQHandler
                0x00001966                WDT_IRQHandler
                0x00001966                QEI_IRQHandler
                0x00001966                EINT0_IRQHandler
                0x00001966                DEF_IRQHandler
                0x00001966                DMA_IRQHandler
                0x00001966                UART3_IRQHandler
                0x00001966                MCPWM_IRQHandler
                0x00001966                ENET_IRQHandler
 .text          0x00001968      0x370 /home/jtwright/UROP/gcc4mbed/gcc-arm-none-eabi/bin/../lib/gcc/arm-none-eabi/5.2.1/armv7-m/libgcc.a(_arm_addsubdf3.o)
                0x00001968                __aeabi_drsub
                0x00001970                __aeabi_dsub
                0x00001970                __subdf3
                0x00001974                __adddf3
                0x00001974                __aeabi_dadd
                0x00001bec                __aeabi_ui2d
                0x00001bec                __floatunsidf
                0x00001c0c                __floatsidf
                0x00001c0c                __aeabi_i2d
                0x00001c30                __extendsfdf2
                0x00001c30                __aeabi_f2d
                0x00001c6c                __aeabi_ul2d
                0x00001c6c                __floatundidf
                0x00001c7c                __floatdidf
                0x00001c7c                __aeabi_l2d
 .text          0x00001cd8      0x424 /home/jtwright/UROP/gcc4mbed/gcc-arm-none-eabi/bin/../lib/gcc/arm-none-eabi/5.2.1/armv7-m/libgcc.a(_arm_muldivdf3.o)
                0x00001cd8                __aeabi_dmul
                0x00001cd8                __muldf3
                0x00001f2c                __aeabi_ddiv
                0x00001f2c                __divdf3
 .text          0x000020fc       0xa0 /home/jtwright/UROP/gcc4mbed/gcc-arm-none-eabi/bin/../lib/gcc/arm-none-eabi/5.2.1/armv7-m/libgcc.a(_arm_truncdfsf2.o)
                0x000020fc                __aeabi_d2f
                0x000020fc                __truncdfsf2
 .text          0x0000219c      0x21c /home/jtwright/UROP/gcc4mbed/gcc-arm-none-eabi/bin/../lib/gcc/arm-none-eabi/5.2.1/armv7-m/libgcc.a(_arm_addsubsf3.o)
                0x0000219c                __aeabi_frsub
                0x000021a4                __subsf3
                0x000021a4                __aeabi_fsub
                0x000021a8                __aeabi_fadd
                0x000021a8                __addsf3
                0x00002308                __aeabi_ui2f
                0x00002308                __floatunsisf
                0x00002310                __aeabi_i2f
                0x00002310                __floatsisf
                0x0000232c                __floatundisf
                0x0000232c                __aeabi_ul2f
                0x0000233c                __floatdisf
                0x0000233c                __aeabi_l2f
 .text          0x000023b8      0x2a0 /home/jtwright/UROP/gcc4mbed/gcc-arm-none-eabi/bin/../lib/gcc/arm-none-eabi/5.2.1/armv7-m/libgcc.a(_arm_muldivsf3.o)
                0x000023b8                __mulsf3
                0x000023b8                __aeabi_fmul
                0x00002520                __divsf3
                0x00002520                __aeabi_fdiv
 .text          0x00002658       0xec /home/jtwright/UROP/gcc4mbed/gcc-arm-none-eabi/bin/../lib/gcc/arm-none-eabi/5.2.1/armv7-m/libgcc.a(_arm_cmpsf2.o)
                0x00002658                __gtsf2
                0x00002658                __gesf2
                0x00002660                __lesf2
                0x00002660                __ltsf2
                0x00002668                __nesf2
                0x00002668                __eqsf2
                0x00002668                __cmpsf2
                0x000026c8                __aeabi_cfrcmple
                0x000026d0                __aeabi_cfcmple
                0x000026d0                __aeabi_cfcmpeq
                0x000026e0                __aeabi_fcmpeq
                0x000026f4                __aeabi_fcmplt
                0x00002708                __aeabi_fcmple
                0x0000271c                __aeabi_fcmpge
                0x00002730                __aeabi_fcmpgt
 .text          0x00002744       0x4c /home/jtwright/UROP/gcc4mbed/gcc-arm-none-eabi/bin/../lib/gcc/arm-none-eabi/5.2.1/armv7-m/libgcc.a(_arm_fixsfsi.o)
                0x00002744                __fixsfsi
                0x00002744                __aeabi_f2iz
 .text          0x00002790       0x40 /home/jtwright/UROP/gcc4mbed/gcc-arm-none-eabi/bin/../lib/gcc/arm-none-eabi/5.2.1/armv7-m/libgcc.a(_arm_fixunssfsi.o)
                0x00002790                __aeabi_f2uiz
                0x00002790                __fixunssfsi
 .text.__errno  0x000027d0        0xc /home/jtwright/UROP/gcc4mbed/gcc-arm-none-eabi/bin/../lib/gcc/arm-none-eabi/5.2.1/../../../../arm-none-eabi/lib/armv7-m/libc_nano.a(lib_a-errno.o)
                0x000027d0                __errno
 .text.exit     0x000027dc       0x28 /home/jtwright/UROP/gcc4mbed/gcc-arm-none-eabi/bin/../lib/gcc/arm-none-eabi/5.2.1/../../../../arm-none-eabi/lib/armv7-m/libc_nano.a(lib_a-exit.o)
                0x000027dc                exit
 .text.__sflush_r
                0x00002804      0x10c /home/jtwright/UROP/gcc4mbed/gcc-arm-none-eabi/bin/../lib/gcc/arm-none-eabi/5.2.1/../../../../arm-none-eabi/lib/armv7-m/libc_nano.a(lib_a-fflush.o)
                0x00002804                __sflush_r
 .text._fflush_r
                0x00002910       0x54 /home/jtwright/UROP/gcc4mbed/gcc-arm-none-eabi/bin/../lib/gcc/arm-none-eabi/5.2.1/../../../../arm-none-eabi/lib/armv7-m/libc_nano.a(lib_a-fflush.o)
                0x00002910                _fflush_r
 .text.fflush   0x00002964       0x24 /home/jtwright/UROP/gcc4mbed/gcc-arm-none-eabi/bin/../lib/gcc/arm-none-eabi/5.2.1/../../../../arm-none-eabi/lib/armv7-m/libc_nano.a(lib_a-fflush.o)
                0x00002964                fflush
 .text._cleanup_r
                0x00002988        0xc /home/jtwright/UROP/gcc4mbed/gcc-arm-none-eabi/bin/../lib/gcc/arm-none-eabi/5.2.1/../../../../arm-none-eabi/lib/armv7-m/libc_nano.a(lib_a-findfp.o)
                0x00002988                _cleanup_r
 .text.std.isra.0
                0x00002994       0x48 /home/jtwright/UROP/gcc4mbed/gcc-arm-none-eabi/bin/../lib/gcc/arm-none-eabi/5.2.1/../../../../arm-none-eabi/lib/armv7-m/libc_nano.a(lib_a-findfp.o)
 .text.__sfmoreglue
                0x000029dc       0x2c /home/jtwright/UROP/gcc4mbed/gcc-arm-none-eabi/bin/../lib/gcc/arm-none-eabi/5.2.1/../../../../arm-none-eabi/lib/armv7-m/libc_nano.a(lib_a-findfp.o)
                0x000029dc                __sfmoreglue
 .text.__sinit  0x00002a08       0x60 /home/jtwright/UROP/gcc4mbed/gcc-arm-none-eabi/bin/../lib/gcc/arm-none-eabi/5.2.1/../../../../arm-none-eabi/lib/armv7-m/libc_nano.a(lib_a-findfp.o)
                0x00002a08                __sinit
 .text.__sfp    0x00002a68       0x78 /home/jtwright/UROP/gcc4mbed/gcc-arm-none-eabi/bin/../lib/gcc/arm-none-eabi/5.2.1/../../../../arm-none-eabi/lib/armv7-m/libc_nano.a(lib_a-findfp.o)
                0x00002a68                __sfp
 .text._fwalk_reent
                0x00002ae0       0x3c /home/jtwright/UROP/gcc4mbed/gcc-arm-none-eabi/bin/../lib/gcc/arm-none-eabi/5.2.1/../../../../arm-none-eabi/lib/armv7-m/libc_nano.a(lib_a-fwalk.o)
                0x00002ae0                _fwalk_reent
 .text.__libc_init_array
                0x00002b1c       0x4c /home/jtwright/UROP/gcc4mbed/gcc-arm-none-eabi/bin/../lib/gcc/arm-none-eabi/5.2.1/../../../../arm-none-eabi/lib/armv7-m/libc_nano.a(lib_a-init.o)
                0x00002b1c                __libc_init_array
 .text.__smakebuf_r
                0x00002b68       0x98 /home/jtwright/UROP/gcc4mbed/gcc-arm-none-eabi/bin/../lib/gcc/arm-none-eabi/5.2.1/../../../../arm-none-eabi/lib/armv7-m/libc_nano.a(lib_a-makebuf.o)
                0x00002b68                __smakebuf_r
 .text.memchr   0x00002c00       0x1c /home/jtwright/UROP/gcc4mbed/gcc-arm-none-eabi/bin/../lib/gcc/arm-none-eabi/5.2.1/../../../../arm-none-eabi/lib/armv7-m/libc_nano.a(lib_a-memchr-stub.o)
                0x00002c00                memchr
 .text.memset   0x00002c1c       0x10 /home/jtwright/UROP/gcc4mbed/gcc-arm-none-eabi/bin/../lib/gcc/arm-none-eabi/5.2.1/../../../../arm-none-eabi/lib/armv7-m/libc_nano.a(lib_a-memset.o)
                0x00002c1c                memset
 .text._free_r  0x00002c2c       0x88 /home/jtwright/UROP/gcc4mbed/gcc-arm-none-eabi/bin/../lib/gcc/arm-none-eabi/5.2.1/../../../../arm-none-eabi/lib/armv7-m/libc_nano.a(lib_a-nano-freer.o)
                0x00002c2c                _free_r
 .text._malloc_r
                0x00002cb4       0xa8 /home/jtwright/UROP/gcc4mbed/gcc-arm-none-eabi/bin/../lib/gcc/arm-none-eabi/5.2.1/../../../../arm-none-eabi/lib/armv7-m/libc_nano.a(lib_a-nano-mallocr.o)
                0x00002cb4                _malloc_r
 .text.__sfputc_r
                0x00002d5c       0x2c /home/jtwright/UROP/gcc4mbed/gcc-arm-none-eabi/bin/../lib/gcc/arm-none-eabi/5.2.1/../../../../arm-none-eabi/lib/armv7-m/libc_nano.a(lib_a-nano-vfprintf.o)
 .text.__sfputs_r
                0x00002d88       0x24 /home/jtwright/UROP/gcc4mbed/gcc-arm-none-eabi/bin/../lib/gcc/arm-none-eabi/5.2.1/../../../../arm-none-eabi/lib/armv7-m/libc_nano.a(lib_a-nano-vfprintf.o)
                0x00002d88                __sfputs_r
 .text._vfprintf_r
                0x00002dac      0x238 /home/jtwright/UROP/gcc4mbed/gcc-arm-none-eabi/bin/../lib/gcc/arm-none-eabi/5.2.1/../../../../arm-none-eabi/lib/armv7-m/libc_nano.a(lib_a-nano-vfprintf.o)
                0x00002dac                _vfiprintf_r
                0x00002dac                _vfprintf_r
 .text.vfprintf
                0x00002fe4       0x14 /home/jtwright/UROP/gcc4mbed/gcc-arm-none-eabi/bin/../lib/gcc/arm-none-eabi/5.2.1/../../../../arm-none-eabi/lib/armv7-m/libc_nano.a(lib_a-nano-vfprintf.o)
                0x00002fe4                vfiprintf
                0x00002fe4                vfprintf
 .text._printf_common
                0x00002ff8       0xec /home/jtwright/UROP/gcc4mbed/gcc-arm-none-eabi/bin/../lib/gcc/arm-none-eabi/5.2.1/../../../../arm-none-eabi/lib/armv7-m/libc_nano.a(lib_a-nano-vfprintf_i.o)
                0x00002ff8                _printf_common
 .text._printf_i
                0x000030e4      0x24c /home/jtwright/UROP/gcc4mbed/gcc-arm-none-eabi/bin/../lib/gcc/arm-none-eabi/5.2.1/../../../../arm-none-eabi/lib/armv7-m/libc_nano.a(lib_a-nano-vfprintf_i.o)
                0x000030e4                _printf_i
 .text._sbrk_r  0x00003330       0x20 /home/jtwright/UROP/gcc4mbed/gcc-arm-none-eabi/bin/../lib/gcc/arm-none-eabi/5.2.1/../../../../arm-none-eabi/lib/armv7-m/libc_nano.a(lib_a-sbrkr.o)
                0x00003330                _sbrk_r
 .text.__sread  0x00003350       0x22 /home/jtwright/UROP/gcc4mbed/gcc-arm-none-eabi/bin/../lib/gcc/arm-none-eabi/5.2.1/../../../../arm-none-eabi/lib/armv7-m/libc_nano.a(lib_a-stdio.o)
                0x00003350                __sread
 .text.__swrite
                0x00003372       0x38 /home/jtwright/UROP/gcc4mbed/gcc-arm-none-eabi/bin/../lib/gcc/arm-none-eabi/5.2.1/../../../../arm-none-eabi/lib/armv7-m/libc_nano.a(lib_a-stdio.o)
                0x00003372                __swrite
 .text.__sseek  0x000033aa       0x24 /home/jtwright/UROP/gcc4mbed/gcc-arm-none-eabi/bin/../lib/gcc/arm-none-eabi/5.2.1/../../../../arm-none-eabi/lib/armv7-m/libc_nano.a(lib_a-stdio.o)
                0x000033aa                __sseek
 .text.__sclose
                0x000033ce        0x8 /home/jtwright/UROP/gcc4mbed/gcc-arm-none-eabi/bin/../lib/gcc/arm-none-eabi/5.2.1/../../../../arm-none-eabi/lib/armv7-m/libc_nano.a(lib_a-stdio.o)
                0x000033ce                __sclose
 *fill*         0x000033d6        0x2 
 .text.__swbuf_r
                0x000033d8       0xa8 /home/jtwright/UROP/gcc4mbed/gcc-arm-none-eabi/bin/../lib/gcc/arm-none-eabi/5.2.1/../../../../arm-none-eabi/lib/armv7-m/libc_nano.a(lib_a-wbuf.o)
                0x000033d8                __swbuf_r
 .text._write_r
                0x00003480       0x24 /home/jtwright/UROP/gcc4mbed/gcc-arm-none-eabi/bin/../lib/gcc/arm-none-eabi/5.2.1/../../../../arm-none-eabi/lib/armv7-m/libc_nano.a(lib_a-writer.o)
                0x00003480                _write_r
 .text.__swsetup_r
                0x000034a4       0xd8 /home/jtwright/UROP/gcc4mbed/gcc-arm-none-eabi/bin/../lib/gcc/arm-none-eabi/5.2.1/../../../../arm-none-eabi/lib/armv7-m/libc_nano.a(lib_a-wsetup.o)
                0x000034a4                __swsetup_r
 .text._close_r
                0x0000357c       0x20 /home/jtwright/UROP/gcc4mbed/gcc-arm-none-eabi/bin/../lib/gcc/arm-none-eabi/5.2.1/../../../../arm-none-eabi/lib/armv7-m/libc_nano.a(lib_a-closer.o)
                0x0000357c                _close_r
 .text._fstat_r
                0x0000359c       0x24 /home/jtwright/UROP/gcc4mbed/gcc-arm-none-eabi/bin/../lib/gcc/arm-none-eabi/5.2.1/../../../../arm-none-eabi/lib/armv7-m/libc_nano.a(lib_a-fstatr.o)
                0x0000359c                _fstat_r
 .text._isatty_r
                0x000035c0       0x20 /home/jtwright/UROP/gcc4mbed/gcc-arm-none-eabi/bin/../lib/gcc/arm-none-eabi/5.2.1/../../../../arm-none-eabi/lib/armv7-m/libc_nano.a(lib_a-isattyr.o)
                0x000035c0                _isatty_r
 .text._lseek_r
                0x000035e0       0x24 /home/jtwright/UROP/gcc4mbed/gcc-arm-none-eabi/bin/../lib/gcc/arm-none-eabi/5.2.1/../../../../arm-none-eabi/lib/armv7-m/libc_nano.a(lib_a-lseekr.o)
                0x000035e0                _lseek_r
 .text._read_r  0x00003604       0x24 /home/jtwright/UROP/gcc4mbed/gcc-arm-none-eabi/bin/../lib/gcc/arm-none-eabi/5.2.1/../../../../arm-none-eabi/lib/armv7-m/libc_nano.a(lib_a-readr.o)
                0x00003604                _read_r
 .text.asinf    0x00003628       0xa0 /home/jtwright/UROP/gcc4mbed/gcc-arm-none-eabi/bin/../lib/gcc/arm-none-eabi/5.2.1/../../../../arm-none-eabi/lib/armv7-m/libm.a(lib_a-wf_asin.o)
                0x00003628                asinf
 .text.atan2f   0x000036c8        0x4 /home/jtwright/UROP/gcc4mbed/gcc-arm-none-eabi/bin/../lib/gcc/arm-none-eabi/5.2.1/../../../../arm-none-eabi/lib/armv7-m/libm.a(lib_a-wf_atan2.o)
                0x000036c8                atan2f
 .text.__ieee754_asinf
                0x000036cc      0x294 /home/jtwright/UROP/gcc4mbed/gcc-arm-none-eabi/bin/../lib/gcc/arm-none-eabi/5.2.1/../../../../arm-none-eabi/lib/armv7-m/libm.a(lib_a-ef_asin.o)
                0x000036cc                __ieee754_asinf
 .text.__ieee754_atan2f
                0x00003960      0x124 /home/jtwright/UROP/gcc4mbed/gcc-arm-none-eabi/bin/../lib/gcc/arm-none-eabi/5.2.1/../../../../arm-none-eabi/lib/armv7-m/libm.a(lib_a-ef_atan2.o)
                0x00003960                __ieee754_atan2f
 .text.__ieee754_sqrtf
                0x00003a84       0xa8 /home/jtwright/UROP/gcc4mbed/gcc-arm-none-eabi/bin/../lib/gcc/arm-none-eabi/5.2.1/../../../../arm-none-eabi/lib/armv7-m/libm.a(lib_a-ef_sqrt.o)
                0x00003a84                __ieee754_sqrtf
 .text.matherr  0x00003b2c        0x4 /home/jtwright/UROP/gcc4mbed/gcc-arm-none-eabi/bin/../lib/gcc/arm-none-eabi/5.2.1/../../../../arm-none-eabi/lib/armv7-m/libm.a(lib_a-s_matherr.o)
                0x00003b2c                matherr
 .text.nan      0x00003b30        0xc /home/jtwright/UROP/gcc4mbed/gcc-arm-none-eabi/bin/../lib/gcc/arm-none-eabi/5.2.1/../../../../arm-none-eabi/lib/armv7-m/libm.a(lib_a-s_nan.o)
                0x00003b30                nan
 .text.atanf    0x00003b3c      0x22c /home/jtwright/UROP/gcc4mbed/gcc-arm-none-eabi/bin/../lib/gcc/arm-none-eabi/5.2.1/../../../../arm-none-eabi/lib/armv7-m/libm.a(lib_a-sf_atan.o)
                0x00003b3c                atanf
 .text.fabsf    0x00003d68        0x8 /home/jtwright/UROP/gcc4mbed/gcc-arm-none-eabi/bin/../lib/gcc/arm-none-eabi/5.2.1/../../../../arm-none-eabi/lib/armv7-m/libm.a(lib_a-sf_fabs.o)
                0x00003d68                fabsf
 .text.__fpclassifyf
                0x00003d70       0x34 /home/jtwright/UROP/gcc4mbed/gcc-arm-none-eabi/bin/../lib/gcc/arm-none-eabi/5.2.1/../../../../arm-none-eabi/lib/armv7-m/libm.a(lib_a-sf_fpclassify.o)
                0x00003d70                __fpclassifyf
 *(.init)
 .init          0x00003da4        0x4 /home/jtwright/UROP/gcc4mbed/gcc-arm-none-eabi/bin/../lib/gcc/arm-none-eabi/5.2.1/armv7-m/crti.o
                0x00003da4                _init
 .init          0x00003da8        0x8 /home/jtwright/UROP/gcc4mbed/gcc-arm-none-eabi/bin/../lib/gcc/arm-none-eabi/5.2.1/armv7-m/crtn.o
 *(.fini)
 .fini          0x00003db0        0x4 /home/jtwright/UROP/gcc4mbed/gcc-arm-none-eabi/bin/../lib/gcc/arm-none-eabi/5.2.1/armv7-m/crti.o
                0x00003db0                _fini
 .fini          0x00003db4        0x8 /home/jtwright/UROP/gcc4mbed/gcc-arm-none-eabi/bin/../lib/gcc/arm-none-eabi/5.2.1/armv7-m/crtn.o
 *crtbegin.o(.ctors)
 *crtbegin?.o(.ctors)
 *(EXCLUDE_FILE(*crtend.o *crtend?.o) .ctors)
 *(SORT(.ctors.*))
 *(.ctors)
 *crtbegin.o(.dtors)
 *crtbegin?.o(.dtors)
 *(EXCLUDE_FILE(*crtend.o *crtend?.o) .dtors)
 *(SORT(.dtors.*))
 *(.dtors)
 *(.rodata*)
 .rodata.us_interface
                0x00003dbc       0x14 ../../external/mbed/Release/LPC1768/mbed.a(us_ticker_api.o)
 .rodata.us_data
                0x00003dd0        0x8 ../../external/mbed/Release/LPC1768/mbed.a(us_ticker_api.o)
 .rodata.str1.4
                0x00003dd8       0x66 ../../external/mbed/Release/LPC1768/mbed.a(pinmap_common.o)
 *fill*         0x00003e3e        0x2 
 .rodata.PinMap_UART_RTS
                0x00003e40       0x24 ../../external/mbed/Release/LPC1768/mbed.a(serial_api.o)
 .rodata.PinMap_UART_RX
                0x00003e64       0x6c ../../external/mbed/Release/LPC1768/mbed.a(serial_api.o)
 .rodata.PinMap_UART_TX
                0x00003ed0       0x6c ../../external/mbed/Release/LPC1768/mbed.a(serial_api.o)
 .rodata.PinMap_UART_CTS
                0x00003f3c       0x24 ../../external/mbed/Release/LPC1768/mbed.a(serial_api.o)
 .rodata.PinMap_I2C_SDA
                0x00003f60       0x3c ../../external/mbed/Release/LPC1768/mbed.a(i2c_api.o)
 .rodata.PinMap_I2C_SCL
                0x00003f9c       0x3c ../../external/mbed/Release/LPC1768/mbed.a(i2c_api.o)
 .rodata.PinMap_PWM
                0x00003fd8       0xb4 ../../external/mbed/Release/LPC1768/mbed.a(pwmout_api.o)
 .rodata.__sf_fake_stdin
                0x0000408c       0x20 /home/jtwright/UROP/gcc4mbed/gcc-arm-none-eabi/bin/../lib/gcc/arm-none-eabi/5.2.1/../../../../arm-none-eabi/lib/armv7-m/libc_nano.a(lib_a-findfp.o)
                0x0000408c                __sf_fake_stdin
 .rodata.__sf_fake_stdout
                0x000040ac       0x20 /home/jtwright/UROP/gcc4mbed/gcc-arm-none-eabi/bin/../lib/gcc/arm-none-eabi/5.2.1/../../../../arm-none-eabi/lib/armv7-m/libc_nano.a(lib_a-findfp.o)
                0x000040ac                __sf_fake_stdout
 .rodata.__sf_fake_stderr
                0x000040cc       0x20 /home/jtwright/UROP/gcc4mbed/gcc-arm-none-eabi/bin/../lib/gcc/arm-none-eabi/5.2.1/../../../../arm-none-eabi/lib/armv7-m/libc_nano.a(lib_a-findfp.o)
                0x000040cc                __sf_fake_stderr
 .rodata.str1.1
                0x000040ec        0x2 /home/jtwright/UROP/gcc4mbed/gcc-arm-none-eabi/bin/../lib/gcc/arm-none-eabi/5.2.1/../../../../arm-none-eabi/lib/armv7-m/libc_nano.a(lib_a-impure.o)
 *fill*         0x000040ee        0x2 
 .rodata._global_impure_ptr
                0x000040f0        0x4 /home/jtwright/UROP/gcc4mbed/gcc-arm-none-eabi/bin/../lib/gcc/arm-none-eabi/5.2.1/../../../../arm-none-eabi/lib/armv7-m/libc_nano.a(lib_a-impure.o)
                0x000040f0                _global_impure_ptr
 .rodata.str1.1
                0x000040f4       0x11 /home/jtwright/UROP/gcc4mbed/gcc-arm-none-eabi/bin/../lib/gcc/arm-none-eabi/5.2.1/../../../../arm-none-eabi/lib/armv7-m/libc_nano.a(lib_a-nano-vfprintf.o)
 .rodata.str1.1
                0x00004105       0x22 /home/jtwright/UROP/gcc4mbed/gcc-arm-none-eabi/bin/../lib/gcc/arm-none-eabi/5.2.1/../../../../arm-none-eabi/lib/armv7-m/libc_nano.a(lib_a-nano-vfprintf_i.o)
 *fill*         0x00004127        0x1 
 .rodata.str1.4
                0x00004128        0x8 /home/jtwright/UROP/gcc4mbed/gcc-arm-none-eabi/bin/../lib/gcc/arm-none-eabi/5.2.1/../../../../arm-none-eabi/lib/armv7-m/libm.a(lib_a-wf_asin.o)
                                  0x9 (size before relaxing)
 .rodata.atanlo
                0x00004130       0x10 /home/jtwright/UROP/gcc4mbed/gcc-arm-none-eabi/bin/../lib/gcc/arm-none-eabi/5.2.1/../../../../arm-none-eabi/lib/armv7-m/libm.a(lib_a-sf_atan.o)
 .rodata.atanhi
                0x00004140       0x10 /home/jtwright/UROP/gcc4mbed/gcc-arm-none-eabi/bin/../lib/gcc/arm-none-eabi/5.2.1/../../../../arm-none-eabi/lib/armv7-m/libm.a(lib_a-sf_atan.o)
 *(.eh_frame*)
 .eh_frame      0x00004150        0x0 /home/jtwright/UROP/gcc4mbed/gcc-arm-none-eabi/bin/../lib/gcc/arm-none-eabi/5.2.1/armv7-m/crtbegin.o
 .eh_frame      0x00004150        0x4 /home/jtwright/UROP/gcc4mbed/gcc-arm-none-eabi/bin/../lib/gcc/arm-none-eabi/5.2.1/armv7-m/crtend.o

.glue_7         0x00004154        0x0
 .glue_7        0x00004154        0x0 linker stubs

.glue_7t        0x00004154        0x0
 .glue_7t       0x00004154        0x0 linker stubs

.vfp11_veneer   0x00004154        0x0
 .vfp11_veneer  0x00004154        0x0 linker stubs

.v4_bx          0x00004154        0x0
 .v4_bx         0x00004154        0x0 linker stubs

.iplt           0x00004154        0x0
 .iplt          0x00004154        0x0 /home/jtwright/UROP/gcc4mbed/gcc-arm-none-eabi/bin/../lib/gcc/arm-none-eabi/5.2.1/armv7-m/crtbegin.o

.rel.dyn        0x00004154        0x0
 .rel.iplt      0x00004154        0x0 /home/jtwright/UROP/gcc4mbed/gcc-arm-none-eabi/bin/../lib/gcc/arm-none-eabi/5.2.1/armv7-m/crtbegin.o

.ARM.extab
 *(.ARM.extab* .gnu.linkonce.armextab.*)
                0x00004154                __exidx_start = .

.ARM.exidx
 *(.ARM.exidx* .gnu.linkonce.armexidx.*)
                0x00004154                __exidx_end = .
                0x00004154                __etext = .

.data           0x100000c8       0x98 load address 0x00004154
                0x100000c8                __data_start__ = .
                0x100000c8                Image$$RW_IRAM1$$Base = .
 *(vtable)
 *(.data*)
 .data.SystemCoreClock
                0x100000c8        0x4 ../../external/mbed/Release/LPC1768/mbed.a(system_LPC17xx.o)
                0x100000c8                SystemCoreClock
 .data.PWM_MATCH
                0x100000cc       0x1c ../../external/mbed/Release/LPC1768/mbed.a(pwmout_api.o)
                0x100000cc                PWM_MATCH
 .data._ZZ5_sbrkE4heap
                0x100000e8        0x4 ../../external/mbed/Release/LPC1768/mbed.a(retarget.o)
 .data.impure_data
                0x100000ec       0x60 /home/jtwright/UROP/gcc4mbed/gcc-arm-none-eabi/bin/../lib/gcc/arm-none-eabi/5.2.1/../../../../arm-none-eabi/lib/armv7-m/libc_nano.a(lib_a-impure.o)
 .data._impure_ptr
                0x1000014c        0x4 /home/jtwright/UROP/gcc4mbed/gcc-arm-none-eabi/bin/../lib/gcc/arm-none-eabi/5.2.1/../../../../arm-none-eabi/lib/armv7-m/libc_nano.a(lib_a-impure.o)
                0x1000014c                _impure_ptr
 .data.__fdlib_version
                0x10000150        0x1 /home/jtwright/UROP/gcc4mbed/gcc-arm-none-eabi/bin/../lib/gcc/arm-none-eabi/5.2.1/../../../../arm-none-eabi/lib/armv7-m/libm.a(lib_a-s_lib_ver.o)
                0x10000150                __fdlib_version
                0x10000154                . = ALIGN (0x4)
 *fill*         0x10000151        0x3 
                0x10000154                PROVIDE (__preinit_array_start, .)
 *(.preinit_array)
                0x10000154                PROVIDE (__preinit_array_end, .)
                0x10000154                . = ALIGN (0x4)
                0x10000154                PROVIDE (__init_array_start, .)
 *(SORT(.init_array.*))
 *(.init_array)
 .init_array    0x10000154        0x4 /home/jtwright/UROP/gcc4mbed/gcc-arm-none-eabi/bin/../lib/gcc/arm-none-eabi/5.2.1/armv7-m/crtbegin.o
 .init_array    0x10000158        0x4 LPC1768/main.o
                0x1000015c                PROVIDE (__init_array_end, .)
                0x1000015c                . = ALIGN (0x4)
                [!provide]                PROVIDE (__fini_array_start, .)
 *(SORT(.fini_array.*))
 *(.fini_array)
 .fini_array    0x1000015c        0x4 /home/jtwright/UROP/gcc4mbed/gcc-arm-none-eabi/bin/../lib/gcc/arm-none-eabi/5.2.1/armv7-m/crtbegin.o
                [!provide]                PROVIDE (__fini_array_end, .)
                0x10000160                . = ALIGN (0x4)
                0x10000160                __data_end__ = .

.jcr            0x10000160        0x0 load address 0x000041ec
 .jcr           0x10000160        0x0 /home/jtwright/UROP/gcc4mbed/gcc-arm-none-eabi/bin/../lib/gcc/arm-none-eabi/5.2.1/armv7-m/crtbegin.o

.tm_clone_table
                0x10000160        0x0 load address 0x000041ec
 .tm_clone_table
                0x10000160        0x0 /home/jtwright/UROP/gcc4mbed/gcc-arm-none-eabi/bin/../lib/gcc/arm-none-eabi/5.2.1/armv7-m/crtbegin.o
 .tm_clone_table
                0x10000160        0x0 /home/jtwright/UROP/gcc4mbed/gcc-arm-none-eabi/bin/../lib/gcc/arm-none-eabi/5.2.1/armv7-m/crtend.o

.igot.plt       0x10000160        0x0 load address 0x000041ec
 .igot.plt      0x10000160        0x0 /home/jtwright/UROP/gcc4mbed/gcc-arm-none-eabi/bin/../lib/gcc/arm-none-eabi/5.2.1/armv7-m/crtbegin.o

.bss            0x10000160      0x344 load address 0x000041ec
                0x10000160                __bss_start__ = .
 *(.bss*)
 .bss           0x10000160       0x1c /home/jtwright/UROP/gcc4mbed/gcc-arm-none-eabi/bin/../lib/gcc/arm-none-eabi/5.2.1/armv7-m/crtbegin.o
 .bss.pitch     0x1000017c        0x8 LPC1768/main.o
                0x1000017c                pitch
 .bss.roll      0x10000184        0x8 LPC1768/main.o
                0x10000184                roll
 .bss.imu       0x1000018c       0xf8 LPC1768/main.o
                0x1000018c                imu
 .bss.yaw       0x10000284        0x8 LPC1768/main.o
                0x10000284                yaw
 .bss.calibrationLevel
                0x1000028c        0x8 LPC1768/main.o
                0x1000028c                calibrationLevel
 .bss.events    0x10000294        0x8 ../../external/mbed/Release/LPC1768/mbed.a(us_ticker_api.o)
 .bss.stdio_uart_inited
                0x1000029c        0x4 ../../external/mbed/Release/LPC1768/mbed.a(serial_api.o)
                0x1000029c                stdio_uart_inited
 .bss.irq_handler
                0x100002a0        0x4 ../../external/mbed/Release/LPC1768/mbed.a(serial_api.o)
 .bss.uart_data
                0x100002a4       0xe0 ../../external/mbed/Release/LPC1768/mbed.a(serial_api.o)
 .bss.us_ticker_inited
                0x10000384        0x4 ../../external/mbed/Release/LPC1768/mbed.a(us_ticker.o)
                0x10000384                us_ticker_inited
 .bss.pwm_clock_mhz
                0x10000388        0x4 ../../external/mbed/Release/LPC1768/mbed.a(pwmout_api.o)
 .bss._ZN4mbed3I2C6_ownerE
                0x1000038c        0x4 ../../external/mbed/Release/LPC1768/mbed.a(I2C.o)
                0x1000038c                mbed::I2C::_owner
 .bss._ZL11filehandles
                0x10000390      0x100 ../../external/mbed/Release/LPC1768/mbed.a(retarget.o)
 .bss.__malloc_sbrk_start
                0x10000490        0x4 /home/jtwright/UROP/gcc4mbed/gcc-arm-none-eabi/bin/../lib/gcc/arm-none-eabi/5.2.1/../../../../arm-none-eabi/lib/armv7-m/libc_nano.a(lib_a-nano-mallocr.o)
                0x10000490                __malloc_sbrk_start
 .bss.__malloc_free_list
                0x10000494        0x4 /home/jtwright/UROP/gcc4mbed/gcc-arm-none-eabi/bin/../lib/gcc/arm-none-eabi/5.2.1/../../../../arm-none-eabi/lib/armv7-m/libc_nano.a(lib_a-nano-mallocr.o)
                0x10000494                __malloc_free_list
 *(COMMON)
 COMMON         0x10000498        0x8 ../../external/mbed/Release/LPC1768/mbed.a(serial_api.o)
                0x10000498                stdio_uart
 COMMON         0x100004a0        0x4 /home/jtwright/UROP/gcc4mbed/gcc-arm-none-eabi/bin/../lib/gcc/arm-none-eabi/5.2.1/../../../../arm-none-eabi/lib/armv7-m/libc_nano.a(lib_a-reent.o)
                0x100004a0                errno
                0x100004a4                __bss_end__ = .
                0x100004a4                Image$$RW_IRAM1$$ZI$$Limit = .

.heap           0x100004a8      0x800
                0x100004a8                __end__ = .
                0x100004a8                end = __end__
 *(.heap*)
 .heap          0x100004a8      0x800 ../../external/mbed/Release/LPC1768/mbed.a(startup_LPC17xx.o)
                0x100004a8                __HeapBase
                0x10000ca8                __HeapLimit = .

.stack_dummy    0x100004a8      0xc00
 *(.stack)
 .stack         0x100004a8      0xc00 ../../external/mbed/Release/LPC1768/mbed.a(startup_LPC17xx.o)
                0x10008000                __StackTop = (ORIGIN (RAM) + LENGTH (RAM))
                0x10007400                __StackLimit = (__StackTop - SIZEOF (.stack_dummy))
                [!provide]                PROVIDE (__stack, __StackTop)
                0x00000001                ASSERT ((__StackLimit >= __HeapLimit), region RAM overflowed with stack)

.AHBSRAM0       0x2007c000        0x0
                0x2007c000                Image$$RW_IRAM2$$Base = .
 *(AHBSRAM0)
                0x2007c000                Image$$RW_IRAM2$$ZI$$Limit = .

.AHBSRAM1       0x20080000        0x0
                0x20080000                Image$$RW_IRAM3$$Base = .
 *(AHBSRAM1)
                0x20080000                Image$$RW_IRAM3$$ZI$$Limit = .
OUTPUT(LPC1768/IMU_Test.elf elf32-littlearm)

.ARM.attributes
                0x00000000       0x29
 .ARM.attributes
                0x00000000       0x1d /home/jtwright/UROP/gcc4mbed/gcc-arm-none-eabi/bin/../lib/gcc/arm-none-eabi/5.2.1/armv7-m/crti.o
 .ARM.attributes
                0x0000001d       0x2d /home/jtwright/UROP/gcc4mbed/gcc-arm-none-eabi/bin/../lib/gcc/arm-none-eabi/5.2.1/armv7-m/crtbegin.o
 .ARM.attributes
                0x0000004a       0x33 LPC1768/main.o
 .ARM.attributes
                0x0000007d       0x33 LPC1768/BNO055/BNO055.o
 .ARM.attributes
                0x000000b0       0x33 LPC1768/gcc4mbed.o
 .ARM.attributes
                0x000000e3       0x33 ../../external/mbed/Release/LPC1768/mbed.a(ticker_api.o)
 .ARM.attributes
                0x00000116       0x33 ../../external/mbed/Release/LPC1768/mbed.a(semihost_api.o)
 .ARM.attributes
                0x00000149       0x33 ../../external/mbed/Release/LPC1768/mbed.a(wait_api.o)
 .ARM.attributes
                0x0000017c       0x33 ../../external/mbed/Release/LPC1768/mbed.a(error.o)
 .ARM.attributes
                0x000001af       0x33 ../../external/mbed/Release/LPC1768/mbed.a(board.o)
 .ARM.attributes
                0x000001e2       0x33 ../../external/mbed/Release/LPC1768/mbed.a(us_ticker_api.o)
 .ARM.attributes
                0x00000215       0x33 ../../external/mbed/Release/LPC1768/mbed.a(mbed_interface.o)
 .ARM.attributes
                0x00000248       0x33 ../../external/mbed/Release/LPC1768/mbed.a(gpio.o)
 .ARM.attributes
                0x0000027b       0x33 ../../external/mbed/Release/LPC1768/mbed.a(pinmap_common.o)
 .ARM.attributes
                0x000002ae       0x33 ../../external/mbed/Release/LPC1768/mbed.a(cmsis_nvic.o)
 .ARM.attributes
                0x000002e1       0x33 ../../external/mbed/Release/LPC1768/mbed.a(system_LPC17xx.o)
 .ARM.attributes
                0x00000314       0x33 ../../external/mbed/Release/LPC1768/mbed.a(gpio_api.o)
 .ARM.attributes
                0x00000347       0x33 ../../external/mbed/Release/LPC1768/mbed.a(serial_api.o)
 .ARM.attributes
                0x0000037a       0x33 ../../external/mbed/Release/LPC1768/mbed.a(us_ticker.o)
 .ARM.attributes
                0x000003ad       0x33 ../../external/mbed/Release/LPC1768/mbed.a(i2c_api.o)
 .ARM.attributes
                0x000003e0       0x33 ../../external/mbed/Release/LPC1768/mbed.a(pwmout_api.o)
 .ARM.attributes
                0x00000413       0x33 ../../external/mbed/Release/LPC1768/mbed.a(pinmap.o)
 .ARM.attributes
                0x00000446       0x33 ../../external/mbed/Release/LPC1768/mbed.a(I2C.o)
 .ARM.attributes
                0x00000479       0x33 ../../external/mbed/Release/LPC1768/mbed.a(retarget.o)
 .ARM.attributes
                0x000004ac       0x1b ../../external/mbed/Release/LPC1768/mbed.a(startup_LPC17xx.o)
 .ARM.attributes
                0x000004c7       0x1d /home/jtwright/UROP/gcc4mbed/gcc-arm-none-eabi/bin/../lib/gcc/arm-none-eabi/5.2.1/armv7-m/libgcc.a(_arm_addsubdf3.o)
 .ARM.attributes
                0x000004e4       0x1d /home/jtwright/UROP/gcc4mbed/gcc-arm-none-eabi/bin/../lib/gcc/arm-none-eabi/5.2.1/armv7-m/libgcc.a(_arm_muldivdf3.o)
 .ARM.attributes
                0x00000501       0x1d /home/jtwright/UROP/gcc4mbed/gcc-arm-none-eabi/bin/../lib/gcc/arm-none-eabi/5.2.1/armv7-m/libgcc.a(_arm_truncdfsf2.o)
 .ARM.attributes
                0x0000051e       0x1d /home/jtwright/UROP/gcc4mbed/gcc-arm-none-eabi/bin/../lib/gcc/arm-none-eabi/5.2.1/armv7-m/libgcc.a(_arm_addsubsf3.o)
 .ARM.attributes
                0x0000053b       0x1d /home/jtwright/UROP/gcc4mbed/gcc-arm-none-eabi/bin/../lib/gcc/arm-none-eabi/5.2.1/armv7-m/libgcc.a(_arm_muldivsf3.o)
 .ARM.attributes
                0x00000558       0x1d /home/jtwright/UROP/gcc4mbed/gcc-arm-none-eabi/bin/../lib/gcc/arm-none-eabi/5.2.1/armv7-m/libgcc.a(_arm_cmpsf2.o)
 .ARM.attributes
                0x00000575       0x1d /home/jtwright/UROP/gcc4mbed/gcc-arm-none-eabi/bin/../lib/gcc/arm-none-eabi/5.2.1/armv7-m/libgcc.a(_arm_fixsfsi.o)
 .ARM.attributes
                0x00000592       0x1d /home/jtwright/UROP/gcc4mbed/gcc-arm-none-eabi/bin/../lib/gcc/arm-none-eabi/5.2.1/armv7-m/libgcc.a(_arm_fixunssfsi.o)
 .ARM.attributes
                0x000005af       0x2d /home/jtwright/UROP/gcc4mbed/gcc-arm-none-eabi/bin/../lib/gcc/arm-none-eabi/5.2.1/../../../../arm-none-eabi/lib/armv7-m/libc_nano.a(lib_a-errno.o)
 .ARM.attributes
                0x000005dc       0x2d /home/jtwright/UROP/gcc4mbed/gcc-arm-none-eabi/bin/../lib/gcc/arm-none-eabi/5.2.1/../../../../arm-none-eabi/lib/armv7-m/libc_nano.a(lib_a-exit.o)
 .ARM.attributes
                0x00000609       0x2d /home/jtwright/UROP/gcc4mbed/gcc-arm-none-eabi/bin/../lib/gcc/arm-none-eabi/5.2.1/../../../../arm-none-eabi/lib/armv7-m/libc_nano.a(lib_a-fflush.o)
 .ARM.attributes
                0x00000636       0x2d /home/jtwright/UROP/gcc4mbed/gcc-arm-none-eabi/bin/../lib/gcc/arm-none-eabi/5.2.1/../../../../arm-none-eabi/lib/armv7-m/libc_nano.a(lib_a-findfp.o)
 .ARM.attributes
                0x00000663       0x2d /home/jtwright/UROP/gcc4mbed/gcc-arm-none-eabi/bin/../lib/gcc/arm-none-eabi/5.2.1/../../../../arm-none-eabi/lib/armv7-m/libc_nano.a(lib_a-fwalk.o)
 .ARM.attributes
                0x00000690       0x2d /home/jtwright/UROP/gcc4mbed/gcc-arm-none-eabi/bin/../lib/gcc/arm-none-eabi/5.2.1/../../../../arm-none-eabi/lib/armv7-m/libc_nano.a(lib_a-impure.o)
 .ARM.attributes
                0x000006bd       0x2d /home/jtwright/UROP/gcc4mbed/gcc-arm-none-eabi/bin/../lib/gcc/arm-none-eabi/5.2.1/../../../../arm-none-eabi/lib/armv7-m/libc_nano.a(lib_a-init.o)
 .ARM.attributes
                0x000006ea       0x2d /home/jtwright/UROP/gcc4mbed/gcc-arm-none-eabi/bin/../lib/gcc/arm-none-eabi/5.2.1/../../../../arm-none-eabi/lib/armv7-m/libc_nano.a(lib_a-makebuf.o)
 .ARM.attributes
                0x00000717       0x2d /home/jtwright/UROP/gcc4mbed/gcc-arm-none-eabi/bin/../lib/gcc/arm-none-eabi/5.2.1/../../../../arm-none-eabi/lib/armv7-m/libc_nano.a(lib_a-memchr-stub.o)
 .ARM.attributes
                0x00000744       0x2d /home/jtwright/UROP/gcc4mbed/gcc-arm-none-eabi/bin/../lib/gcc/arm-none-eabi/5.2.1/../../../../arm-none-eabi/lib/armv7-m/libc_nano.a(lib_a-memset.o)
 .ARM.attributes
                0x00000771       0x2d /home/jtwright/UROP/gcc4mbed/gcc-arm-none-eabi/bin/../lib/gcc/arm-none-eabi/5.2.1/../../../../arm-none-eabi/lib/armv7-m/libc_nano.a(lib_a-nano-freer.o)
 .ARM.attributes
                0x0000079e       0x2d /home/jtwright/UROP/gcc4mbed/gcc-arm-none-eabi/bin/../lib/gcc/arm-none-eabi/5.2.1/../../../../arm-none-eabi/lib/armv7-m/libc_nano.a(lib_a-nano-mallocr.o)
 .ARM.attributes
                0x000007cb       0x2d /home/jtwright/UROP/gcc4mbed/gcc-arm-none-eabi/bin/../lib/gcc/arm-none-eabi/5.2.1/../../../../arm-none-eabi/lib/armv7-m/libc_nano.a(lib_a-nano-vfprintf.o)
 .ARM.attributes
                0x000007f8       0x2d /home/jtwright/UROP/gcc4mbed/gcc-arm-none-eabi/bin/../lib/gcc/arm-none-eabi/5.2.1/../../../../arm-none-eabi/lib/armv7-m/libc_nano.a(lib_a-nano-vfprintf_i.o)
 .ARM.attributes
                0x00000825       0x2d /home/jtwright/UROP/gcc4mbed/gcc-arm-none-eabi/bin/../lib/gcc/arm-none-eabi/5.2.1/../../../../arm-none-eabi/lib/armv7-m/libc_nano.a(lib_a-reent.o)
 .ARM.attributes
                0x00000852       0x2d /home/jtwright/UROP/gcc4mbed/gcc-arm-none-eabi/bin/../lib/gcc/arm-none-eabi/5.2.1/../../../../arm-none-eabi/lib/armv7-m/libc_nano.a(lib_a-sbrkr.o)
 .ARM.attributes
                0x0000087f       0x2d /home/jtwright/UROP/gcc4mbed/gcc-arm-none-eabi/bin/../lib/gcc/arm-none-eabi/5.2.1/../../../../arm-none-eabi/lib/armv7-m/libc_nano.a(lib_a-stdio.o)
 .ARM.attributes
                0x000008ac       0x2d /home/jtwright/UROP/gcc4mbed/gcc-arm-none-eabi/bin/../lib/gcc/arm-none-eabi/5.2.1/../../../../arm-none-eabi/lib/armv7-m/libc_nano.a(lib_a-wbuf.o)
 .ARM.attributes
                0x000008d9       0x2d /home/jtwright/UROP/gcc4mbed/gcc-arm-none-eabi/bin/../lib/gcc/arm-none-eabi/5.2.1/../../../../arm-none-eabi/lib/armv7-m/libc_nano.a(lib_a-writer.o)
 .ARM.attributes
                0x00000906       0x2d /home/jtwright/UROP/gcc4mbed/gcc-arm-none-eabi/bin/../lib/gcc/arm-none-eabi/5.2.1/../../../../arm-none-eabi/lib/armv7-m/libc_nano.a(lib_a-wsetup.o)
 .ARM.attributes
                0x00000933       0x2d /home/jtwright/UROP/gcc4mbed/gcc-arm-none-eabi/bin/../lib/gcc/arm-none-eabi/5.2.1/../../../../arm-none-eabi/lib/armv7-m/libc_nano.a(lib_a-closer.o)
 .ARM.attributes
                0x00000960       0x2d /home/jtwright/UROP/gcc4mbed/gcc-arm-none-eabi/bin/../lib/gcc/arm-none-eabi/5.2.1/../../../../arm-none-eabi/lib/armv7-m/libc_nano.a(lib_a-fstatr.o)
 .ARM.attributes
                0x0000098d       0x2d /home/jtwright/UROP/gcc4mbed/gcc-arm-none-eabi/bin/../lib/gcc/arm-none-eabi/5.2.1/../../../../arm-none-eabi/lib/armv7-m/libc_nano.a(lib_a-isattyr.o)
 .ARM.attributes
                0x000009ba       0x2d /home/jtwright/UROP/gcc4mbed/gcc-arm-none-eabi/bin/../lib/gcc/arm-none-eabi/5.2.1/../../../../arm-none-eabi/lib/armv7-m/libc_nano.a(lib_a-lseekr.o)
 .ARM.attributes
                0x000009e7       0x2d /home/jtwright/UROP/gcc4mbed/gcc-arm-none-eabi/bin/../lib/gcc/arm-none-eabi/5.2.1/../../../../arm-none-eabi/lib/armv7-m/libc_nano.a(lib_a-readr.o)
 .ARM.attributes
                0x00000a14       0x2d /home/jtwright/UROP/gcc4mbed/gcc-arm-none-eabi/bin/../lib/gcc/arm-none-eabi/5.2.1/../../../../arm-none-eabi/lib/armv7-m/libm.a(lib_a-wf_asin.o)
 .ARM.attributes
                0x00000a41       0x2d /home/jtwright/UROP/gcc4mbed/gcc-arm-none-eabi/bin/../lib/gcc/arm-none-eabi/5.2.1/../../../../arm-none-eabi/lib/armv7-m/libm.a(lib_a-wf_atan2.o)
 .ARM.attributes
                0x00000a6e       0x2d /home/jtwright/UROP/gcc4mbed/gcc-arm-none-eabi/bin/../lib/gcc/arm-none-eabi/5.2.1/../../../../arm-none-eabi/lib/armv7-m/libm.a(lib_a-ef_asin.o)
 .ARM.attributes
                0x00000a9b       0x2d /home/jtwright/UROP/gcc4mbed/gcc-arm-none-eabi/bin/../lib/gcc/arm-none-eabi/5.2.1/../../../../arm-none-eabi/lib/armv7-m/libm.a(lib_a-ef_atan2.o)
 .ARM.attributes
                0x00000ac8       0x2d /home/jtwright/UROP/gcc4mbed/gcc-arm-none-eabi/bin/../lib/gcc/arm-none-eabi/5.2.1/../../../../arm-none-eabi/lib/armv7-m/libm.a(lib_a-ef_sqrt.o)
 .ARM.attributes
                0x00000af5       0x2d /home/jtwright/UROP/gcc4mbed/gcc-arm-none-eabi/bin/../lib/gcc/arm-none-eabi/5.2.1/../../../../arm-none-eabi/lib/armv7-m/libm.a(lib_a-s_lib_ver.o)
 .ARM.attributes
                0x00000b22       0x2d /home/jtwright/UROP/gcc4mbed/gcc-arm-none-eabi/bin/../lib/gcc/arm-none-eabi/5.2.1/../../../../arm-none-eabi/lib/armv7-m/libm.a(lib_a-s_matherr.o)
 .ARM.attributes
                0x00000b4f       0x2d /home/jtwright/UROP/gcc4mbed/gcc-arm-none-eabi/bin/../lib/gcc/arm-none-eabi/5.2.1/../../../../arm-none-eabi/lib/armv7-m/libm.a(lib_a-s_nan.o)
 .ARM.attributes
                0x00000b7c       0x2d /home/jtwright/UROP/gcc4mbed/gcc-arm-none-eabi/bin/../lib/gcc/arm-none-eabi/5.2.1/../../../../arm-none-eabi/lib/armv7-m/libm.a(lib_a-sf_atan.o)
 .ARM.attributes
                0x00000ba9       0x2d /home/jtwright/UROP/gcc4mbed/gcc-arm-none-eabi/bin/../lib/gcc/arm-none-eabi/5.2.1/../../../../arm-none-eabi/lib/armv7-m/libm.a(lib_a-sf_fabs.o)
 .ARM.attributes
                0x00000bd6       0x2d /home/jtwright/UROP/gcc4mbed/gcc-arm-none-eabi/bin/../lib/gcc/arm-none-eabi/5.2.1/../../../../arm-none-eabi/lib/armv7-m/libm.a(lib_a-sf_fpclassify.o)
 .ARM.attributes
                0x00000c03       0x2d /home/jtwright/UROP/gcc4mbed/gcc-arm-none-eabi/bin/../lib/gcc/arm-none-eabi/5.2.1/armv7-m/crtend.o
 .ARM.attributes
                0x00000c30       0x1d /home/jtwright/UROP/gcc4mbed/gcc-arm-none-eabi/bin/../lib/gcc/arm-none-eabi/5.2.1/armv7-m/crtn.o

.comment        0x00000000       0x6e
 .comment       0x00000000       0x6e LPC1768/main.o
                                 0x6f (size before relaxing)
 .comment       0x0000006e       0x6f LPC1768/BNO055/BNO055.o
 .comment       0x0000006e       0x6f LPC1768/gcc4mbed.o
 .comment       0x0000006e       0x6f ../../external/mbed/Release/LPC1768/mbed.a(ticker_api.o)
 .comment       0x0000006e       0x6f ../../external/mbed/Release/LPC1768/mbed.a(semihost_api.o)
 .comment       0x0000006e       0x6f ../../external/mbed/Release/LPC1768/mbed.a(wait_api.o)
 .comment       0x0000006e       0x6f ../../external/mbed/Release/LPC1768/mbed.a(error.o)
 .comment       0x0000006e       0x6f ../../external/mbed/Release/LPC1768/mbed.a(board.o)
 .comment       0x0000006e       0x6f ../../external/mbed/Release/LPC1768/mbed.a(us_ticker_api.o)
 .comment       0x0000006e       0x6f ../../external/mbed/Release/LPC1768/mbed.a(mbed_interface.o)
 .comment       0x0000006e       0x6f ../../external/mbed/Release/LPC1768/mbed.a(gpio.o)
 .comment       0x0000006e       0x6f ../../external/mbed/Release/LPC1768/mbed.a(pinmap_common.o)
 .comment       0x0000006e       0x6f ../../external/mbed/Release/LPC1768/mbed.a(cmsis_nvic.o)
 .comment       0x0000006e       0x6f ../../external/mbed/Release/LPC1768/mbed.a(system_LPC17xx.o)
 .comment       0x0000006e       0x6f ../../external/mbed/Release/LPC1768/mbed.a(gpio_api.o)
 .comment       0x0000006e       0x6f ../../external/mbed/Release/LPC1768/mbed.a(serial_api.o)
 .comment       0x0000006e       0x6f ../../external/mbed/Release/LPC1768/mbed.a(us_ticker.o)
 .comment       0x0000006e       0x6f ../../external/mbed/Release/LPC1768/mbed.a(i2c_api.o)
 .comment       0x0000006e       0x6f ../../external/mbed/Release/LPC1768/mbed.a(pwmout_api.o)
 .comment       0x0000006e       0x6f ../../external/mbed/Release/LPC1768/mbed.a(pinmap.o)
 .comment       0x0000006e       0x6f ../../external/mbed/Release/LPC1768/mbed.a(I2C.o)
 .comment       0x0000006e       0x6f ../../external/mbed/Release/LPC1768/mbed.a(retarget.o)

.debug_info     0x00000000    0x17dbf
 .debug_info    0x00000000     0x29e5 LPC1768/main.o
 .debug_info    0x000029e5     0x3710 LPC1768/BNO055/BNO055.o
 .debug_info    0x000060f5      0x47d LPC1768/gcc4mbed.o
 .debug_info    0x00006572      0x41f ../../external/mbed/Release/LPC1768/mbed.a(ticker_api.o)
 .debug_info    0x00006991      0x83c ../../external/mbed/Release/LPC1768/mbed.a(semihost_api.o)
 .debug_info    0x000071cd      0x16e ../../external/mbed/Release/LPC1768/mbed.a(wait_api.o)
 .debug_info    0x0000733b      0x939 ../../external/mbed/Release/LPC1768/mbed.a(error.o)
 .debug_info    0x00007c74      0xb36 ../../external/mbed/Release/LPC1768/mbed.a(board.o)
 .debug_info    0x000087aa      0x285 ../../external/mbed/Release/LPC1768/mbed.a(us_ticker_api.o)
 .debug_info    0x00008a2f      0x3bf ../../external/mbed/Release/LPC1768/mbed.a(mbed_interface.o)
 .debug_info    0x00008dee      0xf5a ../../external/mbed/Release/LPC1768/mbed.a(gpio.o)
 .debug_info    0x00009d48      0xb4e ../../external/mbed/Release/LPC1768/mbed.a(pinmap_common.o)
 .debug_info    0x0000a896      0x417 ../../external/mbed/Release/LPC1768/mbed.a(cmsis_nvic.o)
 .debug_info    0x0000acad      0x32e ../../external/mbed/Release/LPC1768/mbed.a(system_LPC17xx.o)
 .debug_info    0x0000afdb      0xd52 ../../external/mbed/Release/LPC1768/mbed.a(gpio_api.o)
 .debug_info    0x0000bd2d     0x2176 ../../external/mbed/Release/LPC1768/mbed.a(serial_api.o)
 .debug_info    0x0000dea3      0x7cf ../../external/mbed/Release/LPC1768/mbed.a(us_ticker.o)
 .debug_info    0x0000e672     0x2ba0 ../../external/mbed/Release/LPC1768/mbed.a(i2c_api.o)
 .debug_info    0x00011212     0x111b ../../external/mbed/Release/LPC1768/mbed.a(pwmout_api.o)
 .debug_info    0x0001232d      0x9e2 ../../external/mbed/Release/LPC1768/mbed.a(pinmap.o)
 .debug_info    0x00012d0f     0x1f1e ../../external/mbed/Release/LPC1768/mbed.a(I2C.o)
 .debug_info    0x00014c2d     0x30ca ../../external/mbed/Release/LPC1768/mbed.a(retarget.o)
 .debug_info    0x00017cf7       0xc8 ../../external/mbed/Release/LPC1768/mbed.a(startup_LPC17xx.o)

.debug_abbrev   0x00000000     0x39ca
 .debug_abbrev  0x00000000      0x589 LPC1768/main.o
 .debug_abbrev  0x00000589      0x4fa LPC1768/BNO055/BNO055.o
 .debug_abbrev  0x00000a83      0x1d5 LPC1768/gcc4mbed.o
 .debug_abbrev  0x00000c58      0x1d9 ../../external/mbed/Release/LPC1768/mbed.a(ticker_api.o)
 .debug_abbrev  0x00000e31      0x1c3 ../../external/mbed/Release/LPC1768/mbed.a(semihost_api.o)
 .debug_abbrev  0x00000ff4       0xe8 ../../external/mbed/Release/LPC1768/mbed.a(wait_api.o)
 .debug_abbrev  0x000010dc      0x1fe ../../external/mbed/Release/LPC1768/mbed.a(error.o)
 .debug_abbrev  0x000012da      0x178 ../../external/mbed/Release/LPC1768/mbed.a(board.o)
 .debug_abbrev  0x00001452      0x12a ../../external/mbed/Release/LPC1768/mbed.a(us_ticker_api.o)
 .debug_abbrev  0x0000157c      0x194 ../../external/mbed/Release/LPC1768/mbed.a(mbed_interface.o)
 .debug_abbrev  0x00001710      0x1ed ../../external/mbed/Release/LPC1768/mbed.a(gpio.o)
 .debug_abbrev  0x000018fd      0x1bc ../../external/mbed/Release/LPC1768/mbed.a(pinmap_common.o)
 .debug_abbrev  0x00001ab9      0x164 ../../external/mbed/Release/LPC1768/mbed.a(cmsis_nvic.o)
 .debug_abbrev  0x00001c1d       0xe6 ../../external/mbed/Release/LPC1768/mbed.a(system_LPC17xx.o)
 .debug_abbrev  0x00001d03      0x1d4 ../../external/mbed/Release/LPC1768/mbed.a(gpio_api.o)
 .debug_abbrev  0x00001ed7      0x4da ../../external/mbed/Release/LPC1768/mbed.a(serial_api.o)
 .debug_abbrev  0x000023b1      0x286 ../../external/mbed/Release/LPC1768/mbed.a(us_ticker.o)
 .debug_abbrev  0x00002637      0x3df ../../external/mbed/Release/LPC1768/mbed.a(i2c_api.o)
 .debug_abbrev  0x00002a16      0x300 ../../external/mbed/Release/LPC1768/mbed.a(pwmout_api.o)
 .debug_abbrev  0x00002d16      0x109 ../../external/mbed/Release/LPC1768/mbed.a(pinmap.o)
 .debug_abbrev  0x00002e1f      0x3f7 ../../external/mbed/Release/LPC1768/mbed.a(I2C.o)
 .debug_abbrev  0x00003216      0x7a0 ../../external/mbed/Release/LPC1768/mbed.a(retarget.o)
 .debug_abbrev  0x000039b6       0x14 ../../external/mbed/Release/LPC1768/mbed.a(startup_LPC17xx.o)

.debug_loc      0x00000000     0x77ac
 .debug_loc     0x00000000      0x386 LPC1768/main.o
 .debug_loc     0x00000386      0xf4f LPC1768/BNO055/BNO055.o
 .debug_loc     0x000012d5      0x1aa LPC1768/gcc4mbed.o
 .debug_loc     0x0000147f      0x337 ../../external/mbed/Release/LPC1768/mbed.a(ticker_api.o)
 .debug_loc     0x000017b6      0x584 ../../external/mbed/Release/LPC1768/mbed.a(semihost_api.o)
 .debug_loc     0x00001d3a       0x62 ../../external/mbed/Release/LPC1768/mbed.a(wait_api.o)
 .debug_loc     0x00001d9c      0x146 ../../external/mbed/Release/LPC1768/mbed.a(board.o)
 .debug_loc     0x00001ee2       0xc8 ../../external/mbed/Release/LPC1768/mbed.a(mbed_interface.o)
 .debug_loc     0x00001faa      0xa4e ../../external/mbed/Release/LPC1768/mbed.a(gpio.o)
 .debug_loc     0x000029f8      0x394 ../../external/mbed/Release/LPC1768/mbed.a(pinmap_common.o)
 .debug_loc     0x00002d8c       0x6e ../../external/mbed/Release/LPC1768/mbed.a(cmsis_nvic.o)
 .debug_loc     0x00002dfa      0x139 ../../external/mbed/Release/LPC1768/mbed.a(gpio_api.o)
 .debug_loc     0x00002f33      0xe1e ../../external/mbed/Release/LPC1768/mbed.a(serial_api.o)
 .debug_loc     0x00003d51       0x17 ../../external/mbed/Release/LPC1768/mbed.a(us_ticker.o)
 .debug_loc     0x00003d68     0x2315 ../../external/mbed/Release/LPC1768/mbed.a(i2c_api.o)
 .debug_loc     0x0000607d      0x58c ../../external/mbed/Release/LPC1768/mbed.a(pwmout_api.o)
 .debug_loc     0x00006609      0x25f ../../external/mbed/Release/LPC1768/mbed.a(pinmap.o)
 .debug_loc     0x00006868      0x411 ../../external/mbed/Release/LPC1768/mbed.a(I2C.o)
 .debug_loc     0x00006c79      0xb33 ../../external/mbed/Release/LPC1768/mbed.a(retarget.o)

.debug_aranges  0x00000000      0x828
 .debug_aranges
                0x00000000       0x30 LPC1768/main.o
 .debug_aranges
                0x00000030       0xd0 LPC1768/BNO055/BNO055.o
 .debug_aranges
                0x00000100       0x68 LPC1768/gcc4mbed.o
 .debug_aranges
                0x00000168       0x48 ../../external/mbed/Release/LPC1768/mbed.a(ticker_api.o)
 .debug_aranges
                0x000001b0       0xa0 ../../external/mbed/Release/LPC1768/mbed.a(semihost_api.o)
 .debug_aranges
                0x00000250       0x30 ../../external/mbed/Release/LPC1768/mbed.a(wait_api.o)
 .debug_aranges
                0x00000280       0x20 ../../external/mbed/Release/LPC1768/mbed.a(error.o)
 .debug_aranges
                0x000002a0       0x20 ../../external/mbed/Release/LPC1768/mbed.a(board.o)
 .debug_aranges
                0x000002c0       0x28 ../../external/mbed/Release/LPC1768/mbed.a(us_ticker_api.o)
 .debug_aranges
                0x000002e8       0x58 ../../external/mbed/Release/LPC1768/mbed.a(mbed_interface.o)
 .debug_aranges
                0x00000340       0x40 ../../external/mbed/Release/LPC1768/mbed.a(gpio.o)
 .debug_aranges
                0x00000380       0x48 ../../external/mbed/Release/LPC1768/mbed.a(pinmap_common.o)
 .debug_aranges
                0x000003c8       0x28 ../../external/mbed/Release/LPC1768/mbed.a(cmsis_nvic.o)
 .debug_aranges
                0x000003f0       0x28 ../../external/mbed/Release/LPC1768/mbed.a(system_LPC17xx.o)
 .debug_aranges
                0x00000418       0x38 ../../external/mbed/Release/LPC1768/mbed.a(gpio_api.o)
 .debug_aranges
                0x00000450       0xb8 ../../external/mbed/Release/LPC1768/mbed.a(serial_api.o)
 .debug_aranges
                0x00000508       0x48 ../../external/mbed/Release/LPC1768/mbed.a(us_ticker.o)
 .debug_aranges
                0x00000550       0x88 ../../external/mbed/Release/LPC1768/mbed.a(i2c_api.o)
 .debug_aranges
                0x000005d8       0x68 ../../external/mbed/Release/LPC1768/mbed.a(pwmout_api.o)
 .debug_aranges
                0x00000640       0x28 ../../external/mbed/Release/LPC1768/mbed.a(pinmap.o)
 .debug_aranges
                0x00000668       0x60 ../../external/mbed/Release/LPC1768/mbed.a(I2C.o)
 .debug_aranges
                0x000006c8      0x140 ../../external/mbed/Release/LPC1768/mbed.a(retarget.o)
 .debug_aranges
                0x00000808       0x20 ../../external/mbed/Release/LPC1768/mbed.a(startup_LPC17xx.o)

.debug_ranges   0x00000000     0x1240
 .debug_ranges  0x00000000       0x68 LPC1768/main.o
 .debug_ranges  0x00000068      0x1e0 LPC1768/BNO055/BNO055.o
 .debug_ranges  0x00000248       0x58 LPC1768/gcc4mbed.o
 .debug_ranges  0x000002a0       0x88 ../../external/mbed/Release/LPC1768/mbed.a(ticker_api.o)
 .debug_ranges  0x00000328      0x138 ../../external/mbed/Release/LPC1768/mbed.a(semihost_api.o)
 .debug_ranges  0x00000460       0x20 ../../external/mbed/Release/LPC1768/mbed.a(wait_api.o)
 .debug_ranges  0x00000480       0x10 ../../external/mbed/Release/LPC1768/mbed.a(error.o)
 .debug_ranges  0x00000490      0x100 ../../external/mbed/Release/LPC1768/mbed.a(board.o)
 .debug_ranges  0x00000590       0x18 ../../external/mbed/Release/LPC1768/mbed.a(us_ticker_api.o)
 .debug_ranges  0x000005a8       0x60 ../../external/mbed/Release/LPC1768/mbed.a(mbed_interface.o)
 .debug_ranges  0x00000608      0x138 ../../external/mbed/Release/LPC1768/mbed.a(gpio.o)
 .debug_ranges  0x00000740       0x38 ../../external/mbed/Release/LPC1768/mbed.a(pinmap_common.o)
 .debug_ranges  0x00000778       0x18 ../../external/mbed/Release/LPC1768/mbed.a(cmsis_nvic.o)
 .debug_ranges  0x00000790       0x18 ../../external/mbed/Release/LPC1768/mbed.a(system_LPC17xx.o)
 .debug_ranges  0x000007a8       0x28 ../../external/mbed/Release/LPC1768/mbed.a(gpio_api.o)
 .debug_ranges  0x000007d0      0x108 ../../external/mbed/Release/LPC1768/mbed.a(serial_api.o)
 .debug_ranges  0x000008d8       0x38 ../../external/mbed/Release/LPC1768/mbed.a(us_ticker.o)
 .debug_ranges  0x00000910      0x5f0 ../../external/mbed/Release/LPC1768/mbed.a(i2c_api.o)
 .debug_ranges  0x00000f00       0xe0 ../../external/mbed/Release/LPC1768/mbed.a(pwmout_api.o)
 .debug_ranges  0x00000fe0       0x18 ../../external/mbed/Release/LPC1768/mbed.a(pinmap.o)
 .debug_ranges  0x00000ff8       0xa0 ../../external/mbed/Release/LPC1768/mbed.a(I2C.o)
 .debug_ranges  0x00001098      0x1a8 ../../external/mbed/Release/LPC1768/mbed.a(retarget.o)

.debug_macro    0x00000000     0x9682
 .debug_macro   0x00000000      0x583 LPC1768/main.o
 .debug_macro   0x00000583      0x964 LPC1768/main.o
 .debug_macro   0x00000ee7       0x10 LPC1768/main.o
 .debug_macro   0x00000ef7       0x10 LPC1768/main.o
 .debug_macro   0x00000f07       0x9a LPC1768/main.o
 .debug_macro   0x00000fa1       0x1c LPC1768/main.o
 .debug_macro   0x00000fbd       0x3a LPC1768/main.o
 .debug_macro   0x00000ff7       0x1c LPC1768/main.o
 .debug_macro   0x00001013       0x22 LPC1768/main.o
 .debug_macro   0x00001035       0x44 LPC1768/main.o
 .debug_macro   0x00001079       0xfd LPC1768/main.o
 .debug_macro   0x00001176       0x22 LPC1768/main.o
 .debug_macro   0x00001198      0x1df LPC1768/main.o
 .debug_macro   0x00001377       0x34 LPC1768/main.o
 .debug_macro   0x000013ab      0xc91 LPC1768/main.o
 .debug_macro   0x0000203c      0x2c7 LPC1768/main.o
 .debug_macro   0x00002303       0x10 LPC1768/main.o
 .debug_macro   0x00002313       0x17 LPC1768/main.o
 .debug_macro   0x0000232a       0x9a LPC1768/main.o
 .debug_macro   0x000023c4       0x10 LPC1768/main.o
 .debug_macro   0x000023d4      0x136 LPC1768/main.o
 .debug_macro   0x0000250a      0x353 LPC1768/main.o
 .debug_macro   0x0000285d      0x17b LPC1768/main.o
 .debug_macro   0x000029d8       0x58 LPC1768/main.o
 .debug_macro   0x00002a30       0x35 LPC1768/main.o
 .debug_macro   0x00002a65       0x9c LPC1768/main.o
 .debug_macro   0x00002b01       0x16 LPC1768/main.o
 .debug_macro   0x00002b17       0x35 LPC1768/main.o
 .debug_macro   0x00002b4c       0x52 LPC1768/main.o
 .debug_macro   0x00002b9e       0x16 LPC1768/main.o
 .debug_macro   0x00002bb4       0x43 LPC1768/main.o
 .debug_macro   0x00002bf7      0x187 LPC1768/main.o
 .debug_macro   0x00002d7e      0x353 LPC1768/main.o
 .debug_macro   0x000030d1       0x16 LPC1768/main.o
 .debug_macro   0x000030e7       0x29 LPC1768/main.o
 .debug_macro   0x00003110       0xac LPC1768/main.o
 .debug_macro   0x000031bc       0x1c LPC1768/main.o
 .debug_macro   0x000031d8       0x10 LPC1768/main.o
 .debug_macro   0x000031e8       0x10 LPC1768/main.o
 .debug_macro   0x000031f8       0x22 LPC1768/main.o
 .debug_macro   0x0000321a       0x4e LPC1768/main.o
 .debug_macro   0x00003268       0x16 LPC1768/main.o
 .debug_macro   0x0000327e      0x182 LPC1768/main.o
 .debug_macro   0x00003400      0x100 LPC1768/main.o
 .debug_macro   0x00003500       0x16 LPC1768/main.o
 .debug_macro   0x00003516       0x8e LPC1768/main.o
 .debug_macro   0x000035a4      0x1da LPC1768/main.o
 .debug_macro   0x0000377e       0x16 LPC1768/main.o
 .debug_macro   0x00003794       0x10 LPC1768/main.o
 .debug_macro   0x000037a4       0x10 LPC1768/main.o
 .debug_macro   0x000037b4       0x35 LPC1768/main.o
 .debug_macro   0x000037e9       0x3a LPC1768/main.o
 .debug_macro   0x00003823      0x18e LPC1768/main.o
 .debug_macro   0x000039b1      0x128 LPC1768/main.o
 .debug_macro   0x00003ad9       0x10 LPC1768/main.o
 .debug_macro   0x00003ae9       0x7c LPC1768/main.o
 .debug_macro   0x00003b65       0x52 LPC1768/main.o
 .debug_macro   0x00003bb7       0x10 LPC1768/main.o
 .debug_macro   0x00003bc7       0x5e LPC1768/main.o
 .debug_macro   0x00003c25       0x2e LPC1768/main.o
 .debug_macro   0x00003c53       0x28 LPC1768/main.o
 .debug_macro   0x00003c7b      0x2d4 LPC1768/main.o
 .debug_macro   0x00003f4f       0x18 LPC1768/main.o
 .debug_macro   0x00003f67      0x3cd LPC1768/main.o
 .debug_macro   0x00004334      0x55b LPC1768/BNO055/BNO055.o
 .debug_macro   0x0000488f      0x18a LPC1768/gcc4mbed.o
 .debug_macro   0x00004a19      0x8ce LPC1768/gcc4mbed.o
 .debug_macro   0x000052e7       0x9c LPC1768/gcc4mbed.o
 .debug_macro   0x00005383      0x16d LPC1768/gcc4mbed.o
 .debug_macro   0x000054f0       0x4a LPC1768/gcc4mbed.o
 .debug_macro   0x0000553a       0x43 LPC1768/gcc4mbed.o
 .debug_macro   0x0000557d      0x34c LPC1768/gcc4mbed.o
 .debug_macro   0x000058c9       0x10 LPC1768/gcc4mbed.o
 .debug_macro   0x000058d9       0x35 LPC1768/gcc4mbed.o
 .debug_macro   0x0000590e       0x10 LPC1768/gcc4mbed.o
 .debug_macro   0x0000591e      0x241 LPC1768/gcc4mbed.o
 .debug_macro   0x00005b5f       0x52 LPC1768/gcc4mbed.o
 .debug_macro   0x00005bb1      0xc91 LPC1768/gcc4mbed.o
 .debug_macro   0x00006842      0x108 ../../external/mbed/Release/LPC1768/mbed.a(ticker_api.o)
 .debug_macro   0x0000694a      0x8b6 ../../external/mbed/Release/LPC1768/mbed.a(ticker_api.o)
 .debug_macro   0x00007200      0x221 ../../external/mbed/Release/LPC1768/mbed.a(semihost_api.o)
 .debug_macro   0x00007421       0x16 ../../external/mbed/Release/LPC1768/mbed.a(semihost_api.o)
 .debug_macro   0x00007437       0x16 ../../external/mbed/Release/LPC1768/mbed.a(semihost_api.o)
 .debug_macro   0x0000744d      0x112 ../../external/mbed/Release/LPC1768/mbed.a(wait_api.o)
 .debug_macro   0x0000755f      0x211 ../../external/mbed/Release/LPC1768/mbed.a(error.o)
 .debug_macro   0x00007770      0x10e ../../external/mbed/Release/LPC1768/mbed.a(error.o)
 .debug_macro   0x0000787e       0x86 ../../external/mbed/Release/LPC1768/mbed.a(error.o)
 .debug_macro   0x00007904       0x58 ../../external/mbed/Release/LPC1768/mbed.a(error.o)
 .debug_macro   0x0000795c      0x11b ../../external/mbed/Release/LPC1768/mbed.a(board.o)
 .debug_macro   0x00007a77      0x108 ../../external/mbed/Release/LPC1768/mbed.a(us_ticker_api.o)
 .debug_macro   0x00007b7f      0x219 ../../external/mbed/Release/LPC1768/mbed.a(mbed_interface.o)
 .debug_macro   0x00007d98       0x16 ../../external/mbed/Release/LPC1768/mbed.a(mbed_interface.o)
 .debug_macro   0x00007dae       0x97 ../../external/mbed/Release/LPC1768/mbed.a(mbed_interface.o)
 .debug_macro   0x00007e45       0xf6 ../../external/mbed/Release/LPC1768/mbed.a(mbed_interface.o)
 .debug_macro   0x00007f3b       0x34 ../../external/mbed/Release/LPC1768/mbed.a(mbed_interface.o)
 .debug_macro   0x00007f6f       0xff ../../external/mbed/Release/LPC1768/mbed.a(gpio.o)
 .debug_macro   0x0000806e       0xd0 ../../external/mbed/Release/LPC1768/mbed.a(pinmap_common.o)
 .debug_macro   0x0000813e       0x11 ../../external/mbed/Release/LPC1768/mbed.a(pinmap_common.o)
 .debug_macro   0x0000814f       0xb9 ../../external/mbed/Release/LPC1768/mbed.a(cmsis_nvic.o)
 .debug_macro   0x00008208      0x145 ../../external/mbed/Release/LPC1768/mbed.a(system_LPC17xx.o)
 .debug_macro   0x0000834d      0x109 ../../external/mbed/Release/LPC1768/mbed.a(gpio_api.o)
 .debug_macro   0x00008456      0x230 ../../external/mbed/Release/LPC1768/mbed.a(serial_api.o)
 .debug_macro   0x00008686      0x11d ../../external/mbed/Release/LPC1768/mbed.a(us_ticker.o)
 .debug_macro   0x000087a3      0x14e ../../external/mbed/Release/LPC1768/mbed.a(i2c_api.o)
 .debug_macro   0x000088f1       0x22 ../../external/mbed/Release/LPC1768/mbed.a(i2c_api.o)
 .debug_macro   0x00008913      0x11b ../../external/mbed/Release/LPC1768/mbed.a(pwmout_api.o)
 .debug_macro   0x00008a2e       0xd9 ../../external/mbed/Release/LPC1768/mbed.a(pinmap.o)
 .debug_macro   0x00008b07      0x2b0 ../../external/mbed/Release/LPC1768/mbed.a(I2C.o)
 .debug_macro   0x00008db7      0x3be ../../external/mbed/Release/LPC1768/mbed.a(retarget.o)
 .debug_macro   0x00009175       0x16 ../../external/mbed/Release/LPC1768/mbed.a(retarget.o)
 .debug_macro   0x0000918b      0x4f7 ../../external/mbed/Release/LPC1768/mbed.a(retarget.o)

.debug_line     0x00000000     0x88d5
 .debug_line    0x00000000      0xb1e LPC1768/main.o
 .debug_line    0x00000b1e      0xea9 LPC1768/BNO055/BNO055.o
 .debug_line    0x000019c7      0x446 LPC1768/gcc4mbed.o
 .debug_line    0x00001e0d      0x540 ../../external/mbed/Release/LPC1768/mbed.a(ticker_api.o)
 .debug_line    0x0000234d      0x6bd ../../external/mbed/Release/LPC1768/mbed.a(semihost_api.o)
 .debug_line    0x00002a0a      0x48b ../../external/mbed/Release/LPC1768/mbed.a(wait_api.o)
 .debug_line    0x00002e95      0x509 ../../external/mbed/Release/LPC1768/mbed.a(error.o)
 .debug_line    0x0000339e      0x4f7 ../../external/mbed/Release/LPC1768/mbed.a(board.o)
 .debug_line    0x00003895      0x469 ../../external/mbed/Release/LPC1768/mbed.a(us_ticker_api.o)
 .debug_line    0x00003cfe      0x627 ../../external/mbed/Release/LPC1768/mbed.a(mbed_interface.o)
 .debug_line    0x00004325      0x4ed ../../external/mbed/Release/LPC1768/mbed.a(gpio.o)
 .debug_line    0x00004812      0x43b ../../external/mbed/Release/LPC1768/mbed.a(pinmap_common.o)
 .debug_line    0x00004c4d      0x2d9 ../../external/mbed/Release/LPC1768/mbed.a(cmsis_nvic.o)
 .debug_line    0x00004f26      0x317 ../../external/mbed/Release/LPC1768/mbed.a(system_LPC17xx.o)
 .debug_line    0x0000523d      0x467 ../../external/mbed/Release/LPC1768/mbed.a(gpio_api.o)
 .debug_line    0x000056a4      0x86d ../../external/mbed/Release/LPC1768/mbed.a(serial_api.o)
 .debug_line    0x00005f11      0x4a2 ../../external/mbed/Release/LPC1768/mbed.a(us_ticker.o)
 .debug_line    0x000063b3      0x877 ../../external/mbed/Release/LPC1768/mbed.a(i2c_api.o)
 .debug_line    0x00006c2a      0x579 ../../external/mbed/Release/LPC1768/mbed.a(pwmout_api.o)
 .debug_line    0x000071a3      0x3f5 ../../external/mbed/Release/LPC1768/mbed.a(pinmap.o)
 .debug_line    0x00007598      0x733 ../../external/mbed/Release/LPC1768/mbed.a(I2C.o)
 .debug_line    0x00007ccb      0xb4b ../../external/mbed/Release/LPC1768/mbed.a(retarget.o)
 .debug_line    0x00008816       0xbf ../../external/mbed/Release/LPC1768/mbed.a(startup_LPC17xx.o)

.debug_str      0x00000000    0x15d6d
 .debug_str     0x00000000    0x11c3c LPC1768/main.o
                              0x1213d (size before relaxing)
 .debug_str     0x00011c3c       0x52 LPC1768/BNO055/BNO055.o
                              0x118ed (size before relaxing)
 .debug_str     0x00011c8e      0xacd LPC1768/gcc4mbed.o
                               0xbe47 (size before relaxing)
 .debug_str     0x0001275b      0x15c ../../external/mbed/Release/LPC1768/mbed.a(ticker_api.o)
                               0x9336 (size before relaxing)
 .debug_str     0x000128b7      0x42e ../../external/mbed/Release/LPC1768/mbed.a(semihost_api.o)
                               0xbd41 (size before relaxing)
 .debug_str     0x00012ce5       0x4c ../../external/mbed/Release/LPC1768/mbed.a(wait_api.o)
                               0x8f0f (size before relaxing)
 .debug_str     0x00012d31       0x32 ../../external/mbed/Release/LPC1768/mbed.a(error.o)
                               0xc8a6 (size before relaxing)
 .debug_str     0x00012d63       0x89 ../../external/mbed/Release/LPC1768/mbed.a(board.o)
                               0x94f7 (size before relaxing)
 .debug_str     0x00012dec       0x7f ../../external/mbed/Release/LPC1768/mbed.a(us_ticker_api.o)
                               0x900c (size before relaxing)
 .debug_str     0x00012e6b       0xd9 ../../external/mbed/Release/LPC1768/mbed.a(mbed_interface.o)
                               0xc5bf (size before relaxing)
 .debug_str     0x00012f44      0x105 ../../external/mbed/Release/LPC1768/mbed.a(gpio.o)
                               0x93b0 (size before relaxing)
 .debug_str     0x00013049       0xcf ../../external/mbed/Release/LPC1768/mbed.a(pinmap_common.o)
                               0x8f3e (size before relaxing)
 .debug_str     0x00013118      0x325 ../../external/mbed/Release/LPC1768/mbed.a(cmsis_nvic.o)
                               0x8d3c (size before relaxing)
 .debug_str     0x0001343d      0x474 ../../external/mbed/Release/LPC1768/mbed.a(system_LPC17xx.o)
                               0x8e20 (size before relaxing)
 .debug_str     0x000138b1      0x19c ../../external/mbed/Release/LPC1768/mbed.a(gpio_api.o)
                               0x94e6 (size before relaxing)
 .debug_str     0x00013a4d      0x568 ../../external/mbed/Release/LPC1768/mbed.a(serial_api.o)
                               0xd5b9 (size before relaxing)
 .debug_str     0x00013fb5      0x135 ../../external/mbed/Release/LPC1768/mbed.a(us_ticker.o)
                               0x96ad (size before relaxing)
 .debug_str     0x000140ea      0x2fb ../../external/mbed/Release/LPC1768/mbed.a(i2c_api.o)
                               0x9c21 (size before relaxing)
 .debug_str     0x000143e5      0x15c ../../external/mbed/Release/LPC1768/mbed.a(pwmout_api.o)
                               0x95b1 (size before relaxing)
 .debug_str     0x00014541       0x91 ../../external/mbed/Release/LPC1768/mbed.a(pinmap.o)
                               0x8f63 (size before relaxing)
 .debug_str     0x000145d2       0x7c ../../external/mbed/Release/LPC1768/mbed.a(I2C.o)
                               0xe817 (size before relaxing)
 .debug_str     0x0001464e     0x171f ../../external/mbed/Release/LPC1768/mbed.a(retarget.o)
                              0x111f1 (size before relaxing)

.debug_frame    0x00000000     0x1e58
 .debug_frame   0x00000000       0x88 LPC1768/main.o
 .debug_frame   0x00000088      0x3a0 LPC1768/BNO055/BNO055.o
 .debug_frame   0x00000428       0xc8 LPC1768/gcc4mbed.o
 .debug_frame   0x000004f0       0xb4 ../../external/mbed/Release/LPC1768/mbed.a(ticker_api.o)
 .debug_frame   0x000005a4      0x218 ../../external/mbed/Release/LPC1768/mbed.a(semihost_api.o)
 .debug_frame   0x000007bc       0x58 ../../external/mbed/Release/LPC1768/mbed.a(wait_api.o)
 .debug_frame   0x00000814       0x34 ../../external/mbed/Release/LPC1768/mbed.a(error.o)
 .debug_frame   0x00000848       0x28 ../../external/mbed/Release/LPC1768/mbed.a(board.o)
 .debug_frame   0x00000870       0x30 ../../external/mbed/Release/LPC1768/mbed.a(us_ticker_api.o)
 .debug_frame   0x000008a0       0xe8 ../../external/mbed/Release/LPC1768/mbed.a(mbed_interface.o)
 .debug_frame   0x00000988       0xdc ../../external/mbed/Release/LPC1768/mbed.a(gpio.o)
 .debug_frame   0x00000a64       0xb8 ../../external/mbed/Release/LPC1768/mbed.a(pinmap_common.o)
 .debug_frame   0x00000b1c       0x3c ../../external/mbed/Release/LPC1768/mbed.a(cmsis_nvic.o)
 .debug_frame   0x00000b58       0x5c ../../external/mbed/Release/LPC1768/mbed.a(system_LPC17xx.o)
 .debug_frame   0x00000bb4       0x6c ../../external/mbed/Release/LPC1768/mbed.a(gpio_api.o)
 .debug_frame   0x00000c20      0x234 ../../external/mbed/Release/LPC1768/mbed.a(serial_api.o)
 .debug_frame   0x00000e54       0x84 ../../external/mbed/Release/LPC1768/mbed.a(us_ticker.o)
 .debug_frame   0x00000ed8      0x16c ../../external/mbed/Release/LPC1768/mbed.a(i2c_api.o)
 .debug_frame   0x00001044      0x124 ../../external/mbed/Release/LPC1768/mbed.a(pwmout_api.o)
 .debug_frame   0x00001168       0x48 ../../external/mbed/Release/LPC1768/mbed.a(pinmap.o)
 .debug_frame   0x000011b0       0xf0 ../../external/mbed/Release/LPC1768/mbed.a(I2C.o)
 .debug_frame   0x000012a0      0x360 ../../external/mbed/Release/LPC1768/mbed.a(retarget.o)
 .debug_frame   0x00001600       0x20 /home/jtwright/UROP/gcc4mbed/gcc-arm-none-eabi/bin/../lib/gcc/arm-none-eabi/5.2.1/../../../../arm-none-eabi/lib/armv7-m/libc_nano.a(lib_a-errno.o)
 .debug_frame   0x00001620       0x28 /home/jtwright/UROP/gcc4mbed/gcc-arm-none-eabi/bin/../lib/gcc/arm-none-eabi/5.2.1/../../../../arm-none-eabi/lib/armv7-m/libc_nano.a(lib_a-exit.o)
 .debug_frame   0x00001648       0x68 /home/jtwright/UROP/gcc4mbed/gcc-arm-none-eabi/bin/../lib/gcc/arm-none-eabi/5.2.1/../../../../arm-none-eabi/lib/armv7-m/libc_nano.a(lib_a-fflush.o)
 .debug_frame   0x000016b0      0x11c /home/jtwright/UROP/gcc4mbed/gcc-arm-none-eabi/bin/../lib/gcc/arm-none-eabi/5.2.1/../../../../arm-none-eabi/lib/armv7-m/libc_nano.a(lib_a-findfp.o)
 .debug_frame   0x000017cc       0x54 /home/jtwright/UROP/gcc4mbed/gcc-arm-none-eabi/bin/../lib/gcc/arm-none-eabi/5.2.1/../../../../arm-none-eabi/lib/armv7-m/libc_nano.a(lib_a-fwalk.o)
 .debug_frame   0x00001820       0x2c /home/jtwright/UROP/gcc4mbed/gcc-arm-none-eabi/bin/../lib/gcc/arm-none-eabi/5.2.1/../../../../arm-none-eabi/lib/armv7-m/libc_nano.a(lib_a-init.o)
 .debug_frame   0x0000184c       0x34 /home/jtwright/UROP/gcc4mbed/gcc-arm-none-eabi/bin/../lib/gcc/arm-none-eabi/5.2.1/../../../../arm-none-eabi/lib/armv7-m/libc_nano.a(lib_a-makebuf.o)
 .debug_frame   0x00001880       0x28 /home/jtwright/UROP/gcc4mbed/gcc-arm-none-eabi/bin/../lib/gcc/arm-none-eabi/5.2.1/../../../../arm-none-eabi/lib/armv7-m/libc_nano.a(lib_a-memchr-stub.o)
 .debug_frame   0x000018a8       0x20 /home/jtwright/UROP/gcc4mbed/gcc-arm-none-eabi/bin/../lib/gcc/arm-none-eabi/5.2.1/../../../../arm-none-eabi/lib/armv7-m/libc_nano.a(lib_a-memset.o)
 .debug_frame   0x000018c8       0x2c /home/jtwright/UROP/gcc4mbed/gcc-arm-none-eabi/bin/../lib/gcc/arm-none-eabi/5.2.1/../../../../arm-none-eabi/lib/armv7-m/libc_nano.a(lib_a-nano-freer.o)
 .debug_frame   0x000018f4       0x2c /home/jtwright/UROP/gcc4mbed/gcc-arm-none-eabi/bin/../lib/gcc/arm-none-eabi/5.2.1/../../../../arm-none-eabi/lib/armv7-m/libc_nano.a(lib_a-nano-mallocr.o)
 .debug_frame   0x00001920       0xac /home/jtwright/UROP/gcc4mbed/gcc-arm-none-eabi/bin/../lib/gcc/arm-none-eabi/5.2.1/../../../../arm-none-eabi/lib/armv7-m/libc_nano.a(lib_a-nano-vfprintf.o)
 .debug_frame   0x000019cc       0x60 /home/jtwright/UROP/gcc4mbed/gcc-arm-none-eabi/bin/../lib/gcc/arm-none-eabi/5.2.1/../../../../arm-none-eabi/lib/armv7-m/libc_nano.a(lib_a-nano-vfprintf_i.o)
 .debug_frame   0x00001a2c       0x5c /home/jtwright/UROP/gcc4mbed/gcc-arm-none-eabi/bin/../lib/gcc/arm-none-eabi/5.2.1/../../../../arm-none-eabi/lib/armv7-m/libc_nano.a(lib_a-reent.o)
 .debug_frame   0x00001a88       0x2c /home/jtwright/UROP/gcc4mbed/gcc-arm-none-eabi/bin/../lib/gcc/arm-none-eabi/5.2.1/../../../../arm-none-eabi/lib/armv7-m/libc_nano.a(lib_a-sbrkr.o)
 .debug_frame   0x00001ab4       0x88 /home/jtwright/UROP/gcc4mbed/gcc-arm-none-eabi/bin/../lib/gcc/arm-none-eabi/5.2.1/../../../../arm-none-eabi/lib/armv7-m/libc_nano.a(lib_a-stdio.o)
 .debug_frame   0x00001b3c       0x40 /home/jtwright/UROP/gcc4mbed/gcc-arm-none-eabi/bin/../lib/gcc/arm-none-eabi/5.2.1/../../../../arm-none-eabi/lib/armv7-m/libc_nano.a(lib_a-wbuf.o)
 .debug_frame   0x00001b7c       0x2c /home/jtwright/UROP/gcc4mbed/gcc-arm-none-eabi/bin/../lib/gcc/arm-none-eabi/5.2.1/../../../../arm-none-eabi/lib/armv7-m/libc_nano.a(lib_a-writer.o)
 .debug_frame   0x00001ba8       0x2c /home/jtwright/UROP/gcc4mbed/gcc-arm-none-eabi/bin/../lib/gcc/arm-none-eabi/5.2.1/../../../../arm-none-eabi/lib/armv7-m/libc_nano.a(lib_a-wsetup.o)
 .debug_frame   0x00001bd4       0x2c /home/jtwright/UROP/gcc4mbed/gcc-arm-none-eabi/bin/../lib/gcc/arm-none-eabi/5.2.1/../../../../arm-none-eabi/lib/armv7-m/libc_nano.a(lib_a-closer.o)
 .debug_frame   0x00001c00       0x2c /home/jtwright/UROP/gcc4mbed/gcc-arm-none-eabi/bin/../lib/gcc/arm-none-eabi/5.2.1/../../../../arm-none-eabi/lib/armv7-m/libc_nano.a(lib_a-fstatr.o)
 .debug_frame   0x00001c2c       0x2c /home/jtwright/UROP/gcc4mbed/gcc-arm-none-eabi/bin/../lib/gcc/arm-none-eabi/5.2.1/../../../../arm-none-eabi/lib/armv7-m/libc_nano.a(lib_a-isattyr.o)
 .debug_frame   0x00001c58       0x2c /home/jtwright/UROP/gcc4mbed/gcc-arm-none-eabi/bin/../lib/gcc/arm-none-eabi/5.2.1/../../../../arm-none-eabi/lib/armv7-m/libc_nano.a(lib_a-lseekr.o)
 .debug_frame   0x00001c84       0x2c /home/jtwright/UROP/gcc4mbed/gcc-arm-none-eabi/bin/../lib/gcc/arm-none-eabi/5.2.1/../../../../arm-none-eabi/lib/armv7-m/libc_nano.a(lib_a-readr.o)
 .debug_frame   0x00001cb0       0x3c /home/jtwright/UROP/gcc4mbed/gcc-arm-none-eabi/bin/../lib/gcc/arm-none-eabi/5.2.1/../../../../arm-none-eabi/lib/armv7-m/libm.a(lib_a-wf_asin.o)
 .debug_frame   0x00001cec       0x20 /home/jtwright/UROP/gcc4mbed/gcc-arm-none-eabi/bin/../lib/gcc/arm-none-eabi/5.2.1/../../../../arm-none-eabi/lib/armv7-m/libm.a(lib_a-wf_atan2.o)
 .debug_frame   0x00001d0c       0x34 /home/jtwright/UROP/gcc4mbed/gcc-arm-none-eabi/bin/../lib/gcc/arm-none-eabi/5.2.1/../../../../arm-none-eabi/lib/armv7-m/libm.a(lib_a-ef_asin.o)
 .debug_frame   0x00001d40       0x3c /home/jtwright/UROP/gcc4mbed/gcc-arm-none-eabi/bin/../lib/gcc/arm-none-eabi/5.2.1/../../../../arm-none-eabi/lib/armv7-m/libm.a(lib_a-ef_atan2.o)
 .debug_frame   0x00001d7c       0x2c /home/jtwright/UROP/gcc4mbed/gcc-arm-none-eabi/bin/../lib/gcc/arm-none-eabi/5.2.1/../../../../arm-none-eabi/lib/armv7-m/libm.a(lib_a-ef_sqrt.o)
 .debug_frame   0x00001da8       0x20 /home/jtwright/UROP/gcc4mbed/gcc-arm-none-eabi/bin/../lib/gcc/arm-none-eabi/5.2.1/../../../../arm-none-eabi/lib/armv7-m/libm.a(lib_a-s_matherr.o)
 .debug_frame   0x00001dc8       0x20 /home/jtwright/UROP/gcc4mbed/gcc-arm-none-eabi/bin/../lib/gcc/arm-none-eabi/5.2.1/../../../../arm-none-eabi/lib/armv7-m/libm.a(lib_a-s_nan.o)
 .debug_frame   0x00001de8       0x30 /home/jtwright/UROP/gcc4mbed/gcc-arm-none-eabi/bin/../lib/gcc/arm-none-eabi/5.2.1/../../../../arm-none-eabi/lib/armv7-m/libm.a(lib_a-sf_atan.o)
 .debug_frame   0x00001e18       0x20 /home/jtwright/UROP/gcc4mbed/gcc-arm-none-eabi/bin/../lib/gcc/arm-none-eabi/5.2.1/../../../../arm-none-eabi/lib/armv7-m/libm.a(lib_a-sf_fabs.o)
 .debug_frame   0x00001e38       0x20 /home/jtwright/UROP/gcc4mbed/gcc-arm-none-eabi/bin/../lib/gcc/arm-none-eabi/5.2.1/../../../../arm-none-eabi/lib/armv7-m/libm.a(lib_a-sf_fpclassify.o)

Cross Reference Table

Symbol                                            File
ADC_IRQHandler                                    ../../external/mbed/Release/LPC1768/mbed.a(startup_LPC17xx.o)
BNO055::BNO055(PinName, PinName)                  LPC1768/BNO055/BNO055.o
                                                  LPC1768/main.o
BNO055::BNO055(PinName, PinName)                  LPC1768/BNO055/BNO055.o
BNO055::SetExternalCrystal(bool)                  LPC1768/BNO055/BNO055.o
BNO055::check()                                   LPC1768/BNO055/BNO055.o
BNO055::get_accel()                               LPC1768/BNO055/BNO055.o
BNO055::get_angles()                              LPC1768/BNO055/BNO055.o
BNO055::get_calib()                               LPC1768/BNO055/BNO055.o
                                                  LPC1768/main.o
BNO055::get_grv()                                 LPC1768/BNO055/BNO055.o
BNO055::get_gyro()                                LPC1768/BNO055/BNO055.o
BNO055::get_lia()                                 LPC1768/BNO055/BNO055.o
BNO055::get_mag()                                 LPC1768/BNO055/BNO055.o
BNO055::get_quat()                                LPC1768/BNO055/BNO055.o
                                                  LPC1768/main.o
BNO055::get_temp()                                LPC1768/BNO055/BNO055.o
BNO055::read_calibration_data()                   LPC1768/BNO055/BNO055.o
BNO055::reset()                                   LPC1768/BNO055/BNO055.o
                                                  LPC1768/main.o
BNO055::set_accel_units(char)                     LPC1768/BNO055/BNO055.o
BNO055::set_angle_units(char)                     LPC1768/BNO055/BNO055.o
BNO055::set_anglerate_units(char)                 LPC1768/BNO055/BNO055.o
BNO055::set_mapping(char)                         LPC1768/BNO055/BNO055.o
BNO055::set_orientation(char)                     LPC1768/BNO055/BNO055.o
BNO055::set_temp_units(char)                      LPC1768/BNO055/BNO055.o
BNO055::setmode(char)                             LPC1768/BNO055/BNO055.o
BNO055::setpowermode(char)                        LPC1768/BNO055/BNO055.o
BNO055::write_calibration_data()                  LPC1768/BNO055/BNO055.o
BOD_IRQHandler                                    ../../external/mbed/Release/LPC1768/mbed.a(startup_LPC17xx.o)
BusFault_Handler                                  ../../external/mbed/Release/LPC1768/mbed.a(startup_LPC17xx.o)
CANActivity_IRQHandler                            ../../external/mbed/Release/LPC1768/mbed.a(startup_LPC17xx.o)