Archive member included because of file (symbol)

C:\Users\Cyndia\softroboticfish6\fish\mbed\LPCExpress\Pump_Test\mbed\TARGET_LPC1768\TOOLCHAIN_GCC_CR\libmbed.a(gpio_irq_api.o)
                              ./Pump_Test/QEI/QEI.o (gpio_irq_set)
C:\Users\Cyndia\softroboticfish6\fish\mbed\LPCExpress\Pump_Test\mbed\TARGET_LPC1768\TOOLCHAIN_GCC_CR\libmbed.a(pwmout_api.o)
                              ./Pump_Test/PumpWithValve/PumpWithValve.o (pwmout_write)
C:\Users\Cyndia\softroboticfish6\fish\mbed\LPCExpress\Pump_Test\mbed\TARGET_LPC1768\TOOLCHAIN_GCC_CR\libmbed.a(serial_api.o)
                              C:/Users/Cyndia/softroboticfish6/fish/mbed/LPCExpress/Pump_Test/mbed/TARGET_LPC1768/TOOLCHAIN_GCC_CR/retarget.o (serial_getc)
C:\Users\Cyndia\softroboticfish6\fish\mbed\LPCExpress\Pump_Test\mbed\TARGET_LPC1768\TOOLCHAIN_GCC_CR\libmbed.a(FilePath.o)
                              C:/Users/Cyndia/softroboticfish6/fish/mbed/LPCExpress/Pump_Test/mbed/TARGET_LPC1768/TOOLCHAIN_GCC_CR/retarget.o (mbed::FilePath::FilePath(char const*))
C:\Users\Cyndia\softroboticfish6\fish\mbed\LPCExpress\Pump_Test\mbed\TARGET_LPC1768\TOOLCHAIN_GCC_CR\libmbed.a(FileSystemLike.o)
                              C:/Users/Cyndia/softroboticfish6/fish/mbed/LPCExpress/Pump_Test/mbed/TARGET_LPC1768/TOOLCHAIN_GCC_CR/retarget.o (mbed::FileSystemLike::opendir())
C:\Users\Cyndia\softroboticfish6\fish\mbed\LPCExpress\Pump_Test\mbed\TARGET_LPC1768\TOOLCHAIN_GCC_CR\libmbed.a(InterruptIn.o)
                              ./Pump_Test/PumpWithValve/PumpWithValve.o (mbed::InterruptIn::~InterruptIn())
C:\Users\Cyndia\softroboticfish6\fish\mbed\LPCExpress\Pump_Test\mbed\TARGET_LPC1768\TOOLCHAIN_GCC_CR\libmbed.a(Serial.o)
                              ./Pump_Test/main.o (mbed::Serial::Serial(PinName, PinName, char const*))
C:\Users\Cyndia\softroboticfish6\fish\mbed\LPCExpress\Pump_Test\mbed\TARGET_LPC1768\TOOLCHAIN_GCC_CR\libmbed.a(SerialBase.o)
                              C:\Users\Cyndia\softroboticfish6\fish\mbed\LPCExpress\Pump_Test\mbed\TARGET_LPC1768\TOOLCHAIN_GCC_CR\libmbed.a(Serial.o) (mbed::SerialBase::SerialBase(PinName, PinName))
C:\Users\Cyndia\softroboticfish6\fish\mbed\LPCExpress\Pump_Test\mbed\TARGET_LPC1768\TOOLCHAIN_GCC_CR\libmbed.a(Ticker.o)
                              ./Pump_Test/main.o (mbed::Ticker::detach())
C:\Users\Cyndia\softroboticfish6\fish\mbed\LPCExpress\Pump_Test\mbed\TARGET_LPC1768\TOOLCHAIN_GCC_CR\libmbed.a(Stream.o)
                              C:\Users\Cyndia\softroboticfish6\fish\mbed\LPCExpress\Pump_Test\mbed\TARGET_LPC1768\TOOLCHAIN_GCC_CR\libmbed.a(Serial.o) (mbed::Stream::close())
C:\Users\Cyndia\softroboticfish6\fish\mbed\LPCExpress\Pump_Test\mbed\TARGET_LPC1768\TOOLCHAIN_GCC_CR\libmbed.a(Timer.o)
                              ./Pump_Test/PumpWithValve/PumpWithValve.o (mbed::Timer::Timer())
C:\Users\Cyndia\softroboticfish6\fish\mbed\LPCExpress\Pump_Test\mbed\TARGET_LPC1768\TOOLCHAIN_GCC_CR\libmbed.a(assert.o)
                              ./Pump_Test/PumpWithValve/PumpWithValve.o (mbed_assert_internal)
C:\Users\Cyndia\softroboticfish6\fish\mbed\LPCExpress\Pump_Test\mbed\TARGET_LPC1768\TOOLCHAIN_GCC_CR\libmbed.a(TimerEvent.o)
                              ./Pump_Test/main.o (mbed::TimerEvent::~TimerEvent())
C:\Users\Cyndia\softroboticfish6\fish\mbed\LPCExpress\Pump_Test\mbed\TARGET_LPC1768\TOOLCHAIN_GCC_CR\libmbed.a(error.o)
                              C:/Users/Cyndia/softroboticfish6/fish/mbed/LPCExpress/Pump_Test/mbed/TARGET_LPC1768/TOOLCHAIN_GCC_CR/retarget.o (error)
C:\Users\Cyndia\softroboticfish6\fish\mbed\LPCExpress\Pump_Test\mbed\TARGET_LPC1768\TOOLCHAIN_GCC_CR\libmbed.a(gpio.o)
                              C:\Users\Cyndia\softroboticfish6\fish\mbed\LPCExpress\Pump_Test\mbed\TARGET_LPC1768\TOOLCHAIN_GCC_CR\libmbed.a(serial_api.o) (gpio_init_in)
C:\Users\Cyndia\softroboticfish6\fish\mbed\LPCExpress\Pump_Test\mbed\TARGET_LPC1768\TOOLCHAIN_GCC_CR\libmbed.a(mbed_interface.o)
                              C:/Users/Cyndia/softroboticfish6/fish/mbed/LPCExpress/Pump_Test/mbed/TARGET_LPC1768/TOOLCHAIN_GCC_CR/retarget.o (mbed_interface_connected)
C:\Users\Cyndia\softroboticfish6\fish\mbed\LPCExpress\Pump_Test\mbed\TARGET_LPC1768\TOOLCHAIN_GCC_CR\libmbed.a(pinmap_common.o)
                              C:\Users\Cyndia\softroboticfish6\fish\mbed\LPCExpress\Pump_Test\mbed\TARGET_LPC1768\TOOLCHAIN_GCC_CR\libmbed.a(pwmout_api.o) (pinmap_pinout)
C:\Users\Cyndia\softroboticfish6\fish\mbed\LPCExpress\Pump_Test\mbed\TARGET_LPC1768\TOOLCHAIN_GCC_CR\libmbed.a(semihost_api.o)
                              C:/Users/Cyndia/softroboticfish6/fish/mbed/LPCExpress/Pump_Test/mbed/TARGET_LPC1768/TOOLCHAIN_GCC_CR/retarget.o (semihost_exit)
C:\Users\Cyndia\softroboticfish6\fish\mbed\LPCExpress\Pump_Test\mbed\TARGET_LPC1768\TOOLCHAIN_GCC_CR\libmbed.a(ticker_api.o)
[...]
Memory Configuration

Name             Origin             Length             Attributes
MFlash512        0x00000000         0x00080000         xr
RamLoc32         0x100000c8         0x00007f38         xrw
RamAHB_USB       0x2007c000         0x00004000         xrw
RamAHB_Eth       0x20080000         0x00004000         xrw
*default*        0x00000000         0xffffffff

Linker script and memory map

LOAD ./Pump_Test/QEI/QEI.o
LOAD ./Pump_Test/PumpWithValve/PumpWithValve.o
LOAD ./Pump_Test/main.o
LOAD C:/Users/Cyndia/softroboticfish6/fish/mbed/LPCExpress/Pump_Test/mbed/TARGET_LPC1768/TOOLCHAIN_GCC_CR/board.o
LOAD C:/Users/Cyndia/softroboticfish6/fish/mbed/LPCExpress/Pump_Test/mbed/TARGET_LPC1768/TOOLCHAIN_GCC_CR/cmsis_nvic.o
LOAD C:/Users/Cyndia/softroboticfish6/fish/mbed/LPCExpress/Pump_Test/mbed/TARGET_LPC1768/TOOLCHAIN_GCC_CR/retarget.o
LOAD C:/Users/Cyndia/softroboticfish6/fish/mbed/LPCExpress/Pump_Test/mbed/TARGET_LPC1768/TOOLCHAIN_GCC_CR/startup_LPC17xx.o
LOAD C:/Users/Cyndia/softroboticfish6/fish/mbed/LPCExpress/Pump_Test/mbed/TARGET_LPC1768/TOOLCHAIN_GCC_CR/system_LPC17xx.o
LOAD C:\Users\Cyndia\softroboticfish6\fish\mbed\LPCExpress\Pump_Test\mbed\TARGET_LPC1768\TOOLCHAIN_GCC_CR\libmbed.a
LOAD C:\Users\Cyndia\softroboticfish6\fish\mbed\LPCExpress\Pump_Test\mbed\TARGET_LPC1768\TOOLCHAIN_GCC_CR\libmbed.a
START GROUP
LOAD c:/nxp/lpcxpresso_8.0.0_526/lpcxpresso/tools/bin/../lib/gcc/arm-none-eabi/4.9.3/armv7-m\libgcc.a
LOAD c:/nxp/lpcxpresso_8.0.0_526/lpcxpresso/tools/bin/../lib/gcc/arm-none-eabi/4.9.3/../../../../arm-none-eabi/lib/armv7-m\libc.a
LOAD c:/nxp/lpcxpresso_8.0.0_526/lpcxpresso/tools/bin/../lib/gcc/arm-none-eabi/4.9.3/../../../../arm-none-eabi/lib/armv7-m\libstdc++.a
LOAD c:/nxp/lpcxpresso_8.0.0_526/lpcxpresso/tools/bin/../lib/gcc/arm-none-eabi/4.9.3/../../../../arm-none-eabi/lib/armv7-m\libm.a
LOAD c:/nxp/lpcxpresso_8.0.0_526/lpcxpresso/tools/bin/../lib/gcc/arm-none-eabi/4.9.3/../../../../arm-none-eabi/lib/armv7-m\libcr_newlib_nohost.a
LOAD c:/nxp/lpcxpresso_8.0.0_526/lpcxpresso/tools/bin/../lib/gcc/arm-none-eabi/4.9.3/armv7-m\crti.o
LOAD c:/nxp/lpcxpresso_8.0.0_526/lpcxpresso/tools/bin/../lib/gcc/arm-none-eabi/4.9.3/armv7-m\crtn.o
LOAD c:/nxp/lpcxpresso_8.0.0_526/lpcxpresso/tools/bin/../lib/gcc/arm-none-eabi/4.9.3/armv7-m\crtbegin.o
LOAD c:/nxp/lpcxpresso_8.0.0_526/lpcxpresso/tools/bin/../lib/gcc/arm-none-eabi/4.9.3/armv7-m\crtend.o
END GROUP
                0x00080000                __top_MFlash512 = 0x80000
                0x10008000                __top_RamLoc32 = 0x10008000
                0x20084000                __top_RamAHB32 = 0x20084000

.text           0x00000000     0xf324
 FILL mask 0xff
 *(.isr_vector)
 .isr_vector    0x00000000       0xcc C:/Users/Cyndia/softroboticfish6/fish/mbed/LPCExpress/Pump_Test/mbed/TARGET_LPC1768/TOOLCHAIN_GCC_CR/startup_LPC17xx.o
                0x00000000                g_pfnVectors
                0x000000cc                . = ALIGN (0x4)
                0x000000cc                __section_table_start = .
                0x000000cc                __data_section_table = .
                0x000000cc        0x4 LONG 0xf32c LOADADDR (.data)
                0x000000d0        0x4 LONG 0x100000c8 ADDR (.data)
                0x000000d4        0x4 LONG 0x8c8 SIZEOF (.data)
                0x000000d8        0x4 LONG 0xf32c LOADADDR (.data_RAM2)
                0x000000dc        0x4 LONG 0x2007c000 ADDR (.data_RAM2)
                0x000000e0        0x4 LONG 0x0 SIZEOF (.data_RAM2)
                0x000000e4                __data_section_table_end = .
                0x000000e4                __bss_section_table = .
                0x000000e4        0x4 LONG 0x10000990 ADDR (.bss)
                0x000000e8        0x4 LONG 0x468 SIZEOF (.bss)
                0x000000ec        0x4 LONG 0x2007c000 ADDR (.bss_RAM2)
                0x000000f0        0x4 LONG 0x0 SIZEOF (.bss_RAM2)
                0x000000f4                __bss_section_table_end = .
                0x000000f4                __section_table_end = .
 *(.after_vectors*)
 .after_vectors
                0x000000f4       0xd0 C:/Users/Cyndia/softroboticfish6/fish/mbed/LPCExpress/Pump_Test/mbed/TARGET_LPC1768/TOOLCHAIN_GCC_CR/startup_LPC17xx.o
                0x000000f4                NMI_Handler
                0x000000f8                HardFault_Handler
                0x000000fc                MemManage_Handler
                0x00000100                BusFault_Handler
                0x00000104                UsageFault_Handler
                0x00000108                SVC_Handler
                0x0000010c                DebugMon_Handler
                0x00000110                PendSV_Handler
                0x00000114                SysTick_Handler
                0x00000118                PWM1_IRQHandler
                0x00000118                I2C1_IRQHandler
                0x00000118                EINT2_IRQHandler
                0x00000118                UART1_IRQHandler
                0x00000118                EINT3_IRQHandler
                0x00000118                CANActivity_IRQHandler
                0x00000118                TIMER3_IRQHandler
                0x00000118                UART0_IRQHandler
                0x00000118                MCPWM_IRQHandler
                0x00000118                I2C0_IRQHandler
                0x00000118                IntDefaultHandler
                0x00000118                RIT_IRQHandler
                0x00000118                CAN_IRQHandler
                0x00000118                PLL1_IRQHandler
                0x00000118                SSP0_IRQHandler
                0x00000118                I2S_IRQHandler
                0x00000118                I2C2_IRQHandler
                0x00000118                RTC_IRQHandler
                0x00000118                TIMER0_IRQHandler
                0x00000118                SPI_IRQHandler
                0x00000118                UART3_IRQHandler
                0x00000118                EINT1_IRQHandler
                0x00000118                TIMER1_IRQHandler
                0x00000118                UART2_IRQHandler
                0x00000118                ADC_IRQHandler
                0x00000118                SSP1_IRQHandler
                0x00000118                USB_IRQHandler
                0x00000118                BOD_IRQHandler
                0x00000118                USBActivity_IRQHandler
                0x00000118                WDT_IRQHandler
                0x00000118                PLL0_IRQHandler
                0x00000118                QEI_IRQHandler
                0x00000118                EINT0_IRQHandler
                0x00000118                TIMER2_IRQHandler
                0x00000118                DMA_IRQHandler
                0x00000118                ENET_IRQHandler
                0x0000011c                ResetISR
                0x0000019c                data_init
                0x000001b4                bss_init
 *(.text*)
 .text.gpio_write
                0x000001c4       0x48 ./Pump_Test/PumpWithValve/PumpWithValve.o
 .text._ZN4mbed10DigitalOutC2E7PinName
                0x0000020c       0x44 ./Pump_Test/PumpWithValve/PumpWithValve.o
                0x0000020c                mbed::DigitalOut::DigitalOut(PinName)
                0x0000020c                mbed::DigitalOut::DigitalOut(PinName)
 .text._ZN4mbed10DigitalOut5writeEi
                0x00000250       0x1c ./Pump_Test/PumpWithValve/PumpWithValve.o
                0x00000250                mbed::DigitalOut::write(int)
 .text._ZN4mbed10DigitalOutaSEi
                0x0000026c       0x1c ./Pump_Test/PumpWithValve/PumpWithValve.o
                0x0000026c                mbed::DigitalOut::operator=(int)
 .text._ZN4mbed6PwmOutC2E7PinName
                0x00000288       0x20 ./Pump_Test/PumpWithValve/PumpWithValve.o
                0x00000288                mbed::PwmOut::PwmOut(PinName)
                0x00000288                mbed::PwmOut::PwmOut(PinName)
 .text._ZN4mbed6PwmOut5writeEf
                0x000002a8       0x1c ./Pump_Test/PumpWithValve/PumpWithValve.o
                0x000002a8                mbed::PwmOut::write(float)
 .text._Z16flipFlowUpStaticv
                0x000002c4       0x10 ./Pump_Test/PumpWithValve/PumpWithValve.o
                0x000002c4                flipFlowUpStatic()
 .text._Z18flipFlowDownStaticv
                0x000002d4       0x10 ./Pump_Test/PumpWithValve/PumpWithValve.o
                0x000002d4                flipFlowDownStatic()
 .text._ZN13PumpWithValveC2Ev
                0x000002e4       0xc4 ./Pump_Test/PumpWithValve/PumpWithValve.o
                0x000002e4                PumpWithValve::PumpWithValve()
                0x000002e4                PumpWithValve::PumpWithValve()
 .text._ZN13PumpWithValve5startEv
                0x000003a8       0x34 ./Pump_Test/PumpWithValve/PumpWithValve.o
                0x000003a8                PumpWithValve::start()
 .text._ZN13PumpWithValve10flipFlowUpEv
                0x000003dc       0x20 ./Pump_Test/PumpWithValve/PumpWithValve.o
                0x000003dc                PumpWithValve::flipFlowUp()
 .text._ZN13PumpWithValve12flipFlowDownEv
                0x000003fc       0x20 ./Pump_Test/PumpWithValve/PumpWithValve.o
                0x000003fc                PumpWithValve::flipFlowDown()
 .text._ZN13PumpWithValve3setEfff
                0x0000041c       0x48 ./Pump_Test/PumpWithValve/PumpWithValve.o
                0x0000041c                PumpWithValve::set(float, float, float)
 *fill*         0x00000464        0x4 
 .text._ZN13PumpWithValve19calculateYawMethod1Ev
                0x00000468      0x1c0 ./Pump_Test/PumpWithValve/PumpWithValve.o
                0x00000468                PumpWithValve::calculateYawMethod1()
 .text._ZN13PumpWithValve7getVsetEv
                0x00000628       0x18 ./Pump_Test/PumpWithValve/PumpWithValve.o
                0x00000628                PumpWithValve::getVset()
 .text._ZN13PumpWithValve8getVsideEv
                0x00000640       0x1c ./Pump_Test/PumpWithValve/PumpWithValve.o
                0x00000640                PumpWithValve::getVside()
 .text._ZN13PumpWithValveD2Ev
                0x0000065c       0x1c ./Pump_Test/PumpWithValve/PumpWithValve.o
                0x0000065c                PumpWithValve::~PumpWithValve()
                0x0000065c                PumpWithValve::~PumpWithValve()
 .text._Z41__static_initialization_and_destruction_0ii
                0x00000678       0x3c ./Pump_Test/PumpWithValve/PumpWithValve.o
 .text._GLOBAL__sub_I_pumpWithValve
                0x000006b4       0x10 ./Pump_Test/PumpWithValve/PumpWithValve.o
 .text._ZN4mbed10SerialBaseD2Ev
                0x000006c4       0x28 ./Pump_Test/main.o
                0x000006c4                mbed::SerialBase::~SerialBase()
                0x000006c4                mbed::SerialBase::~SerialBase()
 .text._ZN4mbed10SerialBaseD0Ev
                0x000006ec       0x20 ./Pump_Test/main.o
                0x000006ec                mbed::SerialBase::~SerialBase()
 .text._ZN4mbed6TickerC2Ev
                0x0000070c       0x30 ./Pump_Test/main.o
                0x0000070c                mbed::Ticker::Ticker()
                0x0000070c                mbed::Ticker::Ticker()
 .text._ZN4mbed6Ticker6attachEPFvvEf
                0x0000073c       0x34 ./Pump_Test/main.o
                0x0000073c                mbed::Ticker::attach(void (*)(), float)
 .text._ZN4mbed6Ticker9attach_usEPFvvEm
                0x00000770       0x28 ./Pump_Test/main.o
                0x00000770                mbed::Ticker::attach_us(void (*)(), unsigned long)
 .text._ZN4mbed6TickerD2Ev
                0x00000798       0x38 ./Pump_Test/main.o
                0x00000798                mbed::Ticker::~Ticker()
                0x00000798                mbed::Ticker::~Ticker()
 .text._ZN4mbed6TickerD0Ev
                0x000007d0       0x20 ./Pump_Test/main.o
                0x000007d0                mbed::Ticker::~Ticker()
 .text._Z8run_funcv
                0x000007f0       0x60 ./Pump_Test/main.o
                0x000007f0                run_func()
 .text.main     0x00000850       0xd8 ./Pump_Test/main.o
                0x00000850                main
 .text._ZN4mbed19FunctionPointerArg1IvvEC2EPFvvE
                0x00000928       0x1c ./Pump_Test/main.o
                0x00000928                mbed::FunctionPointerArg1<void, void>::FunctionPointerArg1(void (*)())
                0x00000928                mbed::FunctionPointerArg1<void, void>::FunctionPointerArg1(void (*)())
 .text._ZN4mbed19FunctionPointerArg1IvvE6attachEPFvvE
                0x00000944       0x20 ./Pump_Test/main.o
                0x00000944                mbed::FunctionPointerArg1<void, void>::attach(void (*)())
 .text._ZN4mbed6SerialD2Ev
                0x00000964       0x50 ./Pump_Test/main.o
                0x00000964                mbed::Serial::~Serial()
                0x00000964                mbed::Serial::~Serial()
 .text._ZN4mbed6SerialD1Ev
                0x000009b4       0x10 ./Pump_Test/main.o
                0x000009b4                non-virtual thunk to mbed::Serial::~Serial()
                0x000009bc                non-virtual thunk to mbed::Serial::~Serial()
 .text._ZN4mbed6SerialD0Ev
                0x000009c4       0x30 ./Pump_Test/main.o
                0x000009c4                mbed::Serial::~Serial()
                0x000009e4                non-virtual thunk to mbed::Serial::~Serial()
                0x000009ec                non-virtual thunk to mbed::Serial::~Serial()
 .text._Z41__static_initialization_and_destruction_0ii
                0x000009f4       0x64 ./Pump_Test/main.o
 .text._GLOBAL__sub_I_pc
                0x00000a58       0x10 ./Pump_Test/main.o
 .text.mbed_die
                0x00000a68      0x10c C:/Users/Cyndia/softroboticfish6/fish/mbed/LPCExpress/Pump_Test/mbed/TARGET_LPC1768/TOOLCHAIN_GCC_CR/board.o
                0x00000a68                mbed_die
 .text.NVIC_SetVector
                0x00000b74       0x3c C:/Users/Cyndia/softroboticfish6/fish/mbed/LPCExpress/Pump_Test/mbed/TARGET_LPC1768/TOOLCHAIN_GCC_CR/cmsis_nvic.o
                0x00000b74                NVIC_SetVector
 .text._ZN4mbed10FileHandle4flenEv
                0x00000bb0       0x34 C:/Users/Cyndia/softroboticfish6/fish/mbed/LPCExpress/Pump_Test/mbed/TARGET_LPC1768/TOOLCHAIN_GCC_CR/retarget.o
                0x00000bb0                mbed::FileHandle::flen()
 .text._ZN4mbed10FileHandleD2Ev
                0x00000be4       0x2c C:/Users/Cyndia/softroboticfish6/fish/mbed/LPCExpress/Pump_Test/mbed/TARGET_LPC1768/TOOLCHAIN_GCC_CR/retarget.o
                0x00000be4                mbed::FileHandle::~FileHandle()
                0x00000be4                mbed::FileHandle::~FileHandle()
 .text._ZN4mbed10FileHandleD0Ev
                0x00000c10       0x34 C:/Users/Cyndia/softroboticfish6/fish/mbed/LPCExpress/Pump_Test/mbed/TARGET_LPC1768/TOOLCHAIN_GCC_CR/retarget.o
                0x00000c10                mbed::FileHandle::~FileHandle()
 .text._ZL11init_serialv.part.0
                0x00000c44       0x18 C:/Users/Cyndia/softroboticfish6/fish/mbed/LPCExpress/Pump_Test/mbed/TARGET_LPC1768/TOOLCHAIN_GCC_CR/retarget.o
 .text._open    0x00000c5c       0xf8 C:/Users/Cyndia/softroboticfish6/fish/mbed/LPCExpress/Pump_Test/mbed/TARGET_LPC1768/TOOLCHAIN_GCC_CR/retarget.o
                0x00000c5c                _open
 .text._close   0x00000d54       0x2c C:/Users/Cyndia/softroboticfish6/fish/mbed/LPCExpress/Pump_Test/mbed/TARGET_LPC1768/TOOLCHAIN_GCC_CR/retarget.o
                0x00000d54                _close
 .text._write   0x00000d80       0x50 C:/Users/Cyndia/softroboticfish6/fish/mbed/LPCExpress/Pump_Test/mbed/TARGET_LPC1768/TOOLCHAIN_GCC_CR/retarget.o
                0x00000d80                _write
 .text._read    0x00000dd0       0x4c C:/Users/Cyndia/softroboticfish6/fish/mbed/LPCExpress/Pump_Test/mbed/TARGET_LPC1768/TOOLCHAIN_GCC_CR/retarget.o
                0x00000dd0                _read
 .text._isatty  0x00000e1c       0x28 C:/Users/Cyndia/softroboticfish6/fish/mbed/LPCExpress/Pump_Test/mbed/TARGET_LPC1768/TOOLCHAIN_GCC_CR/retarget.o
                0x00000e1c                _isatty
 .text._lseek   0x00000e44       0x28 C:/Users/Cyndia/softroboticfish6/fish/mbed/LPCExpress/Pump_Test/mbed/TARGET_LPC1768/TOOLCHAIN_GCC_CR/retarget.o
                0x00000e44                _lseek
 .text._fstat   0x00000e6c       0x20 C:/Users/Cyndia/softroboticfish6/fish/mbed/LPCExpress/Pump_Test/mbed/TARGET_LPC1768/TOOLCHAIN_GCC_CR/retarget.o
                0x00000e6c                _fstat
 .text.exit     0x00000e8c       0x30 C:/Users/Cyndia/softroboticfish6/fish/mbed/LPCExpress/Pump_Test/mbed/TARGET_LPC1768/TOOLCHAIN_GCC_CR/retarget.o
                0x00000e8c                exit
 .text.__cxa_pure_virtual
                0x00000ebc        0x8 C:/Users/Cyndia/softroboticfish6/fish/mbed/LPCExpress/Pump_Test/mbed/TARGET_LPC1768/TOOLCHAIN_GCC_CR/retarget.o
                0x00000ebc                __cxa_pure_virtual
 .text._ZN4mbed26mbed_set_unbuffered_streamEP7__sFILE
                0x00000ec4        0x8 C:/Users/Cyndia/softroboticfish6/fish/mbed/LPCExpress/Pump_Test/mbed/TARGET_LPC1768/TOOLCHAIN_GCC_CR/retarget.o
                0x00000ec4                mbed::mbed_set_unbuffered_stream(__sFILE*)
 .text.__aeabi_atexit
                0x00000ecc        0x4 C:/Users/Cyndia/softroboticfish6/fish/mbed/LPCExpress/Pump_Test/mbed/TARGET_LPC1768/TOOLCHAIN_GCC_CR/startup_LPC17xx.o
                0x00000ecc                __aeabi_atexit
 .text._ZdlPv   0x00000ed0        0x4 C:/Users/Cyndia/softroboticfish6/fish/mbed/LPCExpress/Pump_Test/mbed/TARGET_LPC1768/TOOLCHAIN_GCC_CR/startup_LPC17xx.o
                0x00000ed0                operator delete(void*)
 .text.SystemInit
                0x00000ed4       0xb8 C:/Users/Cyndia/softroboticfish6/fish/mbed/LPCExpress/Pump_Test/mbed/TARGET_LPC1768/TOOLCHAIN_GCC_CR/system_LPC17xx.o
                0x00000ed4                SystemInit
 .text.handle_interrupt_in
                0x00000f8c      0x118 C:\Users\Cyndia\softroboticfish6\fish\mbed\LPCExpress\Pump_Test\mbed\TARGET_LPC1768\TOOLCHAIN_GCC_CR\libmbed.a(gpio_irq_api.o)
 .text.gpio_irq_init
                0x000010a4       0x70 C:\Users\Cyndia\softroboticfish6\fish\mbed\LPCExpress\Pump_Test\mbed\TARGET_LPC1768\TOOLCHAIN_GCC_CR\libmbed.a(gpio_irq_api.o)
                0x000010a4                gpio_irq_init
 .text.gpio_irq_free
                0x00001114       0x10 C:\Users\Cyndia\softroboticfish6\fish\mbed\LPCExpress\Pump_Test\mbed\TARGET_LPC1768\TOOLCHAIN_GCC_CR\libmbed.a(gpio_irq_api.o)
                0x00001114                gpio_irq_free
 .text.gpio_irq_set
                0x00001124       0xd8 C:\Users\Cyndia\softroboticfish6\fish\mbed\LPCExpress\Pump_Test\mbed\TARGET_LPC1768\TOOLCHAIN_GCC_CR\libmbed.a(gpio_irq_api.o)
                0x00001124                gpio_irq_set
 .text.pwmout_write
                0x000011fc       0x5c C:\Users\Cyndia\softroboticfish6\fish\mbed\LPCExpress\Pump_Test\mbed\TARGET_LPC1768\TOOLCHAIN_GCC_CR\libmbed.a(pwmout_api.o)
                0x000011fc                pwmout_write
 .text.pwmout_period_us
                0x00001258       0x44 C:\Users\Cyndia\softroboticfish6\fish\mbed\LPCExpress\Pump_Test\mbed\TARGET_LPC1768\TOOLCHAIN_GCC_CR\libmbed.a(pwmout_api.o)
                0x00001258                pwmout_period_us
 .text.pwmout_init
                0x0000129c       0xd8 C:\Users\Cyndia\softroboticfish6\fish\mbed\LPCExpress\Pump_Test\mbed\TARGET_LPC1768\TOOLCHAIN_GCC_CR\libmbed.a(pwmout_api.o)
                0x0000129c                pwmout_init
 .text.uart2_irq
                0x00001374       0x64 C:\Users\Cyndia\softroboticfish6\fish\mbed\LPCExpress\Pump_Test\mbed\TARGET_LPC1768\TOOLCHAIN_GCC_CR\libmbed.a(serial_api.o)
                0x00001374                uart2_irq
 .text.serial_irq_set_internal
                0x000013d8       0xcc C:\Users\Cyndia\softroboticfish6\fish\mbed\LPCExpress\Pump_Test\mbed\TARGET_LPC1768\TOOLCHAIN_GCC_CR\libmbed.a(serial_api.o)
 .text.uart0_irq
                0x000014a4       0x64 C:\Users\Cyndia\softroboticfish6\fish\mbed\LPCExpress\Pump_Test\mbed\TARGET_LPC1768\TOOLCHAIN_GCC_CR\libmbed.a(serial_api.o)
                0x000014a4                uart0_irq
 .text.uart3_irq
                0x00001508       0x6c C:\Users\Cyndia\softroboticfish6\fish\mbed\LPCExpress\Pump_Test\mbed\TARGET_LPC1768\TOOLCHAIN_GCC_CR\libmbed.a(serial_api.o)
                0x00001508                uart3_irq
 .text.uart1_irq
                0x00001574       0x64 C:\Users\Cyndia\softroboticfish6\fish\mbed\LPCExpress\Pump_Test\mbed\TARGET_LPC1768\TOOLCHAIN_GCC_CR\libmbed.a(serial_api.o)
                0x00001574                uart1_irq
 .text.serial_baud
                0x000015d8      0x244 C:\Users\Cyndia\softroboticfish6\fish\mbed\LPCExpress\Pump_Test\mbed\TARGET_LPC1768\TOOLCHAIN_GCC_CR\libmbed.a(serial_api.o)
                0x000015d8                serial_baud
 .text.serial_format
                0x0000181c       0x78 C:\Users\Cyndia\softroboticfish6\fish\mbed\LPCExpress\Pump_Test\mbed\TARGET_LPC1768\TOOLCHAIN_GCC_CR\libmbed.a(serial_api.o)
                0x0000181c                serial_format
 .text.serial_irq_handler
                0x00001894       0x20 C:\Users\Cyndia\softroboticfish6\fish\mbed\LPCExpress\Pump_Test\mbed\TARGET_LPC1768\TOOLCHAIN_GCC_CR\libmbed.a(serial_api.o)
                0x00001894                serial_irq_handler
 .text.serial_getc
                0x000018b4       0x38 C:\Users\Cyndia\softroboticfish6\fish\mbed\LPCExpress\Pump_Test\mbed\TARGET_LPC1768\TOOLCHAIN_GCC_CR\libmbed.a(serial_api.o)
                0x000018b4                serial_getc
 .text.serial_writable
                0x000018ec       0x74 C:\Users\Cyndia\softroboticfish6\fish\mbed\LPCExpress\Pump_Test\mbed\TARGET_LPC1768\TOOLCHAIN_GCC_CR\libmbed.a(serial_api.o)
                0x000018ec                serial_writable
 .text.serial_putc
                0x00001960       0x34 C:\Users\Cyndia\softroboticfish6\fish\mbed\LPCExpress\Pump_Test\mbed\TARGET_LPC1768\TOOLCHAIN_GCC_CR\libmbed.a(serial_api.o)
                0x00001960                serial_putc
 .text.serial_set_flow_control
                0x00001994      0x12c C:\Users\Cyndia\softroboticfish6\fish\mbed\LPCExpress\Pump_Test\mbed\TARGET_LPC1768\TOOLCHAIN_GCC_CR\libmbed.a(serial_api.o)
                0x00001994                serial_set_flow_control
 .text.serial_init
                0x00001ac0      0x1bc C:\Users\Cyndia\softroboticfish6\fish\mbed\LPCExpress\Pump_Test\mbed\TARGET_LPC1768\TOOLCHAIN_GCC_CR\libmbed.a(serial_api.o)
                0x00001ac0                serial_init
 .text._ZN4mbed8FilePathC2EPKc
                0x00001c7c       0x58 C:\Users\Cyndia\softroboticfish6\fish\mbed\LPCExpress\Pump_Test\mbed\TARGET_LPC1768\TOOLCHAIN_GCC_CR\libmbed.a(FilePath.o)
                0x00001c7c                mbed::FilePath::FilePath(char const*)
                0x00001c7c                mbed::FilePath::FilePath(char const*)
 .text._ZN4mbed8FilePath8fileNameEv
                0x00001cd4        0x4 C:\Users\Cyndia\softroboticfish6\fish\mbed\LPCExpress\Pump_Test\mbed\TARGET_LPC1768\TOOLCHAIN_GCC_CR\libmbed.a(FilePath.o)
                0x00001cd4                mbed::FilePath::fileName()
 .text._ZN4mbed8FilePath10fileSystemEv
                0x00001cd8       0x18 C:\Users\Cyndia\softroboticfish6\fish\mbed\LPCExpress\Pump_Test\mbed\TARGET_LPC1768\TOOLCHAIN_GCC_CR\libmbed.a(FilePath.o)
                0x00001cd8                mbed::FilePath::fileSystem()
 .text._ZN4mbed8FilePath6isFileEv
                0x00001cf0       0x14 C:\Users\Cyndia\softroboticfish6\fish\mbed\LPCExpress\Pump_Test\mbed\TARGET_LPC1768\TOOLCHAIN_GCC_CR\libmbed.a(FilePath.o)
                0x00001cf0                mbed::FilePath::isFile()
 .text._ZN4mbed8FilePath4fileEv
                0x00001d04       0x1c C:\Users\Cyndia\softroboticfish6\fish\mbed\LPCExpress\Pump_Test\mbed\TARGET_LPC1768\TOOLCHAIN_GCC_CR\libmbed.a(FilePath.o)
                0x00001d04                mbed::FilePath::file()
 .text._ZN4mbed8FilePath6existsEv
                0x00001d20        0xc C:\Users\Cyndia\softroboticfish6\fish\mbed\LPCExpress\Pump_Test\mbed\TARGET_LPC1768\TOOLCHAIN_GCC_CR\libmbed.a(FilePath.o)
                0x00001d20                mbed::FilePath::exists()
 .text._ZN4mbed11InterruptInD2Ev
                0x00001d2c       0x18 C:\Users\Cyndia\softroboticfish6\fish\mbed\LPCExpress\Pump_Test\mbed\TARGET_LPC1768\TOOLCHAIN_GCC_CR\libmbed.a(InterruptIn.o)
                0x00001d2c                mbed::InterruptIn::~InterruptIn()
                0x00001d2c                mbed::InterruptIn::~InterruptIn()
 .text._ZN4mbed11InterruptInD0Ev
                0x00001d44       0x1c C:\Users\Cyndia\softroboticfish6\fish\mbed\LPCExpress\Pump_Test\mbed\TARGET_LPC1768\TOOLCHAIN_GCC_CR\libmbed.a(InterruptIn.o)
                0x00001d44                mbed::InterruptIn::~InterruptIn()
 .text._ZN4mbed11InterruptIn12_irq_handlerEm14gpio_irq_event
                0x00001d60       0x44 C:\Users\Cyndia\softroboticfish6\fish\mbed\LPCExpress\Pump_Test\mbed\TARGET_LPC1768\TOOLCHAIN_GCC_CR\libmbed.a(InterruptIn.o)
                0x00001d60                mbed::InterruptIn::_irq_handler(unsigned long, gpio_irq_event)
 .text._ZN4mbed11InterruptInC2E7PinName
                0x00001da4       0x44 C:\Users\Cyndia\softroboticfish6\fish\mbed\LPCExpress\Pump_Test\mbed\TARGET_LPC1768\TOOLCHAIN_GCC_CR\libmbed.a(InterruptIn.o)
                0x00001da4                mbed::InterruptIn::InterruptIn(PinName)
                0x00001da4                mbed::InterruptIn::InterruptIn(PinName)
 .text._ZN4mbed11InterruptIn4riseEPFvvE
                0x00001de8       0x20 C:\Users\Cyndia\softroboticfish6\fish\mbed\LPCExpress\Pump_Test\mbed\TARGET_LPC1768\TOOLCHAIN_GCC_CR\libmbed.a(InterruptIn.o)
                0x00001de8                mbed::InterruptIn::rise(void (*)())
 .text._ZN4mbed11InterruptIn4fallEPFvvE
                0x00001e08       0x20 C:\Users\Cyndia\softroboticfish6\fish\mbed\LPCExpress\Pump_Test\mbed\TARGET_LPC1768\TOOLCHAIN_GCC_CR\libmbed.a(InterruptIn.o)
                0x00001e08                mbed::InterruptIn::fall(void (*)())
 .text._ZN4mbed6Serial5_getcEv
                0x00001e28        0x4 C:\Users\Cyndia\softroboticfish6\fish\mbed\LPCExpress\Pump_Test\mbed\TARGET_LPC1768\TOOLCHAIN_GCC_CR\libmbed.a(Serial.o)
                0x00001e28                mbed::Serial::_getc()
 .text._ZThn64_N4mbed6Serial5_getcEv
                0x00001e2c        0x8 C:\Users\Cyndia\softroboticfish6\fish\mbed\LPCExpress\Pump_Test\mbed\TARGET_LPC1768\TOOLCHAIN_GCC_CR\libmbed.a(Serial.o)
                0x00001e2c                non-virtual thunk to mbed::Serial::_getc()
 .text._ZN4mbed6Serial5_putcEi
                0x00001e34        0x4 C:\Users\Cyndia\softroboticfish6\fish\mbed\LPCExpress\Pump_Test\mbed\TARGET_LPC1768\TOOLCHAIN_GCC_CR\libmbed.a(Serial.o)
                0x00001e34                mbed::Serial::_putc(int)
 .text._ZThn64_N4mbed6Serial5_putcEi
                0x00001e38        0x8 C:\Users\Cyndia\softroboticfish6\fish\mbed\LPCExpress\Pump_Test\mbed\TARGET_LPC1768\TOOLCHAIN_GCC_CR\libmbed.a(Serial.o)
                0x00001e38                non-virtual thunk to mbed::Serial::_putc(int)
 .text._ZN4mbed6SerialC2E7PinNameS1_PKc
                0x00001e40       0x30 C:\Users\Cyndia\softroboticfish6\fish\mbed\LPCExpress\Pump_Test\mbed\TARGET_LPC1768\TOOLCHAIN_GCC_CR\libmbed.a(Serial.o)
                0x00001e40                mbed::Serial::Serial(PinName, PinName, char const*)
                0x00001e40                mbed::Serial::Serial(PinName, PinName, char const*)
 .text._ZN4mbed10SerialBase12_irq_handlerEm9SerialIrq
                0x00001e70       0x28 C:\Users\Cyndia\softroboticfish6\fish\mbed\LPCExpress\Pump_Test\mbed\TARGET_LPC1768\TOOLCHAIN_GCC_CR\libmbed.a(SerialBase.o)
                0x00001e70                mbed::SerialBase::_irq_handler(unsigned long, SerialIrq)
 .text._ZN4mbed10SerialBaseC2E7PinNameS1_
                0x00001e98       0x3c C:\Users\Cyndia\softroboticfish6\fish\mbed\LPCExpress\Pump_Test\mbed\TARGET_LPC1768\TOOLCHAIN_GCC_CR\libmbed.a(SerialBase.o)
                0x00001e98                mbed::SerialBase::SerialBase(PinName, PinName)
                0x00001e98                mbed::SerialBase::SerialBase(PinName, PinName)
 .text._ZN4mbed10SerialBase4baudEi
                0x00001ed4       0x10 C:\Users\Cyndia\softroboticfish6\fish\mbed\LPCExpress\Pump_Test\mbed\TARGET_LPC1768\TOOLCHAIN_GCC_CR\libmbed.a(SerialBase.o)
                0x00001ed4                mbed::SerialBase::baud(int)
 .text._ZN4mbed10SerialBase10_base_getcEv
                0x00001ee4        0x8 C:\Users\Cyndia\softroboticfish6\fish\mbed\LPCExpress\Pump_Test\mbed\TARGET_LPC1768\TOOLCHAIN_GCC_CR\libmbed.a(SerialBase.o)
                0x00001ee4                mbed::SerialBase::_base_getc()
 .text._ZN4mbed10SerialBase10_base_putcEi
                0x00001eec       0x10 C:\Users\Cyndia\softroboticfish6\fish\mbed\LPCExpress\Pump_Test\mbed\TARGET_LPC1768\TOOLCHAIN_GCC_CR\libmbed.a(SerialBase.o)
                0x00001eec                mbed::SerialBase::_base_putc(int)
 .text._ZN4mbed6Ticker7handlerEv
                0x00001efc       0x28 C:\Users\Cyndia\softroboticfish6\fish\mbed\LPCExpress\Pump_Test\mbed\TARGET_LPC1768\TOOLCHAIN_GCC_CR\libmbed.a(Ticker.o)
                0x00001efc                mbed::Ticker::handler()
 .text._ZN4mbed6Ticker6detachEv
                0x00001f24       0x10 C:\Users\Cyndia\softroboticfish6\fish\mbed\LPCExpress\Pump_Test\mbed\TARGET_LPC1768\TOOLCHAIN_GCC_CR\libmbed.a(Ticker.o)
                0x00001f24                mbed::Ticker::detach()
 .text._ZN4mbed6Ticker5setupEm
                0x00001f34       0x20 C:\Users\Cyndia\softroboticfish6\fish\mbed\LPCExpress\Pump_Test\mbed\TARGET_LPC1768\TOOLCHAIN_GCC_CR\libmbed.a(Ticker.o)
                0x00001f34                mbed::Ticker::setup(unsigned long)
 .text._ZN4mbed6Stream5closeEv
                0x00001f54        0x4 C:\Users\Cyndia\softroboticfish6\fish\mbed\LPCExpress\Pump_Test\mbed\TARGET_LPC1768\TOOLCHAIN_GCC_CR\libmbed.a(Stream.o)
                0x00001f54                mbed::Stream::close()
 .text._ZN4mbed6Stream5writeEPKvj
                0x00001f58       0x30 C:\Users\Cyndia\softroboticfish6\fish\mbed\LPCExpress\Pump_Test\mbed\TARGET_LPC1768\TOOLCHAIN_GCC_CR\libmbed.a(Stream.o)
                0x00001f58                mbed::Stream::write(void const*, unsigned int)
 .text._ZN4mbed6Stream4readEPvj
                0x00001f88       0x30 C:\Users\Cyndia\softroboticfish6\fish\mbed\LPCExpress\Pump_Test\mbed\TARGET_LPC1768\TOOLCHAIN_GCC_CR\libmbed.a(Stream.o)
                0x00001f88                mbed::Stream::read(void*, unsigned int)
 .text._ZN4mbed6Stream5lseekEli
                0x00001fb8        0x4 C:\Users\Cyndia\softroboticfish6\fish\mbed\LPCExpress\Pump_Test\mbed\TARGET_LPC1768\TOOLCHAIN_GCC_CR\libmbed.a(Stream.o)
                0x00001fb8                mbed::Stream::lseek(long, int)
 .text._ZN4mbed6Stream6isattyEv
                0x00001fbc        0x4 C:\Users\Cyndia\softroboticfish6\fish\mbed\LPCExpress\Pump_Test\mbed\TARGET_LPC1768\TOOLCHAIN_GCC_CR\libmbed.a(Stream.o)
                0x00001fbc                mbed::Stream::isatty()
 .text._ZN4mbed6Stream5fsyncEv
                0x00001fc0        0x4 C:\Users\Cyndia\softroboticfish6\fish\mbed\LPCExpress\Pump_Test\mbed\TARGET_LPC1768\TOOLCHAIN_GCC_CR\libmbed.a(Stream.o)
                0x00001fc0                mbed::Stream::fsync()
 .text._ZN4mbed6Stream4flenEv
                0x00001fc4        0x4 C:\Users\Cyndia\softroboticfish6\fish\mbed\LPCExpress\Pump_Test\mbed\TARGET_LPC1768\TOOLCHAIN_GCC_CR\libmbed.a(Stream.o)
                0x00001fc4                mbed::Stream::flen()
 .text._ZN4mbed6StreamD2Ev
                0x00001fc8       0x24 C:\Users\Cyndia\softroboticfish6\fish\mbed\LPCExpress\Pump_Test\mbed\TARGET_LPC1768\TOOLCHAIN_GCC_CR\libmbed.a(Stream.o)
                0x00001fc8                mbed::Stream::~Stream()
                0x00001fc8                mbed::Stream::~Stream()
 .text._ZThn4_N4mbed6StreamD1Ev
                0x00001fec        0x8 C:\Users\Cyndia\softroboticfish6\fish\mbed\LPCExpress\Pump_Test\mbed\TARGET_LPC1768\TOOLCHAIN_GCC_CR\libmbed.a(Stream.o)
                0x00001fec                non-virtual thunk to mbed::Stream::~Stream()
 .text._ZN4mbed6StreamD0Ev
                0x00001ff4       0x14 C:\Users\Cyndia\softroboticfish6\fish\mbed\LPCExpress\Pump_Test\mbed\TARGET_LPC1768\TOOLCHAIN_GCC_CR\libmbed.a(Stream.o)
                0x00001ff4                mbed::Stream::~Stream()
 .text._ZThn4_N4mbed6StreamD0Ev
                0x00002008        0x8 C:\Users\Cyndia\softroboticfish6\fish\mbed\LPCExpress\Pump_Test\mbed\TARGET_LPC1768\TOOLCHAIN_GCC_CR\libmbed.a(Stream.o)
                0x00002008                non-virtual thunk to mbed::Stream::~Stream()
 .text._ZN4mbed6StreamC2EPKc
                0x00002010       0x44 C:\Users\Cyndia\softroboticfish6\fish\mbed\LPCExpress\Pump_Test\mbed\TARGET_LPC1768\TOOLCHAIN_GCC_CR\libmbed.a(Stream.o)
                0x00002010                mbed::Stream::Stream(char const*)
                0x00002010                mbed::Stream::Stream(char const*)
 .text._ZN4mbed6Stream6printfEPKcz
                0x00002054       0x2c C:\Users\Cyndia\softroboticfish6\fish\mbed\LPCExpress\Pump_Test\mbed\TARGET_LPC1768\TOOLCHAIN_GCC_CR\libmbed.a(Stream.o)
                0x00002054                mbed::Stream::printf(char const*, ...)
 .text._ZN4mbed6Stream5scanfEPKcz
                0x00002080       0x2c C:\Users\Cyndia\softroboticfish6\fish\mbed\LPCExpress\Pump_Test\mbed\TARGET_LPC1768\TOOLCHAIN_GCC_CR\libmbed.a(Stream.o)
                0x00002080                mbed::Stream::scanf(char const*, ...)
 .text._ZN4mbed5TimerC2Ev
                0x000020ac       0x20 C:\Users\Cyndia\softroboticfish6\fish\mbed\LPCExpress\Pump_Test\mbed\TARGET_LPC1768\TOOLCHAIN_GCC_CR\libmbed.a(Timer.o)
                0x000020ac                mbed::Timer::Timer()
                0x000020ac                mbed::Timer::Timer()
 .text._ZN4mbed5Timer5startEv
                0x000020cc       0x18 C:\Users\Cyndia\softroboticfish6\fish\mbed\LPCExpress\Pump_Test\mbed\TARGET_LPC1768\TOOLCHAIN_GCC_CR\libmbed.a(Timer.o)
                0x000020cc                mbed::Timer::start()
 .text.mbed_assert_internal
                0x000020e4       0x18 C:\Users\Cyndia\softroboticfish6\fish\mbed\LPCExpress\Pump_Test\mbed\TARGET_LPC1768\TOOLCHAIN_GCC_CR\libmbed.a(assert.o)
                0x000020e4                mbed_assert_internal
 .text._ZN4mbed10TimerEvent3irqEm
                0x000020fc        0xc C:\Users\Cyndia\softroboticfish6\fish\mbed\LPCExpress\Pump_Test\mbed\TARGET_LPC1768\TOOLCHAIN_GCC_CR\libmbed.a(TimerEvent.o)
                0x000020fc                mbed::TimerEvent::irq(unsigned long)
 .text._ZN4mbed10TimerEventD2Ev
                0x00002108       0x18 C:\Users\Cyndia\softroboticfish6\fish\mbed\LPCExpress\Pump_Test\mbed\TARGET_LPC1768\TOOLCHAIN_GCC_CR\libmbed.a(TimerEvent.o)
                0x00002108                mbed::TimerEvent::~TimerEvent()
                0x00002108                mbed::TimerEvent::~TimerEvent()
 .text._ZN4mbed10TimerEventD0Ev
                0x00002120       0x20 C:\Users\Cyndia\softroboticfish6\fish\mbed\LPCExpress\Pump_Test\mbed\TARGET_LPC1768\TOOLCHAIN_GCC_CR\libmbed.a(TimerEvent.o)
                0x00002120                mbed::TimerEvent::~TimerEvent()
 .text._ZN4mbed10TimerEventC2Ev
                0x00002140       0x28 C:\Users\Cyndia\softroboticfish6\fish\mbed\LPCExpress\Pump_Test\mbed\TARGET_LPC1768\TOOLCHAIN_GCC_CR\libmbed.a(TimerEvent.o)
                0x00002140                mbed::TimerEvent::TimerEvent()
                0x00002140                mbed::TimerEvent::TimerEvent()
 .text._ZN4mbed10TimerEvent6insertEm
                0x00002168        0xc C:\Users\Cyndia\softroboticfish6\fish\mbed\LPCExpress\Pump_Test\mbed\TARGET_LPC1768\TOOLCHAIN_GCC_CR\libmbed.a(TimerEvent.o)
                0x00002168                mbed::TimerEvent::insert(unsigned long)
 .text._ZN4mbed10TimerEvent6removeEv
                0x00002174        0xc C:\Users\Cyndia\softroboticfish6\fish\mbed\LPCExpress\Pump_Test\mbed\TARGET_LPC1768\TOOLCHAIN_GCC_CR\libmbed.a(TimerEvent.o)
                0x00002174                mbed::TimerEvent::remove()
 .text.error    0x00002180       0x24 C:\Users\Cyndia\softroboticfish6\fish\mbed\LPCExpress\Pump_Test\mbed\TARGET_LPC1768\TOOLCHAIN_GCC_CR\libmbed.a(error.o)
                0x00002180                error
 .text.gpio_init_in
                0x000021a4       0x24 C:\Users\Cyndia\softroboticfish6\fish\mbed\LPCExpress\Pump_Test\mbed\TARGET_LPC1768\TOOLCHAIN_GCC_CR\libmbed.a(gpio.o)
                0x000021a4                gpio_init_in
 .text.gpio_init_out
                0x000021c8       0x44 C:\Users\Cyndia\softroboticfish6\fish\mbed\LPCExpress\Pump_Test\mbed\TARGET_LPC1768\TOOLCHAIN_GCC_CR\libmbed.a(gpio.o)
                0x000021c8                gpio_init_out
 .text.gpio_init_out_ex
                0x0000220c       0x54 C:\Users\Cyndia\softroboticfish6\fish\mbed\LPCExpress\Pump_Test\mbed\TARGET_LPC1768\TOOLCHAIN_GCC_CR\libmbed.a(gpio.o)
                0x0000220c                gpio_init_out_ex
 .text.mbed_interface_connected
                0x00002260        0x4 C:\Users\Cyndia\softroboticfish6\fish\mbed\LPCExpress\Pump_Test\mbed\TARGET_LPC1768\TOOLCHAIN_GCC_CR\libmbed.a(mbed_interface.o)
                0x00002260                mbed_interface_connected
 .text.pinmap_pinout
                0x00002264       0x40 C:\Users\Cyndia\softroboticfish6\fish\mbed\LPCExpress\Pump_Test\mbed\TARGET_LPC1768\TOOLCHAIN_GCC_CR\libmbed.a(pinmap_common.o)
                0x00002264                pinmap_pinout
 .text.pinmap_merge
                0x000022a4       0x24 C:\Users\Cyndia\softroboticfish6\fish\mbed\LPCExpress\Pump_Test\mbed\TARGET_LPC1768\TOOLCHAIN_GCC_CR\libmbed.a(pinmap_common.o)
                0x000022a4                pinmap_merge
 .text.pinmap_find_peripheral
                0x000022c8       0x1c C:\Users\Cyndia\softroboticfish6\fish\mbed\LPCExpress\Pump_Test\mbed\TARGET_LPC1768\TOOLCHAIN_GCC_CR\libmbed.a(pinmap_common.o)
                0x000022c8                pinmap_find_peripheral
 .text.pinmap_peripheral
                0x000022e4       0x34 C:\Users\Cyndia\softroboticfish6\fish\mbed\LPCExpress\Pump_Test\mbed\TARGET_LPC1768\TOOLCHAIN_GCC_CR\libmbed.a(pinmap_common.o)
                0x000022e4                pinmap_peripheral
 .text.semihost_exit
                0x00002318       0x18 C:\Users\Cyndia\softroboticfish6\fish\mbed\LPCExpress\Pump_Test\mbed\TARGET_LPC1768\TOOLCHAIN_GCC_CR\libmbed.a(semihost_api.o)
                0x00002318                semihost_exit
 .text.semihost_connected
                0x00002330       0x10 C:\Users\Cyndia\softroboticfish6\fish\mbed\LPCExpress\Pump_Test\mbed\TARGET_LPC1768\TOOLCHAIN_GCC_CR\libmbed.a(semihost_api.o)
                0x00002330                semihost_connected
 .text.ticker_set_handler
                0x00002340       0x14 C:\Users\Cyndia\softroboticfish6\fish\mbed\LPCExpress\Pump_Test\mbed\TARGET_LPC1768\TOOLCHAIN_GCC_CR\libmbed.a(ticker_api.o)
                0x00002340                ticker_set_handler
 .text.ticker_irq_handler
                0x00002354       0x48 C:\Users\Cyndia\softroboticfish6\fish\mbed\LPCExpress\Pump_Test\mbed\TARGET_LPC1768\TOOLCHAIN_GCC_CR\libmbed.a(ticker_api.o)
                0x00002354                ticker_irq_handler
 .text.ticker_insert_event
                0x0000239c       0x48 C:\Users\Cyndia\softroboticfish6\fish\mbed\LPCExpress\Pump_Test\mbed\TARGET_LPC1768\TOOLCHAIN_GCC_CR\libmbed.a(ticker_api.o)
                0x0000239c                ticker_insert_event
 .text.ticker_remove_event
                0x000023e4       0x48 C:\Users\Cyndia\softroboticfish6\fish\mbed\LPCExpress\Pump_Test\mbed\TARGET_LPC1768\TOOLCHAIN_GCC_CR\libmbed.a(ticker_api.o)
                0x000023e4                ticker_remove_event
 .text.ticker_read
                0x0000242c        0xc C:\Users\Cyndia\softroboticfish6\fish\mbed\LPCExpress\Pump_Test\mbed\TARGET_LPC1768\TOOLCHAIN_GCC_CR\libmbed.a(ticker_api.o)
                0x0000242c                ticker_read
 .text.get_us_ticker_data
                0x00002438        0x8 C:\Users\Cyndia\softroboticfish6\fish\mbed\LPCExpress\Pump_Test\mbed\TARGET_LPC1768\TOOLCHAIN_GCC_CR\libmbed.a(us_ticker_api.o)
                0x00002438                get_us_ticker_data
 .text.us_ticker_irq_handler
                0x00002440        0xc C:\Users\Cyndia\softroboticfish6\fish\mbed\LPCExpress\Pump_Test\mbed\TARGET_LPC1768\TOOLCHAIN_GCC_CR\libmbed.a(us_ticker_api.o)
                0x00002440                us_ticker_irq_handler
 .text.wait_us  0x0000244c       0x18 C:\Users\Cyndia\softroboticfish6\fish\mbed\LPCExpress\Pump_Test\mbed\TARGET_LPC1768\TOOLCHAIN_GCC_CR\libmbed.a(wait_api.o)
                0x0000244c                wait_us
 .text.wait_ms  0x00002464        0xc C:\Users\Cyndia\softroboticfish6\fish\mbed\LPCExpress\Pump_Test\mbed\TARGET_LPC1768\TOOLCHAIN_GCC_CR\libmbed.a(wait_api.o)
                0x00002464                wait_ms
 .text.gpio_set
                0x00002470       0x30 C:\Users\Cyndia\softroboticfish6\fish\mbed\LPCExpress\Pump_Test\mbed\TARGET_LPC1768\TOOLCHAIN_GCC_CR\libmbed.a(gpio_api.o)
                0x00002470                gpio_set
 .text.gpio_init
                0x000024a0       0x30 C:\Users\Cyndia\softroboticfish6\fish\mbed\LPCExpress\Pump_Test\mbed\TARGET_LPC1768\TOOLCHAIN_GCC_CR\libmbed.a(gpio_api.o)
                0x000024a0                gpio_init
 .text.gpio_mode
                0x000024d0        0x8 C:\Users\Cyndia\softroboticfish6\fish\mbed\LPCExpress\Pump_Test\mbed\TARGET_LPC1768\TOOLCHAIN_GCC_CR\libmbed.a(gpio_api.o)
                0x000024d0                gpio_mode
 .text.gpio_dir
                0x000024d8       0x44 C:\Users\Cyndia\softroboticfish6\fish\mbed\LPCExpress\Pump_Test\mbed\TARGET_LPC1768\TOOLCHAIN_GCC_CR\libmbed.a(gpio_api.o)
                0x000024d8                gpio_dir
 .text.pin_function
                0x0000251c       0x50 C:\Users\Cyndia\softroboticfish6\fish\mbed\LPCExpress\Pump_Test\mbed\TARGET_LPC1768\TOOLCHAIN_GCC_CR\libmbed.a(pinmap.o)
                0x0000251c                pin_function
 .text.pin_mode
                0x0000256c       0x78 C:\Users\Cyndia\softroboticfish6\fish\mbed\LPCExpress\Pump_Test\mbed\TARGET_LPC1768\TOOLCHAIN_GCC_CR\libmbed.a(pinmap.o)
                0x0000256c                pin_mode
 .text.us_ticker_init
                0x000025e4       0x68 C:\Users\Cyndia\softroboticfish6\fish\mbed\LPCExpress\Pump_Test\mbed\TARGET_LPC1768\TOOLCHAIN_GCC_CR\libmbed.a(us_ticker.o)
                0x000025e4                us_ticker_init
 .text.us_ticker_read
                0x0000264c       0x1c C:\Users\Cyndia\softroboticfish6\fish\mbed\LPCExpress\Pump_Test\mbed\TARGET_LPC1768\TOOLCHAIN_GCC_CR\libmbed.a(us_ticker.o)
                0x0000264c                us_ticker_read
 .text.us_ticker_set_interrupt
                0x00002668       0x14 C:\Users\Cyndia\softroboticfish6\fish\mbed\LPCExpress\Pump_Test\mbed\TARGET_LPC1768\TOOLCHAIN_GCC_CR\libmbed.a(us_ticker.o)
                0x00002668                us_ticker_set_interrupt
 .text.us_ticker_disable_interrupt
                0x0000267c       0x10 C:\Users\Cyndia\softroboticfish6\fish\mbed\LPCExpress\Pump_Test\mbed\TARGET_LPC1768\TOOLCHAIN_GCC_CR\libmbed.a(us_ticker.o)
                0x0000267c                us_ticker_disable_interrupt
 .text.us_ticker_clear_interrupt
                0x0000268c        0xc C:\Users\Cyndia\softroboticfish6\fish\mbed\LPCExpress\Pump_Test\mbed\TARGET_LPC1768\TOOLCHAIN_GCC_CR\libmbed.a(us_ticker.o)
                0x0000268c                us_ticker_clear_interrupt
 .text._ZN4mbed8FileBaseD2Ev
                0x00002698       0x30 C:\Users\Cyndia\softroboticfish6\fish\mbed\LPCExpress\Pump_Test\mbed\TARGET_LPC1768\TOOLCHAIN_GCC_CR\libmbed.a(FileBase.o)
                0x00002698                mbed::FileBase::~FileBase()
                0x00002698                mbed::FileBase::~FileBase()
 .text._ZN4mbed8FileBaseD0Ev
                0x000026c8       0x3c C:\Users\Cyndia\softroboticfish6\fish\mbed\LPCExpress\Pump_Test\mbed\TARGET_LPC1768\TOOLCHAIN_GCC_CR\libmbed.a(FileBase.o)
                0x000026c8                mbed::FileBase::~FileBase()
 .text._ZN4mbed8FileBaseC2EPKcNS_8PathTypeE
                0x00002704       0x28 C:\Users\Cyndia\softroboticfish6\fish\mbed\LPCExpress\Pump_Test\mbed\TARGET_LPC1768\TOOLCHAIN_GCC_CR\libmbed.a(FileBase.o)
                0x00002704                mbed::FileBase::FileBase(char const*, mbed::PathType)
                0x00002704                mbed::FileBase::FileBase(char const*, mbed::PathType)
 .text._ZN4mbed8FileBase6lookupEPKcj
                0x0000272c       0x3c C:\Users\Cyndia\softroboticfish6\fish\mbed\LPCExpress\Pump_Test\mbed\TARGET_LPC1768\TOOLCHAIN_GCC_CR\libmbed.a(FileBase.o)
                0x0000272c                mbed::FileBase::lookup(char const*, unsigned int)
 .text._ZN4mbed8FileBase11getPathTypeEv
                0x00002768        0x4 C:\Users\Cyndia\softroboticfish6\fish\mbed\LPCExpress\Pump_Test\mbed\TARGET_LPC1768\TOOLCHAIN_GCC_CR\libmbed.a(FileBase.o)
                0x00002768                mbed::FileBase::getPathType()
 .text._ZN4mbed8FileLikeD2Ev
                0x0000276c       0x24 C:\Users\Cyndia\softroboticfish6\fish\mbed\LPCExpress\Pump_Test\mbed\TARGET_LPC1768\TOOLCHAIN_GCC_CR\libmbed.a(FileLike.o)
                0x0000276c                mbed::FileLike::~FileLike()
                0x0000276c                mbed::FileLike::~FileLike()
 .text._ZThn4_N4mbed8FileLikeD1Ev
                0x00002790        0x8 C:\Users\Cyndia\softroboticfish6\fish\mbed\LPCExpress\Pump_Test\mbed\TARGET_LPC1768\TOOLCHAIN_GCC_CR\libmbed.a(FileLike.o)
                0x00002790                non-virtual thunk to mbed::FileLike::~FileLike()
 .text._ZN4mbed8FileLikeD0Ev
                0x00002798       0x2c C:\Users\Cyndia\softroboticfish6\fish\mbed\LPCExpress\Pump_Test\mbed\TARGET_LPC1768\TOOLCHAIN_GCC_CR\libmbed.a(FileLike.o)
                0x00002798                mbed::FileLike::~FileLike()
 .text._ZThn4_N4mbed8FileLikeD0Ev
                0x000027c4        0x8 C:\Users\Cyndia\softroboticfish6\fish\mbed\LPCExpress\Pump_Test\mbed\TARGET_LPC1768\TOOLCHAIN_GCC_CR\libmbed.a(FileLike.o)
                0x000027c4                non-virtual thunk to mbed::FileLike::~FileLike()
 .text._ZN4mbed8FileLikeC2EPKc
                0x000027cc       0x28 C:\Users\Cyndia\softroboticfish6\fish\mbed\LPCExpress\Pump_Test\mbed\TARGET_LPC1768\TOOLCHAIN_GCC_CR\libmbed.a(FileLike.o)
                0x000027cc                mbed::FileLike::FileLike(char const*)
                0x000027cc                mbed::FileLike::FileLike(char const*)
 .text          0x000027f4      0x370 c:/nxp/lpcxpresso_8.0.0_526/lpcxpresso/tools/bin/../lib/gcc/arm-none-eabi/4.9.3/armv7-m\libgcc.a(_arm_addsubdf3.o)
                0x000027f4                __aeabi_drsub
                0x000027fc                __aeabi_dsub
                0x000027fc                __subdf3
                0x00002800                __aeabi_dadd
                0x00002800                __adddf3
                0x00002a78                __floatunsidf
                0x00002a78                __aeabi_ui2d
                0x00002a98                __floatsidf
                0x00002a98                __aeabi_i2d
                0x00002abc                __aeabi_f2d
                0x00002abc                __extendsfdf2
                0x00002af8                __floatundidf
                0x00002af8                __aeabi_ul2d
                0x00002b08                __floatdidf
                0x00002b08                __aeabi_l2d
 .text          0x00002b64      0x424 c:/nxp/lpcxpresso_8.0.0_526/lpcxpresso/tools/bin/../lib/gcc/arm-none-eabi/4.9.3/armv7-m\libgcc.a(_arm_muldivdf3.o)
                0x00002b64                __aeabi_dmul
                0x00002b64                __muldf3
                0x00002db8                __divdf3
                0x00002db8                __aeabi_ddiv
 .text          0x00002f88       0xa0 c:/nxp/lpcxpresso_8.0.0_526/lpcxpresso/tools/bin/../lib/gcc/arm-none-eabi/4.9.3/armv7-m\libgcc.a(_arm_truncdfsf2.o)
                0x00002f88                __truncdfsf2
                0x00002f88                __aeabi_d2f
 .text          0x00003028      0x21c c:/nxp/lpcxpresso_8.0.0_526/lpcxpresso/tools/bin/../lib/gcc/arm-none-eabi/4.9.3/armv7-m\libgcc.a(_arm_addsubsf3.o)
                0x00003028                __aeabi_frsub
                0x00003030                __subsf3
                0x00003030                __aeabi_fsub
                0x00003034                __aeabi_fadd
                0x00003034                __addsf3
                0x00003194                __aeabi_ui2f
                0x00003194                __floatunsisf
                0x0000319c                __aeabi_i2f
                0x0000319c                __floatsisf
                0x000031b8                __aeabi_ul2f
                0x000031b8                __floatundisf
                0x000031c8                __aeabi_l2f
                0x000031c8                __floatdisf
 .text          0x00003244      0x2a0 c:/nxp/lpcxpresso_8.0.0_526/lpcxpresso/tools/bin/../lib/gcc/arm-none-eabi/4.9.3/armv7-m\libgcc.a(_arm_muldivsf3.o)
                0x00003244                __mulsf3
                0x00003244                __aeabi_fmul
                0x000033ac                __aeabi_fdiv
                0x000033ac                __divsf3
 .text          0x000034e4       0xec c:/nxp/lpcxpresso_8.0.0_526/lpcxpresso/tools/bin/../lib/gcc/arm-none-eabi/4.9.3/armv7-m\libgcc.a(_arm_cmpsf2.o)
                0x000034e4                __gesf2
                0x000034e4                __gtsf2
                0x000034ec                __lesf2
                0x000034ec                __ltsf2
                0x000034f4                __nesf2
                0x000034f4                __eqsf2
                0x000034f4                __cmpsf2
                0x00003554                __aeabi_cfrcmple
                0x0000355c                __aeabi_cfcmpeq
                0x0000355c                __aeabi_cfcmple
                0x0000356c                __aeabi_fcmpeq
                0x00003580                __aeabi_fcmplt
                0x00003594                __aeabi_fcmple
                0x000035a8                __aeabi_fcmpge
                0x000035bc                __aeabi_fcmpgt
 .text          0x000035d0       0x40 c:/nxp/lpcxpresso_8.0.0_526/lpcxpresso/tools/bin/../lib/gcc/arm-none-eabi/4.9.3/armv7-m\libgcc.a(_arm_fixunssfsi.o)
                0x000035d0                __fixunssfsi
                0x000035d0                __aeabi_f2uiz
 .text          0x00003610       0x30 c:/nxp/lpcxpresso_8.0.0_526/lpcxpresso/tools/bin/../lib/gcc/arm-none-eabi/4.9.3/armv7-m\libgcc.a(_aeabi_uldivmod.o)
                0x00003610                __aeabi_uldivmod
 .text          0x00003640       0x60 c:/nxp/lpcxpresso_8.0.0_526/lpcxpresso/tools/bin/../lib/gcc/arm-none-eabi/4.9.3/armv7-m\libgcc.a(bpabi.o)
                0x00003640                __gnu_ldivmod_helper
                0x00003670                __gnu_uldivmod_helper
 .text          0x000036a0        0x4 c:/nxp/lpcxpresso_8.0.0_526/lpcxpresso/tools/bin/../lib/gcc/arm-none-eabi/4.9.3/armv7-m\libgcc.a(_dvmd_tls.o)
                0x000036a0                __aeabi_idiv0
                0x000036a0                __aeabi_ldiv0
 .text          0x000036a4      0x2ac c:/nxp/lpcxpresso_8.0.0_526/lpcxpresso/tools/bin/../lib/gcc/arm-none-eabi/4.9.3/armv7-m\libgcc.a(_divdi3.o)
                0x000036a4                __divdi3
 .text          0x00003950      0x270 c:/nxp/lpcxpresso_8.0.0_526/lpcxpresso/tools/bin/../lib/gcc/arm-none-eabi/4.9.3/armv7-m\libgcc.a(_udivdi3.o)
                0x00003950                __udivdi3
 .text.abs      0x00003bc0        0x8 c:/nxp/lpcxpresso_8.0.0_526/lpcxpresso/tools/bin/../lib/gcc/arm-none-eabi/4.9.3/../../../../arm-none-eabi/lib/armv7-m\libc.a(lib_a-abs.o)
                0x00003bc0                abs
 .text.__errno  0x00003bc8        0xc c:/nxp/lpcxpresso_8.0.0_526/lpcxpresso/tools/bin/../lib/gcc/arm-none-eabi/4.9.3/../../../../arm-none-eabi/lib/armv7-m\libc.a(lib_a-errno.o)
                0x00003bc8                __errno
 .text._fclose_r
                0x00003bd4       0x84 c:/nxp/lpcxpresso_8.0.0_526/lpcxpresso/tools/bin/../lib/gcc/arm-none-eabi/4.9.3/../../../../arm-none-eabi/lib/armv7-m\libc.a(lib_a-fclose.o)
                0x00003bd4                _fclose_r
 .text.fclose   0x00003c58       0x10 c:/nxp/lpcxpresso_8.0.0_526/lpcxpresso/tools/bin/../lib/gcc/arm-none-eabi/4.9.3/../../../../arm-none-eabi/lib/armv7-m\libc.a(lib_a-fclose.o)
                0x00003c58                fclose
 .text.__sflush_r
                0x00003c68      0x148 c:/nxp/lpcxpresso_8.0.0_526/lpcxpresso/tools/bin/../lib/gcc/arm-none-eabi/4.9.3/../../../../arm-none-eabi/lib/armv7-m\libc.a(lib_a-fflush.o)
                0x00003c68                __sflush_r
 .text._fflush_r
                0x00003db0       0x2c c:/nxp/lpcxpresso_8.0.0_526/lpcxpresso/tools/bin/../lib/gcc/arm-none-eabi/4.9.3/../../../../arm-none-eabi/lib/armv7-m\libc.a(lib_a-fflush.o)
                0x00003db0                _fflush_r
 .text.fflush   0x00003ddc       0x24 c:/nxp/lpcxpresso_8.0.0_526/lpcxpresso/tools/bin/../lib/gcc/arm-none-eabi/4.9.3/../../../../arm-none-eabi/lib/armv7-m\libc.a(lib_a-fflush.o)
                0x00003ddc                fflush
 .text._cleanup_r
                0x00003e00        0xc c:/nxp/lpcxpresso_8.0.0_526/lpcxpresso/tools/bin/../lib/gcc/arm-none-eabi/4.9.3/../../../../arm-none-eabi/lib/armv7-m\libc.a(lib_a-findfp.o)
                0x00003e00                _cleanup_r
 .text.__sinit.part.1
                0x00003e0c       0xf0 c:/nxp/lpcxpresso_8.0.0_526/lpcxpresso/tools/bin/../lib/gcc/arm-none-eabi/4.9.3/../../../../arm-none-eabi/lib/armv7-m\libc.a(lib_a-findfp.o)
 .text.__sfmoreglue
                0x00003efc       0x30 c:/nxp/lpcxpresso_8.0.0_526/lpcxpresso/tools/bin/../lib/gcc/arm-none-eabi/4.9.3/../../../../arm-none-eabi/lib/armv7-m\libc.a(lib_a-findfp.o)
                0x00003efc                __sfmoreglue
 .text.__sfp    0x00003f2c       0x88 c:/nxp/lpcxpresso_8.0.0_526/lpcxpresso/tools/bin/../lib/gcc/arm-none-eabi/4.9.3/../../../../arm-none-eabi/lib/armv7-m\libc.a(lib_a-findfp.o)
                0x00003f2c                __sfp
 .text.__sinit  0x00003fb4        0xc c:/nxp/lpcxpresso_8.0.0_526/lpcxpresso/tools/bin/../lib/gcc/arm-none-eabi/4.9.3/../../../../arm-none-eabi/lib/armv7-m\libc.a(lib_a-findfp.o)
                0x00003fb4                __sinit
 .text.__sfp_lock_acquire
                0x00003fc0        0x4 c:/nxp/lpcxpresso_8.0.0_526/lpcxpresso/tools/bin/../lib/gcc/arm-none-eabi/4.9.3/../../../../arm-none-eabi/lib/armv7-m\libc.a(lib_a-findfp.o)
                0x00003fc0                __sfp_lock_acquire
 .text.__sfp_lock_release
                0x00003fc4        0x4 c:/nxp/lpcxpresso_8.0.0_526/lpcxpresso/tools/bin/../lib/gcc/arm-none-eabi/4.9.3/../../../../arm-none-eabi/lib/armv7-m\libc.a(lib_a-findfp.o)
                0x00003fc4                __sfp_lock_release
 .text._fopen_r
                0x00003fc8       0x88 c:/nxp/lpcxpresso_8.0.0_526/lpcxpresso/tools/bin/../lib/gcc/arm-none-eabi/4.9.3/../../../../arm-none-eabi/lib/armv7-m\libc.a(lib_a-fopen.o)
                0x00003fc8                _fopen_r
 .text.fopen    0x00004050       0x10 c:/nxp/lpcxpresso_8.0.0_526/lpcxpresso/tools/bin/../lib/gcc/arm-none-eabi/4.9.3/../../../../arm-none-eabi/lib/armv7-m\libc.a(lib_a-fopen.o)
                0x00004050                fopen
 .text._malloc_trim_r
                0x00004060       0x9c c:/nxp/lpcxpresso_8.0.0_526/lpcxpresso/tools/bin/../lib/gcc/arm-none-eabi/4.9.3/../../../../arm-none-eabi/lib/armv7-m\libc.a(lib_a-freer.o)
                0x00004060                _malloc_trim_r
 .text._free_r  0x000040fc      0x1b0 c:/nxp/lpcxpresso_8.0.0_526/lpcxpresso/tools/bin/../lib/gcc/arm-none-eabi/4.9.3/../../../../arm-none-eabi/lib/armv7-m\libc.a(lib_a-freer.o)
                0x000040fc                _free_r
 .text._fseek_r
                0x000042ac        0x4 c:/nxp/lpcxpresso_8.0.0_526/lpcxpresso/tools/bin/../lib/gcc/arm-none-eabi/4.9.3/../../../../arm-none-eabi/lib/armv7-m\libc.a(lib_a-fseek.o)
                0x000042ac                _fseek_r
 .text._fseeko_r
                0x000042b0      0x2c0 c:/nxp/lpcxpresso_8.0.0_526/lpcxpresso/tools/bin/../lib/gcc/arm-none-eabi/4.9.3/../../../../arm-none-eabi/lib/armv7-m\libc.a(lib_a-fseeko.o)
                0x000042b0                _fseeko_r
 .text._fstat_r
                0x00004570       0x28 c:/nxp/lpcxpresso_8.0.0_526/lpcxpresso/tools/bin/../lib/gcc/arm-none-eabi/4.9.3/../../../../arm-none-eabi/lib/armv7-m\libc.a(lib_a-fstatr.o)
                0x00004570                _fstat_r
 .text.__sfvwrite_r
                0x00004598      0x320 c:/nxp/lpcxpresso_8.0.0_526/lpcxpresso/tools/bin/../lib/gcc/arm-none-eabi/4.9.3/../../../../arm-none-eabi/lib/armv7-m\libc.a(lib_a-fvwrite.o)
                0x00004598                __sfvwrite_r
 .text._fwalk   0x000048b8       0x48 c:/nxp/lpcxpresso_8.0.0_526/lpcxpresso/tools/bin/../lib/gcc/arm-none-eabi/4.9.3/../../../../arm-none-eabi/lib/armv7-m\libc.a(lib_a-fwalk.o)
                0x000048b8                _fwalk
 .text._fwalk_reent
                0x00004900       0x50 c:/nxp/lpcxpresso_8.0.0_526/lpcxpresso/tools/bin/../lib/gcc/arm-none-eabi/4.9.3/../../../../arm-none-eabi/lib/armv7-m\libc.a(lib_a-fwalk.o)
                0x00004900                _fwalk_reent
 .text.__libc_init_array
                0x00004950       0x50 c:/nxp/lpcxpresso_8.0.0_526/lpcxpresso/tools/bin/../lib/gcc/arm-none-eabi/4.9.3/../../../../arm-none-eabi/lib/armv7-m\libc.a(lib_a-init.o)
                0x00004950                __libc_init_array
 .text.__smakebuf_r
                0x000049a0       0xe0 c:/nxp/lpcxpresso_8.0.0_526/lpcxpresso/tools/bin/../lib/gcc/arm-none-eabi/4.9.3/../../../../arm-none-eabi/lib/armv7-m\libc.a(lib_a-makebuf.o)
                0x000049a0                __smakebuf_r
 .text.malloc   0x00004a80       0x10 c:/nxp/lpcxpresso_8.0.0_526/lpcxpresso/tools/bin/../lib/gcc/arm-none-eabi/4.9.3/../../../../arm-none-eabi/lib/armv7-m\libc.a(lib_a-malloc.o)
                0x00004a80                malloc
 .text.free     0x00004a90       0x10 c:/nxp/lpcxpresso_8.0.0_526/lpcxpresso/tools/bin/../lib/gcc/arm-none-eabi/4.9.3/../../../../arm-none-eabi/lib/armv7-m\libc.a(lib_a-malloc.o)
                0x00004a90                free
 .text._malloc_r
                0x00004aa0      0x50c c:/nxp/lpcxpresso_8.0.0_526/lpcxpresso/tools/bin/../lib/gcc/arm-none-eabi/4.9.3/../../../../arm-none-eabi/lib/armv7-m\libc.a(lib_a-mallocr.o)
                0x00004aa0                _malloc_r
 .text.memchr   0x00004fac       0x94 c:/nxp/lpcxpresso_8.0.0_526/lpcxpresso/tools/bin/../lib/gcc/arm-none-eabi/4.9.3/../../../../arm-none-eabi/lib/armv7-m\libc.a(lib_a-memchr.o)
                0x00004fac                memchr
 .text          0x00005040       0xec c:/nxp/lpcxpresso_8.0.0_526/lpcxpresso/tools/bin/../lib/gcc/arm-none-eabi/4.9.3/../../../../arm-none-eabi/lib/armv7-m\libc.a(lib_a-memcpy.o)
                0x00005040                memcpy
 .text.memmove  0x0000512c       0xc8 c:/nxp/lpcxpresso_8.0.0_526/lpcxpresso/tools/bin/../lib/gcc/arm-none-eabi/4.9.3/../../../../arm-none-eabi/lib/armv7-m\libc.a(lib_a-memmove.o)
                0x0000512c                memmove
 .text.memset   0x000051f4       0x9c c:/nxp/lpcxpresso_8.0.0_526/lpcxpresso/tools/bin/../lib/gcc/arm-none-eabi/4.9.3/../../../../arm-none-eabi/lib/armv7-m\libc.a(lib_a-memset.o)
                0x000051f4                memset
 .text.__malloc_lock
                0x00005290        0x4 c:/nxp/lpcxpresso_8.0.0_526/lpcxpresso/tools/bin/../lib/gcc/arm-none-eabi/4.9.3/../../../../arm-none-eabi/lib/armv7-m\libc.a(lib_a-mlock.o)
                0x00005290                __malloc_lock
 .text.__malloc_unlock
                0x00005294        0x4 c:/nxp/lpcxpresso_8.0.0_526/lpcxpresso/tools/bin/../lib/gcc/arm-none-eabi/4.9.3/../../../../arm-none-eabi/lib/armv7-m\libc.a(lib_a-mlock.o)
                0x00005294                __malloc_unlock
 .text._open_r  0x00005298       0x28 c:/nxp/lpcxpresso_8.0.0_526/lpcxpresso/tools/bin/../lib/gcc/arm-none-eabi/4.9.3/../../../../arm-none-eabi/lib/armv7-m\libc.a(lib_a-openr.o)
                0x00005298                _open_r
 .text._realloc_r
                0x000052c0      0x3e0 c:/nxp/lpcxpresso_8.0.0_526/lpcxpresso/tools/bin/../lib/gcc/arm-none-eabi/4.9.3/../../../../arm-none-eabi/lib/armv7-m\libc.a(lib_a-reallocr.o)
                0x000052c0                _realloc_r
 .text.lflush   0x000056a0       0x14 c:/nxp/lpcxpresso_8.0.0_526/lpcxpresso/tools/bin/../lib/gcc/arm-none-eabi/4.9.3/../../../../arm-none-eabi/lib/armv7-m\libc.a(lib_a-refill.o)
 .text.__srefill_r
                0x000056b4      0x110 c:/nxp/lpcxpresso_8.0.0_526/lpcxpresso/tools/bin/../lib/gcc/arm-none-eabi/4.9.3/../../../../arm-none-eabi/lib/armv7-m\libc.a(lib_a-refill.o)
                0x000056b4                __srefill_r
 .text._sbrk_r  0x000057c4       0x24 c:/nxp/lpcxpresso_8.0.0_526/lpcxpresso/tools/bin/../lib/gcc/arm-none-eabi/4.9.3/../../../../arm-none-eabi/lib/armv7-m\libc.a(lib_a-sbrkr.o)
                0x000057c4                _sbrk_r
 .text.setbuf   0x000057e8       0x10 c:/nxp/lpcxpresso_8.0.0_526/lpcxpresso/tools/bin/../lib/gcc/arm-none-eabi/4.9.3/../../../../arm-none-eabi/lib/armv7-m\libc.a(lib_a-setbuf.o)
                0x000057e8                setbuf
 .text.setvbuf  0x000057f8       0xf8 c:/nxp/lpcxpresso_8.0.0_526/lpcxpresso/tools/bin/../lib/gcc/arm-none-eabi/4.9.3/../../../../arm-none-eabi/lib/armv7-m\libc.a(lib_a-setvbuf.o)
                0x000057f8                setvbuf
 .text.sprintf  0x000058f0       0x4c c:/nxp/lpcxpresso_8.0.0_526/lpcxpresso/tools/bin/../lib/gcc/arm-none-eabi/4.9.3/../../../../arm-none-eabi/lib/armv7-m\libc.a(lib_a-sprintf.o)
                0x000058f0                sprintf
 .text.sscanf   0x0000593c       0x58 c:/nxp/lpcxpresso_8.0.0_526/lpcxpresso/tools/bin/../lib/gcc/arm-none-eabi/4.9.3/../../../../arm-none-eabi/lib/armv7-m\libc.a(lib_a-sscanf.o)
                0x0000593c                sscanf
 .text.__sread  0x00005994       0x24 c:/nxp/lpcxpresso_8.0.0_526/lpcxpresso/tools/bin/../lib/gcc/arm-none-eabi/4.9.3/../../../../arm-none-eabi/lib/armv7-m\libc.a(lib_a-stdio.o)
                0x00005994                __sread
 .text.__seofread
                0x000059b8        0x4 c:/nxp/lpcxpresso_8.0.0_526/lpcxpresso/tools/bin/../lib/gcc/arm-none-eabi/4.9.3/../../../../arm-none-eabi/lib/armv7-m\libc.a(lib_a-stdio.o)
                0x000059b8                __seofread
 .text.__swrite
                0x000059bc       0x38 c:/nxp/lpcxpresso_8.0.0_526/lpcxpresso/tools/bin/../lib/gcc/arm-none-eabi/4.9.3/../../../../arm-none-eabi/lib/armv7-m\libc.a(lib_a-stdio.o)
                0x000059bc                __swrite
 .text.__sseek  0x000059f4       0x20 c:/nxp/lpcxpresso_8.0.0_526/lpcxpresso/tools/bin/../lib/gcc/arm-none-eabi/4.9.3/../../../../arm-none-eabi/lib/armv7-m\libc.a(lib_a-stdio.o)
                0x000059f4                __sseek
 .text.__sclose
                0x00005a14        0x8 c:/nxp/lpcxpresso_8.0.0_526/lpcxpresso/tools/bin/../lib/gcc/arm-none-eabi/4.9.3/../../../../arm-none-eabi/lib/armv7-m\libc.a(lib_a-stdio.o)
                0x00005a14                __sclose
 .text          0x00005a1c      0x1bc c:/nxp/lpcxpresso_8.0.0_526/lpcxpresso/tools/bin/../lib/gcc/arm-none-eabi/4.9.3/../../../../arm-none-eabi/lib/armv7-m\libc.a(lib_a-strcmp.o)
                0x00005a1c                strcmp
 .text.strlen   0x00005bd8       0x5c c:/nxp/lpcxpresso_8.0.0_526/lpcxpresso/tools/bin/../lib/gcc/arm-none-eabi/4.9.3/../../../../arm-none-eabi/lib/armv7-m\libc.a(lib_a-strlen.o)
                0x00005bd8                strlen
 .text.strncmp  0x00005c34       0x94 c:/nxp/lpcxpresso_8.0.0_526/lpcxpresso/tools/bin/../lib/gcc/arm-none-eabi/4.9.3/../../../../arm-none-eabi/lib/armv7-m\libc.a(lib_a-strncmp.o)
                0x00005c34                strncmp
 .text._svfprintf_r
                0x00005cc8     0x14f4 c:/nxp/lpcxpresso_8.0.0_526/lpcxpresso/tools/bin/../lib/gcc/arm-none-eabi/4.9.3/../../../../arm-none-eabi/lib/armv7-m\libc.a(lib_a-svfprintf.o)
                0x00005cc8                _svfprintf_r
 .text.__ssvfscanf_r
                0x000071bc      0xdf4 c:/nxp/lpcxpresso_8.0.0_526/lpcxpresso/tools/bin/../lib/gcc/arm-none-eabi/4.9.3/../../../../arm-none-eabi/lib/armv7-m\libc.a(lib_a-svfscanf.o)
                0x000071bc                __ssvfscanf_r
 .text._vfprintf_r
                0x00007fb0     0x1448 c:/nxp/lpcxpresso_8.0.0_526/lpcxpresso/tools/bin/../lib/gcc/arm-none-eabi/4.9.3/../../../../arm-none-eabi/lib/armv7-m\libc.a(lib_a-vfprintf.o)
                0x00007fb0                _vfprintf_r
 .text.vfprintf
                0x000093f8       0x18 c:/nxp/lpcxpresso_8.0.0_526/lpcxpresso/tools/bin/../lib/gcc/arm-none-eabi/4.9.3/../../../../arm-none-eabi/lib/armv7-m\libc.a(lib_a-vfprintf.o)
                0x000093f8                vfprintf
 .text.__sbprintf
                0x00009410       0x7c c:/nxp/lpcxpresso_8.0.0_526/lpcxpresso/tools/bin/../lib/gcc/arm-none-eabi/4.9.3/../../../../arm-none-eabi/lib/armv7-m\libc.a(lib_a-vfprintf.o)
 .text.__svfscanf_r
                0x0000948c      0xdf4 c:/nxp/lpcxpresso_8.0.0_526/lpcxpresso/tools/bin/../lib/gcc/arm-none-eabi/4.9.3/../../../../arm-none-eabi/lib/armv7-m\libc.a(lib_a-vfscanf.o)
                0x0000948c                __svfscanf_r
 .text.vfscanf  0x0000a280       0x30 c:/nxp/lpcxpresso_8.0.0_526/lpcxpresso/tools/bin/../lib/gcc/arm-none-eabi/4.9.3/../../../../arm-none-eabi/lib/armv7-m\libc.a(lib_a-vfscanf.o)
                0x0000a280                vfscanf
 .text.__swbuf_r
                0x0000a2b0       0xa8 c:/nxp/lpcxpresso_8.0.0_526/lpcxpresso/tools/bin/../lib/gcc/arm-none-eabi/4.9.3/../../../../arm-none-eabi/lib/armv7-m\libc.a(lib_a-wbuf.o)
                0x0000a2b0                __swbuf_r
 .text._write_r
                0x0000a358       0x28 c:/nxp/lpcxpresso_8.0.0_526/lpcxpresso/tools/bin/../lib/gcc/arm-none-eabi/4.9.3/../../../../arm-none-eabi/lib/armv7-m\libc.a(lib_a-writer.o)
                0x0000a358                _write_r
 .text.__swsetup_r
                0x0000a380       0xc4 c:/nxp/lpcxpresso_8.0.0_526/lpcxpresso/tools/bin/../lib/gcc/arm-none-eabi/4.9.3/../../../../arm-none-eabi/lib/armv7-m\libc.a(lib_a-wsetup.o)
                0x0000a380                __swsetup_r
 .text._close_r
                0x0000a444       0x24 c:/nxp/lpcxpresso_8.0.0_526/lpcxpresso/tools/bin/../lib/gcc/arm-none-eabi/4.9.3/../../../../arm-none-eabi/lib/armv7-m\libc.a(lib_a-closer.o)
                0x0000a444                _close_r
 .text.quorem   0x0000a468      0x130 c:/nxp/lpcxpresso_8.0.0_526/lpcxpresso/tools/bin/../lib/gcc/arm-none-eabi/4.9.3/../../../../arm-none-eabi/lib/armv7-m\libc.a(lib_a-dtoa.o)
 .text._dtoa_r  0x0000a598      0xea4 c:/nxp/lpcxpresso_8.0.0_526/lpcxpresso/tools/bin/../lib/gcc/arm-none-eabi/4.9.3/../../../../arm-none-eabi/lib/armv7-m\libc.a(lib_a-dtoa.o)
                0x0000a598                _dtoa_r
 .text.__sflags
                0x0000b43c       0x74 c:/nxp/lpcxpresso_8.0.0_526/lpcxpresso/tools/bin/../lib/gcc/arm-none-eabi/4.9.3/../../../../arm-none-eabi/lib/armv7-m\libc.a(lib_a-flags.o)
                0x0000b43c                __sflags
 .text._fread_r
                0x0000b4b0      0x194 c:/nxp/lpcxpresso_8.0.0_526/lpcxpresso/tools/bin/../lib/gcc/arm-none-eabi/4.9.3/../../../../arm-none-eabi/lib/armv7-m\libc.a(lib_a-fread.o)
                0x0000b4b0                _fread_r
 .text._isatty_r
                0x0000b644       0x24 c:/nxp/lpcxpresso_8.0.0_526/lpcxpresso/tools/bin/../lib/gcc/arm-none-eabi/4.9.3/../../../../arm-none-eabi/lib/armv7-m\libc.a(lib_a-isattyr.o)
                0x0000b644                _isatty_r
 .text.iswspace
                0x0000b668       0x1c c:/nxp/lpcxpresso_8.0.0_526/lpcxpresso/tools/bin/../lib/gcc/arm-none-eabi/4.9.3/../../../../arm-none-eabi/lib/armv7-m\libc.a(lib_a-iswspace.o)
                0x0000b668                iswspace
 .text.__locale_charset
                0x0000b684        0x8 c:/nxp/lpcxpresso_8.0.0_526/lpcxpresso/tools/bin/../lib/gcc/arm-none-eabi/4.9.3/../../../../arm-none-eabi/lib/armv7-m\libc.a(lib_a-locale.o)
                0x0000b684                __locale_charset
 .text.__locale_mb_cur_max
                0x0000b68c        0xc c:/nxp/lpcxpresso_8.0.0_526/lpcxpresso/tools/bin/../lib/gcc/arm-none-eabi/4.9.3/../../../../arm-none-eabi/lib/armv7-m\libc.a(lib_a-locale.o)
                0x0000b68c                __locale_mb_cur_max
 .text._localeconv_r
                0x0000b698        0x8 c:/nxp/lpcxpresso_8.0.0_526/lpcxpresso/tools/bin/../lib/gcc/arm-none-eabi/4.9.3/../../../../arm-none-eabi/lib/armv7-m\libc.a(lib_a-locale.o)
                0x0000b698                _localeconv_r
 .text._lseek_r
                0x0000b6a0       0x28 c:/nxp/lpcxpresso_8.0.0_526/lpcxpresso/tools/bin/../lib/gcc/arm-none-eabi/4.9.3/../../../../arm-none-eabi/lib/armv7-m\libc.a(lib_a-lseekr.o)
                0x0000b6a0                _lseek_r
 .text._mbrtowc_r
                0x0000b6c8       0x5c c:/nxp/lpcxpresso_8.0.0_526/lpcxpresso/tools/bin/../lib/gcc/arm-none-eabi/4.9.3/../../../../arm-none-eabi/lib/armv7-m\libc.a(lib_a-mbrtowc.o)
                0x0000b6c8                _mbrtowc_r
 .text.__ascii_mbtowc
                0x0000b724       0x2c c:/nxp/lpcxpresso_8.0.0_526/lpcxpresso/tools/bin/../lib/gcc/arm-none-eabi/4.9.3/../../../../arm-none-eabi/lib/armv7-m\libc.a(lib_a-mbtowc_r.o)
                0x0000b724                __ascii_mbtowc
 .text._Balloc  0x0000b750       0x50 c:/nxp/lpcxpresso_8.0.0_526/lpcxpresso/tools/bin/../lib/gcc/arm-none-eabi/4.9.3/../../../../arm-none-eabi/lib/armv7-m\libc.a(lib_a-mprec.o)
                0x0000b750                _Balloc
 .text._Bfree   0x0000b7a0       0x14 c:/nxp/lpcxpresso_8.0.0_526/lpcxpresso/tools/bin/../lib/gcc/arm-none-eabi/4.9.3/../../../../arm-none-eabi/lib/armv7-m\libc.a(lib_a-mprec.o)
                0x0000b7a0                _Bfree
 .text.__multadd
                0x0000b7b4       0x84 c:/nxp/lpcxpresso_8.0.0_526/lpcxpresso/tools/bin/../lib/gcc/arm-none-eabi/4.9.3/../../../../arm-none-eabi/lib/armv7-m\libc.a(lib_a-mprec.o)
                0x0000b7b4                __multadd
 .text.__s2b    0x0000b838       0x98 c:/nxp/lpcxpresso_8.0.0_526/lpcxpresso/tools/bin/../lib/gcc/arm-none-eabi/4.9.3/../../../../arm-none-eabi/lib/armv7-m\libc.a(lib_a-mprec.o)
                0x0000b838                __s2b
 .text.__hi0bits
                0x0000b8d0       0x40 c:/nxp/lpcxpresso_8.0.0_526/lpcxpresso/tools/bin/../lib/gcc/arm-none-eabi/4.9.3/../../../../arm-none-eabi/lib/armv7-m\libc.a(lib_a-mprec.o)
                0x0000b8d0                __hi0bits
 .text.__lo0bits
                0x0000b910       0x5c c:/nxp/lpcxpresso_8.0.0_526/lpcxpresso/tools/bin/../lib/gcc/arm-none-eabi/4.9.3/../../../../arm-none-eabi/lib/armv7-m\libc.a(lib_a-mprec.o)
                0x0000b910                __lo0bits
 .text.__i2b    0x0000b96c       0x14 c:/nxp/lpcxpresso_8.0.0_526/lpcxpresso/tools/bin/../lib/gcc/arm-none-eabi/4.9.3/../../../../arm-none-eabi/lib/armv7-m\libc.a(lib_a-mprec.o)
                0x0000b96c                __i2b
 .text.__multiply
                0x0000b980      0x140 c:/nxp/lpcxpresso_8.0.0_526/lpcxpresso/tools/bin/../lib/gcc/arm-none-eabi/4.9.3/../../../../arm-none-eabi/lib/armv7-m\libc.a(lib_a-mprec.o)
                0x0000b980                __multiply
 .text.__pow5mult
                0x0000bac0       0xa0 c:/nxp/lpcxpresso_8.0.0_526/lpcxpresso/tools/bin/../lib/gcc/arm-none-eabi/4.9.3/../../../../arm-none-eabi/lib/armv7-m\libc.a(lib_a-mprec.o)
                0x0000bac0                __pow5mult
 .text.__lshift
                0x0000bb60       0xb0 c:/nxp/lpcxpresso_8.0.0_526/lpcxpresso/tools/bin/../lib/gcc/arm-none-eabi/4.9.3/../../../../arm-none-eabi/lib/armv7-m\libc.a(lib_a-mprec.o)
                0x0000bb60                __lshift
 .text.__mcmp   0x0000bc10       0x48 c:/nxp/lpcxpresso_8.0.0_526/lpcxpresso/tools/bin/../lib/gcc/arm-none-eabi/4.9.3/../../../../arm-none-eabi/lib/armv7-m\libc.a(lib_a-mprec.o)
                0x0000bc10                __mcmp
 .text.__mdiff  0x0000bc58       0xe4 c:/nxp/lpcxpresso_8.0.0_526/lpcxpresso/tools/bin/../lib/gcc/arm-none-eabi/4.9.3/../../../../arm-none-eabi/lib/armv7-m\libc.a(lib_a-mprec.o)
                0x0000bc58                __mdiff
 .text.__ulp    0x0000bd3c       0x44 c:/nxp/lpcxpresso_8.0.0_526/lpcxpresso/tools/bin/../lib/gcc/arm-none-eabi/4.9.3/../../../../arm-none-eabi/lib/armv7-m\libc.a(lib_a-mprec.o)
                0x0000bd3c                __ulp
 .text.__b2d    0x0000bd80       0xd0 c:/nxp/lpcxpresso_8.0.0_526/lpcxpresso/tools/bin/../lib/gcc/arm-none-eabi/4.9.3/../../../../arm-none-eabi/lib/armv7-m\libc.a(lib_a-mprec.o)
                0x0000bd80                __b2d
 .text.__d2b    0x0000be50       0xa8 c:/nxp/lpcxpresso_8.0.0_526/lpcxpresso/tools/bin/../lib/gcc/arm-none-eabi/4.9.3/../../../../arm-none-eabi/lib/armv7-m\libc.a(lib_a-mprec.o)
                0x0000be50                __d2b
 .text.__ratio  0x0000bef8       0x58 c:/nxp/lpcxpresso_8.0.0_526/lpcxpresso/tools/bin/../lib/gcc/arm-none-eabi/4.9.3/../../../../arm-none-eabi/lib/armv7-m\libc.a(lib_a-mprec.o)
                0x0000bef8                __ratio
 .text.__copybits
                0x0000bf50       0x48 c:/nxp/lpcxpresso_8.0.0_526/lpcxpresso/tools/bin/../lib/gcc/arm-none-eabi/4.9.3/../../../../arm-none-eabi/lib/armv7-m\libc.a(lib_a-mprec.o)
                0x0000bf50                __copybits
 .text.__any_on
                0x0000bf98       0x5c c:/nxp/lpcxpresso_8.0.0_526/lpcxpresso/tools/bin/../lib/gcc/arm-none-eabi/4.9.3/../../../../arm-none-eabi/lib/armv7-m\libc.a(lib_a-mprec.o)
                0x0000bf98                __any_on
 .text._read_r  0x0000bff4       0x28 c:/nxp/lpcxpresso_8.0.0_526/lpcxpresso/tools/bin/../lib/gcc/arm-none-eabi/4.9.3/../../../../arm-none-eabi/lib/armv7-m\libc.a(lib_a-readr.o)
                0x0000bff4                _read_r
 .text.__fpclassifyd
                0x0000c01c       0x58 c:/nxp/lpcxpresso_8.0.0_526/lpcxpresso/tools/bin/../lib/gcc/arm-none-eabi/4.9.3/../../../../arm-none-eabi/lib/armv7-m\libc.a(lib_a-s_fpclassify.o)
                0x0000c01c                __fpclassifyd
 .text.__sccl   0x0000c074       0x78 c:/nxp/lpcxpresso_8.0.0_526/lpcxpresso/tools/bin/../lib/gcc/arm-none-eabi/4.9.3/../../../../arm-none-eabi/lib/armv7-m\libc.a(lib_a-sccl.o)
                0x0000c074                __sccl
 .text.nanf     0x0000c0ec        0x8 c:/nxp/lpcxpresso_8.0.0_526/lpcxpresso/tools/bin/../lib/gcc/arm-none-eabi/4.9.3/../../../../arm-none-eabi/lib/armv7-m\libc.a(lib_a-sf_nan.o)
                0x0000c0ec                nanf
 .text.sulp     0x0000c0f4       0x44 c:/nxp/lpcxpresso_8.0.0_526/lpcxpresso/tools/bin/../lib/gcc/arm-none-eabi/4.9.3/../../../../arm-none-eabi/lib/armv7-m\libc.a(lib_a-strtod.o)
 .text._strtod_r
                0x0000c138      0xf30 c:/nxp/lpcxpresso_8.0.0_526/lpcxpresso/tools/bin/../lib/gcc/arm-none-eabi/4.9.3/../../../../arm-none-eabi/lib/armv7-m\libc.a(lib_a-strtod.o)
                0x0000c138                _strtod_r
 .text._strtol_r
                0x0000d068      0x11c c:/nxp/lpcxpresso_8.0.0_526/lpcxpresso/tools/bin/../lib/gcc/arm-none-eabi/4.9.3/../../../../arm-none-eabi/lib/armv7-m\libc.a(lib_a-strtol.o)
                0x0000d068                _strtol_r
 .text._strtoll_r
                0x0000d184      0x1cc c:/nxp/lpcxpresso_8.0.0_526/lpcxpresso/tools/bin/../lib/gcc/arm-none-eabi/4.9.3/../../../../arm-none-eabi/lib/armv7-m\libc.a(lib_a-strtoll_r.o)
                0x0000d184                _strtoll_r
 .text._strtoul_r
                0x0000d350      0x134 c:/nxp/lpcxpresso_8.0.0_526/lpcxpresso/tools/bin/../lib/gcc/arm-none-eabi/4.9.3/../../../../arm-none-eabi/lib/armv7-m\libc.a(lib_a-strtoul.o)
                0x0000d350                _strtoul_r
 .text._strtoull_r
                0x0000d484      0x1e8 c:/nxp/lpcxpresso_8.0.0_526/lpcxpresso/tools/bin/../lib/gcc/arm-none-eabi/4.9.3/../../../../arm-none-eabi/lib/armv7-m\libc.a(lib_a-strtoull_r.o)
                0x0000d484                _strtoull_r
 .text.__ssprint_r
                0x0000d66c      0x104 c:/nxp/lpcxpresso_8.0.0_526/lpcxpresso/tools/bin/../lib/gcc/arm-none-eabi/4.9.3/../../../../arm-none-eabi/lib/armv7-m\libc.a(lib_a-svfiprintf.o)
                0x0000d66c                __ssprint_r
 .text._sungetc_r
                0x0000d770       0x88 c:/nxp/lpcxpresso_8.0.0_526/lpcxpresso/tools/bin/../lib/gcc/arm-none-eabi/4.9.3/../../../../arm-none-eabi/lib/armv7-m\libc.a(lib_a-svfiscanf.o)
                0x0000d770                _sungetc_r
 .text.__ssrefill_r
                0x0000d7f8       0x3c c:/nxp/lpcxpresso_8.0.0_526/lpcxpresso/tools/bin/../lib/gcc/arm-none-eabi/4.9.3/../../../../arm-none-eabi/lib/armv7-m\libc.a(lib_a-svfiscanf.o)
                0x0000d7f8                __ssrefill_r
 .text._sfread_r
                0x0000d834       0x80 c:/nxp/lpcxpresso_8.0.0_526/lpcxpresso/tools/bin/../lib/gcc/arm-none-eabi/4.9.3/../../../../arm-none-eabi/lib/armv7-m\libc.a(lib_a-svfiscanf.o)
                0x0000d834                _sfread_r
 .text.__submore
                0x0000d8b4       0x7c c:/nxp/lpcxpresso_8.0.0_526/lpcxpresso/tools/bin/../lib/gcc/arm-none-eabi/4.9.3/../../../../arm-none-eabi/lib/armv7-m\libc.a(lib_a-ungetc.o)
                0x0000d8b4                __submore
 .text._ungetc_r
                0x0000d930       0xd4 c:/nxp/lpcxpresso_8.0.0_526/lpcxpresso/tools/bin/../lib/gcc/arm-none-eabi/4.9.3/../../../../arm-none-eabi/lib/armv7-m\libc.a(lib_a-ungetc.o)
                0x0000d930                _ungetc_r
 .text.__sprint_r.part.0
                0x0000da04       0x78 c:/nxp/lpcxpresso_8.0.0_526/lpcxpresso/tools/bin/../lib/gcc/arm-none-eabi/4.9.3/../../../../arm-none-eabi/lib/armv7-m\libc.a(lib_a-vfiprintf.o)
 .text.__sprint_r
                0x0000da7c       0x18 c:/nxp/lpcxpresso_8.0.0_526/lpcxpresso/tools/bin/../lib/gcc/arm-none-eabi/4.9.3/../../../../arm-none-eabi/lib/armv7-m\libc.a(lib_a-vfiprintf.o)
                0x0000da7c                __sprint_r
 .text._calloc_r
                0x0000da94       0x60 c:/nxp/lpcxpresso_8.0.0_526/lpcxpresso/tools/bin/../lib/gcc/arm-none-eabi/4.9.3/../../../../arm-none-eabi/lib/armv7-m\libc.a(lib_a-callocr.o)
                0x0000da94                _calloc_r
 .text.__fputwc
                0x0000daf4       0xb0 c:/nxp/lpcxpresso_8.0.0_526/lpcxpresso/tools/bin/../lib/gcc/arm-none-eabi/4.9.3/../../../../arm-none-eabi/lib/armv7-m\libc.a(lib_a-fputwc.o)
                0x0000daf4                __fputwc
 .text._fputwc_r
                0x0000dba4       0x24 c:/nxp/lpcxpresso_8.0.0_526/lpcxpresso/tools/bin/../lib/gcc/arm-none-eabi/4.9.3/../../../../arm-none-eabi/lib/armv7-m\libc.a(lib_a-fputwc.o)
                0x0000dba4                _fputwc_r
 .text.rshift   0x0000dbc8       0xa0 c:/nxp/lpcxpresso_8.0.0_526/lpcxpresso/tools/bin/../lib/gcc/arm-none-eabi/4.9.3/../../../../arm-none-eabi/lib/armv7-m\libc.a(lib_a-gdtoa-gethex.o)
 .text.__gethex
                0x0000dc68      0x514 c:/nxp/lpcxpresso_8.0.0_526/lpcxpresso/tools/bin/../lib/gcc/arm-none-eabi/4.9.3/../../../../arm-none-eabi/lib/armv7-m\libc.a(lib_a-gdtoa-gethex.o)
                0x0000dc68                __gethex
 .text.__hexnan
                0x0000e17c      0x184 c:/nxp/lpcxpresso_8.0.0_526/lpcxpresso/tools/bin/../lib/gcc/arm-none-eabi/4.9.3/../../../../arm-none-eabi/lib/armv7-m\libc.a(lib_a-gdtoa-hexnan.o)
                0x0000e17c                __hexnan
 .text._wcrtomb_r
                0x0000e300       0x54 c:/nxp/lpcxpresso_8.0.0_526/lpcxpresso/tools/bin/../lib/gcc/arm-none-eabi/4.9.3/../../../../arm-none-eabi/lib/armv7-m\libc.a(lib_a-wcrtomb.o)
                0x0000e300                _wcrtomb_r
 .text.__ascii_wctomb
                0x0000e354       0x1c c:/nxp/lpcxpresso_8.0.0_526/lpcxpresso/tools/bin/../lib/gcc/arm-none-eabi/4.9.3/../../../../arm-none-eabi/lib/armv7-m\libc.a(lib_a-wctomb_r.o)
                0x0000e354                __ascii_wctomb
 .text._sbrk    0x0000e370       0x3c c:/nxp/lpcxpresso_8.0.0_526/lpcxpresso/tools/bin/../lib/gcc/arm-none-eabi/4.9.3/../../../../arm-none-eabi/lib/armv7-m\libcr_newlib_nohost.a(_cr_sbrk.o)
                0x0000e370                _sbrk
 .text.__check_heap_overflow
                0x0000e3ac       0x18 c:/nxp/lpcxpresso_8.0.0_526/lpcxpresso/tools/bin/../lib/gcc/arm-none-eabi/4.9.3/../../../../arm-none-eabi/lib/armv7-m\libcr_newlib_nohost.a(_cr_check_heap.o)
                0x0000e3ac                __check_heap_overflow
 .text          0x0000e3c4       0x5c c:/nxp/lpcxpresso_8.0.0_526/lpcxpresso/tools/bin/../lib/gcc/arm-none-eabi/4.9.3/armv7-m\crtbegin.o
 .text          0x0000e420      0x110 c:/nxp/lpcxpresso_8.0.0_526/lpcxpresso/tools/bin/../lib/gcc/arm-none-eabi/4.9.3/armv7-m\libgcc.a(_arm_cmpdf2.o)
                0x0000e420                __gtdf2
                0x0000e420                __gedf2
                0x0000e428                __ltdf2
                0x0000e428                __ledf2
                0x0000e430                __nedf2
                0x0000e430                __eqdf2
                0x0000e430                __cmpdf2
                0x0000e4ac                __aeabi_cdrcmple
                0x0000e4bc                __aeabi_cdcmpeq
                0x0000e4bc                __aeabi_cdcmple
                0x0000e4cc                __aeabi_dcmpeq
                0x0000e4e0                __aeabi_dcmplt
                0x0000e4f4                __aeabi_dcmple
                0x0000e508                __aeabi_dcmpge
                0x0000e51c                __aeabi_dcmpgt
 .text          0x0000e530       0x50 c:/nxp/lpcxpresso_8.0.0_526/lpcxpresso/tools/bin/../lib/gcc/arm-none-eabi/4.9.3/armv7-m\libgcc.a(_arm_fixdfsi.o)
                0x0000e530                __aeabi_d2iz
                0x0000e530                __fixdfsi
 .text          0x0000e580       0x40 c:/nxp/lpcxpresso_8.0.0_526/lpcxpresso/tools/bin/../lib/gcc/arm-none-eabi/4.9.3/armv7-m\libgcc.a(_arm_fixunsdfsi.o)
                0x0000e580                __aeabi_d2uiz
                0x0000e580                __fixunsdfsi
 *(.rodata .rodata.*)
 .rodata        0x0000e5c0       0x94 ./Pump_Test/PumpWithValve/PumpWithValve.o
 .rodata        0x0000e654       0x2a ./Pump_Test/main.o
 *fill*         0x0000e67e        0x2 
 .rodata._ZTVN4mbed10SerialBaseE
                0x0000e680       0x10 ./Pump_Test/main.o
                0x0000e680                vtable for mbed::SerialBase
 .rodata.str1.4
                0x0000e690       0x80 C:/Users/Cyndia/softroboticfish6/fish/mbed/LPCExpress/Pump_Test/mbed/TARGET_LPC1768/TOOLCHAIN_GCC_CR/board.o
 .rodata.__stdin_name
                0x0000e710        0x8 C:/Users/Cyndia/softroboticfish6/fish/mbed/LPCExpress/Pump_Test/mbed/TARGET_LPC1768/TOOLCHAIN_GCC_CR/retarget.o
                0x0000e710                __stdin_name
 .rodata.__stderr_name
                0x0000e718        0x8 C:/Users/Cyndia/softroboticfish6/fish/mbed/LPCExpress/Pump_Test/mbed/TARGET_LPC1768/TOOLCHAIN_GCC_CR/retarget.o
                0x0000e718                __stderr_name
 .rodata.__stdout_name
                0x0000e720        0x8 C:/Users/Cyndia/softroboticfish6/fish/mbed/LPCExpress/Pump_Test/mbed/TARGET_LPC1768/TOOLCHAIN_GCC_CR/retarget.o
                0x0000e720                __stdout_name
 .rodata._ZTVN4mbed10FileHandleE
                0x0000e728       0x30 C:/Users/Cyndia/softroboticfish6/fish/mbed/LPCExpress/Pump_Test/mbed/TARGET_LPC1768/TOOLCHAIN_GCC_CR/retarget.o
                0x0000e728                vtable for mbed::FileHandle
 .rodata.str1.4
                0x0000e758        0xe C:/Users/Cyndia/softroboticfish6/fish/mbed/LPCExpress/Pump_Test/mbed/TARGET_LPC1768/TOOLCHAIN_GCC_CR/retarget.o
                                 0x10 (size before relaxing)
 *fill*         0x0000e766        0x2 
 .rodata.str1.4
                0x0000e768       0x2d C:\Users\Cyndia\softroboticfish6\fish\mbed\LPCExpress\Pump_Test\mbed\TARGET_LPC1768\TOOLCHAIN_GCC_CR\libmbed.a(gpio_irq_api.o)
                                 0x30 (size before relaxing)
 *fill*         0x0000e795        0x3 
 .rodata.PinMap_PWM
                0x0000e798       0xb4 C:\Users\Cyndia\softroboticfish6\fish\mbed\LPCExpress\Pump_Test\mbed\TARGET_LPC1768\TOOLCHAIN_GCC_CR\libmbed.a(pwmout_api.o)
 .rodata.str1.4
                0x0000e84c       0x7c C:\Users\Cyndia\softroboticfish6\fish\mbed\LPCExpress\Pump_Test\mbed\TARGET_LPC1768\TOOLCHAIN_GCC_CR\libmbed.a(pwmout_api.o)
 .rodata.PinMap_UART_RTS
                0x0000e8c8       0x24 C:\Users\Cyndia\softroboticfish6\fish\mbed\LPCExpress\Pump_Test\mbed\TARGET_LPC1768\TOOLCHAIN_GCC_CR\libmbed.a(serial_api.o)
 .rodata.CSWTCH.24
                0x0000e8ec       0x10 C:\Users\Cyndia\softroboticfish6\fish\mbed\LPCExpress\Pump_Test\mbed\TARGET_LPC1768\TOOLCHAIN_GCC_CR\libmbed.a(serial_api.o)
 .rodata.PinMap_UART_RX
                0x0000e8fc       0x6c C:\Users\Cyndia\softroboticfish6\fish\mbed\LPCExpress\Pump_Test\mbed\TARGET_LPC1768\TOOLCHAIN_GCC_CR\libmbed.a(serial_api.o)
 .rodata.str1.4
                0x0000e968      0x1d0 C:\Users\Cyndia\softroboticfish6\fish\mbed\LPCExpress\Pump_Test\mbed\TARGET_LPC1768\TOOLCHAIN_GCC_CR\libmbed.a(serial_api.o)
                                0x1e8 (size before relaxing)
 .rodata.PinMap_UART_TX
                0x0000eb38       0x6c C:\Users\Cyndia\softroboticfish6\fish\mbed\LPCExpress\Pump_Test\mbed\TARGET_LPC1768\TOOLCHAIN_GCC_CR\libmbed.a(serial_api.o)
 .rodata.PinMap_UART_CTS
                0x0000eba4       0x24 C:\Users\Cyndia\softroboticfish6\fish\mbed\LPCExpress\Pump_Test\mbed\TARGET_LPC1768\TOOLCHAIN_GCC_CR\libmbed.a(serial_api.o)
 .rodata._ZTVN4mbed11InterruptInE
                0x0000ebc8       0x10 C:\Users\Cyndia\softroboticfish6\fish\mbed\LPCExpress\Pump_Test\mbed\TARGET_LPC1768\TOOLCHAIN_GCC_CR\libmbed.a(InterruptIn.o)
                0x0000ebc8                vtable for mbed::InterruptIn
 .rodata._ZTVN4mbed6SerialE
                0x0000ebd8       0x60 C:\Users\Cyndia\softroboticfish6\fish\mbed\LPCExpress\Pump_Test\mbed\TARGET_LPC1768\TOOLCHAIN_GCC_CR\libmbed.a(Serial.o)
                0x0000ebd8                vtable for mbed::Serial
 .rodata._ZTVN4mbed6TickerE
                0x0000ec38       0x18 C:\Users\Cyndia\softroboticfish6\fish\mbed\LPCExpress\Pump_Test\mbed\TARGET_LPC1768\TOOLCHAIN_GCC_CR\libmbed.a(Ticker.o)
                0x0000ec38                vtable for mbed::Ticker
 .rodata._ZTVN4mbed6StreamE
                0x0000ec50       0x48 C:\Users\Cyndia\softroboticfish6\fish\mbed\LPCExpress\Pump_Test\mbed\TARGET_LPC1768\TOOLCHAIN_GCC_CR\libmbed.a(Stream.o)
                0x0000ec50                vtable for mbed::Stream
 .rodata.str1.4
                0x0000ec98        0x3 C:\Users\Cyndia\softroboticfish6\fish\mbed\LPCExpress\Pump_Test\mbed\TARGET_LPC1768\TOOLCHAIN_GCC_CR\libmbed.a(Stream.o)
                                  0x8 (size before relaxing)
 *fill*         0x0000ec9b        0x1 
 .rodata.str1.4
                0x0000ec9c       0x31 C:\Users\Cyndia\softroboticfish6\fish\mbed\LPCExpress\Pump_Test\mbed\TARGET_LPC1768\TOOLCHAIN_GCC_CR\libmbed.a(assert.o)
                                 0x34 (size before relaxing)
 *fill*         0x0000eccd        0x3 
 .rodata._ZTVN4mbed10TimerEventE
                0x0000ecd0       0x18 C:\Users\Cyndia\softroboticfish6\fish\mbed\LPCExpress\Pump_Test\mbed\TARGET_LPC1768\TOOLCHAIN_GCC_CR\libmbed.a(TimerEvent.o)
                0x0000ecd0                vtable for mbed::TimerEvent
 .rodata.str1.4
                0x00000000       0x80 C:\Users\Cyndia\softroboticfish6\fish\mbed\LPCExpress\Pump_Test\mbed\TARGET_LPC1768\TOOLCHAIN_GCC_CR\libmbed.a(gpio.o)
 .rodata.str1.4
                0x0000ece8       0x66 C:\Users\Cyndia\softroboticfish6\fish\mbed\LPCExpress\Pump_Test\mbed\TARGET_LPC1768\TOOLCHAIN_GCC_CR\libmbed.a(pinmap_common.o)
                                 0x68 (size before relaxing)
 *fill*         0x0000ed4e        0x2 
 .rodata.us_interface
                0x0000ed50       0x14 C:\Users\Cyndia\softroboticfish6\fish\mbed\LPCExpress\Pump_Test\mbed\TARGET_LPC1768\TOOLCHAIN_GCC_CR\libmbed.a(us_ticker_api.o)
 .rodata.us_data
                0x0000ed64        0x8 C:\Users\Cyndia\softroboticfish6\fish\mbed\LPCExpress\Pump_Test\mbed\TARGET_LPC1768\TOOLCHAIN_GCC_CR\libmbed.a(us_ticker_api.o)
 .rodata.str1.4
                0x0000ed6c       0x7a C:\Users\Cyndia\softroboticfish6\fish\mbed\LPCExpress\Pump_Test\mbed\TARGET_LPC1768\TOOLCHAIN_GCC_CR\libmbed.a(gpio_api.o)
                                 0x94 (size before relaxing)
 *fill*         0x0000ede6        0x2 
 .rodata.str1.4
                0x0000ede8       0x64 C:\Users\Cyndia\softroboticfish6\fish\mbed\LPCExpress\Pump_Test\mbed\TARGET_LPC1768\TOOLCHAIN_GCC_CR\libmbed.a(pinmap.o)
                                 0x78 (size before relaxing)
 *fill*         0x0000ee4c        0x4 
 .rodata._ZTVN4mbed8FileBaseE
                0x0000ee50       0x10 C:\Users\Cyndia\softroboticfish6\fish\mbed\LPCExpress\Pump_Test\mbed\TARGET_LPC1768\TOOLCHAIN_GCC_CR\libmbed.a(FileBase.o)
                0x0000ee50                vtable for mbed::FileBase
 .rodata._ZTVN4mbed8FileLikeE
                0x0000ee60       0x40 C:\Users\Cyndia\softroboticfish6\fish\mbed\LPCExpress\Pump_Test\mbed\TARGET_LPC1768\TOOLCHAIN_GCC_CR\libmbed.a(FileLike.o)
                0x0000ee60                vtable for mbed::FileLike
 .rodata.str1.4
                0x0000eea0        0x2 c:/nxp/lpcxpresso_8.0.0_526/lpcxpresso/tools/bin/../lib/gcc/arm-none-eabi/4.9.3/../../../../arm-none-eabi/lib/armv7-m\libc.a(lib_a-impure.o)
 *fill*         0x0000eea2        0x2 
 .rodata._global_impure_ptr
                0x0000eea4        0x4 c:/nxp/lpcxpresso_8.0.0_526/lpcxpresso/tools/bin/../lib/gcc/arm-none-eabi/4.9.3/../../../../arm-none-eabi/lib/armv7-m\libc.a(lib_a-impure.o)
                0x0000eea4                _global_impure_ptr
 .rodata.zeroes.6911
                0x0000eea8       0x10 c:/nxp/lpcxpresso_8.0.0_526/lpcxpresso/tools/bin/../lib/gcc/arm-none-eabi/4.9.3/../../../../arm-none-eabi/lib/armv7-m\libc.a(lib_a-svfprintf.o)
 .rodata.blanks.6910
                0x0000eeb8       0x10 c:/nxp/lpcxpresso_8.0.0_526/lpcxpresso/tools/bin/../lib/gcc/arm-none-eabi/4.9.3/../../../../arm-none-eabi/lib/armv7-m\libc.a(lib_a-svfprintf.o)
 .rodata.str1.4
                0x0000eec8       0x42 c:/nxp/lpcxpresso_8.0.0_526/lpcxpresso/tools/bin/../lib/gcc/arm-none-eabi/4.9.3/../../../../arm-none-eabi/lib/armv7-m\libc.a(lib_a-svfprintf.o)
 *fill*         0x0000ef0a        0x2 
 .rodata.str1.4
                0x0000ef0c        0x5 c:/nxp/lpcxpresso_8.0.0_526/lpcxpresso/tools/bin/../lib/gcc/arm-none-eabi/4.9.3/../../../../arm-none-eabi/lib/armv7-m\libc.a(lib_a-svfscanf.o)
 *fill*         0x0000ef11        0x3 
 .rodata.basefix.6862
                0x0000ef14       0x22 c:/nxp/lpcxpresso_8.0.0_526/lpcxpresso/tools/bin/../lib/gcc/arm-none-eabi/4.9.3/../../../../arm-none-eabi/lib/armv7-m\libc.a(lib_a-svfscanf.o)
 *fill*         0x0000ef36        0x2 
 .rodata.zeroes.6926
                0x0000ef38       0x10 c:/nxp/lpcxpresso_8.0.0_526/lpcxpresso/tools/bin/../lib/gcc/arm-none-eabi/4.9.3/../../../../arm-none-eabi/lib/armv7-m\libc.a(lib_a-vfprintf.o)
 .rodata.str1.4
                0x00000000       0x42 c:/nxp/lpcxpresso_8.0.0_526/lpcxpresso/tools/bin/../lib/gcc/arm-none-eabi/4.9.3/../../../../arm-none-eabi/lib/armv7-m\libc.a(lib_a-vfprintf.o)
 .rodata.blanks.6925
                0x0000ef48       0x10 c:/nxp/lpcxpresso_8.0.0_526/lpcxpresso/tools/bin/../lib/gcc/arm-none-eabi/4.9.3/../../../../arm-none-eabi/lib/armv7-m\libc.a(lib_a-vfprintf.o)
 .rodata.basefix.6881
                0x0000ef58       0x22 c:/nxp/lpcxpresso_8.0.0_526/lpcxpresso/tools/bin/../lib/gcc/arm-none-eabi/4.9.3/../../../../arm-none-eabi/lib/armv7-m\libc.a(lib_a-vfscanf.o)
 .rodata.str1.4
                0x00000000        0x5 c:/nxp/lpcxpresso_8.0.0_526/lpcxpresso/tools/bin/../lib/gcc/arm-none-eabi/4.9.3/../../../../arm-none-eabi/lib/armv7-m\libc.a(lib_a-vfscanf.o)
 *fill*         0x0000ef7a        0x2 
 .rodata._ctype_
                0x0000ef7c      0x101 c:/nxp/lpcxpresso_8.0.0_526/lpcxpresso/tools/bin/../lib/gcc/arm-none-eabi/4.9.3/../../../../arm-none-eabi/lib/armv7-m\libc.a(lib_a-ctype_.o)
                0x0000ef7c                _ctype_
 *fill*         0x0000f07d        0x3 
 .rodata.str1.4
                0x0000f080       0x10 c:/nxp/lpcxpresso_8.0.0_526/lpcxpresso/tools/bin/../lib/gcc/arm-none-eabi/4.9.3/../../../../arm-none-eabi/lib/armv7-m\libc.a(lib_a-dtoa.o)
                                 0x12 (size before relaxing)
 .rodata.str1.4
                0x0000f090        0xa c:/nxp/lpcxpresso_8.0.0_526/lpcxpresso/tools/bin/../lib/gcc/arm-none-eabi/4.9.3/../../../../arm-none-eabi/lib/armv7-m\libc.a(lib_a-locale.o)
                                 0x12 (size before relaxing)
 .rodata.str1.4
                0x00000000        0x1 c:/nxp/lpcxpresso_8.0.0_526/lpcxpresso/tools/bin/../lib/gcc/arm-none-eabi/4.9.3/../../../../arm-none-eabi/lib/armv7-m\libc.a(lib_a-mbrtowc.o)
 *fill*         0x0000f09a        0x6 
 .rodata.__mprec_tens
                0x0000f0a0       0xc8 c:/nxp/lpcxpresso_8.0.0_526/lpcxpresso/tools/bin/../lib/gcc/arm-none-eabi/4.9.3/../../../../arm-none-eabi/lib/armv7-m\libc.a(lib_a-mprec.o)
                0x0000f0a0                __mprec_tens
 .rodata.p05.5302
                0x0000f168        0xc c:/nxp/lpcxpresso_8.0.0_526/lpcxpresso/tools/bin/../lib/gcc/arm-none-eabi/4.9.3/../../../../arm-none-eabi/lib/armv7-m\libc.a(lib_a-mprec.o)
 *fill*         0x0000f174        0x4 
 .rodata.__mprec_bigtens
                0x0000f178       0x28 c:/nxp/lpcxpresso_8.0.0_526/lpcxpresso/tools/bin/../lib/gcc/arm-none-eabi/4.9.3/../../../../arm-none-eabi/lib/armv7-m\libc.a(lib_a-mprec.o)
                0x0000f178                __mprec_bigtens
 .rodata.tinytens
                0x0000f1a0       0x28 c:/nxp/lpcxpresso_8.0.0_526/lpcxpresso/tools/bin/../lib/gcc/arm-none-eabi/4.9.3/../../../../arm-none-eabi/lib/armv7-m\libc.a(lib_a-strtod.o)
 .rodata.fpinan.5307