13:20:53 **** Incremental Build of configuration Release for project robotic_fish_6 ****
make -r all 
Building file: ../ros_lib/MODSERIAL/Device/MODSERIAL_KL05Z.cpp
Invoking: MCU C++ Compiler
arm-none-eabi-c++ -D__NEWLIB__ -D__CODE_RED -DCPP_USE_HEAP -DTARGET_LPC1768 -DTARGET_M3 -DTARGET_CORTEX_M -DTARGET_NXP -DTARGET_LPC176X -DTARGET_MBED_LPC1768 -DTOOLCHAIN_GCC_CR -DTOOLCHAIN_GCC -D__CORTEX_M3 -DARM_MATH_CM3 -DMBED_BUILD_TIMESTAMP=1439154380.89 -D__MBED__=1 -I"C:\Users\Joseph\Desktop\MIT\Lab\Fish\git6\softroboticfish6\mbed_withROS\LPCExpress\robotic_fish_6" -I"C:\Users\Joseph\Desktop\MIT\Lab\Fish\git6\softroboticfish6\mbed_withROS\LPCExpress\robotic_fish_6\ros_lib\MODSERIAL\Device" -I"C:\Users\Joseph\Desktop\MIT\Lab\Fish\git6\softroboticfish6\mbed_withROS\LPCExpress\robotic_fish_6\ros_lib\MODSERIAL" -I"C:\Users\Joseph\Desktop\MIT\Lab\Fish\git6\softroboticfish6\mbed_withROS\LPCExpress\robotic_fish_6\ros_lib" -I"C:\Users\Joseph\Desktop\MIT\Lab\Fish\git6\softroboticfish6\mbed_withROS\LPCExpress\robotic_fish_6\Servo" -I"C:\Users\Joseph\Desktop\MIT\Lab\Fish\git6\softroboticfish6\mbed_withROS\LPCExpress\robotic_fish_6\mbed" -I"C:\Users\Joseph\Desktop\MIT\Lab\Fish\git6\softroboticfish6\mbed_withROS\LPCExpress\robotic_fish_6\mbed\TARGET_LPC1768" -I"C:\Users\Joseph\Desktop\MIT\Lab\Fish\git6\softroboticfish6\mbed_withROS\LPCExpress\robotic_fish_6\mbed\TARGET_LPC1768\TOOLCHAIN_GCC_CR" -I"C:\Users\Joseph\Desktop\MIT\Lab\Fish\git6\softroboticfish6\mbed_withROS\LPCExpress\robotic_fish_6\mbed\TARGET_LPC1768\TARGET_NXP" -I"C:\Users\Joseph\Desktop\MIT\Lab\Fish\git6\softroboticfish6\mbed_withROS\LPCExpress\robotic_fish_6\mbed\TARGET_LPC1768\TARGET_NXP\TARGET_LPC176X" -I"C:\Users\Joseph\Desktop\MIT\Lab\Fish\git6\softroboticfish6\mbed_withROS\LPCExpress\robotic_fish_6\mbed\TARGET_LPC1768\TARGET_NXP\TARGET_LPC176X\TARGET_MBED_LPC1768" -I"C:\Users\Joseph\Desktop\MIT\Lab\Fish\git6\softroboticfish6\mbed_withROS\LPCExpress\robotic_fish_6\BrushlessMotor" -I"C:\Users\Joseph\Desktop\MIT\Lab\Fish\git6\softroboticfish6\mbed_withROS\LPCExpress\robotic_fish_6\MODDMA" -Os -Os -g -Wall -c -fmessage-length=0 -fno-builtin -ffunction-sections -fdata-sections -fno-exceptions -fno-rtti -mcpu=cortex-m3 -mthumb -D__NEWLIB__ -MMD -MP -MF"ros_lib/MODSERIAL/Device/MODSERIAL_KL05Z.d" -MT"ros_lib/MODSERIAL/Device/MODSERIAL_KL05Z.o" -MT"ros_lib/MODSERIAL/Device/MODSERIAL_KL05Z.d" -o "ros_lib/MODSERIAL/Device/MODSERIAL_KL05Z.o" "../ros_lib/MODSERIAL/Device/MODSERIAL_KL05Z.cpp"
Finished building: ../ros_lib/MODSERIAL/Device/MODSERIAL_KL05Z.cpp
 
Building file: ../ros_lib/MODSERIAL/Device/MODSERIAL_KL25Z.cpp
Invoking: MCU C++ Compiler
arm-none-eabi-c++ -D__NEWLIB__ -D__CODE_RED -DCPP_USE_HEAP -DTARGET_LPC1768 -DTARGET_M3 -DTARGET_CORTEX_M -DTARGET_NXP -DTARGET_LPC176X -DTARGET_MBED_LPC1768 -DTOOLCHAIN_GCC_CR -DTOOLCHAIN_GCC -D__CORTEX_M3 -DARM_MATH_CM3 -DMBED_BUILD_TIMESTAMP=1439154380.89 -D__MBED__=1 -I"C:\Users\Joseph\Desktop\MIT\Lab\Fish\git6\softroboticfish6\mbed_withROS\LPCExpress\robotic_fish_6" -I"C:\Users\Joseph\Desktop\MIT\Lab\Fish\git6\softroboticfish6\mbed_withROS\LPCExpress\robotic_fish_6\ros_lib\MODSERIAL\Device" -I"C:\Users\Joseph\Desktop\MIT\Lab\Fish\git6\softroboticfish6\mbed_withROS\LPCExpress\robotic_fish_6\ros_lib\MODSERIAL" -I"C:\Users\Joseph\Desktop\MIT\Lab\Fish\git6\softroboticfish6\mbed_withROS\LPCExpress\robotic_fish_6\ros_lib" -I"C:\Users\Joseph\Desktop\MIT\Lab\Fish\git6\softroboticfish6\mbed_withROS\LPCExpress\robotic_fish_6\Servo" -I"C:\Users\Joseph\Desktop\MIT\Lab\Fish\git6\softroboticfish6\mbed_withROS\LPCExpress\robotic_fish_6\mbed" -I"C:\Users\Joseph\Desktop\MIT\Lab\Fish\git6\softroboticfish6\mbed_withROS\LPCExpress\robotic_fish_6\mbed\TARGET_LPC1768" -I"C:\Users\Joseph\Desktop\MIT\Lab\Fish\git6\softroboticfish6\mbed_withROS\LPCExpress\robotic_fish_6\mbed\TARGET_LPC1768\TOOLCHAIN_GCC_CR" -I"C:\Users\Joseph\Desktop\MIT\Lab\Fish\git6\softroboticfish6\mbed_withROS\LPCExpress\robotic_fish_6\mbed\TARGET_LPC1768\TARGET_NXP" -I"C:\Users\Joseph\Desktop\MIT\Lab\Fish\git6\softroboticfish6\mbed_withROS\LPCExpress\robotic_fish_6\mbed\TARGET_LPC1768\TARGET_NXP\TARGET_LPC176X" -I"C:\Users\Joseph\Desktop\MIT\Lab\Fish\git6\softroboticfish6\mbed_withROS\LPCExpress\robotic_fish_6\mbed\TARGET_LPC1768\TARGET_NXP\TARGET_LPC176X\TARGET_MBED_LPC1768" -I"C:\Users\Joseph\Desktop\MIT\Lab\Fish\git6\softroboticfish6\mbed_withROS\LPCExpress\robotic_fish_6\BrushlessMotor" -I"C:\Users\Joseph\Desktop\MIT\Lab\Fish\git6\softroboticfish6\mbed_withROS\LPCExpress\robotic_fish_6\MODDMA" -Os -Os -g -Wall -c -fmessage-length=0 -fno-builtin -ffunction-sections -fdata-sections -fno-exceptions -fno-rtti -mcpu=cortex-m3 -mthumb -D__NEWLIB__ -MMD -MP -MF"ros_lib/MODSERIAL/Device/MODSERIAL_KL25Z.d" -MT"ros_lib/MODSERIAL/Device/MODSERIAL_KL25Z.o" -MT"ros_lib/MODSERIAL/Device/MODSERIAL_KL25Z.d" -o "ros_lib/MODSERIAL/Device/MODSERIAL_KL25Z.o" "../ros_lib/MODSERIAL/Device/MODSERIAL_KL25Z.cpp"
Finished building: ../ros_lib/MODSERIAL/Device/MODSERIAL_KL25Z.cpp
 
Building file: ../ros_lib/MODSERIAL/Device/MODSERIAL_KSDK.cpp
Invoking: MCU C++ Compiler
arm-none-eabi-c++ -D__NEWLIB__ -D__CODE_RED -DCPP_USE_HEAP -DTARGET_LPC1768 -DTARGET_M3 -DTARGET_CORTEX_M -DTARGET_NXP -DTARGET_LPC176X -DTARGET_MBED_LPC1768 -DTOOLCHAIN_GCC_CR -DTOOLCHAIN_GCC -D__CORTEX_M3 -DARM_MATH_CM3 -DMBED_BUILD_TIMESTAMP=1439154380.89 -D__MBED__=1 -I"C:\Users\Joseph\Desktop\MIT\Lab\Fish\git6\softroboticfish6\mbed_withROS\LPCExpress\robotic_fish_6" -I"C:\Users\Joseph\Desktop\MIT\Lab\Fish\git6\softroboticfish6\mbed_withROS\LPCExpress\robotic_fish_6\ros_lib\MODSERIAL\Device" -I"C:\Users\Joseph\Desktop\MIT\Lab\Fish\git6\softroboticfish6\mbed_withROS\LPCExpress\robotic_fish_6\ros_lib\MODSERIAL" -I"C:\Users\Joseph\Desktop\MIT\Lab\Fish\git6\softroboticfish6\mbed_withROS\LPCExpress\robotic_fish_6\ros_lib" -I"C:\Users\Joseph\Desktop\MIT\Lab\Fish\git6\softroboticfish6\mbed_withROS\LPCExpress\robotic_fish_6\Servo" -I"C:\Users\Joseph\Desktop\MIT\Lab\Fish\git6\softroboticfish6\mbed_withROS\LPCExpress\robotic_fish_6\mbed" -I"C:\Users\Joseph\Desktop\MIT\Lab\Fish\git6\softroboticfish6\mbed_withROS\LPCExpress\robotic_fish_6\mbed\TARGET_LPC1768" -I"C:\Users\Joseph\Desktop\MIT\Lab\Fish\git6\softroboticfish6\mbed_withROS\LPCExpress\robotic_fish_6\mbed\TARGET_LPC1768\TOOLCHAIN_GCC_CR" -I"C:\Users\Joseph\Desktop\MIT\Lab\Fish\git6\softroboticfish6\mbed_withROS\LPCExpress\robotic_fish_6\mbed\TARGET_LPC1768\TARGET_NXP" -I"C:\Users\Joseph\Desktop\MIT\Lab\Fish\git6\softroboticfish6\mbed_withROS\LPCExpress\robotic_fish_6\mbed\TARGET_LPC1768\TARGET_NXP\TARGET_LPC176X" -I"C:\Users\Joseph\Desktop\MIT\Lab\Fish\git6\softroboticfish6\mbed_withROS\LPCExpress\robotic_fish_6\mbed\TARGET_LPC1768\TARGET_NXP\TARGET_LPC176X\TARGET_MBED_LPC1768" -I"C:\Users\Joseph\Desktop\MIT\Lab\Fish\git6\softroboticfish6\mbed_withROS\LPCExpress\robotic_fish_6\BrushlessMotor" -I"C:\Users\Joseph\Desktop\MIT\Lab\Fish\git6\softroboticfish6\mbed_withROS\LPCExpress\robotic_fish_6\MODDMA" -Os -Os -g -Wall -c -fmessage-length=0 -fno-builtin -ffunction-sections -fdata-sections -fno-exceptions -fno-rtti -mcpu=cortex-m3 -mthumb -D__NEWLIB__ -MMD -MP -MF"ros_lib/MODSERIAL/Device/MODSERIAL_KSDK.d" -MT"ros_lib/MODSERIAL/Device/MODSERIAL_KSDK.o" -MT"ros_lib/MODSERIAL/Device/MODSERIAL_KSDK.d" -o "ros_lib/MODSERIAL/Device/MODSERIAL_KSDK.o" "../ros_lib/MODSERIAL/Device/MODSERIAL_KSDK.cpp"
Finished building: ../ros_lib/MODSERIAL/Device/MODSERIAL_KSDK.cpp
 
Building file: ../ros_lib/MODSERIAL/Device/MODSERIAL_LPC11U24.cpp
Invoking: MCU C++ Compiler
arm-none-eabi-c++ -D__NEWLIB__ -D__CODE_RED -DCPP_USE_HEAP -DTARGET_LPC1768 -DTARGET_M3 -DTARGET_CORTEX_M -DTARGET_NXP -DTARGET_LPC176X -DTARGET_MBED_LPC1768 -DTOOLCHAIN_GCC_CR -DTOOLCHAIN_GCC -D__CORTEX_M3 -DARM_MATH_CM3 -DMBED_BUILD_TIMESTAMP=1439154380.89 -D__MBED__=1 -I"C:\Users\Joseph\Desktop\MIT\Lab\Fish\git6\softroboticfish6\mbed_withROS\LPCExpress\robotic_fish_6" -I"C:\Users\Joseph\Desktop\MIT\Lab\Fish\git6\softroboticfish6\mbed_withROS\LPCExpress\robotic_fish_6\ros_lib\MODSERIAL\Device" -I"C:\Users\Joseph\Desktop\MIT\Lab\Fish\git6\softroboticfish6\mbed_withROS\LPCExpress\robotic_fish_6\ros_lib\MODSERIAL" -I"C:\Users\Joseph\Desktop\MIT\Lab\Fish\git6\softroboticfish6\mbed_withROS\LPCExpress\robotic_fish_6\ros_lib" -I"C:\Users\Joseph\Desktop\MIT\Lab\Fish\git6\softroboticfish6\mbed_withROS\LPCExpress\robotic_fish_6\Servo" -I"C:\Users\Joseph\Desktop\MIT\Lab\Fish\git6\softroboticfish6\mbed_withROS\LPCExpress\robotic_fish_6\mbed" -I"C:\Users\Joseph\Desktop\MIT\Lab\Fish\git6\softroboticfish6\mbed_withROS\LPCExpress\robotic_fish_6\mbed\TARGET_LPC1768" -I"C:\Users\Joseph\Desktop\MIT\Lab\Fish\git6\softroboticfish6\mbed_withROS\LPCExpress\robotic_fish_6\mbed\TARGET_LPC1768\TOOLCHAIN_GCC_CR" -I"C:\Users\Joseph\Desktop\MIT\Lab\Fish\git6\softroboticfish6\mbed_withROS\LPCExpress\robotic_fish_6\mbed\TARGET_LPC1768\TARGET_NXP" -I"C:\Users\Joseph\Desktop\MIT\Lab\Fish\git6\softroboticfish6\mbed_withROS\LPCExpress\robotic_fish_6\mbed\TARGET_LPC1768\TARGET_NXP\TARGET_LPC176X" -I"C:\Users\Joseph\Desktop\MIT\Lab\Fish\git6\softroboticfish6\mbed_withROS\LPCExpress\robotic_fish_6\mbed\TARGET_LPC1768\TARGET_NXP\TARGET_LPC176X\TARGET_MBED_LPC1768" -I"C:\Users\Joseph\Desktop\MIT\Lab\Fish\git6\softroboticfish6\mbed_withROS\LPCExpress\robotic_fish_6\BrushlessMotor" -I"C:\Users\Joseph\Desktop\MIT\Lab\Fish\git6\softroboticfish6\mbed_withROS\LPCExpress\robotic_fish_6\MODDMA" -Os -Os -g -Wall -c -fmessage-length=0 -fno-builtin -ffunction-sections -fdata-sections -fno-exceptions -fno-rtti -mcpu=cortex-m3 -mthumb -D__NEWLIB__ -MMD -MP -MF"ros_lib/MODSERIAL/Device/MODSERIAL_LPC11U24.d" -MT"ros_lib/MODSERIAL/Device/MODSERIAL_LPC11U24.o" -MT"ros_lib/MODSERIAL/Device/MODSERIAL_LPC11U24.d" -o "ros_lib/MODSERIAL/Device/MODSERIAL_LPC11U24.o" "../ros_lib/MODSERIAL/Device/MODSERIAL_LPC11U24.cpp"
Finished building: ../ros_lib/MODSERIAL/Device/MODSERIAL_LPC11U24.cpp
 
Building file: ../ros_lib/MODSERIAL/Device/MODSERIAL_LPC1768.cpp
Invoking: MCU C++ Compiler
arm-none-eabi-c++ -D__NEWLIB__ -D__CODE_RED -DCPP_USE_HEAP -DTARGET_LPC1768 -DTARGET_M3 -DTARGET_CORTEX_M -DTARGET_NXP -DTARGET_LPC176X -DTARGET_MBED_LPC1768 -DTOOLCHAIN_GCC_CR -DTOOLCHAIN_GCC -D__CORTEX_M3 -DARM_MATH_CM3 -DMBED_BUILD_TIMESTAMP=1439154380.89 -D__MBED__=1 -I"C:\Users\Joseph\Desktop\MIT\Lab\Fish\git6\softroboticfish6\mbed_withROS\LPCExpress\robotic_fish_6" -I"C:\Users\Joseph\Desktop\MIT\Lab\Fish\git6\softroboticfish6\mbed_withROS\LPCExpress\robotic_fish_6\ros_lib\MODSERIAL\Device" -I"C:\Users\Joseph\Desktop\MIT\Lab\Fish\git6\softroboticfish6\mbed_withROS\LPCExpress\robotic_fish_6\ros_lib\MODSERIAL" -I"C:\Users\Joseph\Desktop\MIT\Lab\Fish\git6\softroboticfish6\mbed_withROS\LPCExpress\robotic_fish_6\ros_lib" -I"C:\Users\Joseph\Desktop\MIT\Lab\Fish\git6\softroboticfish6\mbed_withROS\LPCExpress\robotic_fish_6\Servo" -I"C:\Users\Joseph\Desktop\MIT\Lab\Fish\git6\softroboticfish6\mbed_withROS\LPCExpress\robotic_fish_6\mbed" -I"C:\Users\Joseph\Desktop\MIT\Lab\Fish\git6\softroboticfish6\mbed_withROS\LPCExpress\robotic_fish_6\mbed\TARGET_LPC1768" -I"C:\Users\Joseph\Desktop\MIT\Lab\Fish\git6\softroboticfish6\mbed_withROS\LPCExpress\robotic_fish_6\mbed\TARGET_LPC1768\TOOLCHAIN_GCC_CR" -I"C:\Users\Joseph\Desktop\MIT\Lab\Fish\git6\softroboticfish6\mbed_withROS\LPCExpress\robotic_fish_6\mbed\TARGET_LPC1768\TARGET_NXP" -I"C:\Users\Joseph\Desktop\MIT\Lab\Fish\git6\softroboticfish6\mbed_withROS\LPCExpress\robotic_fish_6\mbed\TARGET_LPC1768\TARGET_NXP\TARGET_LPC176X" -I"C:\Users\Joseph\Desktop\MIT\Lab\Fish\git6\softroboticfish6\mbed_withROS\LPCExpress\robotic_fish_6\mbed\TARGET_LPC1768\TARGET_NXP\TARGET_LPC176X\TARGET_MBED_LPC1768" -I"C:\Users\Joseph\Desktop\MIT\Lab\Fish\git6\softroboticfish6\mbed_withROS\LPCExpress\robotic_fish_6\BrushlessMotor" -I"C:\Users\Joseph\Desktop\MIT\Lab\Fish\git6\softroboticfish6\mbed_withROS\LPCExpress\robotic_fish_6\MODDMA" -Os -Os -g -Wall -c -fmessage-length=0 -fno-builtin -ffunction-sections -fdata-sections -fno-exceptions -fno-rtti -mcpu=cortex-m3 -mthumb -D__NEWLIB__ -MMD -MP -MF"ros_lib/MODSERIAL/Device/MODSERIAL_LPC1768.d" -MT"ros_lib/MODSERIAL/Device/MODSERIAL_LPC1768.o" -MT"ros_lib/MODSERIAL/Device/MODSERIAL_LPC1768.d" -o "ros_lib/MODSERIAL/Device/MODSERIAL_LPC1768.o" "../ros_lib/MODSERIAL/Device/MODSERIAL_LPC1768.cpp"
Finished building: ../ros_lib/MODSERIAL/Device/MODSERIAL_LPC1768.cpp
 
Building file: ../ros_lib/MODSERIAL/Device/MODSERIAL_NUCLEO_F401RE.cpp
Invoking: MCU C++ Compiler
arm-none-eabi-c++ -D__NEWLIB__ -D__CODE_RED -DCPP_USE_HEAP -DTARGET_LPC1768 -DTARGET_M3 -DTARGET_CORTEX_M -DTARGET_NXP -DTARGET_LPC176X -DTARGET_MBED_LPC1768 -DTOOLCHAIN_GCC_CR -DTOOLCHAIN_GCC -D__CORTEX_M3 -DARM_MATH_CM3 -DMBED_BUILD_TIMESTAMP=1439154380.89 -D__MBED__=1 -I"C:\Users\Joseph\Desktop\MIT\Lab\Fish\git6\softroboticfish6\mbed_withROS\LPCExpress\robotic_fish_6" -I"C:\Users\Joseph\Desktop\MIT\Lab\Fish\git6\softroboticfish6\mbed_withROS\LPCExpress\robotic_fish_6\ros_lib\MODSERIAL\Device" -I"C:\Users\Joseph\Desktop\MIT\Lab\Fish\git6\softroboticfish6\mbed_withROS\LPCExpress\robotic_fish_6\ros_lib\MODSERIAL" -I"C:\Users\Joseph\Desktop\MIT\Lab\Fish\git6\softroboticfish6\mbed_withROS\LPCExpress\robotic_fish_6\ros_lib" -I"C:\Users\Joseph\Desktop\MIT\Lab\Fish\git6\softroboticfish6\mbed_withROS\LPCExpress\robotic_fish_6\Servo" -I"C:\Users\Joseph\Desktop\MIT\Lab\Fish\git6\softroboticfish6\mbed_withROS\LPCExpress\robotic_fish_6\mbed" -I"C:\Users\Joseph\Desktop\MIT\Lab\Fish\git6\softroboticfish6\mbed_withROS\LPCExpress\robotic_fish_6\mbed\TARGET_LPC1768" -I"C:\Users\Joseph\Desktop\MIT\Lab\Fish\git6\softroboticfish6\mbed_withROS\LPCExpress\robotic_fish_6\mbed\TARGET_LPC1768\TOOLCHAIN_GCC_CR" -I"C:\Users\Joseph\Desktop\MIT\Lab\Fish\git6\softroboticfish6\mbed_withROS\LPCExpress\robotic_fish_6\mbed\TARGET_LPC1768\TARGET_NXP" -I"C:\Users\Joseph\Desktop\MIT\Lab\Fish\git6\softroboticfish6\mbed_withROS\LPCExpress\robotic_fish_6\mbed\TARGET_LPC1768\TARGET_NXP\TARGET_LPC176X" -I"C:\Users\Joseph\Desktop\MIT\Lab\Fish\git6\softroboticfish6\mbed_withROS\LPCExpress\robotic_fish_6\mbed\TARGET_LPC1768\TARGET_NXP\TARGET_LPC176X\TARGET_MBED_LPC1768" -I"C:\Users\Joseph\Desktop\MIT\Lab\Fish\git6\softroboticfish6\mbed_withROS\LPCExpress\robotic_fish_6\BrushlessMotor" -I"C:\Users\Joseph\Desktop\MIT\Lab\Fish\git6\softroboticfish6\mbed_withROS\LPCExpress\robotic_fish_6\MODDMA" -Os -Os -g -Wall -c -fmessage-length=0 -fno-builtin -ffunction-sections -fdata-sections -fno-exceptions -fno-rtti -mcpu=cortex-m3 -mthumb -D__NEWLIB__ -MMD -MP -MF"ros_lib/MODSERIAL/Device/MODSERIAL_NUCLEO_F401RE.d" -MT"ros_lib/MODSERIAL/Device/MODSERIAL_NUCLEO_F401RE.o" -MT"ros_lib/MODSERIAL/Device/MODSERIAL_NUCLEO_F401RE.d" -o "ros_lib/MODSERIAL/Device/MODSERIAL_NUCLEO_F401RE.o" "../ros_lib/MODSERIAL/Device/MODSERIAL_NUCLEO_F401RE.cpp"
Finished building: ../ros_lib/MODSERIAL/Device/MODSERIAL_NUCLEO_F401RE.cpp
 
Building file: ../ros_lib/MODSERIAL/Device/MODSERIAL_PAC_F401RB.cpp
Invoking: MCU C++ Compiler
arm-none-eabi-c++ -D__NEWLIB__ -D__CODE_RED -DCPP_USE_HEAP -DTARGET_LPC1768 -DTARGET_M3 -DTARGET_CORTEX_M -DTARGET_NXP -DTARGET_LPC176X -DTARGET_MBED_LPC1768 -DTOOLCHAIN_GCC_CR -DTOOLCHAIN_GCC -D__CORTEX_M3 -DARM_MATH_CM3 -DMBED_BUILD_TIMESTAMP=1439154380.89 -D__MBED__=1 -I"C:\Users\Joseph\Desktop\MIT\Lab\Fish\git6\softroboticfish6\mbed_withROS\LPCExpress\robotic_fish_6" -I"C:\Users\Joseph\Desktop\MIT\Lab\Fish\git6\softroboticfish6\mbed_withROS\LPCExpress\robotic_fish_6\ros_lib\MODSERIAL\Device" -I"C:\Users\Joseph\Desktop\MIT\Lab\Fish\git6\softroboticfish6\mbed_withROS\LPCExpress\robotic_fish_6\ros_lib\MODSERIAL" -I"C:\Users\Joseph\Desktop\MIT\Lab\Fish\git6\softroboticfish6\mbed_withROS\LPCExpress\robotic_fish_6\ros_lib" -I"C:\Users\Joseph\Desktop\MIT\Lab\Fish\git6\softroboticfish6\mbed_withROS\LPCExpress\robotic_fish_6\Servo" -I"C:\Users\Joseph\Desktop\MIT\Lab\Fish\git6\softroboticfish6\mbed_withROS\LPCExpress\robotic_fish_6\mbed" -I"C:\Users\Joseph\Desktop\MIT\Lab\Fish\git6\softroboticfish6\mbed_withROS\LPCExpress\robotic_fish_6\mbed\TARGET_LPC1768" -I"C:\Users\Joseph\Desktop\MIT\Lab\Fish\git6\softroboticfish6\mbed_withROS\LPCExpress\robotic_fish_6\mbed\TARGET_LPC1768\TOOLCHAIN_GCC_CR" -I"C:\Users\Joseph\Desktop\MIT\Lab\Fish\git6\softroboticfish6\mbed_withROS\LPCExpress\robotic_fish_6\mbed\TARGET_LPC1768\TARGET_NXP" -I"C:\Users\Joseph\Desktop\MIT\Lab\Fish\git6\softroboticfish6\mbed_withROS\LPCExpress\robotic_fish_6\mbed\TARGET_LPC1768\TARGET_NXP\TARGET_LPC176X" -I"C:\Users\Joseph\Desktop\MIT\Lab\Fish\git6\softroboticfish6\mbed_withROS\LPCExpress\robotic_fish_6\mbed\TARGET_LPC1768\TARGET_NXP\TARGET_LPC176X\TARGET_MBED_LPC1768" -I"C:\Users\Joseph\Desktop\MIT\Lab\Fish\git6\softroboticfish6\mbed_withROS\LPCExpress\robotic_fish_6\BrushlessMotor" -I"C:\Users\Joseph\Desktop\MIT\Lab\Fish\git6\softroboticfish6\mbed_withROS\LPCExpress\robotic_fish_6\MODDMA" -Os -Os -g -Wall -c -fmessage-length=0 -fno-builtin -ffunction-sections -fdata-sections -fno-exceptions -fno-rtti -mcpu=cortex-m3 -mthumb -D__NEWLIB__ -MMD -MP -MF"ros_lib/MODSERIAL/Device/MODSERIAL_PAC_F401RB.d" -MT"ros_lib/MODSERIAL/Device/MODSERIAL_PAC_F401RB.o" -MT"ros_lib/MODSERIAL/Device/MODSERIAL_PAC_F401RB.d" -o "ros_lib/MODSERIAL/Device/MODSERIAL_PAC_F401RB.o" "../ros_lib/MODSERIAL/Device/MODSERIAL_PAC_F401RB.cpp"
Finished building: ../ros_lib/MODSERIAL/Device/MODSERIAL_PAC_F401RB.cpp
 
Building file: ../ros_lib/MODSERIAL/ChangeLog.c
Invoking: MCU C Compiler
arm-none-eabi-gcc -D__NEWLIB__ -D__CODE_RED -DCPP_USE_HEAP -DTARGET_LPC1768 -DTARGET_M3 -DTARGET_CORTEX_M -DTARGET_NXP -DTARGET_LPC176X -DTARGET_MBED_LPC1768 -DTOOLCHAIN_GCC_CR -DTOOLCHAIN_GCC -D__CORTEX_M3 -DARM_MATH_CM3 -DMBED_BUILD_TIMESTAMP=1439154380.89 -D__MBED__=1 -Os -Os -g -Wall -c -fmessage-length=0 -fno-builtin -ffunction-sections -fdata-sections -fno-exceptions -fno-rtti -mcpu=cortex-m3 -mthumb -D__NEWLIB__ -MMD -MP -MF"ros_lib/MODSERIAL/ChangeLog.d" -MT"ros_lib/MODSERIAL/ChangeLog.o" -MT"ros_lib/MODSERIAL/ChangeLog.d" -o "ros_lib/MODSERIAL/ChangeLog.o" "../ros_lib/MODSERIAL/ChangeLog.c"
cc1.exe: warning: command line option '-fno-rtti' is valid for C++/ObjC++ but not for C
Finished building: ../ros_lib/MODSERIAL/ChangeLog.c
 
Building file: ../ros_lib/MODSERIAL/FLUSH.cpp
Invoking: MCU C++ Compiler
arm-none-eabi-c++ -D__NEWLIB__ -D__CODE_RED -DCPP_USE_HEAP -DTARGET_LPC1768 -DTARGET_M3 -DTARGET_CORTEX_M -DTARGET_NXP -DTARGET_LPC176X -DTARGET_MBED_LPC1768 -DTOOLCHAIN_GCC_CR -DTOOLCHAIN_GCC -D__CORTEX_M3 -DARM_MATH_CM3 -DMBED_BUILD_TIMESTAMP=1439154380.89 -D__MBED__=1 -I"C:\Users\Joseph\Desktop\MIT\Lab\Fish\git6\softroboticfish6\mbed_withROS\LPCExpress\robotic_fish_6" -I"C:\Users\Joseph\Desktop\MIT\Lab\Fish\git6\softroboticfish6\mbed_withROS\LPCExpress\robotic_fish_6\ros_lib\MODSERIAL\Device" -I"C:\Users\Joseph\Desktop\MIT\Lab\Fish\git6\softroboticfish6\mbed_withROS\LPCExpress\robotic_fish_6\ros_lib\MODSERIAL" -I"C:\Users\Joseph\Desktop\MIT\Lab\Fish\git6\softroboticfish6\mbed_withROS\LPCExpress\robotic_fish_6\ros_lib" -I"C:\Users\Joseph\Desktop\MIT\Lab\Fish\git6\softroboticfish6\mbed_withROS\LPCExpress\robotic_fish_6\Servo" -I"C:\Users\Joseph\Desktop\MIT\Lab\Fish\git6\softroboticfish6\mbed_withROS\LPCExpress\robotic_fish_6\mbed" -I"C:\Users\Joseph\Desktop\MIT\Lab\Fish\git6\softroboticfish6\mbed_withROS\LPCExpress\robotic_fish_6\mbed\TARGET_LPC1768" -I"C:\Users\Joseph\Desktop\MIT\Lab\Fish\git6\softroboticfish6\mbed_withROS\LPCExpress\robotic_fish_6\mbed\TARGET_LPC1768\TOOLCHAIN_GCC_CR" -I"C:\Users\Joseph\Desktop\MIT\Lab\Fish\git6\softroboticfish6\mbed_withROS\LPCExpress\robotic_fish_6\mbed\TARGET_LPC1768\TARGET_NXP" -I"C:\Users\Joseph\Desktop\MIT\Lab\Fish\git6\softroboticfish6\mbed_withROS\LPCExpress\robotic_fish_6\mbed\TARGET_LPC1768\TARGET_NXP\TARGET_LPC176X" -I"C:\Users\Joseph\Desktop\MIT\Lab\Fish\git6\softroboticfish6\mbed_withROS\LPCExpress\robotic_fish_6\mbed\TARGET_LPC1768\TARGET_NXP\TARGET_LPC176X\TARGET_MBED_LPC1768" -I"C:\Users\Joseph\Desktop\MIT\Lab\Fish\git6\softroboticfish6\mbed_withROS\LPCExpress\robotic_fish_6\BrushlessMotor" -I"C:\Users\Joseph\Desktop\MIT\Lab\Fish\git6\softroboticfish6\mbed_withROS\LPCExpress\robotic_fish_6\MODDMA" -Os -Os -g -Wall -c -fmessage-length=0 -fno-builtin -ffunction-sections -fdata-sections -fno-exceptions -fno-rtti -mcpu=cortex-m3 -mthumb -D__NEWLIB__ -MMD -MP -MF"ros_lib/MODSERIAL/FLUSH.d" -MT"ros_lib/MODSERIAL/FLUSH.o" -MT"ros_lib/MODSERIAL/FLUSH.d" -o "ros_lib/MODSERIAL/FLUSH.o" "../ros_lib/MODSERIAL/FLUSH.cpp"
Finished building: ../ros_lib/MODSERIAL/FLUSH.cpp
 
Building file: ../ros_lib/MODSERIAL/GETC.cpp
Invoking: MCU C++ Compiler
arm-none-eabi-c++ -D__NEWLIB__ -D__CODE_RED -DCPP_USE_HEAP -DTARGET_LPC1768 -DTARGET_M3 -DTARGET_CORTEX_M -DTARGET_NXP -DTARGET_LPC176X -DTARGET_MBED_LPC1768 -DTOOLCHAIN_GCC_CR -DTOOLCHAIN_GCC -D__CORTEX_M3 -DARM_MATH_CM3 -DMBED_BUILD_TIMESTAMP=1439154380.89 -D__MBED__=1 -I"C:\Users\Joseph\Desktop\MIT\Lab\Fish\git6\softroboticfish6\mbed_withROS\LPCExpress\robotic_fish_6" -I"C:\Users\Joseph\Desktop\MIT\Lab\Fish\git6\softroboticfish6\mbed_withROS\LPCExpress\robotic_fish_6\ros_lib\MODSERIAL\Device" -I"C:\Users\Joseph\Desktop\MIT\Lab\Fish\git6\softroboticfish6\mbed_withROS\LPCExpress\robotic_fish_6\ros_lib\MODSERIAL" -I"C:\Users\Joseph\Desktop\MIT\Lab\Fish\git6\softroboticfish6\mbed_withROS\LPCExpress\robotic_fish_6\ros_lib" -I"C:\Users\Joseph\Desktop\MIT\Lab\Fish\git6\softroboticfish6\mbed_withROS\LPCExpress\robotic_fish_6\Servo" -I"C:\Users\Joseph\Desktop\MIT\Lab\Fish\git6\softroboticfish6\mbed_withROS\LPCExpress\robotic_fish_6\mbed" -I"C:\Users\Joseph\Desktop\MIT\Lab\Fish\git6\softroboticfish6\mbed_withROS\LPCExpress\robotic_fish_6\mbed\TARGET_LPC1768" -I"C:\Users\Joseph\Desktop\MIT\Lab\Fish\git6\softroboticfish6\mbed_withROS\LPCExpress\robotic_fish_6\mbed\TARGET_LPC1768\TOOLCHAIN_GCC_CR" -I"C:\Users\Joseph\Desktop\MIT\Lab\Fish\git6\softroboticfish6\mbed_withROS\LPCExpress\robotic_fish_6\mbed\TARGET_LPC1768\TARGET_NXP" -I"C:\Users\Joseph\Desktop\MIT\Lab\Fish\git6\softroboticfish6\mbed_withROS\LPCExpress\robotic_fish_6\mbed\TARGET_LPC1768\TARGET_NXP\TARGET_LPC176X" -I"C:\Users\Joseph\Desktop\MIT\Lab\Fish\git6\softroboticfish6\mbed_withROS\LPCExpress\robotic_fish_6\mbed\TARGET_LPC1768\TARGET_NXP\TARGET_LPC176X\TARGET_MBED_LPC1768" -I"C:\Users\Joseph\Desktop\MIT\Lab\Fish\git6\softroboticfish6\mbed_withROS\LPCExpress\robotic_fish_6\BrushlessMotor" -I"C:\Users\Joseph\Desktop\MIT\Lab\Fish\git6\softroboticfish6\mbed_withROS\LPCExpress\robotic_fish_6\MODDMA" -Os -Os -g -Wall -c -fmessage-length=0 -fno-builtin -ffunction-sections -fdata-sections -fno-exceptions -fno-rtti -mcpu=cortex-m3 -mthumb -D__NEWLIB__ -MMD -MP -MF"ros_lib/MODSERIAL/GETC.d" -MT"ros_lib/MODSERIAL/GETC.o" -MT"ros_lib/MODSERIAL/GETC.d" -o "ros_lib/MODSERIAL/GETC.o" "../ros_lib/MODSERIAL/GETC.cpp"
Finished building: ../ros_lib/MODSERIAL/GETC.cpp
 
Building file: ../ros_lib/MODSERIAL/INIT.cpp
Invoking: MCU C++ Compiler
arm-none-eabi-c++ -D__NEWLIB__ -D__CODE_RED -DCPP_USE_HEAP -DTARGET_LPC1768 -DTARGET_M3 -DTARGET_CORTEX_M -DTARGET_NXP -DTARGET_LPC176X -DTARGET_MBED_LPC1768 -DTOOLCHAIN_GCC_CR -DTOOLCHAIN_GCC -D__CORTEX_M3 -DARM_MATH_CM3 -DMBED_BUILD_TIMESTAMP=1439154380.89 -D__MBED__=1 -I"C:\Users\Joseph\Desktop\MIT\Lab\Fish\git6\softroboticfish6\mbed_withROS\LPCExpress\robotic_fish_6" -I"C:\Users\Joseph\Desktop\MIT\Lab\Fish\git6\softroboticfish6\mbed_withROS\LPCExpress\robotic_fish_6\ros_lib\MODSERIAL\Device" -I"C:\Users\Joseph\Desktop\MIT\Lab\Fish\git6\softroboticfish6\mbed_withROS\LPCExpress\robotic_fish_6\ros_lib\MODSERIAL" -I"C:\Users\Joseph\Desktop\MIT\Lab\Fish\git6\softroboticfish6\mbed_withROS\LPCExpress\robotic_fish_6\ros_lib" -I"C:\Users\Joseph\Desktop\MIT\Lab\Fish\git6\softroboticfish6\mbed_withROS\LPCExpress\robotic_fish_6\Servo" -I"C:\Users\Joseph\Desktop\MIT\Lab\Fish\git6\softroboticfish6\mbed_withROS\LPCExpress\robotic_fish_6\mbed" -I"C:\Users\Joseph\Desktop\MIT\Lab\Fish\git6\softroboticfish6\mbed_withROS\LPCExpress\robotic_fish_6\mbed\TARGET_LPC1768" -I"C:\Users\Joseph\Desktop\MIT\Lab\Fish\git6\softroboticfish6\mbed_withROS\LPCExpress\robotic_fish_6\mbed\TARGET_LPC1768\TOOLCHAIN_GCC_CR" -I"C:\Users\Joseph\Desktop\MIT\Lab\Fish\git6\softroboticfish6\mbed_withROS\LPCExpress\robotic_fish_6\mbed\TARGET_LPC1768\TARGET_NXP" -I"C:\Users\Joseph\Desktop\MIT\Lab\Fish\git6\softroboticfish6\mbed_withROS\LPCExpress\robotic_fish_6\mbed\TARGET_LPC1768\TARGET_NXP\TARGET_LPC176X" -I"C:\Users\Joseph\Desktop\MIT\Lab\Fish\git6\softroboticfish6\mbed_withROS\LPCExpress\robotic_fish_6\mbed\TARGET_LPC1768\TARGET_NXP\TARGET_LPC176X\TARGET_MBED_LPC1768" -I"C:\Users\Joseph\Desktop\MIT\Lab\Fish\git6\softroboticfish6\mbed_withROS\LPCExpress\robotic_fish_6\BrushlessMotor" -I"C:\Users\Joseph\Desktop\MIT\Lab\Fish\git6\softroboticfish6\mbed_withROS\LPCExpress\robotic_fish_6\MODDMA" -Os -Os -g -Wall -c -fmessage-length=0 -fno-builtin -ffunction-sections -fdata-sections -fno-exceptions -fno-rtti -mcpu=cortex-m3 -mthumb -D__NEWLIB__ -MMD -MP -MF"ros_lib/MODSERIAL/INIT.d" -MT"ros_lib/MODSERIAL/INIT.o" -MT"ros_lib/MODSERIAL/INIT.d" -o "ros_lib/MODSERIAL/INIT.o" "../ros_lib/MODSERIAL/INIT.cpp"
Finished building: ../ros_lib/MODSERIAL/INIT.cpp
 
Building file: ../ros_lib/MODSERIAL/ISR_RX.cpp
Invoking: MCU C++ Compiler
arm-none-eabi-c++ -D__NEWLIB__ -D__CODE_RED -DCPP_USE_HEAP -DTARGET_LPC1768 -DTARGET_M3 -DTARGET_CORTEX_M -DTARGET_NXP -DTARGET_LPC176X -DTARGET_MBED_LPC1768 -DTOOLCHAIN_GCC_CR -DTOOLCHAIN_GCC -D__CORTEX_M3 -DARM_MATH_CM3 -DMBED_BUILD_TIMESTAMP=1439154380.89 -D__MBED__=1 -I"C:\Users\Joseph\Desktop\MIT\Lab\Fish\git6\softroboticfish6\mbed_withROS\LPCExpress\robotic_fish_6" -I"C:\Users\Joseph\Desktop\MIT\Lab\Fish\git6\softroboticfish6\mbed_withROS\LPCExpress\robotic_fish_6\ros_lib\MODSERIAL\Device" -I"C:\Users\Joseph\Desktop\MIT\Lab\Fish\git6\softroboticfish6\mbed_withROS\LPCExpress\robotic_fish_6\ros_lib\MODSERIAL" -I"C:\Users\Joseph\Desktop\MIT\Lab\Fish\git6\softroboticfish6\mbed_withROS\LPCExpress\robotic_fish_6\ros_lib" -I"C:\Users\Joseph\Desktop\MIT\Lab\Fish\git6\softroboticfish6\mbed_withROS\LPCExpress\robotic_fish_6\Servo" -I"C:\Users\Joseph\Desktop\MIT\Lab\Fish\git6\softroboticfish6\mbed_withROS\LPCExpress\robotic_fish_6\mbed" -I"C:\Users\Joseph\Desktop\MIT\Lab\Fish\git6\softroboticfish6\mbed_withROS\LPCExpress\robotic_fish_6\mbed\TARGET_LPC1768" -I"C:\Users\Joseph\Desktop\MIT\Lab\Fish\git6\softroboticfish6\mbed_withROS\LPCExpress\robotic_fish_6\mbed\TARGET_LPC1768\TOOLCHAIN_GCC_CR" -I"C:\Users\Joseph\Desktop\MIT\Lab\Fish\git6\softroboticfish6\mbed_withROS\LPCExpress\robotic_fish_6\mbed\TARGET_LPC1768\TARGET_NXP" -I"C:\Users\Joseph\Desktop\MIT\Lab\Fish\git6\softroboticfish6\mbed_withROS\LPCExpress\robotic_fish_6\mbed\TARGET_LPC1768\TARGET_NXP\TARGET_LPC176X" -I"C:\Users\Joseph\Desktop\MIT\Lab\Fish\git6\softroboticfish6\mbed_withROS\LPCExpress\robotic_fish_6\mbed\TARGET_LPC1768\TARGET_NXP\TARGET_LPC176X\TARGET_MBED_LPC1768" -I"C:\Users\Joseph\Desktop\MIT\Lab\Fish\git6\softroboticfish6\mbed_withROS\LPCExpress\robotic_fish_6\BrushlessMotor" -I"C:\Users\Joseph\Desktop\MIT\Lab\Fish\git6\softroboticfish6\mbed_withROS\LPCExpress\robotic_fish_6\MODDMA" -Os -Os -g -Wall -c -fmessage-length=0 -fno-builtin -ffunction-sections -fdata-sections -fno-exceptions -fno-rtti -mcpu=cortex-m3 -mthumb -D__NEWLIB__ -MMD -MP -MF"ros_lib/MODSERIAL/ISR_RX.d" -MT"ros_lib/MODSERIAL/ISR_RX.o" -MT"ros_lib/MODSERIAL/ISR_RX.d" -o "ros_lib/MODSERIAL/ISR_RX.o" "../ros_lib/MODSERIAL/ISR_RX.cpp"
Finished building: ../ros_lib/MODSERIAL/ISR_RX.cpp
 
Building file: ../ros_lib/MODSERIAL/ISR_TX.cpp
Invoking: MCU C++ Compiler
arm-none-eabi-c++ -D__NEWLIB__ -D__CODE_RED -DCPP_USE_HEAP -DTARGET_LPC1768 -DTARGET_M3 -DTARGET_CORTEX_M -DTARGET_NXP -DTARGET_LPC176X -DTARGET_MBED_LPC1768 -DTOOLCHAIN_GCC_CR -DTOOLCHAIN_GCC -D__CORTEX_M3 -DARM_MATH_CM3 -DMBED_BUILD_TIMESTAMP=1439154380.89 -D__MBED__=1 -I"C:\Users\Joseph\Desktop\MIT\Lab\Fish\git6\softroboticfish6\mbed_withROS\LPCExpress\robotic_fish_6" -I"C:\Users\Joseph\Desktop\MIT\Lab\Fish\git6\softroboticfish6\mbed_withROS\LPCExpress\robotic_fish_6\ros_lib\MODSERIAL\Device" -I"C:\Users\Joseph\Desktop\MIT\Lab\Fish\git6\softroboticfish6\mbed_withROS\LPCExpress\robotic_fish_6\ros_lib\MODSERIAL" -I"C:\Users\Joseph\Desktop\MIT\Lab\Fish\git6\softroboticfish6\mbed_withROS\LPCExpress\robotic_fish_6\ros_lib" -I"C:\Users\Joseph\Desktop\MIT\Lab\Fish\git6\softroboticfish6\mbed_withROS\LPCExpress\robotic_fish_6\Servo" -I"C:\Users\Joseph\Desktop\MIT\Lab\Fish\git6\softroboticfish6\mbed_withROS\LPCExpress\robotic_fish_6\mbed" -I"C:\Users\Joseph\Desktop\MIT\Lab\Fish\git6\softroboticfish6\mbed_withROS\LPCExpress\robotic_fish_6\mbed\TARGET_LPC1768" -I"C:\Users\Joseph\Desktop\MIT\Lab\Fish\git6\softroboticfish6\mbed_withROS\LPCExpress\robotic_fish_6\mbed\TARGET_LPC1768\TOOLCHAIN_GCC_CR" -I"C:\Users\Joseph\Desktop\MIT\Lab\Fish\git6\softroboticfish6\mbed_withROS\LPCExpress\robotic_fish_6\mbed\TARGET_LPC1768\TARGET_NXP" -I"C:\Users\Joseph\Desktop\MIT\Lab\Fish\git6\softroboticfish6\mbed_withROS\LPCExpress\robotic_fish_6\mbed\TARGET_LPC1768\TARGET_NXP\TARGET_LPC176X" -I"C:\Users\Joseph\Desktop\MIT\Lab\Fish\git6\softroboticfish6\mbed_withROS\LPCExpress\robotic_fish_6\mbed\TARGET_LPC1768\TARGET_NXP\TARGET_LPC176X\TARGET_MBED_LPC1768" -I"C:\Users\Joseph\Desktop\MIT\Lab\Fish\git6\softroboticfish6\mbed_withROS\LPCExpress\robotic_fish_6\BrushlessMotor" -I"C:\Users\Joseph\Desktop\MIT\Lab\Fish\git6\softroboticfish6\mbed_withROS\LPCExpress\robotic_fish_6\MODDMA" -Os -Os -g -Wall -c -fmessage-length=0 -fno-builtin -ffunction-sections -fdata-sections -fno-exceptions -fno-rtti -mcpu=cortex-m3 -mthumb -D__NEWLIB__ -MMD -MP -MF"ros_lib/MODSERIAL/ISR_TX.d" -MT"ros_lib/MODSERIAL/ISR_TX.o" -MT"ros_lib/MODSERIAL/ISR_TX.d" -o "ros_lib/MODSERIAL/ISR_TX.o" "../ros_lib/MODSERIAL/ISR_TX.cpp"
Finished building: ../ros_lib/MODSERIAL/ISR_TX.cpp
 
Building file: ../ros_lib/MODSERIAL/MODSERIAL.cpp
Invoking: MCU C++ Compiler
arm-none-eabi-c++ -D__NEWLIB__ -D__CODE_RED -DCPP_USE_HEAP -DTARGET_LPC1768 -DTARGET_M3 -DTARGET_CORTEX_M -DTARGET_NXP -DTARGET_LPC176X -DTARGET_MBED_LPC1768 -DTOOLCHAIN_GCC_CR -DTOOLCHAIN_GCC -D__CORTEX_M3 -DARM_MATH_CM3 -DMBED_BUILD_TIMESTAMP=1439154380.89 -D__MBED__=1 -I"C:\Users\Joseph\Desktop\MIT\Lab\Fish\git6\softroboticfish6\mbed_withROS\LPCExpress\robotic_fish_6" -I"C:\Users\Joseph\Desktop\MIT\Lab\Fish\git6\softroboticfish6\mbed_withROS\LPCExpress\robotic_fish_6\ros_lib\MODSERIAL\Device" -I"C:\Users\Joseph\Desktop\MIT\Lab\Fish\git6\softroboticfish6\mbed_withROS\LPCExpress\robotic_fish_6\ros_lib\MODSERIAL" -I"C:\Users\Joseph\Desktop\MIT\Lab\Fish\git6\softroboticfish6\mbed_withROS\LPCExpress\robotic_fish_6\ros_lib" -I"C:\Users\Joseph\Desktop\MIT\Lab\Fish\git6\softroboticfish6\mbed_withROS\LPCExpress\robotic_fish_6\Servo" -I"C:\Users\Joseph\Desktop\MIT\Lab\Fish\git6\softroboticfish6\mbed_withROS\LPCExpress\robotic_fish_6\mbed" -I"C:\Users\Joseph\Desktop\MIT\Lab\Fish\git6\softroboticfish6\mbed_withROS\LPCExpress\robotic_fish_6\mbed\TARGET_LPC1768" -I"C:\Users\Joseph\Desktop\MIT\Lab\Fish\git6\softroboticfish6\mbed_withROS\LPCExpress\robotic_fish_6\mbed\TARGET_LPC1768\TOOLCHAIN_GCC_CR" -I"C:\Users\Joseph\Desktop\MIT\Lab\Fish\git6\softroboticfish6\mbed_withROS\LPCExpress\robotic_fish_6\mbed\TARGET_LPC1768\TARGET_NXP" -I"C:\Users\Joseph\Desktop\MIT\Lab\Fish\git6\softroboticfish6\mbed_withROS\LPCExpress\robotic_fish_6\mbed\TARGET_LPC1768\TARGET_NXP\TARGET_LPC176X" -I"C:\Users\Joseph\Desktop\MIT\Lab\Fish\git6\softroboticfish6\mbed_withROS\LPCExpress\robotic_fish_6\mbed\TARGET_LPC1768\TARGET_NXP\TARGET_LPC176X\TARGET_MBED_LPC1768" -I"C:\Users\Joseph\Desktop\MIT\Lab\Fish\git6\softroboticfish6\mbed_withROS\LPCExpress\robotic_fish_6\BrushlessMotor" -I"C:\Users\Joseph\Desktop\MIT\Lab\Fish\git6\softroboticfish6\mbed_withROS\LPCExpress\robotic_fish_6\MODDMA" -Os -Os -g -Wall -c -fmessage-length=0 -fno-builtin -ffunction-sections -fdata-sections -fno-exceptions -fno-rtti -mcpu=cortex-m3 -mthumb -D__NEWLIB__ -MMD -MP -MF"ros_lib/MODSERIAL/MODSERIAL.d" -MT"ros_lib/MODSERIAL/MODSERIAL.o" -MT"ros_lib/MODSERIAL/MODSERIAL.d" -o "ros_lib/MODSERIAL/MODSERIAL.o" "../ros_lib/MODSERIAL/MODSERIAL.cpp"
Finished building: ../ros_lib/MODSERIAL/MODSERIAL.cpp
 
Building file: ../ros_lib/MODSERIAL/MODSERIAL_IRQ_INFO.cpp
Invoking: MCU C++ Compiler
arm-none-eabi-c++ -D__NEWLIB__ -D__CODE_RED -DCPP_USE_HEAP -DTARGET_LPC1768 -DTARGET_M3 -DTARGET_CORTEX_M -DTARGET_NXP -DTARGET_LPC176X -DTARGET_MBED_LPC1768 -DTOOLCHAIN_GCC_CR -DTOOLCHAIN_GCC -D__CORTEX_M3 -DARM_MATH_CM3 -DMBED_BUILD_TIMESTAMP=1439154380.89 -D__MBED__=1 -I"C:\Users\Joseph\Desktop\MIT\Lab\Fish\git6\softroboticfish6\mbed_withROS\LPCExpress\robotic_fish_6" -I"C:\Users\Joseph\Desktop\MIT\Lab\Fish\git6\softroboticfish6\mbed_withROS\LPCExpress\robotic_fish_6\ros_lib\MODSERIAL\Device" -I"C:\Users\Joseph\Desktop\MIT\Lab\Fish\git6\softroboticfish6\mbed_withROS\LPCExpress\robotic_fish_6\ros_lib\MODSERIAL" -I"C:\Users\Joseph\Desktop\MIT\Lab\Fish\git6\softroboticfish6\mbed_withROS\LPCExpress\robotic_fish_6\ros_lib" -I"C:\Users\Joseph\Desktop\MIT\Lab\Fish\git6\softroboticfish6\mbed_withROS\LPCExpress\robotic_fish_6\Servo" -I"C:\Users\Joseph\Desktop\MIT\Lab\Fish\git6\softroboticfish6\mbed_withROS\LPCExpress\robotic_fish_6\mbed" -I"C:\Users\Joseph\Desktop\MIT\Lab\Fish\git6\softroboticfish6\mbed_withROS\LPCExpress\robotic_fish_6\mbed\TARGET_LPC1768" -I"C:\Users\Joseph\Desktop\MIT\Lab\Fish\git6\softroboticfish6\mbed_withROS\LPCExpress\robotic_fish_6\mbed\TARGET_LPC1768\TOOLCHAIN_GCC_CR" -I"C:\Users\Joseph\Desktop\MIT\Lab\Fish\git6\softroboticfish6\mbed_withROS\LPCExpress\robotic_fish_6\mbed\TARGET_LPC1768\TARGET_NXP" -I"C:\Users\Joseph\Desktop\MIT\Lab\Fish\git6\softroboticfish6\mbed_withROS\LPCExpress\robotic_fish_6\mbed\TARGET_LPC1768\TARGET_NXP\TARGET_LPC176X" -I"C:\Users\Joseph\Desktop\MIT\Lab\Fish\git6\softroboticfish6\mbed_withROS\LPCExpress\robotic_fish_6\mbed\TARGET_LPC1768\TARGET_NXP\TARGET_LPC176X\TARGET_MBED_LPC1768" -I"C:\Users\Joseph\Desktop\MIT\Lab\Fish\git6\softroboticfish6\mbed_withROS\LPCExpress\robotic_fish_6\BrushlessMotor" -I"C:\Users\Joseph\Desktop\MIT\Lab\Fish\git6\softroboticfish6\mbed_withROS\LPCExpress\robotic_fish_6\MODDMA" -Os -Os -g -Wall -c -fmessage-length=0 -fno-builtin -ffunction-sections -fdata-sections -fno-exceptions -fno-rtti -mcpu=cortex-m3 -mthumb -D__NEWLIB__ -MMD -MP -MF"ros_lib/MODSERIAL/MODSERIAL_IRQ_INFO.d" -MT"ros_lib/MODSERIAL/MODSERIAL_IRQ_INFO.o" -MT"ros_lib/MODSERIAL/MODSERIAL_IRQ_INFO.d" -o "ros_lib/MODSERIAL/MODSERIAL_IRQ_INFO.o" "../ros_lib/MODSERIAL/MODSERIAL_IRQ_INFO.cpp"
Finished building: ../ros_lib/MODSERIAL/MODSERIAL_IRQ_INFO.cpp
 
Building file: ../ros_lib/MODSERIAL/PUTC.cpp
Invoking: MCU C++ Compiler
arm-none-eabi-c++ -D__NEWLIB__ -D__CODE_RED -DCPP_USE_HEAP -DTARGET_LPC1768 -DTARGET_M3 -DTARGET_CORTEX_M -DTARGET_NXP -DTARGET_LPC176X -DTARGET_MBED_LPC1768 -DTOOLCHAIN_GCC_CR -DTOOLCHAIN_GCC -D__CORTEX_M3 -DARM_MATH_CM3 -DMBED_BUILD_TIMESTAMP=1439154380.89 -D__MBED__=1 -I"C:\Users\Joseph\Desktop\MIT\Lab\Fish\git6\softroboticfish6\mbed_withROS\LPCExpress\robotic_fish_6" -I"C:\Users\Joseph\Desktop\MIT\Lab\Fish\git6\softroboticfish6\mbed_withROS\LPCExpress\robotic_fish_6\ros_lib\MODSERIAL\Device" -I"C:\Users\Joseph\Desktop\MIT\Lab\Fish\git6\softroboticfish6\mbed_withROS\LPCExpress\robotic_fish_6\ros_lib\MODSERIAL" -I"C:\Users\Joseph\Desktop\MIT\Lab\Fish\git6\softroboticfish6\mbed_withROS\LPCExpress\robotic_fish_6\ros_lib" -I"C:\Users\Joseph\Desktop\MIT\Lab\Fish\git6\softroboticfish6\mbed_withROS\LPCExpress\robotic_fish_6\Servo" -I"C:\Users\Joseph\Desktop\MIT\Lab\Fish\git6\softroboticfish6\mbed_withROS\LPCExpress\robotic_fish_6\mbed" -I"C:\Users\Joseph\Desktop\MIT\Lab\Fish\git6\softroboticfish6\mbed_withROS\LPCExpress\robotic_fish_6\mbed\TARGET_LPC1768" -I"C:\Users\Joseph\Desktop\MIT\Lab\Fish\git6\softroboticfish6\mbed_withROS\LPCExpress\robotic_fish_6\mbed\TARGET_LPC1768\TOOLCHAIN_GCC_CR" -I"C:\Users\Joseph\Desktop\MIT\Lab\Fish\git6\softroboticfish6\mbed_withROS\LPCExpress\robotic_fish_6\mbed\TARGET_LPC1768\TARGET_NXP" -I"C:\Users\Joseph\Desktop\MIT\Lab\Fish\git6\softroboticfish6\mbed_withROS\LPCExpress\robotic_fish_6\mbed\TARGET_LPC1768\TARGET_NXP\TARGET_LPC176X" -I"C:\Users\Joseph\Desktop\MIT\Lab\Fish\git6\softroboticfish6\mbed_withROS\LPCExpress\robotic_fish_6\mbed\TARGET_LPC1768\TARGET_NXP\TARGET_LPC176X\TARGET_MBED_LPC1768" -I"C:\Users\Joseph\Desktop\MIT\Lab\Fish\git6\softroboticfish6\mbed_withROS\LPCExpress\robotic_fish_6\BrushlessMotor" -I"C:\Users\Joseph\Desktop\MIT\Lab\Fish\git6\softroboticfish6\mbed_withROS\LPCExpress\robotic_fish_6\MODDMA" -Os -Os -g -Wall -c -fmessage-length=0 -fno-builtin -ffunction-sections -fdata-sections -fno-exceptions -fno-rtti -mcpu=cortex-m3 -mthumb -D__NEWLIB__ -MMD -MP -MF"ros_lib/MODSERIAL/PUTC.d" -MT"ros_lib/MODSERIAL/PUTC.o" -MT"ros_lib/MODSERIAL/PUTC.d" -o "ros_lib/MODSERIAL/PUTC.o" "../ros_lib/MODSERIAL/PUTC.cpp"
Finished building: ../ros_lib/MODSERIAL/PUTC.cpp
 
Building file: ../ros_lib/MODSERIAL/RESIZE.cpp
Invoking: MCU C++ Compiler
arm-none-eabi-c++ -D__NEWLIB__ -D__CODE_RED -DCPP_USE_HEAP -DTARGET_LPC1768 -DTARGET_M3 -DTARGET_CORTEX_M -DTARGET_NXP -DTARGET_LPC176X -DTARGET_MBED_LPC1768 -DTOOLCHAIN_GCC_CR -DTOOLCHAIN_GCC -D__CORTEX_M3 -DARM_MATH_CM3 -DMBED_BUILD_TIMESTAMP=1439154380.89 -D__MBED__=1 -I"C:\Users\Joseph\Desktop\MIT\Lab\Fish\git6\softroboticfish6\mbed_withROS\LPCExpress\robotic_fish_6" -I"C:\Users\Joseph\Desktop\MIT\Lab\Fish\git6\softroboticfish6\mbed_withROS\LPCExpress\robotic_fish_6\ros_lib\MODSERIAL\Device" -I"C:\Users\Joseph\Desktop\MIT\Lab\Fish\git6\softroboticfish6\mbed_withROS\LPCExpress\robotic_fish_6\ros_lib\MODSERIAL" -I"C:\Users\Joseph\Desktop\MIT\Lab\Fish\git6\softroboticfish6\mbed_withROS\LPCExpress\robotic_fish_6\ros_lib" -I"C:\Users\Joseph\Desktop\MIT\Lab\Fish\git6\softroboticfish6\mbed_withROS\LPCExpress\robotic_fish_6\Servo" -I"C:\Users\Joseph\Desktop\MIT\Lab\Fish\git6\softroboticfish6\mbed_withROS\LPCExpress\robotic_fish_6\mbed" -I"C:\Users\Joseph\Desktop\MIT\Lab\Fish\git6\softroboticfish6\mbed_withROS\LPCExpress\robotic_fish_6\mbed\TARGET_LPC1768" -I"C:\Users\Joseph\Desktop\MIT\Lab\Fish\git6\softroboticfish6\mbed_withROS\LPCExpress\robotic_fish_6\mbed\TARGET_LPC1768\TOOLCHAIN_GCC_CR" -I"C:\Users\Joseph\Desktop\MIT\Lab\Fish\git6\softroboticfish6\mbed_withROS\LPCExpress\robotic_fish_6\mbed\TARGET_LPC1768\TARGET_NXP" -I"C:\Users\Joseph\Desktop\MIT\Lab\Fish\git6\softroboticfish6\mbed_withROS\LPCExpress\robotic_fish_6\mbed\TARGET_LPC1768\TARGET_NXP\TARGET_LPC176X" -I"C:\Users\Joseph\Desktop\MIT\Lab\Fish\git6\softroboticfish6\mbed_withROS\LPCExpress\robotic_fish_6\mbed\TARGET_LPC1768\TARGET_NXP\TARGET_LPC176X\TARGET_MBED_LPC1768" -I"C:\Users\Joseph\Desktop\MIT\Lab\Fish\git6\softroboticfish6\mbed_withROS\LPCExpress\robotic_fish_6\BrushlessMotor" -I"C:\Users\Joseph\Desktop\MIT\Lab\Fish\git6\softroboticfish6\mbed_withROS\LPCExpress\robotic_fish_6\MODDMA" -Os -Os -g -Wall -c -fmessage-length=0 -fno-builtin -ffunction-sections -fdata-sections -fno-exceptions -fno-rtti -mcpu=cortex-m3 -mthumb -D__NEWLIB__ -MMD -MP -MF"ros_lib/MODSERIAL/RESIZE.d" -MT"ros_lib/MODSERIAL/RESIZE.o" -MT"ros_lib/MODSERIAL/RESIZE.d" -o "ros_lib/MODSERIAL/RESIZE.o" "../ros_lib/MODSERIAL/RESIZE.cpp"
Finished building: ../ros_lib/MODSERIAL/RESIZE.cpp
 
Building file: ../ros_lib/MODSERIAL/example1.cpp
Invoking: MCU C++ Compiler
arm-none-eabi-c++ -D__NEWLIB__ -D__CODE_RED -DCPP_USE_HEAP -DTARGET_LPC1768 -DTARGET_M3 -DTARGET_CORTEX_M -DTARGET_NXP -DTARGET_LPC176X -DTARGET_MBED_LPC1768 -DTOOLCHAIN_GCC_CR -DTOOLCHAIN_GCC -D__CORTEX_M3 -DARM_MATH_CM3 -DMBED_BUILD_TIMESTAMP=1439154380.89 -D__MBED__=1 -I"C:\Users\Joseph\Desktop\MIT\Lab\Fish\git6\softroboticfish6\mbed_withROS\LPCExpress\robotic_fish_6" -I"C:\Users\Joseph\Desktop\MIT\Lab\Fish\git6\softroboticfish6\mbed_withROS\LPCExpress\robotic_fish_6\ros_lib\MODSERIAL\Device" -I"C:\Users\Joseph\Desktop\MIT\Lab\Fish\git6\softroboticfish6\mbed_withROS\LPCExpress\robotic_fish_6\ros_lib\MODSERIAL" -I"C:\Users\Joseph\Desktop\MIT\Lab\Fish\git6\softroboticfish6\mbed_withROS\LPCExpress\robotic_fish_6\ros_lib" -I"C:\Users\Joseph\Desktop\MIT\Lab\Fish\git6\softroboticfish6\mbed_withROS\LPCExpress\robotic_fish_6\Servo" -I"C:\Users\Joseph\Desktop\MIT\Lab\Fish\git6\softroboticfish6\mbed_withROS\LPCExpress\robotic_fish_6\mbed" -I"C:\Users\Joseph\Desktop\MIT\Lab\Fish\git6\softroboticfish6\mbed_withROS\LPCExpress\robotic_fish_6\mbed\TARGET_LPC1768" -I"C:\Users\Joseph\Desktop\MIT\Lab\Fish\git6\softroboticfish6\mbed_withROS\LPCExpress\robotic_fish_6\mbed\TARGET_LPC1768\TOOLCHAIN_GCC_CR" -I"C:\Users\Joseph\Desktop\MIT\Lab\Fish\git6\softroboticfish6\mbed_withROS\LPCExpress\robotic_fish_6\mbed\TARGET_LPC1768\TARGET_NXP" -I"C:\Users\Joseph\Desktop\MIT\Lab\Fish\git6\softroboticfish6\mbed_withROS\LPCExpress\robotic_fish_6\mbed\TARGET_LPC1768\TARGET_NXP\TARGET_LPC176X" -I"C:\Users\Joseph\Desktop\MIT\Lab\Fish\git6\softroboticfish6\mbed_withROS\LPCExpress\robotic_fish_6\mbed\TARGET_LPC1768\TARGET_NXP\TARGET_LPC176X\TARGET_MBED_LPC1768" -I"C:\Users\Joseph\Desktop\MIT\Lab\Fish\git6\softroboticfish6\mbed_withROS\LPCExpress\robotic_fish_6\BrushlessMotor" -I"C:\Users\Joseph\Desktop\MIT\Lab\Fish\git6\softroboticfish6\mbed_withROS\LPCExpress\robotic_fish_6\MODDMA" -Os -Os -g -Wall -c -fmessage-length=0 -fno-builtin -ffunction-sections -fdata-sections -fno-exceptions -fno-rtti -mcpu=cortex-m3 -mthumb -D__NEWLIB__ -MMD -MP -MF"ros_lib/MODSERIAL/example1.d" -MT"ros_lib/MODSERIAL/example1.o" -MT"ros_lib/MODSERIAL/example1.d" -o "ros_lib/MODSERIAL/example1.o" "../ros_lib/MODSERIAL/example1.cpp"
Finished building: ../ros_lib/MODSERIAL/example1.cpp
 
Building file: ../ros_lib/MODSERIAL/example2.cpp
Invoking: MCU C++ Compiler
arm-none-eabi-c++ -D__NEWLIB__ -D__CODE_RED -DCPP_USE_HEAP -DTARGET_LPC1768 -DTARGET_M3 -DTARGET_CORTEX_M -DTARGET_NXP -DTARGET_LPC176X -DTARGET_MBED_LPC1768 -DTOOLCHAIN_GCC_CR -DTOOLCHAIN_GCC -D__CORTEX_M3 -DARM_MATH_CM3 -DMBED_BUILD_TIMESTAMP=1439154380.89 -D__MBED__=1 -I"C:\Users\Joseph\Desktop\MIT\Lab\Fish\git6\softroboticfish6\mbed_withROS\LPCExpress\robotic_fish_6" -I"C:\Users\Joseph\Desktop\MIT\Lab\Fish\git6\softroboticfish6\mbed_withROS\LPCExpress\robotic_fish_6\ros_lib\MODSERIAL\Device" -I"C:\Users\Joseph\Desktop\MIT\Lab\Fish\git6\softroboticfish6\mbed_withROS\LPCExpress\robotic_fish_6\ros_lib\MODSERIAL" -I"C:\Users\Joseph\Desktop\MIT\Lab\Fish\git6\softroboticfish6\mbed_withROS\LPCExpress\robotic_fish_6\ros_lib" -I"C:\Users\Joseph\Desktop\MIT\Lab\Fish\git6\softroboticfish6\mbed_withROS\LPCExpress\robotic_fish_6\Servo" -I"C:\Users\Joseph\Desktop\MIT\Lab\Fish\git6\softroboticfish6\mbed_withROS\LPCExpress\robotic_fish_6\mbed" -I"C:\Users\Joseph\Desktop\MIT\Lab\Fish\git6\softroboticfish6\mbed_withROS\LPCExpress\robotic_fish_6\mbed\TARGET_LPC1768" -I"C:\Users\Joseph\Desktop\MIT\Lab\Fish\git6\softroboticfish6\mbed_withROS\LPCExpress\robotic_fish_6\mbed\TARGET_LPC1768\TOOLCHAIN_GCC_CR" -I"C:\Users\Joseph\Desktop\MIT\Lab\Fish\git6\softroboticfish6\mbed_withROS\LPCExpress\robotic_fish_6\mbed\TARGET_LPC1768\TARGET_NXP" -I"C:\Users\Joseph\Desktop\MIT\Lab\Fish\git6\softroboticfish6\mbed_withROS\LPCExpress\robotic_fish_6\mbed\TARGET_LPC1768\TARGET_NXP\TARGET_LPC176X" -I"C:\Users\Joseph\Desktop\MIT\Lab\Fish\git6\softroboticfish6\mbed_withROS\LPCExpress\robotic_fish_6\mbed\TARGET_LPC1768\TARGET_NXP\TARGET_LPC176X\TARGET_MBED_LPC1768" -I"C:\Users\Joseph\Desktop\MIT\Lab\Fish\git6\softroboticfish6\mbed_withROS\LPCExpress\robotic_fish_6\BrushlessMotor" -I"C:\Users\Joseph\Desktop\MIT\Lab\Fish\git6\softroboticfish6\mbed_withROS\LPCExpress\robotic_fish_6\MODDMA" -Os -Os -g -Wall -c -fmessage-length=0 -fno-builtin -ffunction-sections -fdata-sections -fno-exceptions -fno-rtti -mcpu=cortex-m3 -mthumb -D__NEWLIB__ -MMD -MP -MF"ros_lib/MODSERIAL/example2.d" -MT"ros_lib/MODSERIAL/example2.o" -MT"ros_lib/MODSERIAL/example2.d" -o "ros_lib/MODSERIAL/example2.o" "../ros_lib/MODSERIAL/example2.cpp"
Finished building: ../ros_lib/MODSERIAL/example2.cpp
 
Building file: ../ros_lib/MODSERIAL/example3a.cpp
Invoking: MCU C++ Compiler
arm-none-eabi-c++ -D__NEWLIB__ -D__CODE_RED -DCPP_USE_HEAP -DTARGET_LPC1768 -DTARGET_M3 -DTARGET_CORTEX_M -DTARGET_NXP -DTARGET_LPC176X -DTARGET_MBED_LPC1768 -DTOOLCHAIN_GCC_CR -DTOOLCHAIN_GCC -D__CORTEX_M3 -DARM_MATH_CM3 -DMBED_BUILD_TIMESTAMP=1439154380.89 -D__MBED__=1 -I"C:\Users\Joseph\Desktop\MIT\Lab\Fish\git6\softroboticfish6\mbed_withROS\LPCExpress\robotic_fish_6" -I"C:\Users\Joseph\Desktop\MIT\Lab\Fish\git6\softroboticfish6\mbed_withROS\LPCExpress\robotic_fish_6\ros_lib\MODSERIAL\Device" -I"C:\Users\Joseph\Desktop\MIT\Lab\Fish\git6\softroboticfish6\mbed_withROS\LPCExpress\robotic_fish_6\ros_lib\MODSERIAL" -I"C:\Users\Joseph\Desktop\MIT\Lab\Fish\git6\softroboticfish6\mbed_withROS\LPCExpress\robotic_fish_6\ros_lib" -I"C:\Users\Joseph\Desktop\MIT\Lab\Fish\git6\softroboticfish6\mbed_withROS\LPCExpress\robotic_fish_6\Servo" -I"C:\Users\Joseph\Desktop\MIT\Lab\Fish\git6\softroboticfish6\mbed_withROS\LPCExpress\robotic_fish_6\mbed" -I"C:\Users\Joseph\Desktop\MIT\Lab\Fish\git6\softroboticfish6\mbed_withROS\LPCExpress\robotic_fish_6\mbed\TARGET_LPC1768" -I"C:\Users\Joseph\Desktop\MIT\Lab\Fish\git6\softroboticfish6\mbed_withROS\LPCExpress\robotic_fish_6\mbed\TARGET_LPC1768\TOOLCHAIN_GCC_CR" -I"C:\Users\Joseph\Desktop\MIT\Lab\Fish\git6\softroboticfish6\mbed_withROS\LPCExpress\robotic_fish_6\mbed\TARGET_LPC1768\TARGET_NXP" -I"C:\Users\Joseph\Desktop\MIT\Lab\Fish\git6\softroboticfish6\mbed_withROS\LPCExpress\robotic_fish_6\mbed\TARGET_LPC1768\TARGET_NXP\TARGET_LPC176X" -I"C:\Users\Joseph\Desktop\MIT\Lab\Fish\git6\softroboticfish6\mbed_withROS\LPCExpress\robotic_fish_6\mbed\TARGET_LPC1768\TARGET_NXP\TARGET_LPC176X\TARGET_MBED_LPC1768" -I"C:\Users\Joseph\Desktop\MIT\Lab\Fish\git6\softroboticfish6\mbed_withROS\LPCExpress\robotic_fish_6\BrushlessMotor" -I"C:\Users\Joseph\Desktop\MIT\Lab\Fish\git6\softroboticfish6\mbed_withROS\LPCExpress\robotic_fish_6\MODDMA" -Os -Os -g -Wall -c -fmessage-length=0 -fno-builtin -ffunction-sections -fdata-sections -fno-exceptions -fno-rtti -mcpu=cortex-m3 -mthumb -D__NEWLIB__ -MMD -MP -MF"ros_lib/MODSERIAL/example3a.d" -MT"ros_lib/MODSERIAL/example3a.o" -MT"ros_lib/MODSERIAL/example3a.d" -o "ros_lib/MODSERIAL/example3a.o" "../ros_lib/MODSERIAL/example3a.cpp"
Finished building: ../ros_lib/MODSERIAL/example3a.cpp
 
Building file: ../ros_lib/MODSERIAL/example3b.cpp
Invoking: MCU C++ Compiler
arm-none-eabi-c++ -D__NEWLIB__ -D__CODE_RED -DCPP_USE_HEAP -DTARGET_LPC1768 -DTARGET_M3 -DTARGET_CORTEX_M -DTARGET_NXP -DTARGET_LPC176X -DTARGET_MBED_LPC1768 -DTOOLCHAIN_GCC_CR -DTOOLCHAIN_GCC -D__CORTEX_M3 -DARM_MATH_CM3 -DMBED_BUILD_TIMESTAMP=1439154380.89 -D__MBED__=1 -I"C:\Users\Joseph\Desktop\MIT\Lab\Fish\git6\softroboticfish6\mbed_withROS\LPCExpress\robotic_fish_6" -I"C:\Users\Joseph\Desktop\MIT\Lab\Fish\git6\softroboticfish6\mbed_withROS\LPCExpress\robotic_fish_6\ros_lib\MODSERIAL\Device" -I"C:\Users\Joseph\Desktop\MIT\Lab\Fish\git6\softroboticfish6\mbed_withROS\LPCExpress\robotic_fish_6\ros_lib\MODSERIAL" -I"C:\Users\Joseph\Desktop\MIT\Lab\Fish\git6\softroboticfish6\mbed_withROS\LPCExpress\robotic_fish_6\ros_lib" -I"C:\Users\Joseph\Desktop\MIT\Lab\Fish\git6\softroboticfish6\mbed_withROS\LPCExpress\robotic_fish_6\Servo" -I"C:\Users\Joseph\Desktop\MIT\Lab\Fish\git6\softroboticfish6\mbed_withROS\LPCExpress\robotic_fish_6\mbed" -I"C:\Users\Joseph\Desktop\MIT\Lab\Fish\git6\softroboticfish6\mbed_withROS\LPCExpress\robotic_fish_6\mbed\TARGET_LPC1768" -I"C:\Users\Joseph\Desktop\MIT\Lab\Fish\git6\softroboticfish6\mbed_withROS\LPCExpress\robotic_fish_6\mbed\TARGET_LPC1768\TOOLCHAIN_GCC_CR" -I"C:\Users\Joseph\Desktop\MIT\Lab\Fish\git6\softroboticfish6\mbed_withROS\LPCExpress\robotic_fish_6\mbed\TARGET_LPC1768\TARGET_NXP" -I"C:\Users\Joseph\Desktop\MIT\Lab\Fish\git6\softroboticfish6\mbed_withROS\LPCExpress\robotic_fish_6\mbed\TARGET_LPC1768\TARGET_NXP\TARGET_LPC176X" -I"C:\Users\Joseph\Desktop\MIT\Lab\Fish\git6\softroboticfish6\mbed_withROS\LPCExpress\robotic_fish_6\mbed\TARGET_LPC1768\TARGET_NXP\TARGET_LPC176X\TARGET_MBED_LPC1768" -I"C:\Users\Joseph\Desktop\MIT\Lab\Fish\git6\softroboticfish6\mbed_withROS\LPCExpress\robotic_fish_6\BrushlessMotor" -I"C:\Users\Joseph\Desktop\MIT\Lab\Fish\git6\softroboticfish6\mbed_withROS\LPCExpress\robotic_fish_6\MODDMA" -Os -Os -g -Wall -c -fmessage-length=0 -fno-builtin -ffunction-sections -fdata-sections -fno-exceptions -fno-rtti -mcpu=cortex-m3 -mthumb -D__NEWLIB__ -MMD -MP -MF"ros_lib/MODSERIAL/example3b.d" -MT"ros_lib/MODSERIAL/example3b.o" -MT"ros_lib/MODSERIAL/example3b.d" -o "ros_lib/MODSERIAL/example3b.o" "../ros_lib/MODSERIAL/example3b.cpp"
Finished building: ../ros_lib/MODSERIAL/example3b.cpp
 
Building file: ../ros_lib/duration.cpp
Invoking: MCU C++ Compiler
arm-none-eabi-c++ -D__NEWLIB__ -D__CODE_RED -DCPP_USE_HEAP -DTARGET_LPC1768 -DTARGET_M3 -DTARGET_CORTEX_M -DTARGET_NXP -DTARGET_LPC176X -DTARGET_MBED_LPC1768 -DTOOLCHAIN_GCC_CR -DTOOLCHAIN_GCC -D__CORTEX_M3 -DARM_MATH_CM3 -DMBED_BUILD_TIMESTAMP=1439154380.89 -D__MBED__=1 -I"C:\Users\Joseph\Desktop\MIT\Lab\Fish\git6\softroboticfish6\mbed_withROS\LPCExpress\robotic_fish_6" -I"C:\Users\Joseph\Desktop\MIT\Lab\Fish\git6\softroboticfish6\mbed_withROS\LPCExpress\robotic_fish_6\ros_lib\MODSERIAL\Device" -I"C:\Users\Joseph\Desktop\MIT\Lab\Fish\git6\softroboticfish6\mbed_withROS\LPCExpress\robotic_fish_6\ros_lib\MODSERIAL" -I"C:\Users\Joseph\Desktop\MIT\Lab\Fish\git6\softroboticfish6\mbed_withROS\LPCExpress\robotic_fish_6\ros_lib" -I"C:\Users\Joseph\Desktop\MIT\Lab\Fish\git6\softroboticfish6\mbed_withROS\LPCExpress\robotic_fish_6\Servo" -I"C:\Users\Joseph\Desktop\MIT\Lab\Fish\git6\softroboticfish6\mbed_withROS\LPCExpress\robotic_fish_6\mbed" -I"C:\Users\Joseph\Desktop\MIT\Lab\Fish\git6\softroboticfish6\mbed_withROS\LPCExpress\robotic_fish_6\mbed\TARGET_LPC1768" -I"C:\Users\Joseph\Desktop\MIT\Lab\Fish\git6\softroboticfish6\mbed_withROS\LPCExpress\robotic_fish_6\mbed\TARGET_LPC1768\TOOLCHAIN_GCC_CR" -I"C:\Users\Joseph\Desktop\MIT\Lab\Fish\git6\softroboticfish6\mbed_withROS\LPCExpress\robotic_fish_6\mbed\TARGET_LPC1768\TARGET_NXP" -I"C:\Users\Joseph\Desktop\MIT\Lab\Fish\git6\softroboticfish6\mbed_withROS\LPCExpress\robotic_fish_6\mbed\TARGET_LPC1768\TARGET_NXP\TARGET_LPC176X" -I"C:\Users\Joseph\Desktop\MIT\Lab\Fish\git6\softroboticfish6\mbed_withROS\LPCExpress\robotic_fish_6\mbed\TARGET_LPC1768\TARGET_NXP\TARGET_LPC176X\TARGET_MBED_LPC1768" -I"C:\Users\Joseph\Desktop\MIT\Lab\Fish\git6\softroboticfish6\mbed_withROS\LPCExpress\robotic_fish_6\BrushlessMotor" -I"C:\Users\Joseph\Desktop\MIT\Lab\Fish\git6\softroboticfish6\mbed_withROS\LPCExpress\robotic_fish_6\MODDMA" -Os -Os -g -Wall -c -fmessage-length=0 -fno-builtin -ffunction-sections -fdata-sections -fno-exceptions -fno-rtti -mcpu=cortex-m3 -mthumb -D__NEWLIB__ -MMD -MP -MF"ros_lib/duration.d" -MT"ros_lib/duration.o" -MT"ros_lib/duration.d" -o "ros_lib/duration.o" "../ros_lib/duration.cpp"
Finished building: ../ros_lib/duration.cpp
 
Building file: ../ros_lib/time.cpp
Invoking: MCU C++ Compiler
arm-none-eabi-c++ -D__NEWLIB__ -D__CODE_RED -DCPP_USE_HEAP -DTARGET_LPC1768 -DTARGET_M3 -DTARGET_CORTEX_M -DTARGET_NXP -DTARGET_LPC176X -DTARGET_MBED_LPC1768 -DTOOLCHAIN_GCC_CR -DTOOLCHAIN_GCC -D__CORTEX_M3 -DARM_MATH_CM3 -DMBED_BUILD_TIMESTAMP=1439154380.89 -D__MBED__=1 -I"C:\Users\Joseph\Desktop\MIT\Lab\Fish\git6\softroboticfish6\mbed_withROS\LPCExpress\robotic_fish_6" -I"C:\Users\Joseph\Desktop\MIT\Lab\Fish\git6\softroboticfish6\mbed_withROS\LPCExpress\robotic_fish_6\ros_lib\MODSERIAL\Device" -I"C:\Users\Joseph\Desktop\MIT\Lab\Fish\git6\softroboticfish6\mbed_withROS\LPCExpress\robotic_fish_6\ros_lib\MODSERIAL" -I"C:\Users\Joseph\Desktop\MIT\Lab\Fish\git6\softroboticfish6\mbed_withROS\LPCExpress\robotic_fish_6\ros_lib" -I"C:\Users\Joseph\Desktop\MIT\Lab\Fish\git6\softroboticfish6\mbed_withROS\LPCExpress\robotic_fish_6\Servo" -I"C:\Users\Joseph\Desktop\MIT\Lab\Fish\git6\softroboticfish6\mbed_withROS\LPCExpress\robotic_fish_6\mbed" -I"C:\Users\Joseph\Desktop\MIT\Lab\Fish\git6\softroboticfish6\mbed_withROS\LPCExpress\robotic_fish_6\mbed\TARGET_LPC1768" -I"C:\Users\Joseph\Desktop\MIT\Lab\Fish\git6\softroboticfish6\mbed_withROS\LPCExpress\robotic_fish_6\mbed\TARGET_LPC1768\TOOLCHAIN_GCC_CR" -I"C:\Users\Joseph\Desktop\MIT\Lab\Fish\git6\softroboticfish6\mbed_withROS\LPCExpress\robotic_fish_6\mbed\TARGET_LPC1768\TARGET_NXP" -I"C:\Users\Joseph\Desktop\MIT\Lab\Fish\git6\softroboticfish6\mbed_withROS\LPCExpress\robotic_fish_6\mbed\TARGET_LPC1768\TARGET_NXP\TARGET_LPC176X" -I"C:\Users\Joseph\Desktop\MIT\Lab\Fish\git6\softroboticfish6\mbed_withROS\LPCExpress\robotic_fish_6\mbed\TARGET_LPC1768\TARGET_NXP\TARGET_LPC176X\TARGET_MBED_LPC1768" -I"C:\Users\Joseph\Desktop\MIT\Lab\Fish\git6\softroboticfish6\mbed_withROS\LPCExpress\robotic_fish_6\BrushlessMotor" -I"C:\Users\Joseph\Desktop\MIT\Lab\Fish\git6\softroboticfish6\mbed_withROS\LPCExpress\robotic_fish_6\MODDMA" -Os -Os -g -Wall -c -fmessage-length=0 -fno-builtin -ffunction-sections -fdata-sections -fno-exceptions -fno-rtti -mcpu=cortex-m3 -mthumb -D__NEWLIB__ -MMD -MP -MF"ros_lib/time.d" -MT"ros_lib/time.o" -MT"ros_lib/time.d" -o "ros_lib/time.o" "../ros_lib/time.cpp"
Finished building: ../ros_lib/time.cpp
 
Building file: ../Servo/Servo.cpp
Invoking: MCU C++ Compiler
arm-none-eabi-c++ -D__NEWLIB__ -D__CODE_RED -DCPP_USE_HEAP -DTARGET_LPC1768 -DTARGET_M3 -DTARGET_CORTEX_M -DTARGET_NXP -DTARGET_LPC176X -DTARGET_MBED_LPC1768 -DTOOLCHAIN_GCC_CR -DTOOLCHAIN_GCC -D__CORTEX_M3 -DARM_MATH_CM3 -DMBED_BUILD_TIMESTAMP=1439154380.89 -D__MBED__=1 -I"C:\Users\Joseph\Desktop\MIT\Lab\Fish\git6\softroboticfish6\mbed_withROS\LPCExpress\robotic_fish_6" -I"C:\Users\Joseph\Desktop\MIT\Lab\Fish\git6\softroboticfish6\mbed_withROS\LPCExpress\robotic_fish_6\ros_lib\MODSERIAL\Device" -I"C:\Users\Joseph\Desktop\MIT\Lab\Fish\git6\softroboticfish6\mbed_withROS\LPCExpress\robotic_fish_6\ros_lib\MODSERIAL" -I"C:\Users\Joseph\Desktop\MIT\Lab\Fish\git6\softroboticfish6\mbed_withROS\LPCExpress\robotic_fish_6\ros_lib" -I"C:\Users\Joseph\Desktop\MIT\Lab\Fish\git6\softroboticfish6\mbed_withROS\LPCExpress\robotic_fish_6\Servo" -I"C:\Users\Joseph\Desktop\MIT\Lab\Fish\git6\softroboticfish6\mbed_withROS\LPCExpress\robotic_fish_6\mbed" -I"C:\Users\Joseph\Desktop\MIT\Lab\Fish\git6\softroboticfish6\mbed_withROS\LPCExpress\robotic_fish_6\mbed\TARGET_LPC1768" -I"C:\Users\Joseph\Desktop\MIT\Lab\Fish\git6\softroboticfish6\mbed_withROS\LPCExpress\robotic_fish_6\mbed\TARGET_LPC1768\TOOLCHAIN_GCC_CR" -I"C:\Users\Joseph\Desktop\MIT\Lab\Fish\git6\softroboticfish6\mbed_withROS\LPCExpress\robotic_fish_6\mbed\TARGET_LPC1768\TARGET_NXP" -I"C:\Users\Joseph\Desktop\MIT\Lab\Fish\git6\softroboticfish6\mbed_withROS\LPCExpress\robotic_fish_6\mbed\TARGET_LPC1768\TARGET_NXP\TARGET_LPC176X" -I"C:\Users\Joseph\Desktop\MIT\Lab\Fish\git6\softroboticfish6\mbed_withROS\LPCExpress\robotic_fish_6\mbed\TARGET_LPC1768\TARGET_NXP\TARGET_LPC176X\TARGET_MBED_LPC1768" -I"C:\Users\Joseph\Desktop\MIT\Lab\Fish\git6\softroboticfish6\mbed_withROS\LPCExpress\robotic_fish_6\BrushlessMotor" -I"C:\Users\Joseph\Desktop\MIT\Lab\Fish\git6\softroboticfish6\mbed_withROS\LPCExpress\robotic_fish_6\MODDMA" -Os -Os -g -Wall -c -fmessage-length=0 -fno-builtin -ffunction-sections -fdata-sections -fno-exceptions -fno-rtti -mcpu=cortex-m3 -mthumb -D__NEWLIB__ -MMD -MP -MF"Servo/Servo.d" -MT"Servo/Servo.o" -MT"Servo/Servo.d" -o "Servo/Servo.o" "../Servo/Servo.cpp"
Finished building: ../Servo/Servo.cpp
 
Building file: ../SerialControl/SerialController.cpp
Invoking: MCU C++ Compiler
arm-none-eabi-c++ -D__NEWLIB__ -D__CODE_RED -DCPP_USE_HEAP -DTARGET_LPC1768 -DTARGET_M3 -DTARGET_CORTEX_M -DTARGET_NXP -DTARGET_LPC176X -DTARGET_MBED_LPC1768 -DTOOLCHAIN_GCC_CR -DTOOLCHAIN_GCC -D__CORTEX_M3 -DARM_MATH_CM3 -DMBED_BUILD_TIMESTAMP=1439154380.89 -D__MBED__=1 -I"C:\Users\Joseph\Desktop\MIT\Lab\Fish\git6\softroboticfish6\mbed_withROS\LPCExpress\robotic_fish_6" -I"C:\Users\Joseph\Desktop\MIT\Lab\Fish\git6\softroboticfish6\mbed_withROS\LPCExpress\robotic_fish_6\ros_lib\MODSERIAL\Device" -I"C:\Users\Joseph\Desktop\MIT\Lab\Fish\git6\softroboticfish6\mbed_withROS\LPCExpress\robotic_fish_6\ros_lib\MODSERIAL" -I"C:\Users\Joseph\Desktop\MIT\Lab\Fish\git6\softroboticfish6\mbed_withROS\LPCExpress\robotic_fish_6\ros_lib" -I"C:\Users\Joseph\Desktop\MIT\Lab\Fish\git6\softroboticfish6\mbed_withROS\LPCExpress\robotic_fish_6\Servo" -I"C:\Users\Joseph\Desktop\MIT\Lab\Fish\git6\softroboticfish6\mbed_withROS\LPCExpress\robotic_fish_6\mbed" -I"C:\Users\Joseph\Desktop\MIT\Lab\Fish\git6\softroboticfish6\mbed_withROS\LPCExpress\robotic_fish_6\mbed\TARGET_LPC1768" -I"C:\Users\Joseph\Desktop\MIT\Lab\Fish\git6\softroboticfish6\mbed_withROS\LPCExpress\robotic_fish_6\mbed\TARGET_LPC1768\TOOLCHAIN_GCC_CR" -I"C:\Users\Joseph\Desktop\MIT\Lab\Fish\git6\softroboticfish6\mbed_withROS\LPCExpress\robotic_fish_6\mbed\TARGET_LPC1768\TARGET_NXP" -I"C:\Users\Joseph\Desktop\MIT\Lab\Fish\git6\softroboticfish6\mbed_withROS\LPCExpress\robotic_fish_6\mbed\TARGET_LPC1768\TARGET_NXP\TARGET_LPC176X" -I"C:\Users\Joseph\Desktop\MIT\Lab\Fish\git6\softroboticfish6\mbed_withROS\LPCExpress\robotic_fish_6\mbed\TARGET_LPC1768\TARGET_NXP\TARGET_LPC176X\TARGET_MBED_LPC1768" -I"C:\Users\Joseph\Desktop\MIT\Lab\Fish\git6\softroboticfish6\mbed_withROS\LPCExpress\robotic_fish_6\BrushlessMotor" -I"C:\Users\Joseph\Desktop\MIT\Lab\Fish\git6\softroboticfish6\mbed_withROS\LPCExpress\robotic_fish_6\MODDMA" -Os -Os -g -Wall -c -fmessage-length=0 -fno-builtin -ffunction-sections -fdata-sections -fno-exceptions -fno-rtti -mcpu=cortex-m3 -mthumb -D__NEWLIB__ -MMD -MP -MF"SerialControl/SerialController.d" -MT"SerialControl/SerialController.o" -MT"SerialControl/SerialController.d" -o "SerialControl/SerialController.o" "../SerialControl/SerialController.cpp"
Finished building: ../SerialControl/SerialController.cpp
 
Building file: ../ROSControl/ROSController.cpp
Invoking: MCU C++ Compiler
arm-none-eabi-c++ -D__NEWLIB__ -D__CODE_RED -DCPP_USE_HEAP -DTARGET_LPC1768 -DTARGET_M3 -DTARGET_CORTEX_M -DTARGET_NXP -DTARGET_LPC176X -DTARGET_MBED_LPC1768 -DTOOLCHAIN_GCC_CR -DTOOLCHAIN_GCC -D__CORTEX_M3 -DARM_MATH_CM3 -DMBED_BUILD_TIMESTAMP=1439154380.89 -D__MBED__=1 -I"C:\Users\Joseph\Desktop\MIT\Lab\Fish\git6\softroboticfish6\mbed_withROS\LPCExpress\robotic_fish_6" -I"C:\Users\Joseph\Desktop\MIT\Lab\Fish\git6\softroboticfish6\mbed_withROS\LPCExpress\robotic_fish_6\ros_lib\MODSERIAL\Device" -I"C:\Users\Joseph\Desktop\MIT\Lab\Fish\git6\softroboticfish6\mbed_withROS\LPCExpress\robotic_fish_6\ros_lib\MODSERIAL" -I"C:\Users\Joseph\Desktop\MIT\Lab\Fish\git6\softroboticfish6\mbed_withROS\LPCExpress\robotic_fish_6\ros_lib" -I"C:\Users\Joseph\Desktop\MIT\Lab\Fish\git6\softroboticfish6\mbed_withROS\LPCExpress\robotic_fish_6\Servo" -I"C:\Users\Joseph\Desktop\MIT\Lab\Fish\git6\softroboticfish6\mbed_withROS\LPCExpress\robotic_fish_6\mbed" -I"C:\Users\Joseph\Desktop\MIT\Lab\Fish\git6\softroboticfish6\mbed_withROS\LPCExpress\robotic_fish_6\mbed\TARGET_LPC1768" -I"C:\Users\Joseph\Desktop\MIT\Lab\Fish\git6\softroboticfish6\mbed_withROS\LPCExpress\robotic_fish_6\mbed\TARGET_LPC1768\TOOLCHAIN_GCC_CR" -I"C:\Users\Joseph\Desktop\MIT\Lab\Fish\git6\softroboticfish6\mbed_withROS\LPCExpress\robotic_fish_6\mbed\TARGET_LPC1768\TARGET_NXP" -I"C:\Users\Joseph\Desktop\MIT\Lab\Fish\git6\softroboticfish6\mbed_withROS\LPCExpress\robotic_fish_6\mbed\TARGET_LPC1768\TARGET_NXP\TARGET_LPC176X" -I"C:\Users\Joseph\Desktop\MIT\Lab\Fish\git6\softroboticfish6\mbed_withROS\LPCExpress\robotic_fish_6\mbed\TARGET_LPC1768\TARGET_NXP\TARGET_LPC176X\TARGET_MBED_LPC1768" -I"C:\Users\Joseph\Desktop\MIT\Lab\Fish\git6\softroboticfish6\mbed_withROS\LPCExpress\robotic_fish_6\BrushlessMotor" -I"C:\Users\Joseph\Desktop\MIT\Lab\Fish\git6\softroboticfish6\mbed_withROS\LPCExpress\robotic_fish_6\MODDMA" -Os -Os -g -Wall -c -fmessage-length=0 -fno-builtin -ffunction-sections -fdata-sections -fno-exceptions -fno-rtti -mcpu=cortex-m3 -mthumb -D__NEWLIB__ -MMD -MP -MF"ROSControl/ROSController.d" -MT"ROSControl/ROSController.o" -MT"ROSControl/ROSController.d" -o "ROSControl/ROSController.o" "../ROSControl/ROSController.cpp"
Finished building: ../ROSControl/ROSController.cpp
 
Building file: ../MODDMA/ChangeLog.c
Invoking: MCU C Compiler
arm-none-eabi-gcc -D__NEWLIB__ -D__CODE_RED -DCPP_USE_HEAP -DTARGET_LPC1768 -DTARGET_M3 -DTARGET_CORTEX_M -DTARGET_NXP -DTARGET_LPC176X -DTARGET_MBED_LPC1768 -DTOOLCHAIN_GCC_CR -DTOOLCHAIN_GCC -D__CORTEX_M3 -DARM_MATH_CM3 -DMBED_BUILD_TIMESTAMP=1439154380.89 -D__MBED__=1 -Os -Os -g -Wall -c -fmessage-length=0 -fno-builtin -ffunction-sections -fdata-sections -fno-exceptions -fno-rtti -mcpu=cortex-m3 -mthumb -D__NEWLIB__ -MMD -MP -MF"MODDMA/ChangeLog.d" -MT"MODDMA/ChangeLog.o" -MT"MODDMA/ChangeLog.d" -o "MODDMA/ChangeLog.o" "../MODDMA/ChangeLog.c"
cc1.exe: warning: command line option '-fno-rtti' is valid for C++/ObjC++ but not for C
Finished building: ../MODDMA/ChangeLog.c
 
Building file: ../MODDMA/DATALUTS.cpp
Invoking: MCU C++ Compiler
arm-none-eabi-c++ -D__NEWLIB__ -D__CODE_RED -DCPP_USE_HEAP -DTARGET_LPC1768 -DTARGET_M3 -DTARGET_CORTEX_M -DTARGET_NXP -DTARGET_LPC176X -DTARGET_MBED_LPC1768 -DTOOLCHAIN_GCC_CR -DTOOLCHAIN_GCC -D__CORTEX_M3 -DARM_MATH_CM3 -DMBED_BUILD_TIMESTAMP=1439154380.89 -D__MBED__=1 -I"C:\Users\Joseph\Desktop\MIT\Lab\Fish\git6\softroboticfish6\mbed_withROS\LPCExpress\robotic_fish_6" -I"C:\Users\Joseph\Desktop\MIT\Lab\Fish\git6\softroboticfish6\mbed_withROS\LPCExpress\robotic_fish_6\ros_lib\MODSERIAL\Device" -I"C:\Users\Joseph\Desktop\MIT\Lab\Fish\git6\softroboticfish6\mbed_withROS\LPCExpress\robotic_fish_6\ros_lib\MODSERIAL" -I"C:\Users\Joseph\Desktop\MIT\Lab\Fish\git6\softroboticfish6\mbed_withROS\LPCExpress\robotic_fish_6\ros_lib" -I"C:\Users\Joseph\Desktop\MIT\Lab\Fish\git6\softroboticfish6\mbed_withROS\LPCExpress\robotic_fish_6\Servo" -I"C:\Users\Joseph\Desktop\MIT\Lab\Fish\git6\softroboticfish6\mbed_withROS\LPCExpress\robotic_fish_6\mbed" -I"C:\Users\Joseph\Desktop\MIT\Lab\Fish\git6\softroboticfish6\mbed_withROS\LPCExpress\robotic_fish_6\mbed\TARGET_LPC1768" -I"C:\Users\Joseph\Desktop\MIT\Lab\Fish\git6\softroboticfish6\mbed_withROS\LPCExpress\robotic_fish_6\mbed\TARGET_LPC1768\TOOLCHAIN_GCC_CR" -I"C:\Users\Joseph\Desktop\MIT\Lab\Fish\git6\softroboticfish6\mbed_withROS\LPCExpress\robotic_fish_6\mbed\TARGET_LPC1768\TARGET_NXP" -I"C:\Users\Joseph\Desktop\MIT\Lab\Fish\git6\softroboticfish6\mbed_withROS\LPCExpress\robotic_fish_6\mbed\TARGET_LPC1768\TARGET_NXP\TARGET_LPC176X" -I"C:\Users\Joseph\Desktop\MIT\Lab\Fish\git6\softroboticfish6\mbed_withROS\LPCExpress\robotic_fish_6\mbed\TARGET_LPC1768\TARGET_NXP\TARGET_LPC176X\TARGET_MBED_LPC1768" -I"C:\Users\Joseph\Desktop\MIT\Lab\Fish\git6\softroboticfish6\mbed_withROS\LPCExpress\robotic_fish_6\BrushlessMotor" -I"C:\Users\Joseph\Desktop\MIT\Lab\Fish\git6\softroboticfish6\mbed_withROS\LPCExpress\robotic_fish_6\MODDMA" -Os -Os -g -Wall -c -fmessage-length=0 -fno-builtin -ffunction-sections -fdata-sections -fno-exceptions -fno-rtti -mcpu=cortex-m3 -mthumb -D__NEWLIB__ -MMD -MP -MF"MODDMA/DATALUTS.d" -MT"MODDMA/DATALUTS.o" -MT"MODDMA/DATALUTS.d" -o "MODDMA/DATALUTS.o" "../MODDMA/DATALUTS.cpp"
Finished building: ../MODDMA/DATALUTS.cpp
 
Building file: ../MODDMA/INIT.cpp
Invoking: MCU C++ Compiler
arm-none-eabi-c++ -D__NEWLIB__ -D__CODE_RED -DCPP_USE_HEAP -DTARGET_LPC1768 -DTARGET_M3 -DTARGET_CORTEX_M -DTARGET_NXP -DTARGET_LPC176X -DTARGET_MBED_LPC1768 -DTOOLCHAIN_GCC_CR -DTOOLCHAIN_GCC -D__CORTEX_M3 -DARM_MATH_CM3 -DMBED_BUILD_TIMESTAMP=1439154380.89 -D__MBED__=1 -I"C:\Users\Joseph\Desktop\MIT\Lab\Fish\git6\softroboticfish6\mbed_withROS\LPCExpress\robotic_fish_6" -I"C:\Users\Joseph\Desktop\MIT\Lab\Fish\git6\softroboticfish6\mbed_withROS\LPCExpress\robotic_fish_6\ros_lib\MODSERIAL\Device" -I"C:\Users\Joseph\Desktop\MIT\Lab\Fish\git6\softroboticfish6\mbed_withROS\LPCExpress\robotic_fish_6\ros_lib\MODSERIAL" -I"C:\Users\Joseph\Desktop\MIT\Lab\Fish\git6\softroboticfish6\mbed_withROS\LPCExpress\robotic_fish_6\ros_lib" -I"C:\Users\Joseph\Desktop\MIT\Lab\Fish\git6\softroboticfish6\mbed_withROS\LPCExpress\robotic_fish_6\Servo" -I"C:\Users\Joseph\Desktop\MIT\Lab\Fish\git6\softroboticfish6\mbed_withROS\LPCExpress\robotic_fish_6\mbed" -I"C:\Users\Joseph\Desktop\MIT\Lab\Fish\git6\softroboticfish6\mbed_withROS\LPCExpress\robotic_fish_6\mbed\TARGET_LPC1768" -I"C:\Users\Joseph\Desktop\MIT\Lab\Fish\git6\softroboticfish6\mbed_withROS\LPCExpress\robotic_fish_6\mbed\TARGET_LPC1768\TOOLCHAIN_GCC_CR" -I"C:\Users\Joseph\Desktop\MIT\Lab\Fish\git6\softroboticfish6\mbed_withROS\LPCExpress\robotic_fish_6\mbed\TARGET_LPC1768\TARGET_NXP" -I"C:\Users\Joseph\Desktop\MIT\Lab\Fish\git6\softroboticfish6\mbed_withROS\LPCExpress\robotic_fish_6\mbed\TARGET_LPC1768\TARGET_NXP\TARGET_LPC176X" -I"C:\Users\Joseph\Desktop\MIT\Lab\Fish\git6\softroboticfish6\mbed_withROS\LPCExpress\robotic_fish_6\mbed\TARGET_LPC1768\TARGET_NXP\TARGET_LPC176X\TARGET_MBED_LPC1768" -I"C:\Users\Joseph\Desktop\MIT\Lab\Fish\git6\softroboticfish6\mbed_withROS\LPCExpress\robotic_fish_6\BrushlessMotor" -I"C:\Users\Joseph\Desktop\MIT\Lab\Fish\git6\softroboticfish6\mbed_withROS\LPCExpress\robotic_fish_6\MODDMA" -Os -Os -g -Wall -c -fmessage-length=0 -fno-builtin -ffunction-sections -fdata-sections -fno-exceptions -fno-rtti -mcpu=cortex-m3 -mthumb -D__NEWLIB__ -MMD -MP -MF"MODDMA/INIT.d" -MT"MODDMA/INIT.o" -MT"MODDMA/INIT.d" -o "MODDMA/INIT.o" "../MODDMA/INIT.cpp"
Finished building: ../MODDMA/INIT.cpp
 
Building file: ../MODDMA/MODDMA.cpp
Invoking: MCU C++ Compiler
arm-none-eabi-c++ -D__NEWLIB__ -D__CODE_RED -DCPP_USE_HEAP -DTARGET_LPC1768 -DTARGET_M3 -DTARGET_CORTEX_M -DTARGET_NXP -DTARGET_LPC176X -DTARGET_MBED_LPC1768 -DTOOLCHAIN_GCC_CR -DTOOLCHAIN_GCC -D__CORTEX_M3 -DARM_MATH_CM3 -DMBED_BUILD_TIMESTAMP=1439154380.89 -D__MBED__=1 -I"C:\Users\Joseph\Desktop\MIT\Lab\Fish\git6\softroboticfish6\mbed_withROS\LPCExpress\robotic_fish_6" -I"C:\Users\Joseph\Desktop\MIT\Lab\Fish\git6\softroboticfish6\mbed_withROS\LPCExpress\robotic_fish_6\ros_lib\MODSERIAL\Device" -I"C:\Users\Joseph\Desktop\MIT\Lab\Fish\git6\softroboticfish6\mbed_withROS\LPCExpress\robotic_fish_6\ros_lib\MODSERIAL" -I"C:\Users\Joseph\Desktop\MIT\Lab\Fish\git6\softroboticfish6\mbed_withROS\LPCExpress\robotic_fish_6\ros_lib" -I"C:\Users\Joseph\Desktop\MIT\Lab\Fish\git6\softroboticfish6\mbed_withROS\LPCExpress\robotic_fish_6\Servo" -I"C:\Users\Joseph\Desktop\MIT\Lab\Fish\git6\softroboticfish6\mbed_withROS\LPCExpress\robotic_fish_6\mbed" -I"C:\Users\Joseph\Desktop\MIT\Lab\Fish\git6\softroboticfish6\mbed_withROS\LPCExpress\robotic_fish_6\mbed\TARGET_LPC1768" -I"C:\Users\Joseph\Desktop\MIT\Lab\Fish\git6\softroboticfish6\mbed_withROS\LPCExpress\robotic_fish_6\mbed\TARGET_LPC1768\TOOLCHAIN_GCC_CR" -I"C:\Users\Joseph\Desktop\MIT\Lab\Fish\git6\softroboticfish6\mbed_withROS\LPCExpress\robotic_fish_6\mbed\TARGET_LPC1768\TARGET_NXP" -I"C:\Users\Joseph\Desktop\MIT\Lab\Fish\git6\softroboticfish6\mbed_withROS\LPCExpress\robotic_fish_6\mbed\TARGET_LPC1768\TARGET_NXP\TARGET_LPC176X" -I"C:\Users\Joseph\Desktop\MIT\Lab\Fish\git6\softroboticfish6\mbed_withROS\LPCExpress\robotic_fish_6\mbed\TARGET_LPC1768\TARGET_NXP\TARGET_LPC176X\TARGET_MBED_LPC1768" -I"C:\Users\Joseph\Desktop\MIT\Lab\Fish\git6\softroboticfish6\mbed_withROS\LPCExpress\robotic_fish_6\BrushlessMotor" -I"C:\Users\Joseph\Desktop\MIT\Lab\Fish\git6\softroboticfish6\mbed_withROS\LPCExpress\robotic_fish_6\MODDMA" -Os -Os -g -Wall -c -fmessage-length=0 -fno-builtin -ffunction-sections -fdata-sections -fno-exceptions -fno-rtti -mcpu=cortex-m3 -mthumb -D__NEWLIB__ -MMD -MP -MF"MODDMA/MODDMA.d" -MT"MODDMA/MODDMA.o" -MT"MODDMA/MODDMA.d" -o "MODDMA/MODDMA.o" "../MODDMA/MODDMA.cpp"
Finished building: ../MODDMA/MODDMA.cpp
 
Building file: ../MODDMA/SETUP.cpp
Invoking: MCU C++ Compiler
arm-none-eabi-c++ -D__NEWLIB__ -D__CODE_RED -DCPP_USE_HEAP -DTARGET_LPC1768 -DTARGET_M3 -DTARGET_CORTEX_M -DTARGET_NXP -DTARGET_LPC176X -DTARGET_MBED_LPC1768 -DTOOLCHAIN_GCC_CR -DTOOLCHAIN_GCC -D__CORTEX_M3 -DARM_MATH_CM3 -DMBED_BUILD_TIMESTAMP=1439154380.89 -D__MBED__=1 -I"C:\Users\Joseph\Desktop\MIT\Lab\Fish\git6\softroboticfish6\mbed_withROS\LPCExpress\robotic_fish_6" -I"C:\Users\Joseph\Desktop\MIT\Lab\Fish\git6\softroboticfish6\mbed_withROS\LPCExpress\robotic_fish_6\ros_lib\MODSERIAL\Device" -I"C:\Users\Joseph\Desktop\MIT\Lab\Fish\git6\softroboticfish6\mbed_withROS\LPCExpress\robotic_fish_6\ros_lib\MODSERIAL" -I"C:\Users\Joseph\Desktop\MIT\Lab\Fish\git6\softroboticfish6\mbed_withROS\LPCExpress\robotic_fish_6\ros_lib" -I"C:\Users\Joseph\Desktop\MIT\Lab\Fish\git6\softroboticfish6\mbed_withROS\LPCExpress\robotic_fish_6\Servo" -I"C:\Users\Joseph\Desktop\MIT\Lab\Fish\git6\softroboticfish6\mbed_withROS\LPCExpress\robotic_fish_6\mbed" -I"C:\Users\Joseph\Desktop\MIT\Lab\Fish\git6\softroboticfish6\mbed_withROS\LPCExpress\robotic_fish_6\mbed\TARGET_LPC1768" -I"C:\Users\Joseph\Desktop\MIT\Lab\Fish\git6\softroboticfish6\mbed_withROS\LPCExpress\robotic_fish_6\mbed\TARGET_LPC1768\TOOLCHAIN_GCC_CR" -I"C:\Users\Joseph\Desktop\MIT\Lab\Fish\git6\softroboticfish6\mbed_withROS\LPCExpress\robotic_fish_6\mbed\TARGET_LPC1768\TARGET_NXP" -I"C:\Users\Joseph\Desktop\MIT\Lab\Fish\git6\softroboticfish6\mbed_withROS\LPCExpress\robotic_fish_6\mbed\TARGET_LPC1768\TARGET_NXP\TARGET_LPC176X" -I"C:\Users\Joseph\Desktop\MIT\Lab\Fish\git6\softroboticfish6\mbed_withROS\LPCExpress\robotic_fish_6\mbed\TARGET_LPC1768\TARGET_NXP\TARGET_LPC176X\TARGET_MBED_LPC1768" -I"C:\Users\Joseph\Desktop\MIT\Lab\Fish\git6\softroboticfish6\mbed_withROS\LPCExpress\robotic_fish_6\BrushlessMotor" -I"C:\Users\Joseph\Desktop\MIT\Lab\Fish\git6\softroboticfish6\mbed_withROS\LPCExpress\robotic_fish_6\MODDMA" -Os -Os -g -Wall -c -fmessage-length=0 -fno-builtin -ffunction-sections -fdata-sections -fno-exceptions -fno-rtti -mcpu=cortex-m3 -mthumb -D__NEWLIB__ -MMD -MP -MF"MODDMA/SETUP.d" -MT"MODDMA/SETUP.o" -MT"MODDMA/SETUP.d" -o "MODDMA/SETUP.o" "../MODDMA/SETUP.cpp"
Finished building: ../MODDMA/SETUP.cpp
 
Building file: ../BrushlessMotor/esc.cpp
Invoking: MCU C++ Compiler
arm-none-eabi-c++ -D__NEWLIB__ -D__CODE_RED -DCPP_USE_HEAP -DTARGET_LPC1768 -DTARGET_M3 -DTARGET_CORTEX_M -DTARGET_NXP -DTARGET_LPC176X -DTARGET_MBED_LPC1768 -DTOOLCHAIN_GCC_CR -DTOOLCHAIN_GCC -D__CORTEX_M3 -DARM_MATH_CM3 -DMBED_BUILD_TIMESTAMP=1439154380.89 -D__MBED__=1 -I"C:\Users\Joseph\Desktop\MIT\Lab\Fish\git6\softroboticfish6\mbed_withROS\LPCExpress\robotic_fish_6" -I"C:\Users\Joseph\Desktop\MIT\Lab\Fish\git6\softroboticfish6\mbed_withROS\LPCExpress\robotic_fish_6\ros_lib\MODSERIAL\Device" -I"C:\Users\Joseph\Desktop\MIT\Lab\Fish\git6\softroboticfish6\mbed_withROS\LPCExpress\robotic_fish_6\ros_lib\MODSERIAL" -I"C:\Users\Joseph\Desktop\MIT\Lab\Fish\git6\softroboticfish6\mbed_withROS\LPCExpress\robotic_fish_6\ros_lib" -I"C:\Users\Joseph\Desktop\MIT\Lab\Fish\git6\softroboticfish6\mbed_withROS\LPCExpress\robotic_fish_6\Servo" -I"C:\Users\Joseph\Desktop\MIT\Lab\Fish\git6\softroboticfish6\mbed_withROS\LPCExpress\robotic_fish_6\mbed" -I"C:\Users\Joseph\Desktop\MIT\Lab\Fish\git6\softroboticfish6\mbed_withROS\LPCExpress\robotic_fish_6\mbed\TARGET_LPC1768" -I"C:\Users\Joseph\Desktop\MIT\Lab\Fish\git6\softroboticfish6\mbed_withROS\LPCExpress\robotic_fish_6\mbed\TARGET_LPC1768\TOOLCHAIN_GCC_CR" -I"C:\Users\Joseph\Desktop\MIT\Lab\Fish\git6\softroboticfish6\mbed_withROS\LPCExpress\robotic_fish_6\mbed\TARGET_LPC1768\TARGET_NXP" -I"C:\Users\Joseph\Desktop\MIT\Lab\Fish\git6\softroboticfish6\mbed_withROS\LPCExpress\robotic_fish_6\mbed\TARGET_LPC1768\TARGET_NXP\TARGET_LPC176X" -I"C:\Users\Joseph\Desktop\MIT\Lab\Fish\git6\softroboticfish6\mbed_withROS\LPCExpress\robotic_fish_6\mbed\TARGET_LPC1768\TARGET_NXP\TARGET_LPC176X\TARGET_MBED_LPC1768" -I"C:\Users\Joseph\Desktop\MIT\Lab\Fish\git6\softroboticfish6\mbed_withROS\LPCExpress\robotic_fish_6\BrushlessMotor" -I"C:\Users\Joseph\Desktop\MIT\Lab\Fish\git6\softroboticfish6\mbed_withROS\LPCExpress\robotic_fish_6\MODDMA" -Os -Os -g -Wall -c -fmessage-length=0 -fno-builtin -ffunction-sections -fdata-sections -fno-exceptions -fno-rtti -mcpu=cortex-m3 -mthumb -D__NEWLIB__ -MMD -MP -MF"BrushlessMotor/esc.d" -MT"BrushlessMotor/esc.o" -MT"BrushlessMotor/esc.d" -o "BrushlessMotor/esc.o" "../BrushlessMotor/esc.cpp"
Finished building: ../BrushlessMotor/esc.cpp
 
Building file: ../AcousticControl/AcousticController.cpp
Invoking: MCU C++ Compiler
arm-none-eabi-c++ -D__NEWLIB__ -D__CODE_RED -DCPP_USE_HEAP -DTARGET_LPC1768 -DTARGET_M3 -DTARGET_CORTEX_M -DTARGET_NXP -DTARGET_LPC176X -DTARGET_MBED_LPC1768 -DTOOLCHAIN_GCC_CR -DTOOLCHAIN_GCC -D__CORTEX_M3 -DARM_MATH_CM3 -DMBED_BUILD_TIMESTAMP=1439154380.89 -D__MBED__=1 -I"C:\Users\Joseph\Desktop\MIT\Lab\Fish\git6\softroboticfish6\mbed_withROS\LPCExpress\robotic_fish_6" -I"C:\Users\Joseph\Desktop\MIT\Lab\Fish\git6\softroboticfish6\mbed_withROS\LPCExpress\robotic_fish_6\ros_lib\MODSERIAL\Device" -I"C:\Users\Joseph\Desktop\MIT\Lab\Fish\git6\softroboticfish6\mbed_withROS\LPCExpress\robotic_fish_6\ros_lib\MODSERIAL" -I"C:\Users\Joseph\Desktop\MIT\Lab\Fish\git6\softroboticfish6\mbed_withROS\LPCExpress\robotic_fish_6\ros_lib" -I"C:\Users\Joseph\Desktop\MIT\Lab\Fish\git6\softroboticfish6\mbed_withROS\LPCExpress\robotic_fish_6\Servo" -I"C:\Users\Joseph\Desktop\MIT\Lab\Fish\git6\softroboticfish6\mbed_withROS\LPCExpress\robotic_fish_6\mbed" -I"C:\Users\Joseph\Desktop\MIT\Lab\Fish\git6\softroboticfish6\mbed_withROS\LPCExpress\robotic_fish_6\mbed\TARGET_LPC1768" -I"C:\Users\Joseph\Desktop\MIT\Lab\Fish\git6\softroboticfish6\mbed_withROS\LPCExpress\robotic_fish_6\mbed\TARGET_LPC1768\TOOLCHAIN_GCC_CR" -I"C:\Users\Joseph\Desktop\MIT\Lab\Fish\git6\softroboticfish6\mbed_withROS\LPCExpress\robotic_fish_6\mbed\TARGET_LPC1768\TARGET_NXP" -I"C:\Users\Joseph\Desktop\MIT\Lab\Fish\git6\softroboticfish6\mbed_withROS\LPCExpress\robotic_fish_6\mbed\TARGET_LPC1768\TARGET_NXP\TARGET_LPC176X" -I"C:\Users\Joseph\Desktop\MIT\Lab\Fish\git6\softroboticfish6\mbed_withROS\LPCExpress\robotic_fish_6\mbed\TARGET_LPC1768\TARGET_NXP\TARGET_LPC176X\TARGET_MBED_LPC1768" -I"C:\Users\Joseph\Desktop\MIT\Lab\Fish\git6\softroboticfish6\mbed_withROS\LPCExpress\robotic_fish_6\BrushlessMotor" -I"C:\Users\Joseph\Desktop\MIT\Lab\Fish\git6\softroboticfish6\mbed_withROS\LPCExpress\robotic_fish_6\MODDMA" -Os -Os -g -Wall -c -fmessage-length=0 -fno-builtin -ffunction-sections -fdata-sections -fno-exceptions -fno-rtti -mcpu=cortex-m3 -mthumb -D__NEWLIB__ -MMD -MP -MF"AcousticControl/AcousticController.d" -MT"AcousticControl/AcousticController.o" -MT"AcousticControl/AcousticController.d" -o "AcousticControl/AcousticController.o" "../AcousticControl/AcousticController.cpp"
Finished building: ../AcousticControl/AcousticController.cpp
 
Building file: ../AcousticControl/ToneDetector.cpp
Invoking: MCU C++ Compiler
arm-none-eabi-c++ -D__NEWLIB__ -D__CODE_RED -DCPP_USE_HEAP -DTARGET_LPC1768 -DTARGET_M3 -DTARGET_CORTEX_M -DTARGET_NXP -DTARGET_LPC176X -DTARGET_MBED_LPC1768 -DTOOLCHAIN_GCC_CR -DTOOLCHAIN_GCC -D__CORTEX_M3 -DARM_MATH_CM3 -DMBED_BUILD_TIMESTAMP=1439154380.89 -D__MBED__=1 -I"C:\Users\Joseph\Desktop\MIT\Lab\Fish\git6\softroboticfish6\mbed_withROS\LPCExpress\robotic_fish_6" -I"C:\Users\Joseph\Desktop\MIT\Lab\Fish\git6\softroboticfish6\mbed_withROS\LPCExpress\robotic_fish_6\ros_lib\MODSERIAL\Device" -I"C:\Users\Joseph\Desktop\MIT\Lab\Fish\git6\softroboticfish6\mbed_withROS\LPCExpress\robotic_fish_6\ros_lib\MODSERIAL" -I"C:\Users\Joseph\Desktop\MIT\Lab\Fish\git6\softroboticfish6\mbed_withROS\LPCExpress\robotic_fish_6\ros_lib" -I"C:\Users\Joseph\Desktop\MIT\Lab\Fish\git6\softroboticfish6\mbed_withROS\LPCExpress\robotic_fish_6\Servo" -I"C:\Users\Joseph\Desktop\MIT\Lab\Fish\git6\softroboticfish6\mbed_withROS\LPCExpress\robotic_fish_6\mbed" -I"C:\Users\Joseph\Desktop\MIT\Lab\Fish\git6\softroboticfish6\mbed_withROS\LPCExpress\robotic_fish_6\mbed\TARGET_LPC1768" -I"C:\Users\Joseph\Desktop\MIT\Lab\Fish\git6\softroboticfish6\mbed_withROS\LPCExpress\robotic_fish_6\mbed\TARGET_LPC1768\TOOLCHAIN_GCC_CR" -I"C:\Users\Joseph\Desktop\MIT\Lab\Fish\git6\softroboticfish6\mbed_withROS\LPCExpress\robotic_fish_6\mbed\TARGET_LPC1768\TARGET_NXP" -I"C:\Users\Joseph\Desktop\MIT\Lab\Fish\git6\softroboticfish6\mbed_withROS\LPCExpress\robotic_fish_6\mbed\TARGET_LPC1768\TARGET_NXP\TARGET_LPC176X" -I"C:\Users\Joseph\Desktop\MIT\Lab\Fish\git6\softroboticfish6\mbed_withROS\LPCExpress\robotic_fish_6\mbed\TARGET_LPC1768\TARGET_NXP\TARGET_LPC176X\TARGET_MBED_LPC1768" -I"C:\Users\Joseph\Desktop\MIT\Lab\Fish\git6\softroboticfish6\mbed_withROS\LPCExpress\robotic_fish_6\BrushlessMotor" -I"C:\Users\Joseph\Desktop\MIT\Lab\Fish\git6\softroboticfish6\mbed_withROS\LPCExpress\robotic_fish_6\MODDMA" -Os -Os -g -Wall -c -fmessage-length=0 -fno-builtin -ffunction-sections -fdata-sections -fno-exceptions -fno-rtti -mcpu=cortex-m3 -mthumb -D__NEWLIB__ -MMD -MP -MF"AcousticControl/ToneDetector.d" -MT"AcousticControl/ToneDetector.o" -MT"AcousticControl/ToneDetector.d" -o "AcousticControl/ToneDetector.o" "../AcousticControl/ToneDetector.cpp"
../AcousticControl/ToneDetector.cpp: In member function 'virtual void ToneDetector::stop()':
../AcousticControl/ToneDetector.cpp:327:21: warning: converting to non-pointer type 'uint32_t {aka long unsigned int}' from NULL [-Wconversion-null]
     lli[1]->Control = NULL;                        // Make the DMA stop after next time buffer1 is filled
                     ^
Finished building: ../AcousticControl/ToneDetector.cpp
 
Building file: ../ButtonBoard.cpp
Invoking: MCU C++ Compiler
arm-none-eabi-c++ -D__NEWLIB__ -D__CODE_RED -DCPP_USE_HEAP -DTARGET_LPC1768 -DTARGET_M3 -DTARGET_CORTEX_M -DTARGET_NXP -DTARGET_LPC176X -DTARGET_MBED_LPC1768 -DTOOLCHAIN_GCC_CR -DTOOLCHAIN_GCC -D__CORTEX_M3 -DARM_MATH_CM3 -DMBED_BUILD_TIMESTAMP=1439154380.89 -D__MBED__=1 -I"C:\Users\Joseph\Desktop\MIT\Lab\Fish\git6\softroboticfish6\mbed_withROS\LPCExpress\robotic_fish_6" -I"C:\Users\Joseph\Desktop\MIT\Lab\Fish\git6\softroboticfish6\mbed_withROS\LPCExpress\robotic_fish_6\ros_lib\MODSERIAL\Device" -I"C:\Users\Joseph\Desktop\MIT\Lab\Fish\git6\softroboticfish6\mbed_withROS\LPCExpress\robotic_fish_6\ros_lib\MODSERIAL" -I"C:\Users\Joseph\Desktop\MIT\Lab\Fish\git6\softroboticfish6\mbed_withROS\LPCExpress\robotic_fish_6\ros_lib" -I"C:\Users\Joseph\Desktop\MIT\Lab\Fish\git6\softroboticfish6\mbed_withROS\LPCExpress\robotic_fish_6\Servo" -I"C:\Users\Joseph\Desktop\MIT\Lab\Fish\git6\softroboticfish6\mbed_withROS\LPCExpress\robotic_fish_6\mbed" -I"C:\Users\Joseph\Desktop\MIT\Lab\Fish\git6\softroboticfish6\mbed_withROS\LPCExpress\robotic_fish_6\mbed\TARGET_LPC1768" -I"C:\Users\Joseph\Desktop\MIT\Lab\Fish\git6\softroboticfish6\mbed_withROS\LPCExpress\robotic_fish_6\mbed\TARGET_LPC1768\TOOLCHAIN_GCC_CR" -I"C:\Users\Joseph\Desktop\MIT\Lab\Fish\git6\softroboticfish6\mbed_withROS\LPCExpress\robotic_fish_6\mbed\TARGET_LPC1768\TARGET_NXP" -I"C:\Users\Joseph\Desktop\MIT\Lab\Fish\git6\softroboticfish6\mbed_withROS\LPCExpress\robotic_fish_6\mbed\TARGET_LPC1768\TARGET_NXP\TARGET_LPC176X" -I"C:\Users\Joseph\Desktop\MIT\Lab\Fish\git6\softroboticfish6\mbed_withROS\LPCExpress\robotic_fish_6\mbed\TARGET_LPC1768\TARGET_NXP\TARGET_LPC176X\TARGET_MBED_LPC1768" -I"C:\Users\Joseph\Desktop\MIT\Lab\Fish\git6\softroboticfish6\mbed_withROS\LPCExpress\robotic_fish_6\BrushlessMotor" -I"C:\Users\Joseph\Desktop\MIT\Lab\Fish\git6\softroboticfish6\mbed_withROS\LPCExpress\robotic_fish_6\MODDMA" -Os -Os -g -Wall -c -fmessage-length=0 -fno-builtin -ffunction-sections -fdata-sections -fno-exceptions -fno-rtti -mcpu=cortex-m3 -mthumb -D__NEWLIB__ -MMD -MP -MF"ButtonBoard.d" -MT"ButtonBoard.o" -MT"ButtonBoard.d" -o "ButtonBoard.o" "../ButtonBoard.cpp"
../ButtonBoard.cpp: In member function 'void ButtonBoard::_fall_handler(char)':
../ButtonBoard.cpp:162:43: warning: array subscript has type 'char' [-Wchar-subscripts]
             if (_callback_table_valid[cb_i] == true)
                                           ^
../ButtonBoard.cpp:164:37: warning: array subscript has type 'char' [-Wchar-subscripts]
                 _callback_table[cb_i].call();
                                     ^
Finished building: ../ButtonBoard.cpp
 
Building file: ../FishController.cpp
Invoking: MCU C++ Compiler
arm-none-eabi-c++ -D__NEWLIB__ -D__CODE_RED -DCPP_USE_HEAP -DTARGET_LPC1768 -DTARGET_M3 -DTARGET_CORTEX_M -DTARGET_NXP -DTARGET_LPC176X -DTARGET_MBED_LPC1768 -DTOOLCHAIN_GCC_CR -DTOOLCHAIN_GCC -D__CORTEX_M3 -DARM_MATH_CM3 -DMBED_BUILD_TIMESTAMP=1439154380.89 -D__MBED__=1 -I"C:\Users\Joseph\Desktop\MIT\Lab\Fish\git6\softroboticfish6\mbed_withROS\LPCExpress\robotic_fish_6" -I"C:\Users\Joseph\Desktop\MIT\Lab\Fish\git6\softroboticfish6\mbed_withROS\LPCExpress\robotic_fish_6\ros_lib\MODSERIAL\Device" -I"C:\Users\Joseph\Desktop\MIT\Lab\Fish\git6\softroboticfish6\mbed_withROS\LPCExpress\robotic_fish_6\ros_lib\MODSERIAL" -I"C:\Users\Joseph\Desktop\MIT\Lab\Fish\git6\softroboticfish6\mbed_withROS\LPCExpress\robotic_fish_6\ros_lib" -I"C:\Users\Joseph\Desktop\MIT\Lab\Fish\git6\softroboticfish6\mbed_withROS\LPCExpress\robotic_fish_6\Servo" -I"C:\Users\Joseph\Desktop\MIT\Lab\Fish\git6\softroboticfish6\mbed_withROS\LPCExpress\robotic_fish_6\mbed" -I"C:\Users\Joseph\Desktop\MIT\Lab\Fish\git6\softroboticfish6\mbed_withROS\LPCExpress\robotic_fish_6\mbed\TARGET_LPC1768" -I"C:\Users\Joseph\Desktop\MIT\Lab\Fish\git6\softroboticfish6\mbed_withROS\LPCExpress\robotic_fish_6\mbed\TARGET_LPC1768\TOOLCHAIN_GCC_CR" -I"C:\Users\Joseph\Desktop\MIT\Lab\Fish\git6\softroboticfish6\mbed_withROS\LPCExpress\robotic_fish_6\mbed\TARGET_LPC1768\TARGET_NXP" -I"C:\Users\Joseph\Desktop\MIT\Lab\Fish\git6\softroboticfish6\mbed_withROS\LPCExpress\robotic_fish_6\mbed\TARGET_LPC1768\TARGET_NXP\TARGET_LPC176X" -I"C:\Users\Joseph\Desktop\MIT\Lab\Fish\git6\softroboticfish6\mbed_withROS\LPCExpress\robotic_fish_6\mbed\TARGET_LPC1768\TARGET_NXP\TARGET_LPC176X\TARGET_MBED_LPC1768" -I"C:\Users\Joseph\Desktop\MIT\Lab\Fish\git6\softroboticfish6\mbed_withROS\LPCExpress\robotic_fish_6\BrushlessMotor" -I"C:\Users\Joseph\Desktop\MIT\Lab\Fish\git6\softroboticfish6\mbed_withROS\LPCExpress\robotic_fish_6\MODDMA" -Os -Os -g -Wall -c -fmessage-length=0 -fno-builtin -ffunction-sections -fdata-sections -fno-exceptions -fno-rtti -mcpu=cortex-m3 -mthumb -D__NEWLIB__ -MMD -MP -MF"FishController.d" -MT"FishController.o" -MT"FishController.d" -o "FishController.o" "../FishController.cpp"
Finished building: ../FishController.cpp
 
Building file: ../main.cpp
Invoking: MCU C++ Compiler
arm-none-eabi-c++ -D__NEWLIB__ -D__CODE_RED -DCPP_USE_HEAP -DTARGET_LPC1768 -DTARGET_M3 -DTARGET_CORTEX_M -DTARGET_NXP -DTARGET_LPC176X -DTARGET_MBED_LPC1768 -DTOOLCHAIN_GCC_CR -DTOOLCHAIN_GCC -D__CORTEX_M3 -DARM_MATH_CM3 -DMBED_BUILD_TIMESTAMP=1439154380.89 -D__MBED__=1 -I"C:\Users\Joseph\Desktop\MIT\Lab\Fish\git6\softroboticfish6\mbed_withROS\LPCExpress\robotic_fish_6" -I"C:\Users\Joseph\Desktop\MIT\Lab\Fish\git6\softroboticfish6\mbed_withROS\LPCExpress\robotic_fish_6\ros_lib\MODSERIAL\Device" -I"C:\Users\Joseph\Desktop\MIT\Lab\Fish\git6\softroboticfish6\mbed_withROS\LPCExpress\robotic_fish_6\ros_lib\MODSERIAL" -I"C:\Users\Joseph\Desktop\MIT\Lab\Fish\git6\softroboticfish6\mbed_withROS\LPCExpress\robotic_fish_6\ros_lib" -I"C:\Users\Joseph\Desktop\MIT\Lab\Fish\git6\softroboticfish6\mbed_withROS\LPCExpress\robotic_fish_6\Servo" -I"C:\Users\Joseph\Desktop\MIT\Lab\Fish\git6\softroboticfish6\mbed_withROS\LPCExpress\robotic_fish_6\mbed" -I"C:\Users\Joseph\Desktop\MIT\Lab\Fish\git6\softroboticfish6\mbed_withROS\LPCExpress\robotic_fish_6\mbed\TARGET_LPC1768" -I"C:\Users\Joseph\Desktop\MIT\Lab\Fish\git6\softroboticfish6\mbed_withROS\LPCExpress\robotic_fish_6\mbed\TARGET_LPC1768\TOOLCHAIN_GCC_CR" -I"C:\Users\Joseph\Desktop\MIT\Lab\Fish\git6\softroboticfish6\mbed_withROS\LPCExpress\robotic_fish_6\mbed\TARGET_LPC1768\TARGET_NXP" -I"C:\Users\Joseph\Desktop\MIT\Lab\Fish\git6\softroboticfish6\mbed_withROS\LPCExpress\robotic_fish_6\mbed\TARGET_LPC1768\TARGET_NXP\TARGET_LPC176X" -I"C:\Users\Joseph\Desktop\MIT\Lab\Fish\git6\softroboticfish6\mbed_withROS\LPCExpress\robotic_fish_6\mbed\TARGET_LPC1768\TARGET_NXP\TARGET_LPC176X\TARGET_MBED_LPC1768" -I"C:\Users\Joseph\Desktop\MIT\Lab\Fish\git6\softroboticfish6\mbed_withROS\LPCExpress\robotic_fish_6\BrushlessMotor" -I"C:\Users\Joseph\Desktop\MIT\Lab\Fish\git6\softroboticfish6\mbed_withROS\LPCExpress\robotic_fish_6\MODDMA" -Os -Os -g -Wall -c -fmessage-length=0 -fno-builtin -ffunction-sections -fdata-sections -fno-exceptions -fno-rtti -mcpu=cortex-m3 -mthumb -D__NEWLIB__ -MMD -MP -MF"main.d" -MT"main.o" -MT"main.d" -o "main.o" "../main.cpp"
Finished building: ../main.cpp
 
Building target: robotic_fish_6.axf
Invoking: MCU C++ Linker
arm-none-eabi-c++ -nostdlib -L"C:\Users\Joseph\Desktop\MIT\Lab\Fish\git6\softroboticfish6\mbed_withROS\LPCExpress\robotic_fish_6" -L"C:\Users\Joseph\Desktop\MIT\Lab\Fish\git6\softroboticfish6\mbed_withROS\LPCExpress\robotic_fish_6\Servo" -L"C:\Users\Joseph\Desktop\MIT\Lab\Fish\git6\softroboticfish6\mbed_withROS\LPCExpress\robotic_fish_6\mbed" -L"C:\Users\Joseph\Desktop\MIT\Lab\Fish\git6\softroboticfish6\mbed_withROS\LPCExpress\robotic_fish_6\mbed\TARGET_LPC1768" -L"C:\Users\Joseph\Desktop\MIT\Lab\Fish\git6\softroboticfish6\mbed_withROS\LPCExpress\robotic_fish_6\mbed\TARGET_LPC1768\TOOLCHAIN_GCC_CR" -L"C:\Users\Joseph\Desktop\MIT\Lab\Fish\git6\softroboticfish6\mbed_withROS\LPCExpress\robotic_fish_6\mbed\TARGET_LPC1768\TARGET_NXP" -L"C:\Users\Joseph\Desktop\MIT\Lab\Fish\git6\softroboticfish6\mbed_withROS\LPCExpress\robotic_fish_6\mbed\TARGET_LPC1768\TARGET_NXP\TARGET_LPC176X" -L"C:\Users\Joseph\Desktop\MIT\Lab\Fish\git6\softroboticfish6\mbed_withROS\LPCExpress\robotic_fish_6\mbed\TARGET_LPC1768\TARGET_NXP\TARGET_LPC176X\TARGET_MBED_LPC1768" -L"C:\Users\Joseph\Desktop\MIT\Lab\Fish\git6\softroboticfish6\mbed_withROS\LPCExpress\robotic_fish_6\BrushlessMotor" -L"C:\Users\Joseph\Desktop\MIT\Lab\Fish\git6\softroboticfish6\mbed_withROS\LPCExpress\robotic_fish_6\MODDMA" -Xlinker -Map="robotic_fish_6.map" -Xlinker --gc-sections -mcpu=cortex-m3 -mthumb -T "C:\Users\Joseph\Desktop\MIT\Lab\Fish\git6\softroboticfish6\mbed_withROS\LPCExpress\robotic_fish_6\mbed\TARGET_LPC1768\TOOLCHAIN_GCC_CR\LPC1768.ld" -o "robotic_fish_6.axf"  ./ros_lib/MODSERIAL/Device/MODSERIAL_KL05Z.o ./ros_lib/MODSERIAL/Device/MODSERIAL_KL25Z.o ./ros_lib/MODSERIAL/Device/MODSERIAL_KSDK.o ./ros_lib/MODSERIAL/Device/MODSERIAL_LPC11U24.o ./ros_lib/MODSERIAL/Device/MODSERIAL_LPC1768.o ./ros_lib/MODSERIAL/Device/MODSERIAL_NUCLEO_F401RE.o ./ros_lib/MODSERIAL/Device/MODSERIAL_PAC_F401RB.o  ./ros_lib/MODSERIAL/ChangeLog.o ./ros_lib/MODSERIAL/FLUSH.o ./ros_lib/MODSERIAL/GETC.o ./ros_lib/MODSERIAL/INIT.o ./ros_lib/MODSERIAL/ISR_RX.o ./ros_lib/MODSERIAL/ISR_TX.o ./ros_lib/MODSERIAL/MODSERIAL.o ./ros_lib/MODSERIAL/MODSERIAL_IRQ_INFO.o ./ros_lib/MODSERIAL/PUTC.o ./ros_lib/MODSERIAL/RESIZE.o ./ros_lib/MODSERIAL/example1.o ./ros_lib/MODSERIAL/example2.o ./ros_lib/MODSERIAL/example3a.o ./ros_lib/MODSERIAL/example3b.o  ./ros_lib/duration.o ./ros_lib/time.o  ./Servo/Servo.o  ./SerialControl/SerialController.o  ./ROSControl/ROSController.o  ./MODDMA/ChangeLog.o ./MODDMA/DATALUTS.o ./MODDMA/INIT.o ./MODDMA/MODDMA.o ./MODDMA/SETUP.o  ./BrushlessMotor/esc.o  ./AcousticControl/AcousticController.o ./AcousticControl/ToneDetector.o  ./ButtonBoard.o ./FishController.o ./main.o  C:/Users/Joseph/Desktop/MIT/Lab/Fish/git6/softroboticfish6/mbed_withROS/LPCExpress/robotic_fish_6/mbed/TARGET_LPC1768/TOOLCHAIN_GCC_CR/board.o C:/Users/Joseph/Desktop/MIT/Lab/Fish/git6/softroboticfish6/mbed_withROS/LPCExpress/robotic_fish_6/mbed/TARGET_LPC1768/TOOLCHAIN_GCC_CR/startup_LPC17xx.o C:/Users/Joseph/Desktop/MIT/Lab/Fish/git6/softroboticfish6/mbed_withROS/LPCExpress/robotic_fish_6/mbed/TARGET_LPC1768/TOOLCHAIN_GCC_CR/cmsis_nvic.o C:/Users/Joseph/Desktop/MIT/Lab/Fish/git6/softroboticfish6/mbed_withROS/LPCExpress/robotic_fish_6/mbed/TARGET_LPC1768/TOOLCHAIN_GCC_CR/retarget.o C:/Users/Joseph/Desktop/MIT/Lab/Fish/git6/softroboticfish6/mbed_withROS/LPCExpress/robotic_fish_6/mbed/TARGET_LPC1768/TOOLCHAIN_GCC_CR/system_LPC17xx.o -lmbed
Finished building target: robotic_fish_6.axf
 
make --no-print-directory post-build
Performing post-build steps
arm-none-eabi-size "robotic_fish_6.axf"; arm-none-eabi-objcopy -O binary "robotic_fish_6.axf" "robotic_fish_6.bin" ; #checksum -p LPC1768 -d "robotic_fish_6.bin";
   text	   data	    bss	    dec	    hex	filename
  79724	   2328	   5872	  87924	  15774	robotic_fish_6.axf
 

13:21:22 Build Finished (took 29s.256ms)

