12:32:44 **** Incremental Build of configuration Release for project robotic_fish_4_11_acoustic ****
make -r all 
Building file: ../ROSControl/ROSController.cpp
Invoking: MCU C++ Compiler
arm-none-eabi-c++ -D__NEWLIB__ -D__CODE_RED -DCPP_USE_HEAP -DTARGET_LPC1768 -DTARGET_M3 -DTARGET_CORTEX_M -DTARGET_NXP -DTARGET_LPC176X -DTARGET_MBED_LPC1768 -DTOOLCHAIN_GCC_CR -DTOOLCHAIN_GCC -D__CORTEX_M3 -DARM_MATH_CM3 -DMBED_BUILD_TIMESTAMP=1439154380.89 -D__MBED__=1 -I"C:\Users\Joseph\Desktop\MIT\Lab\Fish\rosVersion\LPCExpress\robotic_fish_4_11_acoustic" -I"C:\Users\Joseph\Desktop\MIT\Lab\Fish\rosVersion\LPCExpress\robotic_fish_4_11_acoustic\Servo" -I"C:\Users\Joseph\Desktop\MIT\Lab\Fish\rosVersion\LPCExpress\robotic_fish_4_11_acoustic\mbed" -I"C:\Users\Joseph\Desktop\MIT\Lab\Fish\rosVersion\LPCExpress\robotic_fish_4_11_acoustic\mbed\TARGET_LPC1768" -I"C:\Users\Joseph\Desktop\MIT\Lab\Fish\rosVersion\LPCExpress\robotic_fish_4_11_acoustic\mbed\TARGET_LPC1768\TOOLCHAIN_GCC_CR" -I"C:\Users\Joseph\Desktop\MIT\Lab\Fish\rosVersion\LPCExpress\robotic_fish_4_11_acoustic\mbed\TARGET_LPC1768\TARGET_NXP" -I"C:\Users\Joseph\Desktop\MIT\Lab\Fish\rosVersion\LPCExpress\robotic_fish_4_11_acoustic\mbed\TARGET_LPC1768\TARGET_NXP\TARGET_LPC176X" -I"C:\Users\Joseph\Desktop\MIT\Lab\Fish\rosVersion\LPCExpress\robotic_fish_4_11_acoustic\mbed\TARGET_LPC1768\TARGET_NXP\TARGET_LPC176X\TARGET_MBED_LPC1768" -I"C:\Users\Joseph\Desktop\MIT\Lab\Fish\rosVersion\LPCExpress\robotic_fish_4_11_acoustic\BrushlessMotor" -I"C:\Users\Joseph\Desktop\MIT\Lab\Fish\rosVersion\LPCExpress\robotic_fish_4_11_acoustic\MODDMA" -Os -Os -g -Wall -c -fmessage-length=0 -fno-builtin -ffunction-sections -fdata-sections -fno-exceptions -fno-rtti -mcpu=cortex-m3 -mthumb -D__NEWLIB__ -MMD -MP -MF"ROSControl/ROSController.d" -MT"ROSControl/ROSController.o" -MT"ROSControl/ROSController.d" -o "ROSControl/ROSController.o" "../ROSControl/ROSController.cpp"
Finished building: ../ROSControl/ROSController.cpp
 
Building file: ../main.cpp
Invoking: MCU C++ Compiler
arm-none-eabi-c++ -D__NEWLIB__ -D__CODE_RED -DCPP_USE_HEAP -DTARGET_LPC1768 -DTARGET_M3 -DTARGET_CORTEX_M -DTARGET_NXP -DTARGET_LPC176X -DTARGET_MBED_LPC1768 -DTOOLCHAIN_GCC_CR -DTOOLCHAIN_GCC -D__CORTEX_M3 -DARM_MATH_CM3 -DMBED_BUILD_TIMESTAMP=1439154380.89 -D__MBED__=1 -I"C:\Users\Joseph\Desktop\MIT\Lab\Fish\rosVersion\LPCExpress\robotic_fish_4_11_acoustic" -I"C:\Users\Joseph\Desktop\MIT\Lab\Fish\rosVersion\LPCExpress\robotic_fish_4_11_acoustic\Servo" -I"C:\Users\Joseph\Desktop\MIT\Lab\Fish\rosVersion\LPCExpress\robotic_fish_4_11_acoustic\mbed" -I"C:\Users\Joseph\Desktop\MIT\Lab\Fish\rosVersion\LPCExpress\robotic_fish_4_11_acoustic\mbed\TARGET_LPC1768" -I"C:\Users\Joseph\Desktop\MIT\Lab\Fish\rosVersion\LPCExpress\robotic_fish_4_11_acoustic\mbed\TARGET_LPC1768\TOOLCHAIN_GCC_CR" -I"C:\Users\Joseph\Desktop\MIT\Lab\Fish\rosVersion\LPCExpress\robotic_fish_4_11_acoustic\mbed\TARGET_LPC1768\TARGET_NXP" -I"C:\Users\Joseph\Desktop\MIT\Lab\Fish\rosVersion\LPCExpress\robotic_fish_4_11_acoustic\mbed\TARGET_LPC1768\TARGET_NXP\TARGET_LPC176X" -I"C:\Users\Joseph\Desktop\MIT\Lab\Fish\rosVersion\LPCExpress\robotic_fish_4_11_acoustic\mbed\TARGET_LPC1768\TARGET_NXP\TARGET_LPC176X\TARGET_MBED_LPC1768" -I"C:\Users\Joseph\Desktop\MIT\Lab\Fish\rosVersion\LPCExpress\robotic_fish_4_11_acoustic\BrushlessMotor" -I"C:\Users\Joseph\Desktop\MIT\Lab\Fish\rosVersion\LPCExpress\robotic_fish_4_11_acoustic\MODDMA" -Os -Os -g -Wall -c -fmessage-length=0 -fno-builtin -ffunction-sections -fdata-sections -fno-exceptions -fno-rtti -mcpu=cortex-m3 -mthumb -D__NEWLIB__ -MMD -MP -MF"main.d" -MT"main.o" -MT"main.d" -o "main.o" "../main.cpp"
Finished building: ../main.cpp
 
Building target: robotic_fish_4_11_acoustic.axf
Invoking: MCU C++ Linker
arm-none-eabi-c++ -nostdlib -L"C:\Users\Joseph\Desktop\MIT\Lab\Fish\rosVersion\LPCExpress\robotic_fish_4_11_acoustic" -L"C:\Users\Joseph\Desktop\MIT\Lab\Fish\rosVersion\LPCExpress\robotic_fish_4_11_acoustic\Servo" -L"C:\Users\Joseph\Desktop\MIT\Lab\Fish\rosVersion\LPCExpress\robotic_fish_4_11_acoustic\mbed" -L"C:\Users\Joseph\Desktop\MIT\Lab\Fish\rosVersion\LPCExpress\robotic_fish_4_11_acoustic\mbed\TARGET_LPC1768" -L"C:\Users\Joseph\Desktop\MIT\Lab\Fish\rosVersion\LPCExpress\robotic_fish_4_11_acoustic\mbed\TARGET_LPC1768\TOOLCHAIN_GCC_CR" -L"C:\Users\Joseph\Desktop\MIT\Lab\Fish\rosVersion\LPCExpress\robotic_fish_4_11_acoustic\mbed\TARGET_LPC1768\TARGET_NXP" -L"C:\Users\Joseph\Desktop\MIT\Lab\Fish\rosVersion\LPCExpress\robotic_fish_4_11_acoustic\mbed\TARGET_LPC1768\TARGET_NXP\TARGET_LPC176X" -L"C:\Users\Joseph\Desktop\MIT\Lab\Fish\rosVersion\LPCExpress\robotic_fish_4_11_acoustic\mbed\TARGET_LPC1768\TARGET_NXP\TARGET_LPC176X\TARGET_MBED_LPC1768" -L"C:\Users\Joseph\Desktop\MIT\Lab\Fish\rosVersion\LPCExpress\robotic_fish_4_11_acoustic\BrushlessMotor" -L"C:\Users\Joseph\Desktop\MIT\Lab\Fish\rosVersion\LPCExpress\robotic_fish_4_11_acoustic\MODDMA" -Xlinker -Map="robotic_fish_4_11_acoustic.map" -Xlinker --gc-sections -mcpu=cortex-m3 -mthumb -T "C:\Users\Joseph\Desktop\MIT\Lab\Fish\rosVersion\LPCExpress\robotic_fish_4_11_acoustic\mbed\TARGET_LPC1768\TOOLCHAIN_GCC_CR\LPC1768.ld" -o "robotic_fish_4_11_acoustic.axf"  ./Servo/Servo.o  ./SerialControl/SerialController.o  ./ROSControl/ROSController.o  ./MODDMA/ChangeLog.o ./MODDMA/DATALUTS.o ./MODDMA/INIT.o ./MODDMA/MODDMA.o ./MODDMA/SETUP.o  ./BrushlessMotor/esc.o  ./AcousticControl/AcousticController.o ./AcousticControl/ToneDetector.o  ./ButtonBoard.o ./FishController.o ./main.o  C:/Users/Joseph/Desktop/MIT/Lab/Fish/rosVersion/LPCExpress/robotic_fish_4_11_acoustic/mbed/TARGET_LPC1768/TOOLCHAIN_GCC_CR/board.o C:/Users/Joseph/Desktop/MIT/Lab/Fish/rosVersion/LPCExpress/robotic_fish_4_11_acoustic/mbed/TARGET_LPC1768/TOOLCHAIN_GCC_CR/startup_LPC17xx.o C:/Users/Joseph/Desktop/MIT/Lab/Fish/rosVersion/LPCExpress/robotic_fish_4_11_acoustic/mbed/TARGET_LPC1768/TOOLCHAIN_GCC_CR/cmsis_nvic.o C:/Users/Joseph/Desktop/MIT/Lab/Fish/rosVersion/LPCExpress/robotic_fish_4_11_acoustic/mbed/TARGET_LPC1768/TOOLCHAIN_GCC_CR/retarget.o C:/Users/Joseph/Desktop/MIT/Lab/Fish/rosVersion/LPCExpress/robotic_fish_4_11_acoustic/mbed/TARGET_LPC1768/TOOLCHAIN_GCC_CR/system_LPC17xx.o -lmbed
Finished building target: robotic_fish_4_11_acoustic.axf
 
make --no-print-directory post-build
Performing post-build steps
arm-none-eabi-size "robotic_fish_4_11_acoustic.axf"; arm-none-eabi-objcopy -O binary "robotic_fish_4_11_acoustic.axf" "robotic_fish_4_11_acoustic.bin" ; #checksum -p LPC1768 -d "robotic_fish_4_11_acoustic.bin";
   text	   data	    bss	    dec	    hex	filename
  74128	   2328	   4132	  80588	  13acc	robotic_fish_4_11_acoustic.axf
 

12:32:47 Build Finished (took 3s.565ms)

