18:17:32 **** Build of configuration Release for project robotic_fish_6 ****
make -r all 
Building file: ../Servo/Servo.cpp
Invoking: MCU C++ Compiler
arm-none-eabi-c++ -D__NEWLIB__ -D__CODE_RED -DCPP_USE_HEAP -DTARGET_LPC1768 -DTARGET_M3 -DTARGET_CORTEX_M -DTARGET_NXP -DTARGET_LPC176X -DTARGET_MBED_LPC1768 -DTOOLCHAIN_GCC_CR -DTOOLCHAIN_GCC -D__CORTEX_M3 -DARM_MATH_CM3 -DMBED_BUILD_TIMESTAMP=1439154380.89 -D__MBED__=1 -I"C:\Users\Joseph\Desktop\MIT\Lab\Fish\git6\softroboticfish6\LPCExpress\robotic_fish_6" -I"C:\Users\Joseph\Desktop\MIT\Lab\Fish\git6\softroboticfish6\LPCExpress\robotic_fish_6\Servo" -I"C:\Users\Joseph\Desktop\MIT\Lab\Fish\git6\softroboticfish6\LPCExpress\robotic_fish_6\mbed" -I"C:\Users\Joseph\Desktop\MIT\Lab\Fish\git6\softroboticfish6\LPCExpress\robotic_fish_6\mbed\TARGET_LPC1768" -I"C:\Users\Joseph\Desktop\MIT\Lab\Fish\git6\softroboticfish6\LPCExpress\robotic_fish_6\mbed\TARGET_LPC1768\TOOLCHAIN_GCC_CR" -I"C:\Users\Joseph\Desktop\MIT\Lab\Fish\git6\softroboticfish6\LPCExpress\robotic_fish_6\mbed\TARGET_LPC1768\TARGET_NXP" -I"C:\Users\Joseph\Desktop\MIT\Lab\Fish\git6\softroboticfish6\LPCExpress\robotic_fish_6\mbed\TARGET_LPC1768\TARGET_NXP\TARGET_LPC176X" -I"C:\Users\Joseph\Desktop\MIT\Lab\Fish\git6\softroboticfish6\LPCExpress\robotic_fish_6\mbed\TARGET_LPC1768\TARGET_NXP\TARGET_LPC176X\TARGET_MBED_LPC1768" -I"C:\Users\Joseph\Desktop\MIT\Lab\Fish\git6\softroboticfish6\LPCExpress\robotic_fish_6\BrushlessMotor" -I"C:\Users\Joseph\Desktop\MIT\Lab\Fish\git6\softroboticfish6\LPCExpress\robotic_fish_6\MODDMA" -Os -Os -g -Wall -c -fmessage-length=0 -fno-builtin -ffunction-sections -fdata-sections -fno-exceptions -fno-rtti -mcpu=cortex-m3 -mthumb -D__NEWLIB__ -MMD -MP -MF"Servo/Servo.d" -MT"Servo/Servo.o" -MT"Servo/Servo.d" -o "Servo/Servo.o" "../Servo/Servo.cpp"
Finished building: ../Servo/Servo.cpp
 
Building file: ../SerialControl/SerialController.cpp
Invoking: MCU C++ Compiler
arm-none-eabi-c++ -D__NEWLIB__ -D__CODE_RED -DCPP_USE_HEAP -DTARGET_LPC1768 -DTARGET_M3 -DTARGET_CORTEX_M -DTARGET_NXP -DTARGET_LPC176X -DTARGET_MBED_LPC1768 -DTOOLCHAIN_GCC_CR -DTOOLCHAIN_GCC -D__CORTEX_M3 -DARM_MATH_CM3 -DMBED_BUILD_TIMESTAMP=1439154380.89 -D__MBED__=1 -I"C:\Users\Joseph\Desktop\MIT\Lab\Fish\git6\softroboticfish6\LPCExpress\robotic_fish_6" -I"C:\Users\Joseph\Desktop\MIT\Lab\Fish\git6\softroboticfish6\LPCExpress\robotic_fish_6\Servo" -I"C:\Users\Joseph\Desktop\MIT\Lab\Fish\git6\softroboticfish6\LPCExpress\robotic_fish_6\mbed" -I"C:\Users\Joseph\Desktop\MIT\Lab\Fish\git6\softroboticfish6\LPCExpress\robotic_fish_6\mbed\TARGET_LPC1768" -I"C:\Users\Joseph\Desktop\MIT\Lab\Fish\git6\softroboticfish6\LPCExpress\robotic_fish_6\mbed\TARGET_LPC1768\TOOLCHAIN_GCC_CR" -I"C:\Users\Joseph\Desktop\MIT\Lab\Fish\git6\softroboticfish6\LPCExpress\robotic_fish_6\mbed\TARGET_LPC1768\TARGET_NXP" -I"C:\Users\Joseph\Desktop\MIT\Lab\Fish\git6\softroboticfish6\LPCExpress\robotic_fish_6\mbed\TARGET_LPC1768\TARGET_NXP\TARGET_LPC176X" -I"C:\Users\Joseph\Desktop\MIT\Lab\Fish\git6\softroboticfish6\LPCExpress\robotic_fish_6\mbed\TARGET_LPC1768\TARGET_NXP\TARGET_LPC176X\TARGET_MBED_LPC1768" -I"C:\Users\Joseph\Desktop\MIT\Lab\Fish\git6\softroboticfish6\LPCExpress\robotic_fish_6\BrushlessMotor" -I"C:\Users\Joseph\Desktop\MIT\Lab\Fish\git6\softroboticfish6\LPCExpress\robotic_fish_6\MODDMA" -Os -Os -g -Wall -c -fmessage-length=0 -fno-builtin -ffunction-sections -fdata-sections -fno-exceptions -fno-rtti -mcpu=cortex-m3 -mthumb -D__NEWLIB__ -MMD -MP -MF"SerialControl/SerialController.d" -MT"SerialControl/SerialController.o" -MT"SerialControl/SerialController.d" -o "SerialControl/SerialController.o" "../SerialControl/SerialController.cpp"
Finished building: ../SerialControl/SerialController.cpp
 
Building file: ../ROSControl/ROSController.cpp
Invoking: MCU C++ Compiler
arm-none-eabi-c++ -D__NEWLIB__ -D__CODE_RED -DCPP_USE_HEAP -DTARGET_LPC1768 -DTARGET_M3 -DTARGET_CORTEX_M -DTARGET_NXP -DTARGET_LPC176X -DTARGET_MBED_LPC1768 -DTOOLCHAIN_GCC_CR -DTOOLCHAIN_GCC -D__CORTEX_M3 -DARM_MATH_CM3 -DMBED_BUILD_TIMESTAMP=1439154380.89 -D__MBED__=1 -I"C:\Users\Joseph\Desktop\MIT\Lab\Fish\git6\softroboticfish6\LPCExpress\robotic_fish_6" -I"C:\Users\Joseph\Desktop\MIT\Lab\Fish\git6\softroboticfish6\LPCExpress\robotic_fish_6\Servo" -I"C:\Users\Joseph\Desktop\MIT\Lab\Fish\git6\softroboticfish6\LPCExpress\robotic_fish_6\mbed" -I"C:\Users\Joseph\Desktop\MIT\Lab\Fish\git6\softroboticfish6\LPCExpress\robotic_fish_6\mbed\TARGET_LPC1768" -I"C:\Users\Joseph\Desktop\MIT\Lab\Fish\git6\softroboticfish6\LPCExpress\robotic_fish_6\mbed\TARGET_LPC1768\TOOLCHAIN_GCC_CR" -I"C:\Users\Joseph\Desktop\MIT\Lab\Fish\git6\softroboticfish6\LPCExpress\robotic_fish_6\mbed\TARGET_LPC1768\TARGET_NXP" -I"C:\Users\Joseph\Desktop\MIT\Lab\Fish\git6\softroboticfish6\LPCExpress\robotic_fish_6\mbed\TARGET_LPC1768\TARGET_NXP\TARGET_LPC176X" -I"C:\Users\Joseph\Desktop\MIT\Lab\Fish\git6\softroboticfish6\LPCExpress\robotic_fish_6\mbed\TARGET_LPC1768\TARGET_NXP\TARGET_LPC176X\TARGET_MBED_LPC1768" -I"C:\Users\Joseph\Desktop\MIT\Lab\Fish\git6\softroboticfish6\LPCExpress\robotic_fish_6\BrushlessMotor" -I"C:\Users\Joseph\Desktop\MIT\Lab\Fish\git6\softroboticfish6\LPCExpress\robotic_fish_6\MODDMA" -Os -Os -g -Wall -c -fmessage-length=0 -fno-builtin -ffunction-sections -fdata-sections -fno-exceptions -fno-rtti -mcpu=cortex-m3 -mthumb -D__NEWLIB__ -MMD -MP -MF"ROSControl/ROSController.d" -MT"ROSControl/ROSController.o" -MT"ROSControl/ROSController.d" -o "ROSControl/ROSController.o" "../ROSControl/ROSController.cpp"
Finished building: ../ROSControl/ROSController.cpp
 
Building file: ../MODDMA/DATALUTS.cpp
Invoking: MCU C++ Compiler
arm-none-eabi-c++ -D__NEWLIB__ -D__CODE_RED -DCPP_USE_HEAP -DTARGET_LPC1768 -DTARGET_M3 -DTARGET_CORTEX_M -DTARGET_NXP -DTARGET_LPC176X -DTARGET_MBED_LPC1768 -DTOOLCHAIN_GCC_CR -DTOOLCHAIN_GCC -D__CORTEX_M3 -DARM_MATH_CM3 -DMBED_BUILD_TIMESTAMP=1439154380.89 -D__MBED__=1 -I"C:\Users\Joseph\Desktop\MIT\Lab\Fish\git6\softroboticfish6\LPCExpress\robotic_fish_6" -I"C:\Users\Joseph\Desktop\MIT\Lab\Fish\git6\softroboticfish6\LPCExpress\robotic_fish_6\Servo" -I"C:\Users\Joseph\Desktop\MIT\Lab\Fish\git6\softroboticfish6\LPCExpress\robotic_fish_6\mbed" -I"C:\Users\Joseph\Desktop\MIT\Lab\Fish\git6\softroboticfish6\LPCExpress\robotic_fish_6\mbed\TARGET_LPC1768" -I"C:\Users\Joseph\Desktop\MIT\Lab\Fish\git6\softroboticfish6\LPCExpress\robotic_fish_6\mbed\TARGET_LPC1768\TOOLCHAIN_GCC_CR" -I"C:\Users\Joseph\Desktop\MIT\Lab\Fish\git6\softroboticfish6\LPCExpress\robotic_fish_6\mbed\TARGET_LPC1768\TARGET_NXP" -I"C:\Users\Joseph\Desktop\MIT\Lab\Fish\git6\softroboticfish6\LPCExpress\robotic_fish_6\mbed\TARGET_LPC1768\TARGET_NXP\TARGET_LPC176X" -I"C:\Users\Joseph\Desktop\MIT\Lab\Fish\git6\softroboticfish6\LPCExpress\robotic_fish_6\mbed\TARGET_LPC1768\TARGET_NXP\TARGET_LPC176X\TARGET_MBED_LPC1768" -I"C:\Users\Joseph\Desktop\MIT\Lab\Fish\git6\softroboticfish6\LPCExpress\robotic_fish_6\BrushlessMotor" -I"C:\Users\Joseph\Desktop\MIT\Lab\Fish\git6\softroboticfish6\LPCExpress\robotic_fish_6\MODDMA" -Os -Os -g -Wall -c -fmessage-length=0 -fno-builtin -ffunction-sections -fdata-sections -fno-exceptions -fno-rtti -mcpu=cortex-m3 -mthumb -D__NEWLIB__ -MMD -MP -MF"MODDMA/DATALUTS.d" -MT"MODDMA/DATALUTS.o" -MT"MODDMA/DATALUTS.d" -o "MODDMA/DATALUTS.o" "../MODDMA/DATALUTS.cpp"
Finished building: ../MODDMA/DATALUTS.cpp
 
Building file: ../MODDMA/INIT.cpp
Invoking: MCU C++ Compiler
arm-none-eabi-c++ -D__NEWLIB__ -D__CODE_RED -DCPP_USE_HEAP -DTARGET_LPC1768 -DTARGET_M3 -DTARGET_CORTEX_M -DTARGET_NXP -DTARGET_LPC176X -DTARGET_MBED_LPC1768 -DTOOLCHAIN_GCC_CR -DTOOLCHAIN_GCC -D__CORTEX_M3 -DARM_MATH_CM3 -DMBED_BUILD_TIMESTAMP=1439154380.89 -D__MBED__=1 -I"C:\Users\Joseph\Desktop\MIT\Lab\Fish\git6\softroboticfish6\LPCExpress\robotic_fish_6" -I"C:\Users\Joseph\Desktop\MIT\Lab\Fish\git6\softroboticfish6\LPCExpress\robotic_fish_6\Servo" -I"C:\Users\Joseph\Desktop\MIT\Lab\Fish\git6\softroboticfish6\LPCExpress\robotic_fish_6\mbed" -I"C:\Users\Joseph\Desktop\MIT\Lab\Fish\git6\softroboticfish6\LPCExpress\robotic_fish_6\mbed\TARGET_LPC1768" -I"C:\Users\Joseph\Desktop\MIT\Lab\Fish\git6\softroboticfish6\LPCExpress\robotic_fish_6\mbed\TARGET_LPC1768\TOOLCHAIN_GCC_CR" -I"C:\Users\Joseph\Desktop\MIT\Lab\Fish\git6\softroboticfish6\LPCExpress\robotic_fish_6\mbed\TARGET_LPC1768\TARGET_NXP" -I"C:\Users\Joseph\Desktop\MIT\Lab\Fish\git6\softroboticfish6\LPCExpress\robotic_fish_6\mbed\TARGET_LPC1768\TARGET_NXP\TARGET_LPC176X" -I"C:\Users\Joseph\Desktop\MIT\Lab\Fish\git6\softroboticfish6\LPCExpress\robotic_fish_6\mbed\TARGET_LPC1768\TARGET_NXP\TARGET_LPC176X\TARGET_MBED_LPC1768" -I"C:\Users\Joseph\Desktop\MIT\Lab\Fish\git6\softroboticfish6\LPCExpress\robotic_fish_6\BrushlessMotor" -I"C:\Users\Joseph\Desktop\MIT\Lab\Fish\git6\softroboticfish6\LPCExpress\robotic_fish_6\MODDMA" -Os -Os -g -Wall -c -fmessage-length=0 -fno-builtin -ffunction-sections -fdata-sections -fno-exceptions -fno-rtti -mcpu=cortex-m3 -mthumb -D__NEWLIB__ -MMD -MP -MF"MODDMA/INIT.d" -MT"MODDMA/INIT.o" -MT"MODDMA/INIT.d" -o "MODDMA/INIT.o" "../MODDMA/INIT.cpp"
Finished building: ../MODDMA/INIT.cpp
 
Building file: ../MODDMA/MODDMA.cpp
Invoking: MCU C++ Compiler
arm-none-eabi-c++ -D__NEWLIB__ -D__CODE_RED -DCPP_USE_HEAP -DTARGET_LPC1768 -DTARGET_M3 -DTARGET_CORTEX_M -DTARGET_NXP -DTARGET_LPC176X -DTARGET_MBED_LPC1768 -DTOOLCHAIN_GCC_CR -DTOOLCHAIN_GCC -D__CORTEX_M3 -DARM_MATH_CM3 -DMBED_BUILD_TIMESTAMP=1439154380.89 -D__MBED__=1 -I"C:\Users\Joseph\Desktop\MIT\Lab\Fish\git6\softroboticfish6\LPCExpress\robotic_fish_6" -I"C:\Users\Joseph\Desktop\MIT\Lab\Fish\git6\softroboticfish6\LPCExpress\robotic_fish_6\Servo" -I"C:\Users\Joseph\Desktop\MIT\Lab\Fish\git6\softroboticfish6\LPCExpress\robotic_fish_6\mbed" -I"C:\Users\Joseph\Desktop\MIT\Lab\Fish\git6\softroboticfish6\LPCExpress\robotic_fish_6\mbed\TARGET_LPC1768" -I"C:\Users\Joseph\Desktop\MIT\Lab\Fish\git6\softroboticfish6\LPCExpress\robotic_fish_6\mbed\TARGET_LPC1768\TOOLCHAIN_GCC_CR" -I"C:\Users\Joseph\Desktop\MIT\Lab\Fish\git6\softroboticfish6\LPCExpress\robotic_fish_6\mbed\TARGET_LPC1768\TARGET_NXP" -I"C:\Users\Joseph\Desktop\MIT\Lab\Fish\git6\softroboticfish6\LPCExpress\robotic_fish_6\mbed\TARGET_LPC1768\TARGET_NXP\TARGET_LPC176X" -I"C:\Users\Joseph\Desktop\MIT\Lab\Fish\git6\softroboticfish6\LPCExpress\robotic_fish_6\mbed\TARGET_LPC1768\TARGET_NXP\TARGET_LPC176X\TARGET_MBED_LPC1768" -I"C:\Users\Joseph\Desktop\MIT\Lab\Fish\git6\softroboticfish6\LPCExpress\robotic_fish_6\BrushlessMotor" -I"C:\Users\Joseph\Desktop\MIT\Lab\Fish\git6\softroboticfish6\LPCExpress\robotic_fish_6\MODDMA" -Os -Os -g -Wall -c -fmessage-length=0 -fno-builtin -ffunction-sections -fdata-sections -fno-exceptions -fno-rtti -mcpu=cortex-m3 -mthumb -D__NEWLIB__ -MMD -MP -MF"MODDMA/MODDMA.d" -MT"MODDMA/MODDMA.o" -MT"MODDMA/MODDMA.d" -o "MODDMA/MODDMA.o" "../MODDMA/MODDMA.cpp"
Finished building: ../MODDMA/MODDMA.cpp
 
Building file: ../MODDMA/SETUP.cpp
Invoking: MCU C++ Compiler
arm-none-eabi-c++ -D__NEWLIB__ -D__CODE_RED -DCPP_USE_HEAP -DTARGET_LPC1768 -DTARGET_M3 -DTARGET_CORTEX_M -DTARGET_NXP -DTARGET_LPC176X -DTARGET_MBED_LPC1768 -DTOOLCHAIN_GCC_CR -DTOOLCHAIN_GCC -D__CORTEX_M3 -DARM_MATH_CM3 -DMBED_BUILD_TIMESTAMP=1439154380.89 -D__MBED__=1 -I"C:\Users\Joseph\Desktop\MIT\Lab\Fish\git6\softroboticfish6\LPCExpress\robotic_fish_6" -I"C:\Users\Joseph\Desktop\MIT\Lab\Fish\git6\softroboticfish6\LPCExpress\robotic_fish_6\Servo" -I"C:\Users\Joseph\Desktop\MIT\Lab\Fish\git6\softroboticfish6\LPCExpress\robotic_fish_6\mbed" -I"C:\Users\Joseph\Desktop\MIT\Lab\Fish\git6\softroboticfish6\LPCExpress\robotic_fish_6\mbed\TARGET_LPC1768" -I"C:\Users\Joseph\Desktop\MIT\Lab\Fish\git6\softroboticfish6\LPCExpress\robotic_fish_6\mbed\TARGET_LPC1768\TOOLCHAIN_GCC_CR" -I"C:\Users\Joseph\Desktop\MIT\Lab\Fish\git6\softroboticfish6\LPCExpress\robotic_fish_6\mbed\TARGET_LPC1768\TARGET_NXP" -I"C:\Users\Joseph\Desktop\MIT\Lab\Fish\git6\softroboticfish6\LPCExpress\robotic_fish_6\mbed\TARGET_LPC1768\TARGET_NXP\TARGET_LPC176X" -I"C:\Users\Joseph\Desktop\MIT\Lab\Fish\git6\softroboticfish6\LPCExpress\robotic_fish_6\mbed\TARGET_LPC1768\TARGET_NXP\TARGET_LPC176X\TARGET_MBED_LPC1768" -I"C:\Users\Joseph\Desktop\MIT\Lab\Fish\git6\softroboticfish6\LPCExpress\robotic_fish_6\BrushlessMotor" -I"C:\Users\Joseph\Desktop\MIT\Lab\Fish\git6\softroboticfish6\LPCExpress\robotic_fish_6\MODDMA" -Os -Os -g -Wall -c -fmessage-length=0 -fno-builtin -ffunction-sections -fdata-sections -fno-exceptions -fno-rtti -mcpu=cortex-m3 -mthumb -D__NEWLIB__ -MMD -MP -MF"MODDMA/SETUP.d" -MT"MODDMA/SETUP.o" -MT"MODDMA/SETUP.d" -o "MODDMA/SETUP.o" "../MODDMA/SETUP.cpp"
Finished building: ../MODDMA/SETUP.cpp
 
Building file: ../BrushlessMotor/esc.cpp
Invoking: MCU C++ Compiler
arm-none-eabi-c++ -D__NEWLIB__ -D__CODE_RED -DCPP_USE_HEAP -DTARGET_LPC1768 -DTARGET_M3 -DTARGET_CORTEX_M -DTARGET_NXP -DTARGET_LPC176X -DTARGET_MBED_LPC1768 -DTOOLCHAIN_GCC_CR -DTOOLCHAIN_GCC -D__CORTEX_M3 -DARM_MATH_CM3 -DMBED_BUILD_TIMESTAMP=1439154380.89 -D__MBED__=1 -I"C:\Users\Joseph\Desktop\MIT\Lab\Fish\git6\softroboticfish6\LPCExpress\robotic_fish_6" -I"C:\Users\Joseph\Desktop\MIT\Lab\Fish\git6\softroboticfish6\LPCExpress\robotic_fish_6\Servo" -I"C:\Users\Joseph\Desktop\MIT\Lab\Fish\git6\softroboticfish6\LPCExpress\robotic_fish_6\mbed" -I"C:\Users\Joseph\Desktop\MIT\Lab\Fish\git6\softroboticfish6\LPCExpress\robotic_fish_6\mbed\TARGET_LPC1768" -I"C:\Users\Joseph\Desktop\MIT\Lab\Fish\git6\softroboticfish6\LPCExpress\robotic_fish_6\mbed\TARGET_LPC1768\TOOLCHAIN_GCC_CR" -I"C:\Users\Joseph\Desktop\MIT\Lab\Fish\git6\softroboticfish6\LPCExpress\robotic_fish_6\mbed\TARGET_LPC1768\TARGET_NXP" -I"C:\Users\Joseph\Desktop\MIT\Lab\Fish\git6\softroboticfish6\LPCExpress\robotic_fish_6\mbed\TARGET_LPC1768\TARGET_NXP\TARGET_LPC176X" -I"C:\Users\Joseph\Desktop\MIT\Lab\Fish\git6\softroboticfish6\LPCExpress\robotic_fish_6\mbed\TARGET_LPC1768\TARGET_NXP\TARGET_LPC176X\TARGET_MBED_LPC1768" -I"C:\Users\Joseph\Desktop\MIT\Lab\Fish\git6\softroboticfish6\LPCExpress\robotic_fish_6\BrushlessMotor" -I"C:\Users\Joseph\Desktop\MIT\Lab\Fish\git6\softroboticfish6\LPCExpress\robotic_fish_6\MODDMA" -Os -Os -g -Wall -c -fmessage-length=0 -fno-builtin -ffunction-sections -fdata-sections -fno-exceptions -fno-rtti -mcpu=cortex-m3 -mthumb -D__NEWLIB__ -MMD -MP -MF"BrushlessMotor/esc.d" -MT"BrushlessMotor/esc.o" -MT"BrushlessMotor/esc.d" -o "BrushlessMotor/esc.o" "../BrushlessMotor/esc.cpp"
Finished building: ../BrushlessMotor/esc.cpp
 
Building file: ../AcousticControl/AcousticController.cpp
Invoking: MCU C++ Compiler
arm-none-eabi-c++ -D__NEWLIB__ -D__CODE_RED -DCPP_USE_HEAP -DTARGET_LPC1768 -DTARGET_M3 -DTARGET_CORTEX_M -DTARGET_NXP -DTARGET_LPC176X -DTARGET_MBED_LPC1768 -DTOOLCHAIN_GCC_CR -DTOOLCHAIN_GCC -D__CORTEX_M3 -DARM_MATH_CM3 -DMBED_BUILD_TIMESTAMP=1439154380.89 -D__MBED__=1 -I"C:\Users\Joseph\Desktop\MIT\Lab\Fish\git6\softroboticfish6\LPCExpress\robotic_fish_6" -I"C:\Users\Joseph\Desktop\MIT\Lab\Fish\git6\softroboticfish6\LPCExpress\robotic_fish_6\Servo" -I"C:\Users\Joseph\Desktop\MIT\Lab\Fish\git6\softroboticfish6\LPCExpress\robotic_fish_6\mbed" -I"C:\Users\Joseph\Desktop\MIT\Lab\Fish\git6\softroboticfish6\LPCExpress\robotic_fish_6\mbed\TARGET_LPC1768" -I"C:\Users\Joseph\Desktop\MIT\Lab\Fish\git6\softroboticfish6\LPCExpress\robotic_fish_6\mbed\TARGET_LPC1768\TOOLCHAIN_GCC_CR" -I"C:\Users\Joseph\Desktop\MIT\Lab\Fish\git6\softroboticfish6\LPCExpress\robotic_fish_6\mbed\TARGET_LPC1768\TARGET_NXP" -I"C:\Users\Joseph\Desktop\MIT\Lab\Fish\git6\softroboticfish6\LPCExpress\robotic_fish_6\mbed\TARGET_LPC1768\TARGET_NXP\TARGET_LPC176X" -I"C:\Users\Joseph\Desktop\MIT\Lab\Fish\git6\softroboticfish6\LPCExpress\robotic_fish_6\mbed\TARGET_LPC1768\TARGET_NXP\TARGET_LPC176X\TARGET_MBED_LPC1768" -I"C:\Users\Joseph\Desktop\MIT\Lab\Fish\git6\softroboticfish6\LPCExpress\robotic_fish_6\BrushlessMotor" -I"C:\Users\Joseph\Desktop\MIT\Lab\Fish\git6\softroboticfish6\LPCExpress\robotic_fish_6\MODDMA" -Os -Os -g -Wall -c -fmessage-length=0 -fno-builtin -ffunction-sections -fdata-sections -fno-exceptions -fno-rtti -mcpu=cortex-m3 -mthumb -D__NEWLIB__ -MMD -MP -MF"AcousticControl/AcousticController.d" -MT"AcousticControl/AcousticController.o" -MT"AcousticControl/AcousticController.d" -o "AcousticControl/AcousticController.o" "../AcousticControl/AcousticController.cpp"
Finished building: ../AcousticControl/AcousticController.cpp
 
Building file: ../AcousticControl/ToneDetector.cpp
Invoking: MCU C++ Compiler
arm-none-eabi-c++ -D__NEWLIB__ -D__CODE_RED -DCPP_USE_HEAP -DTARGET_LPC1768 -DTARGET_M3 -DTARGET_CORTEX_M -DTARGET_NXP -DTARGET_LPC176X -DTARGET_MBED_LPC1768 -DTOOLCHAIN_GCC_CR -DTOOLCHAIN_GCC -D__CORTEX_M3 -DARM_MATH_CM3 -DMBED_BUILD_TIMESTAMP=1439154380.89 -D__MBED__=1 -I"C:\Users\Joseph\Desktop\MIT\Lab\Fish\git6\softroboticfish6\LPCExpress\robotic_fish_6" -I"C:\Users\Joseph\Desktop\MIT\Lab\Fish\git6\softroboticfish6\LPCExpress\robotic_fish_6\Servo" -I"C:\Users\Joseph\Desktop\MIT\Lab\Fish\git6\softroboticfish6\LPCExpress\robotic_fish_6\mbed" -I"C:\Users\Joseph\Desktop\MIT\Lab\Fish\git6\softroboticfish6\LPCExpress\robotic_fish_6\mbed\TARGET_LPC1768" -I"C:\Users\Joseph\Desktop\MIT\Lab\Fish\git6\softroboticfish6\LPCExpress\robotic_fish_6\mbed\TARGET_LPC1768\TOOLCHAIN_GCC_CR" -I"C:\Users\Joseph\Desktop\MIT\Lab\Fish\git6\softroboticfish6\LPCExpress\robotic_fish_6\mbed\TARGET_LPC1768\TARGET_NXP" -I"C:\Users\Joseph\Desktop\MIT\Lab\Fish\git6\softroboticfish6\LPCExpress\robotic_fish_6\mbed\TARGET_LPC1768\TARGET_NXP\TARGET_LPC176X" -I"C:\Users\Joseph\Desktop\MIT\Lab\Fish\git6\softroboticfish6\LPCExpress\robotic_fish_6\mbed\TARGET_LPC1768\TARGET_NXP\TARGET_LPC176X\TARGET_MBED_LPC1768" -I"C:\Users\Joseph\Desktop\MIT\Lab\Fish\git6\softroboticfish6\LPCExpress\robotic_fish_6\BrushlessMotor" -I"C:\Users\Joseph\Desktop\MIT\Lab\Fish\git6\softroboticfish6\LPCExpress\robotic_fish_6\MODDMA" -Os -Os -g -Wall -c -fmessage-length=0 -fno-builtin -ffunction-sections -fdata-sections -fno-exceptions -fno-rtti -mcpu=cortex-m3 -mthumb -D__NEWLIB__ -MMD -MP -MF"AcousticControl/ToneDetector.d" -MT"AcousticControl/ToneDetector.o" -MT"AcousticControl/ToneDetector.d" -o "AcousticControl/ToneDetector.o" "../AcousticControl/ToneDetector.cpp"
../AcousticControl/ToneDetector.cpp: In member function 'virtual void ToneDetector::stop()':
../AcousticControl/ToneDetector.cpp:327:21: warning: converting to non-pointer type 'uint32_t {aka long unsigned int}' from NULL [-Wconversion-null]
     lli[1]->Control = NULL;                        // Make the DMA stop after next time buffer1 is filled
                     ^
Finished building: ../AcousticControl/ToneDetector.cpp
 
Building file: ../ButtonBoard.cpp
Invoking: MCU C++ Compiler
arm-none-eabi-c++ -D__NEWLIB__ -D__CODE_RED -DCPP_USE_HEAP -DTARGET_LPC1768 -DTARGET_M3 -DTARGET_CORTEX_M -DTARGET_NXP -DTARGET_LPC176X -DTARGET_MBED_LPC1768 -DTOOLCHAIN_GCC_CR -DTOOLCHAIN_GCC -D__CORTEX_M3 -DARM_MATH_CM3 -DMBED_BUILD_TIMESTAMP=1439154380.89 -D__MBED__=1 -I"C:\Users\Joseph\Desktop\MIT\Lab\Fish\git6\softroboticfish6\LPCExpress\robotic_fish_6" -I"C:\Users\Joseph\Desktop\MIT\Lab\Fish\git6\softroboticfish6\LPCExpress\robotic_fish_6\Servo" -I"C:\Users\Joseph\Desktop\MIT\Lab\Fish\git6\softroboticfish6\LPCExpress\robotic_fish_6\mbed" -I"C:\Users\Joseph\Desktop\MIT\Lab\Fish\git6\softroboticfish6\LPCExpress\robotic_fish_6\mbed\TARGET_LPC1768" -I"C:\Users\Joseph\Desktop\MIT\Lab\Fish\git6\softroboticfish6\LPCExpress\robotic_fish_6\mbed\TARGET_LPC1768\TOOLCHAIN_GCC_CR" -I"C:\Users\Joseph\Desktop\MIT\Lab\Fish\git6\softroboticfish6\LPCExpress\robotic_fish_6\mbed\TARGET_LPC1768\TARGET_NXP" -I"C:\Users\Joseph\Desktop\MIT\Lab\Fish\git6\softroboticfish6\LPCExpress\robotic_fish_6\mbed\TARGET_LPC1768\TARGET_NXP\TARGET_LPC176X" -I"C:\Users\Joseph\Desktop\MIT\Lab\Fish\git6\softroboticfish6\LPCExpress\robotic_fish_6\mbed\TARGET_LPC1768\TARGET_NXP\TARGET_LPC176X\TARGET_MBED_LPC1768" -I"C:\Users\Joseph\Desktop\MIT\Lab\Fish\git6\softroboticfish6\LPCExpress\robotic_fish_6\BrushlessMotor" -I"C:\Users\Joseph\Desktop\MIT\Lab\Fish\git6\softroboticfish6\LPCExpress\robotic_fish_6\MODDMA" -Os -Os -g -Wall -c -fmessage-length=0 -fno-builtin -ffunction-sections -fdata-sections -fno-exceptions -fno-rtti -mcpu=cortex-m3 -mthumb -D__NEWLIB__ -MMD -MP -MF"ButtonBoard.d" -MT"ButtonBoard.o" -MT"ButtonBoard.d" -o "ButtonBoard.o" "../ButtonBoard.cpp"
../ButtonBoard.cpp: In member function 'void ButtonBoard::_fall_handler(char)':
../ButtonBoard.cpp:162:43: warning: array subscript has type 'char' [-Wchar-subscripts]
             if (_callback_table_valid[cb_i] == true)
                                           ^
../ButtonBoard.cpp:164:37: warning: array subscript has type 'char' [-Wchar-subscripts]
                 _callback_table[cb_i].call();
                                     ^
Finished building: ../ButtonBoard.cpp
 
Building file: ../FishController.cpp
Invoking: MCU C++ Compiler
arm-none-eabi-c++ -D__NEWLIB__ -D__CODE_RED -DCPP_USE_HEAP -DTARGET_LPC1768 -DTARGET_M3 -DTARGET_CORTEX_M -DTARGET_NXP -DTARGET_LPC176X -DTARGET_MBED_LPC1768 -DTOOLCHAIN_GCC_CR -DTOOLCHAIN_GCC -D__CORTEX_M3 -DARM_MATH_CM3 -DMBED_BUILD_TIMESTAMP=1439154380.89 -D__MBED__=1 -I"C:\Users\Joseph\Desktop\MIT\Lab\Fish\git6\softroboticfish6\LPCExpress\robotic_fish_6" -I"C:\Users\Joseph\Desktop\MIT\Lab\Fish\git6\softroboticfish6\LPCExpress\robotic_fish_6\Servo" -I"C:\Users\Joseph\Desktop\MIT\Lab\Fish\git6\softroboticfish6\LPCExpress\robotic_fish_6\mbed" -I"C:\Users\Joseph\Desktop\MIT\Lab\Fish\git6\softroboticfish6\LPCExpress\robotic_fish_6\mbed\TARGET_LPC1768" -I"C:\Users\Joseph\Desktop\MIT\Lab\Fish\git6\softroboticfish6\LPCExpress\robotic_fish_6\mbed\TARGET_LPC1768\TOOLCHAIN_GCC_CR" -I"C:\Users\Joseph\Desktop\MIT\Lab\Fish\git6\softroboticfish6\LPCExpress\robotic_fish_6\mbed\TARGET_LPC1768\TARGET_NXP" -I"C:\Users\Joseph\Desktop\MIT\Lab\Fish\git6\softroboticfish6\LPCExpress\robotic_fish_6\mbed\TARGET_LPC1768\TARGET_NXP\TARGET_LPC176X" -I"C:\Users\Joseph\Desktop\MIT\Lab\Fish\git6\softroboticfish6\LPCExpress\robotic_fish_6\mbed\TARGET_LPC1768\TARGET_NXP\TARGET_LPC176X\TARGET_MBED_LPC1768" -I"C:\Users\Joseph\Desktop\MIT\Lab\Fish\git6\softroboticfish6\LPCExpress\robotic_fish_6\BrushlessMotor" -I"C:\Users\Joseph\Desktop\MIT\Lab\Fish\git6\softroboticfish6\LPCExpress\robotic_fish_6\MODDMA" -Os -Os -g -Wall -c -fmessage-length=0 -fno-builtin -ffunction-sections -fdata-sections -fno-exceptions -fno-rtti -mcpu=cortex-m3 -mthumb -D__NEWLIB__ -MMD -MP -MF"FishController.d" -MT"FishController.o" -MT"FishController.d" -o "FishController.o" "../FishController.cpp"
Finished building: ../FishController.cpp
 
Building file: ../main.cpp
Invoking: MCU C++ Compiler
arm-none-eabi-c++ -D__NEWLIB__ -D__CODE_RED -DCPP_USE_HEAP -DTARGET_LPC1768 -DTARGET_M3 -DTARGET_CORTEX_M -DTARGET_NXP -DTARGET_LPC176X -DTARGET_MBED_LPC1768 -DTOOLCHAIN_GCC_CR -DTOOLCHAIN_GCC -D__CORTEX_M3 -DARM_MATH_CM3 -DMBED_BUILD_TIMESTAMP=1439154380.89 -D__MBED__=1 -I"C:\Users\Joseph\Desktop\MIT\Lab\Fish\git6\softroboticfish6\LPCExpress\robotic_fish_6" -I"C:\Users\Joseph\Desktop\MIT\Lab\Fish\git6\softroboticfish6\LPCExpress\robotic_fish_6\Servo" -I"C:\Users\Joseph\Desktop\MIT\Lab\Fish\git6\softroboticfish6\LPCExpress\robotic_fish_6\mbed" -I"C:\Users\Joseph\Desktop\MIT\Lab\Fish\git6\softroboticfish6\LPCExpress\robotic_fish_6\mbed\TARGET_LPC1768" -I"C:\Users\Joseph\Desktop\MIT\Lab\Fish\git6\softroboticfish6\LPCExpress\robotic_fish_6\mbed\TARGET_LPC1768\TOOLCHAIN_GCC_CR" -I"C:\Users\Joseph\Desktop\MIT\Lab\Fish\git6\softroboticfish6\LPCExpress\robotic_fish_6\mbed\TARGET_LPC1768\TARGET_NXP" -I"C:\Users\Joseph\Desktop\MIT\Lab\Fish\git6\softroboticfish6\LPCExpress\robotic_fish_6\mbed\TARGET_LPC1768\TARGET_NXP\TARGET_LPC176X" -I"C:\Users\Joseph\Desktop\MIT\Lab\Fish\git6\softroboticfish6\LPCExpress\robotic_fish_6\mbed\TARGET_LPC1768\TARGET_NXP\TARGET_LPC176X\TARGET_MBED_LPC1768" -I"C:\Users\Joseph\Desktop\MIT\Lab\Fish\git6\softroboticfish6\LPCExpress\robotic_fish_6\BrushlessMotor" -I"C:\Users\Joseph\Desktop\MIT\Lab\Fish\git6\softroboticfish6\LPCExpress\robotic_fish_6\MODDMA" -Os -Os -g -Wall -c -fmessage-length=0 -fno-builtin -ffunction-sections -fdata-sections -fno-exceptions -fno-rtti -mcpu=cortex-m3 -mthumb -D__NEWLIB__ -MMD -MP -MF"main.d" -MT"main.o" -MT"main.d" -o "main.o" "../main.cpp"
Finished building: ../main.cpp
 
Building target: robotic_fish_6.axf
Invoking: MCU C++ Linker
arm-none-eabi-c++ -nostdlib -L"C:\Users\Joseph\Desktop\MIT\Lab\Fish\git6\softroboticfish6\LPCExpress\robotic_fish_6" -L"C:\Users\Joseph\Desktop\MIT\Lab\Fish\git6\softroboticfish6\LPCExpress\robotic_fish_6\Servo" -L"C:\Users\Joseph\Desktop\MIT\Lab\Fish\git6\softroboticfish6\LPCExpress\robotic_fish_6\mbed" -L"C:\Users\Joseph\Desktop\MIT\Lab\Fish\git6\softroboticfish6\LPCExpress\robotic_fish_6\mbed\TARGET_LPC1768" -L"C:\Users\Joseph\Desktop\MIT\Lab\Fish\git6\softroboticfish6\LPCExpress\robotic_fish_6\mbed\TARGET_LPC1768\TOOLCHAIN_GCC_CR" -L"C:\Users\Joseph\Desktop\MIT\Lab\Fish\git6\softroboticfish6\LPCExpress\robotic_fish_6\mbed\TARGET_LPC1768\TARGET_NXP" -L"C:\Users\Joseph\Desktop\MIT\Lab\Fish\git6\softroboticfish6\LPCExpress\robotic_fish_6\mbed\TARGET_LPC1768\TARGET_NXP\TARGET_LPC176X" -L"C:\Users\Joseph\Desktop\MIT\Lab\Fish\git6\softroboticfish6\LPCExpress\robotic_fish_6\mbed\TARGET_LPC1768\TARGET_NXP\TARGET_LPC176X\TARGET_MBED_LPC1768" -L"C:\Users\Joseph\Desktop\MIT\Lab\Fish\git6\softroboticfish6\LPCExpress\robotic_fish_6\BrushlessMotor" -L"C:\Users\Joseph\Desktop\MIT\Lab\Fish\git6\softroboticfish6\LPCExpress\robotic_fish_6\MODDMA" -Xlinker -Map="robotic_fish_6.map" -Xlinker --gc-sections -mcpu=cortex-m3 -mthumb -T "C:\Users\Joseph\Desktop\MIT\Lab\Fish\git6\softroboticfish6\LPCExpress\robotic_fish_6\mbed\TARGET_LPC1768\TOOLCHAIN_GCC_CR\LPC1768.ld" -o "robotic_fish_6.axf"  ./Servo/Servo.o  ./SerialControl/SerialController.o  ./ROSControl/ROSController.o  ./MODDMA/ChangeLog.o ./MODDMA/DATALUTS.o ./MODDMA/INIT.o ./MODDMA/MODDMA.o ./MODDMA/SETUP.o  ./BrushlessMotor/esc.o  ./AcousticControl/AcousticController.o ./AcousticControl/ToneDetector.o  ./ButtonBoard.o ./FishController.o ./main.o  C:/Users/Joseph/Desktop/MIT/Lab/Fish/git6/softroboticfish6/LPCExpress/robotic_fish_6/mbed/TARGET_LPC1768/TOOLCHAIN_GCC_CR/board.o C:/Users/Joseph/Desktop/MIT/Lab/Fish/git6/softroboticfish6/LPCExpress/robotic_fish_6/mbed/TARGET_LPC1768/TOOLCHAIN_GCC_CR/startup_LPC17xx.o C:/Users/Joseph/Desktop/MIT/Lab/Fish/git6/softroboticfish6/LPCExpress/robotic_fish_6/mbed/TARGET_LPC1768/TOOLCHAIN_GCC_CR/cmsis_nvic.o C:/Users/Joseph/Desktop/MIT/Lab/Fish/git6/softroboticfish6/LPCExpress/robotic_fish_6/mbed/TARGET_LPC1768/TOOLCHAIN_GCC_CR/retarget.o C:/Users/Joseph/Desktop/MIT/Lab/Fish/git6/softroboticfish6/LPCExpress/robotic_fish_6/mbed/TARGET_LPC1768/TOOLCHAIN_GCC_CR/system_LPC17xx.o -lmbed
Finished building target: robotic_fish_6.axf
 
make --no-print-directory post-build
Performing post-build steps
arm-none-eabi-size "robotic_fish_6.axf"; arm-none-eabi-objcopy -O binary "robotic_fish_6.axf" "robotic_fish_6.bin" ; #checksum -p LPC1768 -d "robotic_fish_6.bin";
   text	   data	    bss	    dec	    hex	filename
  74136	   2328	   4132	  80596	  13ad4	robotic_fish_6.axf
 

18:17:43 Build Finished (took 10s.459ms)

